Java HotSpot(TM) 64-Bit Server VM (24.79-b02) for bsd-amd64 JRE (1.7.0_79-b15), built on Apr 10 2015 11:35:04 by "java_re" with gcc 4.2.1 (Based on Apple Inc. build 5658) (LLVM build 2336.11.00)
Memory: 4k page, physical 16777216k(4194304k free)

/proc/meminfo:

CommandLine flags: -XX:InitialHeapSize=1073741824 -XX:MaxHeapSize=1073741824 -XX:MaxNewSize=524288 -XX:NewSize=524288 -XX:+PrintGC -XX:+PrintGCDetails -XX:+PrintGCTimeStamps -XX:+UseCompressedOops -XX:+UseSerialGC 
0.064: [GC0.064: [DefNew: 384K->64K(448K), 0.0013800 secs] 384K->248K(1048512K), 0.0016360 secs] [Times: user=0.00 sys=0.00, real=0.00 secs] 
0.097: [GC0.097: [DefNew: 448K->64K(448K), 0.0012290 secs] 632K->348K(1048512K), 0.0012770 secs] [Times: user=0.00 sys=0.00, real=0.00 secs] 
0.107: [GC0.107: [DefNew: 447K->5K(448K), 0.0008320 secs] 732K->353K(1048512K), 0.0008810 secs] [Times: user=0.00 sys=0.00, real=0.00 secs] 
0.117: [GC0.117: [DefNew: 389K->9K(448K), 0.0002630 secs] 737K->358K(1048512K), 0.0003060 secs] [Times: user=0.00 sys=0.00, real=0.00 secs] 
0.128: [GC0.128: [DefNew: 393K->15K(448K), 0.0001420 secs] 742K->364K(1048512K), 0.0001880 secs] [Times: user=0.00 sys=0.00, real=0.00 secs] 
0.138: [GC0.138: [DefNew: 399K->20K(448K), 0.0001390 secs] 748K->368K(1048512K), 0.0001800 secs] [Times: user=0.00 sys=0.00, real=0.00 secs] 
0.148: [GC0.148: [DefNew: 404K->24K(448K), 0.0001400 secs] 752K->373K(1048512K), 0.0001840 secs] [Times: user=0.00 sys=0.00, real=0.00 secs] 
0.158: [GC0.158: [DefNew: 408K->29K(448K), 0.0001380 secs] 756K->377K(1048512K), 0.0001830 secs] [Times: user=0.00 sys=0.00, real=0.00 secs] 
0.168: [GC0.168: [DefNew: 413K->34K(448K), 0.0001770 secs] 761K->382K(1048512K), 0.0002340 secs] [Times: user=0.00 sys=0.00, real=0.00 secs] 
0.178: [GC0.178: [DefNew: 418K->34K(448K), 0.0001530 secs] 766K->387K(1048512K), 0.0001970 secs] [Times: user=0.00 sys=0.00, real=0.00 secs] 
0.187: [GC0.187: [DefNew: 418K->33K(448K), 0.0001400 secs] 771K->391K(1048512K), 0.0001830 secs] [Times: user=0.00 sys=0.00, real=0.00 secs] 
0.197: [GC0.197: [DefNew: 417K->33K(448K), 0.0001890 secs] 775K->396K(1048512K), 0.0002480 secs] [Times: user=0.00 sys=0.00, real=0.00 secs] 
0.207: [GC0.207: [DefNew: 417K->33K(448K), 0.0001390 secs] 780K->401K(1048512K), 0.0001800 secs] [Times: user=0.00 sys=0.00, real=0.00 secs] 
0.215: [GC0.215: [DefNew: 417K->32K(448K), 0.0001470 secs] 784K->404K(1048512K), 0.0001910 secs] [Times: user=0.00 sys=0.00, real=0.00 secs] 
0.225: [GC0.225: [DefNew: 415K->33K(448K), 0.0001900 secs] 787K->410K(1048512K), 0.0002480 secs] [Times: user=0.00 sys=0.00, real=0.00 secs] 
0.235: [GC0.235: [DefNew: 417K->32K(448K), 0.0001830 secs] 794K->414K(1048512K), 0.0002380 secs] [Times: user=0.00 sys=0.00, real=0.00 secs] 
0.246: [GC0.246: [DefNew: 416K->33K(448K), 0.0001550 secs] 798K->420K(1048512K), 0.0001970 secs] [Times: user=0.00 sys=0.00, real=0.00 secs] 
0.256: [GC0.256: [DefNew: 417K->33K(448K), 0.0001610 secs] 804K->424K(1048512K), 0.0002060 secs] [Times: user=0.00 sys=0.00, real=0.00 secs] 
0.265: [GC0.265: [DefNew: 417K->32K(448K), 0.0004150 secs] 808K->428K(1048512K), 0.0005630 secs] [Times: user=0.00 sys=0.00, real=0.00 secs] 
0.275: [GC0.275: [DefNew: 416K->33K(448K), 0.0002740 secs] 812K->433K(1048512K), 0.0003540 secs] [Times: user=0.00 sys=0.00, real=0.00 secs] 
0.285: [GC0.285: [DefNew: 417K->34K(448K), 0.0002020 secs] 817K->438K(1048512K), 0.0002680 secs] [Times: user=0.00 sys=0.00, real=0.00 secs] 
0.294: [GC0.294: [DefNew: 418K->32K(448K), 0.0002120 secs] 822K->442K(1048512K), 0.0002700 secs] [Times: user=0.00 sys=0.00, real=0.00 secs] 
0.303: [GC0.303: [DefNew: 416K->32K(448K), 0.0001570 secs] 826K->446K(1048512K), 0.0002020 secs] [Times: user=0.00 sys=0.00, real=0.00 secs] 
0.313: [GC0.313: [DefNew: 416K->30K(448K), 0.0001830 secs] 830K->450K(1048512K), 0.0002430 secs] [Times: user=0.00 sys=0.00, real=0.00 secs] 
0.322: [GC0.322: [DefNew: 414K->34K(448K), 0.0003040 secs] 834K->454K(1048512K), 0.0004090 secs] [Times: user=0.00 sys=0.00, real=0.01 secs] 
0.332: [GC0.332: [DefNew: 418K->35K(448K), 0.0001490 secs] 838K->459K(1048512K), 0.0001900 secs] [Times: user=0.00 sys=0.00, real=0.00 secs] 
0.340: [GC0.340: [DefNew: 419K->35K(448K), 0.0001510 secs] 843K->463K(1048512K), 0.0001920 secs] [Times: user=0.00 sys=0.00, real=0.00 secs] 
0.349: [GC0.349: [DefNew: 419K->34K(448K), 0.0001460 secs] 847K->467K(1048512K), 0.0001860 secs] [Times: user=0.00 sys=0.00, real=0.00 secs] 
0.358: [GC0.358: [DefNew: 418K->34K(448K), 0.0001740 secs] 851K->471K(1048512K), 0.0002270 secs] [Times: user=0.00 sys=0.00, real=0.00 secs] 
0.367: [GC0.367: [DefNew: 418K->36K(448K), 0.0002260 secs] 855K->477K(1048512K), 0.0002860 secs] [Times: user=0.00 sys=0.00, real=0.00 secs] 
0.376: [GC0.376: [DefNew: 420K->31K(448K), 0.0002280 secs] 861K->481K(1048512K), 0.0002930 secs] [Times: user=0.00 sys=0.00, real=0.00 secs] 
0.384: [GC0.385: [DefNew: 415K->35K(448K), 0.0001510 secs] 865K->485K(1048512K), 0.0001920 secs] [Times: user=0.00 sys=0.00, real=0.00 secs] 
0.393: [GC0.393: [DefNew: 419K->36K(448K), 0.0002230 secs] 869K->490K(1048512K), 0.0002860 secs] [Times: user=0.00 sys=0.00, real=0.00 secs] 
0.402: [GC0.402: [DefNew: 420K->36K(448K), 0.0001750 secs] 874K->495K(1048512K), 0.0002330 secs] [Times: user=0.00 sys=0.00, real=0.01 secs] 
0.412: [GC0.412: [DefNew: 420K->32K(448K), 0.0003860 secs] 879K->500K(1048512K), 0.0005110 secs] [Times: user=0.00 sys=0.00, real=0.00 secs] 
0.421: [GC0.421: [DefNew: 416K->33K(448K), 0.0005380 secs] 884K->505K(1048512K), 0.0006090 secs] [Times: user=0.00 sys=0.00, real=0.00 secs] 
0.430: [GC0.430: [DefNew: 417K->31K(448K), 0.0001800 secs] 889K->509K(1048512K), 0.0002330 secs] [Times: user=0.00 sys=0.00, real=0.00 secs] 
0.438: [GC0.439: [DefNew: 415K->36K(448K), 0.0002730 secs] 893K->513K(1048512K), 0.0003840 secs] [Times: user=0.00 sys=0.00, real=0.00 secs] 
0.448: [GC0.448: [DefNew: 420K->36K(448K), 0.0003390 secs] 897K->518K(1048512K), 0.0004570 secs] [Times: user=0.00 sys=0.00, real=0.00 secs] 
0.457: [GC0.457: [DefNew: 420K->31K(448K), 0.0003970 secs] 902K->522K(1048512K), 0.0005160 secs] [Times: user=0.00 sys=0.00, real=0.00 secs] 
0.466: [GC0.466: [DefNew: 415K->35K(448K), 0.0001360 secs] 906K->526K(1048512K), 0.0001800 secs] [Times: user=0.00 sys=0.00, real=0.00 secs] 
0.475: [GC0.475: [DefNew: 419K->35K(448K), 0.0003850 secs] 910K->530K(1048512K), 0.0004950 secs] [Times: user=0.00 sys=0.00, real=0.00 secs] 
0.485: [GC0.485: [DefNew: 419K->35K(448K), 0.0002290 secs] 914K->535K(1048512K), 0.0002880 secs] [Times: user=0.00 sys=0.00, real=0.00 secs] 
0.494: [GC0.494: [DefNew: 419K->35K(448K), 0.0002360 secs] 919K->539K(1048512K), 0.0003110 secs] [Times: user=0.00 sys=0.00, real=0.00 secs] 
0.503: [GC0.503: [DefNew: 419K->35K(448K), 0.0002140 secs] 923K->543K(1048512K), 0.0002890 secs] [Times: user=0.00 sys=0.00, real=0.00 secs] 
0.512: [GC0.513: [DefNew: 419K->34K(448K), 0.0003320 secs] 927K->548K(1048512K), 0.0004190 secs] [Times: user=0.00 sys=0.00, real=0.01 secs] 
0.522: [GC0.522: [DefNew: 418K->35K(448K), 0.0004670 secs] 932K->553K(1048512K), 0.0005820 secs] [Times: user=0.00 sys=0.00, real=0.01 secs] 
0.533: [GC0.533: [DefNew: 419K->35K(448K), 0.0001470 secs] 937K->557K(1048512K), 0.0002040 secs] [Times: user=0.00 sys=0.00, real=0.00 secs] 
0.542: [GC0.542: [DefNew: 419K->35K(448K), 0.0004070 secs] 941K->561K(1048512K), 0.0005230 secs] [Times: user=0.00 sys=0.00, real=0.00 secs] 
0.550: [GC0.550: [DefNew: 419K->34K(448K), 0.0001930 secs] 945K->565K(1048512K), 0.0002520 secs] [Times: user=0.00 sys=0.00, real=0.00 secs] 
0.559: [GC0.559: [DefNew: 418K->34K(448K), 0.0004510 secs] 949K->569K(1048512K), 0.0005680 secs] [Times: user=0.00 sys=0.00, real=0.00 secs] 
0.569: [GC0.569: [DefNew: 418K->35K(448K), 0.0001920 secs] 953K->574K(1048512K), 0.0002460 secs] [Times: user=0.00 sys=0.00, real=0.00 secs] 
0.578: [GC0.578: [DefNew: 419K->39K(448K), 0.0004110 secs] 958K->583K(1048512K), 0.0004970 secs] [Times: user=0.00 sys=0.00, real=0.00 secs] 
0.588: [GC0.588: [DefNew: 423K->34K(448K), 0.0003170 secs] 967K->587K(1048512K), 0.0004050 secs] [Times: user=0.00 sys=0.00, real=0.00 secs] 
0.597: [GC0.598: [DefNew: 418K->34K(448K), 0.0001470 secs] 971K->591K(1048512K), 0.0002150 secs] [Times: user=0.00 sys=0.00, real=0.00 secs] 
0.606: [GC0.606: [DefNew: 418K->34K(448K), 0.0003030 secs] 975K->596K(1048512K), 0.0003700 secs] [Times: user=0.00 sys=0.00, real=0.00 secs] 
0.616: [GC0.616: [DefNew: 418K->36K(448K), 0.0001940 secs] 980K->601K(1048512K), 0.0002470 secs] [Times: user=0.00 sys=0.00, real=0.00 secs] 
0.625: [GC0.625: [DefNew: 420K->36K(448K), 0.0004850 secs] 985K->606K(1048512K), 0.0006220 secs] [Times: user=0.00 sys=0.00, real=0.00 secs] 
0.635: [GC0.635: [DefNew: 420K->37K(448K), 0.0004200 secs] 990K->611K(1048512K), 0.0005360 secs] [Times: user=0.00 sys=0.00, real=0.00 secs] 
0.645: [GC0.645: [DefNew: 421K->31K(448K), 0.0002900 secs] 995K->615K(1048512K), 0.0004110 secs] [Times: user=0.00 sys=0.00, real=0.00 secs] 
0.655: [GC0.655: [DefNew: 415K->37K(448K), 0.0003250 secs] 999K->620K(1048512K), 0.0004340 secs] [Times: user=0.01 sys=0.00, real=0.00 secs] 
0.664: [GC0.664: [DefNew: 421K->32K(448K), 0.0001530 secs] 1004K->624K(1048512K), 0.0001970 secs] [Times: user=0.00 sys=0.00, real=0.00 secs] 
0.674: [GC0.674: [DefNew: 416K->32K(448K), 0.0004270 secs] 1008K->628K(1048512K), 0.0005380 secs] [Times: user=0.00 sys=0.00, real=0.00 secs] 
0.683: [GC0.683: [DefNew: 416K->31K(448K), 0.0001550 secs] 1012K->633K(1048512K), 0.0001970 secs] [Times: user=0.00 sys=0.00, real=0.00 secs] 
0.693: [GC0.693: [DefNew: 415K->36K(448K), 0.0002760 secs] 1017K->638K(1048512K), 0.0003600 secs] [Times: user=0.00 sys=0.00, real=0.00 secs] 
0.702: [GC0.702: [DefNew: 420K->36K(448K), 0.0002340 secs] 1022K->642K(1048512K), 0.0003050 secs] [Times: user=0.00 sys=0.00, real=0.00 secs] 
0.711: [GC0.711: [DefNew: 420K->36K(448K), 0.0001320 secs] 1026K->647K(1048512K), 0.0001780 secs] [Times: user=0.00 sys=0.00, real=0.00 secs] 
0.720: [GC0.720: [DefNew: 420K->35K(448K), 0.0001480 secs] 1031K->651K(1048512K), 0.0001900 secs] [Times: user=0.00 sys=0.00, real=0.00 secs] 
0.728: [GC0.728: [DefNew: 419K->36K(448K), 0.0001340 secs] 1035K->656K(1048512K), 0.0001750 secs] [Times: user=0.00 sys=0.00, real=0.00 secs] 
0.737: [GC0.737: [DefNew: 420K->36K(448K), 0.0001870 secs] 1040K->660K(1048512K), 0.0002410 secs] [Times: user=0.00 sys=0.00, real=0.00 secs] 
0.746: [GC0.746: [DefNew: 420K->36K(448K), 0.0001450 secs] 1044K->665K(1048512K), 0.0001950 secs] [Times: user=0.00 sys=0.00, real=0.00 secs] 
0.755: [GC0.755: [DefNew: 420K->31K(448K), 0.0001460 secs] 1049K->669K(1048512K), 0.0001860 secs] [Times: user=0.00 sys=0.00, real=0.00 secs] 
0.764: [GC0.764: [DefNew: 415K->36K(448K), 0.0001890 secs] 1053K->674K(1048512K), 0.0002510 secs] [Times: user=0.00 sys=0.00, real=0.00 secs] 
0.773: [GC0.773: [DefNew: 420K->36K(448K), 0.0002210 secs] 1058K->679K(1048512K), 0.0002870 secs] [Times: user=0.00 sys=0.00, real=0.00 secs] 
0.782: [GC0.782: [DefNew: 420K->35K(448K), 0.0001600 secs] 1063K->683K(1048512K), 0.0002090 secs] [Times: user=0.00 sys=0.00, real=0.01 secs] 
0.791: [GC0.792: [DefNew: 419K->36K(448K), 0.0001840 secs] 1067K->687K(1048512K), 0.0002410 secs] [Times: user=0.00 sys=0.00, real=0.00 secs] 
0.801: [GC0.801: [DefNew: 420K->35K(448K), 0.0001520 secs] 1071K->692K(1048512K), 0.0001920 secs] [Times: user=0.00 sys=0.00, real=0.00 secs] 
0.809: [GC0.809: [DefNew: 419K->35K(448K), 0.0001800 secs] 1076K->696K(1048512K), 0.0002530 secs] [Times: user=0.00 sys=0.00, real=0.00 secs] 
0.818: [GC0.818: [DefNew: 419K->35K(448K), 0.0001960 secs] 1080K->700K(1048512K), 0.0002450 secs] [Times: user=0.01 sys=0.00, real=0.00 secs] 
0.827: [GC0.827: [DefNew: 419K->35K(448K), 0.0001340 secs] 1084K->705K(1048512K), 0.0001790 secs] [Times: user=0.00 sys=0.00, real=0.00 secs] 
0.836: [GC0.836: [DefNew: 419K->35K(448K), 0.0002210 secs] 1089K->709K(1048512K), 0.0002950 secs] [Times: user=0.00 sys=0.00, real=0.00 secs] 
0.845: [GC0.846: [DefNew: 419K->35K(448K), 0.0002260 secs] 1093K->714K(1048512K), 0.0003020 secs] [Times: user=0.00 sys=0.00, real=0.00 secs] 
0.855: [GC0.855: [DefNew: 419K->35K(448K), 0.0002370 secs] 1098K->719K(1048512K), 0.0003100 secs] [Times: user=0.00 sys=0.00, real=0.00 secs] 
0.864: [GC0.864: [DefNew: 419K->35K(448K), 0.0001930 secs] 1103K->723K(1048512K), 0.0002910 secs] [Times: user=0.00 sys=0.00, real=0.00 secs] 
0.874: [GC0.874: [DefNew: 419K->35K(448K), 0.0002400 secs] 1107K->728K(1048512K), 0.0003010 secs] [Times: user=0.00 sys=0.00, real=0.00 secs] 
0.882: [GC0.882: [DefNew: 419K->35K(448K), 0.0002250 secs] 1112K->732K(1048512K), 0.0002970 secs] [Times: user=0.00 sys=0.00, real=0.00 secs] 
0.891: [GC0.891: [DefNew: 419K->35K(448K), 0.0001870 secs] 1116K->736K(1048512K), 0.0002430 secs] [Times: user=0.00 sys=0.00, real=0.00 secs] 
0.900: [GC0.900: [DefNew: 419K->34K(448K), 0.0001870 secs] 1120K->740K(1048512K), 0.0002410 secs] [Times: user=0.00 sys=0.00, real=0.00 secs] 
0.909: [GC0.909: [DefNew: 418K->34K(448K), 0.0001860 secs] 1124K->744K(1048512K), 0.0002480 secs] [Times: user=0.00 sys=0.00, real=0.00 secs] 
0.919: [GC0.919: [DefNew: 418K->34K(448K), 0.0001780 secs] 1128K->748K(1048512K), 0.0002370 secs] [Times: user=0.00 sys=0.00, real=0.00 secs] 
0.928: [GC0.928: [DefNew: 418K->34K(448K), 0.0001840 secs] 1132K->752K(1048512K), 0.0002420 secs] [Times: user=0.00 sys=0.00, real=0.00 secs] 
0.938: [GC0.938: [DefNew: 418K->33K(448K), 0.0002270 secs] 1136K->756K(1048512K), 0.0003170 secs] [Times: user=0.00 sys=0.00, real=0.00 secs] 
0.947: [GC0.947: [DefNew: 417K->34K(448K), 0.0001840 secs] 1140K->761K(1048512K), 0.0002410 secs] [Times: user=0.00 sys=0.00, real=0.00 secs] 
0.956: [GC0.956: [DefNew: 418K->34K(448K), 0.0001890 secs] 1145K->765K(1048512K), 0.0002440 secs] [Times: user=0.00 sys=0.00, real=0.00 secs] 
0.966: [GC0.966: [DefNew: 418K->34K(448K), 0.0002020 secs] 1149K->770K(1048512K), 0.0002620 secs] [Times: user=0.00 sys=0.00, real=0.00 secs] 
0.975: [GC0.975: [DefNew: 418K->35K(448K), 0.0001890 secs] 1154K->774K(1048512K), 0.0002460 secs] [Times: user=0.00 sys=0.00, real=0.00 secs] 
0.985: [GC0.985: [DefNew: 419K->34K(448K), 0.0001910 secs] 1158K->778K(1048512K), 0.0002450 secs] [Times: user=0.01 sys=0.00, real=0.00 secs] 
0.994: [GC0.994: [DefNew: 418K->35K(448K), 0.0001680 secs] 1162K->783K(1048512K), 0.0002190 secs] [Times: user=0.00 sys=0.00, real=0.00 secs] 
1.003: [GC1.003: [DefNew: 419K->35K(448K), 0.0001980 secs] 1167K->787K(1048512K), 0.0002530 secs] [Times: user=0.00 sys=0.00, real=0.00 secs] 
1.012: [GC1.012: [DefNew: 419K->34K(448K), 0.0002150 secs] 1171K->791K(1048512K), 0.0002800 secs] [Times: user=0.00 sys=0.00, real=0.01 secs] 
1.022: [GC1.022: [DefNew: 418K->34K(448K), 0.0001850 secs] 1175K->796K(1048512K), 0.0002460 secs] [Times: user=0.00 sys=0.00, real=0.00 secs] 
1.031: [GC1.031: [DefNew: 418K->41K(448K), 0.0002660 secs] 1180K->807K(1048512K), 0.0003290 secs] [Times: user=0.00 sys=0.00, real=0.00 secs] 
1.039: [GC1.039: [DefNew: 425K->32K(448K), 0.0002340 secs] 1191K->811K(1048512K), 0.0003000 secs] [Times: user=0.00 sys=0.00, real=0.00 secs] 
1.048: [GC1.048: [DefNew: 416K->32K(448K), 0.0002060 secs] 1195K->815K(1048512K), 0.0002670 secs] [Times: user=0.00 sys=0.00, real=0.00 secs] 
1.058: [GC1.058: [DefNew: 416K->33K(448K), 0.0001910 secs] 1199K->820K(1048512K), 0.0002470 secs] [Times: user=0.00 sys=0.00, real=0.00 secs] 
1.067: [GC1.067: [DefNew: 417K->33K(448K), 0.0001880 secs] 1204K->824K(1048512K), 0.0002430 secs] [Times: user=0.00 sys=0.00, real=0.00 secs] 
1.076: [GC1.076: [DefNew: 416K->33K(448K), 0.0001470 secs] 1208K->828K(1048512K), 0.0001970 secs] [Times: user=0.00 sys=0.00, real=0.00 secs] 
1.085: [GC1.085: [DefNew: 417K->25K(448K), 0.0002060 secs] 1212K->832K(1048512K), 0.0002650 secs] [Times: user=0.00 sys=0.00, real=0.00 secs] 
1.094: [GC1.094: [DefNew: 409K->29K(448K), 0.0001730 secs] 1216K->836K(1048512K), 0.0002340 secs] [Times: user=0.00 sys=0.00, real=0.00 secs] 
1.104: [GC1.104: [DefNew: 413K->33K(448K), 0.0001800 secs] 1220K->841K(1048512K), 0.0002380 secs] [Times: user=0.00 sys=0.00, real=0.00 secs] 
1.113: [GC1.113: [DefNew: 417K->34K(448K), 0.0001860 secs] 1224K->845K(1048512K), 0.0002400 secs] [Times: user=0.00 sys=0.00, real=0.00 secs] 
1.122: [GC1.122: [DefNew: 418K->33K(448K), 0.0001900 secs] 1229K->849K(1048512K), 0.0002500 secs] [Times: user=0.00 sys=0.00, real=0.00 secs] 
1.131: [GC1.131: [DefNew: 417K->33K(448K), 0.0001660 secs] 1233K->853K(1048512K), 0.0002340 secs] [Times: user=0.00 sys=0.00, real=0.00 secs] 
1.141: [GC1.141: [DefNew: 417K->34K(448K), 0.0001870 secs] 1237K->858K(1048512K), 0.0002440 secs] [Times: user=0.00 sys=0.00, real=0.00 secs] 
1.150: [GC1.150: [DefNew: 418K->34K(448K), 0.0001490 secs] 1242K->862K(1048512K), 0.0001930 secs] [Times: user=0.00 sys=0.00, real=0.00 secs] 
1.159: [GC1.159: [DefNew: 418K->35K(448K), 0.0003620 secs] 1246K->867K(1048512K), 0.0004740 secs] [Times: user=0.01 sys=0.00, real=0.00 secs] 
1.168: [GC1.168: [DefNew: 419K->34K(448K), 0.0001460 secs] 1251K->871K(1048512K), 0.0001880 secs] [Times: user=0.00 sys=0.00, real=0.00 secs] 
1.177: [GC1.177: [DefNew: 418K->34K(448K), 0.0002000 secs] 1255K->875K(1048512K), 0.0002530 secs] [Times: user=0.00 sys=0.00, real=0.00 secs] 
1.186: [GC1.186: [DefNew: 418K->35K(448K), 0.0001340 secs] 1258K->879K(1048512K), 0.0001880 secs] [Times: user=0.00 sys=0.00, real=0.00 secs] 
1.195: [GC1.195: [DefNew: 419K->35K(448K), 0.0001890 secs] 1263K->884K(1048512K), 0.0002430 secs] [Times: user=0.00 sys=0.00, real=0.00 secs] 
1.204: [GC1.204: [DefNew: 419K->34K(448K), 0.0001540 secs] 1268K->888K(1048512K), 0.0001980 secs] [Times: user=0.00 sys=0.00, real=0.00 secs] 
1.213: [GC1.213: [DefNew: 418K->34K(448K), 0.0001430 secs] 1272K->892K(1048512K), 0.0001980 secs] [Times: user=0.00 sys=0.00, real=0.00 secs] 
1.222: [GC1.222: [DefNew: 417K->34K(448K), 0.0001370 secs] 1276K->896K(1048512K), 0.0001880 secs] [Times: user=0.00 sys=0.00, real=0.01 secs] 
1.231: [GC1.231: [DefNew: 418K->34K(448K), 0.0001850 secs] 1280K->901K(1048512K), 0.0002360 secs] [Times: user=0.00 sys=0.00, real=0.00 secs] 
1.241: [GC1.241: [DefNew: 418K->35K(448K), 0.0001590 secs] 1285K->906K(1048512K), 0.0002040 secs] [Times: user=0.00 sys=0.00, real=0.00 secs] 
1.250: [GC1.250: [DefNew: 419K->35K(448K), 0.0001510 secs] 1290K->910K(1048512K), 0.0001940 secs] [Times: user=0.00 sys=0.00, real=0.00 secs] 
1.259: [GC1.259: [DefNew: 419K->35K(448K), 0.0002180 secs] 1294K->915K(1048512K), 0.0002730 secs] [Times: user=0.00 sys=0.00, real=0.00 secs] 
1.269: [GC1.269: [DefNew: 419K->35K(448K), 0.0002020 secs] 1299K->919K(1048512K), 0.0002650 secs] [Times: user=0.00 sys=0.00, real=0.00 secs] 
1.278: [GC1.278: [DefNew: 419K->36K(448K), 0.0001500 secs] 1303K->924K(1048512K), 0.0001980 secs] [Times: user=0.00 sys=0.00, real=0.00 secs] 
1.287: [GC1.287: [DefNew: 420K->31K(448K), 0.0001600 secs] 1308K->928K(1048512K), 0.0001990 secs] [Times: user=0.00 sys=0.00, real=0.00 secs] 
1.296: [GC1.296: [DefNew: 415K->35K(448K), 0.0001440 secs] 1312K->932K(1048512K), 0.0001830 secs] [Times: user=0.00 sys=0.00, real=0.00 secs] 
1.305: [GC1.305: [DefNew: 419K->34K(448K), 0.0001720 secs] 1316K->936K(1048512K), 0.0002160 secs] [Times: user=0.00 sys=0.00, real=0.00 secs] 
1.315: [GC1.315: [DefNew: 418K->34K(448K), 0.0001500 secs] 1320K->940K(1048512K), 0.0001870 secs] [Times: user=0.00 sys=0.00, real=0.00 secs] 
1.324: [GC1.324: [DefNew: 418K->34K(448K), 0.0001750 secs] 1324K->944K(1048512K), 0.0002200 secs] [Times: user=0.00 sys=0.00, real=0.00 secs] 
1.333: [GC1.333: [DefNew: 418K->33K(448K), 0.0001770 secs] 1328K->948K(1048512K), 0.0002140 secs] [Times: user=0.00 sys=0.00, real=0.00 secs] 
1.343: [GC1.343: [DefNew: 417K->34K(448K), 0.0001820 secs] 1332K->953K(1048512K), 0.0002350 secs] [Times: user=0.00 sys=0.00, real=0.00 secs] 
1.351: [GC1.352: [DefNew: 418K->34K(448K), 0.0002800 secs] 1337K->958K(1048512K), 0.0003610 secs] [Times: user=0.01 sys=0.00, real=0.00 secs] 
1.361: [GC1.361: [DefNew: 418K->34K(448K), 0.0001480 secs] 1342K->962K(1048512K), 0.0001950 secs] [Times: user=0.00 sys=0.00, real=0.00 secs] 
1.370: [GC1.370: [DefNew: 418K->34K(448K), 0.0001480 secs] 1346K->966K(1048512K), 0.0001890 secs] [Times: user=0.00 sys=0.00, real=0.00 secs] 
1.378: [GC1.378: [DefNew: 418K->33K(448K), 0.0001790 secs] 1350K->970K(1048512K), 0.0002230 secs] [Times: user=0.00 sys=0.00, real=0.00 secs] 
1.389: [GC1.389: [DefNew: 417K->34K(448K), 0.0002070 secs] 1354K->974K(1048512K), 0.0002770 secs] [Times: user=0.00 sys=0.00, real=0.00 secs] 
1.398: [GC1.398: [DefNew: 418K->34K(448K), 0.0002150 secs] 1358K->978K(1048512K), 0.0002640 secs] [Times: user=0.00 sys=0.00, real=0.00 secs] 
1.406: [GC1.406: [DefNew: 417K->33K(448K), 0.0001520 secs] 1362K->982K(1048512K), 0.0001890 secs] [Times: user=0.00 sys=0.00, real=0.00 secs] 
1.416: [GC1.416: [DefNew: 417K->33K(448K), 0.0001650 secs] 1366K->987K(1048512K), 0.0002020 secs] [Times: user=0.00 sys=0.00, real=0.00 secs] 
1.425: [GC1.425: [DefNew: 417K->33K(448K), 0.0001590 secs] 1371K->991K(1048512K), 0.0001930 secs] [Times: user=0.00 sys=0.00, real=0.00 secs] 
1.434: [GC1.434: [DefNew: 417K->33K(448K), 0.0001910 secs] 1375K->995K(1048512K), 0.0002380 secs] [Times: user=0.00 sys=0.00, real=0.00 secs] 
1.444: [GC1.444: [DefNew: 416K->34K(448K), 0.0001890 secs] 1378K->1000K(1048512K), 0.0002310 secs] [Times: user=0.00 sys=0.00, real=0.00 secs] 
1.453: [GC1.453: [DefNew: 418K->34K(448K), 0.0001810 secs] 1384K->1004K(1048512K), 0.0002290 secs] [Times: user=0.00 sys=0.00, real=0.00 secs] 
1.462: [GC1.462: [DefNew: 418K->34K(448K), 0.0001850 secs] 1388K->1008K(1048512K), 0.0002320 secs] [Times: user=0.00 sys=0.00, real=0.01 secs] 
1.472: [GC1.472: [DefNew: 418K->35K(448K), 0.0001650 secs] 1392K->1013K(1048512K), 0.0002020 secs] [Times: user=0.00 sys=0.00, real=0.00 secs] 
1.481: [GC1.481: [DefNew: 419K->35K(448K), 0.0001680 secs] 1397K->1017K(1048512K), 0.0002050 secs] [Times: user=0.00 sys=0.00, real=0.00 secs] 
1.490: [GC1.490: [DefNew: 419K->35K(448K), 0.0001570 secs] 1401K->1022K(1048512K), 0.0001930 secs] [Times: user=0.00 sys=0.00, real=0.00 secs] 
1.500: [GC1.500: [DefNew: 419K->36K(448K), 0.0001650 secs] 1406K->1027K(1048512K), 0.0002010 secs] [Times: user=0.00 sys=0.00, real=0.00 secs] 
1.509: [GC1.509: [DefNew: 420K->35K(448K), 0.0001670 secs] 1411K->1031K(1048512K), 0.0002050 secs] [Times: user=0.00 sys=0.00, real=0.00 secs] 
1.518: [GC1.518: [DefNew: 419K->35K(448K), 0.0001680 secs] 1414K->1035K(1048512K), 0.0002090 secs] [Times: user=0.00 sys=0.00, real=0.00 secs] 
1.527: [GC1.527: [DefNew: 419K->35K(448K), 0.0001820 secs] 1418K->1039K(1048512K), 0.0002430 secs] [Times: user=0.00 sys=0.00, real=0.00 secs] 
1.537: [GC1.537: [DefNew: 419K->35K(448K), 0.0008430 secs] 1423K->1044K(1048512K), 0.0010240 secs] [Times: user=0.00 sys=0.00, real=0.00 secs] 
1.547: [GC1.547: [DefNew: 419K->35K(448K), 0.0001830 secs] 1428K->1048K(1048512K), 0.0002250 secs] [Times: user=0.00 sys=0.00, real=0.00 secs] 
1.556: [GC1.556: [DefNew: 419K->35K(448K), 0.0001940 secs] 1432K->1052K(1048512K), 0.0002420 secs] [Times: user=0.01 sys=0.00, real=0.00 secs] 
1.565: [GC1.565: [DefNew: 419K->34K(448K), 0.0001870 secs] 1436K->1056K(1048512K), 0.0002370 secs] [Times: user=0.00 sys=0.00, real=0.00 secs] 
1.574: [GC1.574: [DefNew: 418K->34K(448K), 0.0001930 secs] 1440K->1060K(1048512K), 0.0002560 secs] [Times: user=0.00 sys=0.00, real=0.00 secs] 
1.584: [GC1.584: [DefNew: 418K->34K(448K), 0.0001630 secs] 1444K->1065K(1048512K), 0.0002060 secs] [Times: user=0.00 sys=0.00, real=0.00 secs] 
1.593: [GC1.593: [DefNew: 418K->34K(448K), 0.0002570 secs] 1449K->1069K(1048512K), 0.0003210 secs] [Times: user=0.00 sys=0.00, real=0.00 secs] 
1.603: [GC1.603: [DefNew: 418K->34K(448K), 0.0001730 secs] 1453K->1073K(1048512K), 0.0002190 secs] [Times: user=0.00 sys=0.00, real=0.00 secs] 
1.612: [GC1.612: [DefNew: 418K->33K(448K), 0.0001690 secs] 1457K->1077K(1048512K), 0.0002060 secs] [Times: user=0.00 sys=0.00, real=0.00 secs] 
1.621: [GC1.621: [DefNew: 417K->33K(448K), 0.0001720 secs] 1461K->1081K(1048512K), 0.0002160 secs] [Times: user=0.00 sys=0.00, real=0.00 secs] 
1.631: [GC1.631: [DefNew: 417K->34K(448K), 0.0001980 secs] 1465K->1086K(1048512K), 0.0002510 secs] [Times: user=0.00 sys=0.00, real=0.00 secs] 
1.640: [GC1.640: [DefNew: 418K->34K(448K), 0.0002120 secs] 1470K->1090K(1048512K), 0.0002690 secs] [Times: user=0.00 sys=0.00, real=0.00 secs] 
1.649: [GC1.649: [DefNew: 418K->34K(448K), 0.0001640 secs] 1474K->1095K(1048512K), 0.0002020 secs] [Times: user=0.00 sys=0.00, real=0.00 secs] 
1.659: [GC1.659: [DefNew: 418K->35K(448K), 0.0001710 secs] 1479K->1100K(1048512K), 0.0002190 secs] [Times: user=0.00 sys=0.00, real=0.00 secs] 
1.668: [GC1.668: [DefNew: 419K->34K(448K), 0.0001800 secs] 1484K->1104K(1048512K), 0.0002230 secs] [Times: user=0.00 sys=0.00, real=0.00 secs] 
1.677: [GC1.677: [DefNew: 418K->34K(448K), 0.0001720 secs] 1488K->1108K(1048512K), 0.0002230 secs] [Times: user=0.00 sys=0.00, real=0.00 secs] 
1.686: [GC1.686: [DefNew: 418K->34K(448K), 0.0001590 secs] 1492K->1112K(1048512K), 0.0001950 secs] [Times: user=0.00 sys=0.00, real=0.00 secs] 
1.695: [GC1.695: [DefNew: 418K->34K(448K), 0.0001670 secs] 1496K->1116K(1048512K), 0.0002060 secs] [Times: user=0.00 sys=0.00, real=0.00 secs] 
1.704: [GC1.704: [DefNew: 417K->34K(448K), 0.0001700 secs] 1499K->1120K(1048512K), 0.0002150 secs] [Times: user=0.00 sys=0.00, real=0.00 secs] 
1.713: [GC1.713: [DefNew: 418K->33K(448K), 0.0001600 secs] 1504K->1124K(1048512K), 0.0002030 secs] [Times: user=0.00 sys=0.00, real=0.00 secs] 
1.723: [GC1.723: [DefNew: 417K->33K(448K), 0.0002850 secs] 1508K->1128K(1048512K), 0.0003460 secs] [Times: user=0.00 sys=0.00, real=0.00 secs] 
1.732: [GC1.732: [DefNew: 417K->33K(448K), 0.0001920 secs] 1512K->1132K(1048512K), 0.0002500 secs] [Times: user=0.00 sys=0.00, real=0.01 secs] 
1.742: [GC1.742: [DefNew: 416K->33K(448K), 0.0001590 secs] 1516K->1137K(1048512K), 0.0002050 secs] [Times: user=0.00 sys=0.00, real=0.00 secs] 
1.751: [GC1.751: [DefNew: 417K->34K(448K), 0.0001680 secs] 1521K->1141K(1048512K), 0.0002070 secs] [Times: user=0.00 sys=0.00, real=0.00 secs] 
1.761: [GC1.761: [DefNew: 418K->34K(448K), 0.0002330 secs] 1525K->1145K(1048512K), 0.0002930 secs] [Times: user=0.00 sys=0.00, real=0.00 secs] 
1.770: [GC1.770: [DefNew: 418K->34K(448K), 0.0001840 secs] 1529K->1150K(1048512K), 0.0002400 secs] [Times: user=0.00 sys=0.00, real=0.00 secs] 
1.778: [GC1.778: [DefNew: 418K->35K(448K), 0.0001570 secs] 1533K->1154K(1048512K), 0.0002040 secs] [Times: user=0.00 sys=0.00, real=0.00 secs] 
1.787: [GC1.787: [DefNew: 419K->34K(448K), 0.0001430 secs] 1538K->1158K(1048512K), 0.0001780 secs] [Times: user=0.00 sys=0.00, real=0.00 secs] 
1.796: [GC1.796: [DefNew: 418K->34K(448K), 0.0002040 secs] 1542K->1162K(1048512K), 0.0002520 secs] [Times: user=0.00 sys=0.00, real=0.00 secs] 
1.806: [GC1.806: [DefNew: 418K->34K(448K), 0.0001740 secs] 1546K->1167K(1048512K), 0.0002160 secs] [Times: user=0.00 sys=0.00, real=0.00 secs] 
1.815: [GC1.815: [DefNew: 418K->34K(448K), 0.0001780 secs] 1551K->1171K(1048512K), 0.0002230 secs] [Times: user=0.00 sys=0.00, real=0.00 secs] 
1.824: [GC1.824: [DefNew: 418K->34K(448K), 0.0001910 secs] 1555K->1175K(1048512K), 0.0002360 secs] [Times: user=0.00 sys=0.01, real=0.00 secs] 
1.833: [GC1.834: [DefNew: 418K->34K(448K), 0.0001800 secs] 1559K->1179K(1048512K), 0.0002220 secs] [Times: user=0.00 sys=0.00, real=0.00 secs] 
1.843: [GC1.843: [DefNew: 418K->34K(448K), 0.0001700 secs] 1563K->1184K(1048512K), 0.0002170 secs] [Times: user=0.00 sys=0.00, real=0.00 secs] 
1.852: [GC1.852: [DefNew: 418K->34K(448K), 0.0001860 secs] 1568K->1188K(1048512K), 0.0002310 secs] [Times: user=0.00 sys=0.00, real=0.00 secs] 
1.861: [GC1.861: [DefNew: 418K->34K(448K), 0.0001600 secs] 1572K->1192K(1048512K), 0.0002080 secs] [Times: user=0.00 sys=0.00, real=0.00 secs] 
1.870: [GC1.870: [DefNew: 418K->33K(448K), 0.0001410 secs] 1576K->1196K(1048512K), 0.0001890 secs] [Times: user=0.00 sys=0.00, real=0.00 secs] 
1.879: [GC1.879: [DefNew: 417K->34K(448K), 0.0001690 secs] 1580K->1200K(1048512K), 0.0002080 secs] [Times: user=0.00 sys=0.00, real=0.00 secs] 
1.888: [GC1.888: [DefNew: 417K->34K(448K), 0.0001770 secs] 1584K->1205K(1048512K), 0.0002270 secs] [Times: user=0.00 sys=0.00, real=0.00 secs] 
1.898: [GC1.898: [DefNew: 418K->35K(448K), 0.0001470 secs] 1589K->1210K(1048512K), 0.0001930 secs] [Times: user=0.00 sys=0.00, real=0.00 secs] 
1.907: [GC1.907: [DefNew: 419K->34K(448K), 0.0001860 secs] 1594K->1214K(1048512K), 0.0002340 secs] [Times: user=0.00 sys=0.00, real=0.00 secs] 
1.916: [GC1.916: [DefNew: 418K->34K(448K), 0.0001920 secs] 1598K->1218K(1048512K), 0.0002600 secs] [Times: user=0.00 sys=0.00, real=0.00 secs] 
1.926: [GC1.926: [DefNew: 418K->35K(448K), 0.0001660 secs] 1602K->1223K(1048512K), 0.0002030 secs] [Times: user=0.00 sys=0.00, real=0.00 secs] 
1.935: [GC1.935: [DefNew: 419K->35K(448K), 0.0001910 secs] 1607K->1227K(1048512K), 0.0002370 secs] [Times: user=0.00 sys=0.00, real=0.00 secs] 
1.944: [GC1.944: [DefNew: 419K->35K(448K), 0.0002160 secs] 1611K->1231K(1048512K), 0.0002880 secs] [Times: user=0.00 sys=0.00, real=0.00 secs] 
1.953: [GC1.953: [DefNew: 419K->34K(448K), 0.0001500 secs] 1615K->1235K(1048512K), 0.0001870 secs] [Times: user=0.00 sys=0.00, real=0.00 secs] 
1.961: [GC1.962: [DefNew: 418K->34K(448K), 0.0001680 secs] 1619K->1240K(1048512K), 0.0002040 secs] [Times: user=0.00 sys=0.00, real=0.00 secs] 
1.971: [GC1.971: [DefNew: 418K->34K(448K), 0.0001710 secs] 1624K->1244K(1048512K), 0.0002150 secs] [Times: user=0.00 sys=0.00, real=0.00 secs] 
1.980: [GC1.980: [DefNew: 418K->34K(448K), 0.0001710 secs] 1628K->1248K(1048512K), 0.0002270 secs] [Times: user=0.00 sys=0.00, real=0.00 secs] 
1.989: [GC1.989: [DefNew: 418K->34K(448K), 0.0001780 secs] 1632K->1252K(1048512K), 0.0002310 secs] [Times: user=0.00 sys=0.00, real=0.00 secs] 
1.999: [GC1.999: [DefNew: 418K->34K(448K), 0.0001910 secs] 1636K->1257K(1048512K), 0.0002470 secs] [Times: user=0.00 sys=0.00, real=0.00 secs] 
2.008: [GC2.008: [DefNew: 418K->34K(448K), 0.0001400 secs] 1641K->1261K(1048512K), 0.0001750 secs] [Times: user=0.00 sys=0.00, real=0.00 secs] 
2.018: [GC2.018: [DefNew: 418K->34K(448K), 0.0001690 secs] 1645K->1265K(1048512K), 0.0002090 secs] [Times: user=0.00 sys=0.00, real=0.00 secs] 
2.027: [GC2.027: [DefNew: 418K->50K(448K), 0.0002670 secs] 1649K->1286K(1048512K), 0.0003050 secs] [Times: user=0.00 sys=0.00, real=0.00 secs] 
2.037: [GC2.037: [DefNew: 433K->34K(448K), 0.0001930 secs] 1669K->1291K(1048512K), 0.0002360 secs] [Times: user=0.00 sys=0.00, real=0.00 secs] 
2.046: [GC2.046: [DefNew: 418K->34K(448K), 0.0002080 secs] 1675K->1295K(1048512K), 0.0002570 secs] [Times: user=0.00 sys=0.00, real=0.00 secs] 
2.054: [GC2.054: [DefNew: 418K->34K(448K), 0.0001520 secs] 1679K->1299K(1048512K), 0.0001970 secs] [Times: user=0.00 sys=0.00, real=0.00 secs] 
2.063: [GC2.063: [DefNew: 418K->17K(448K), 0.0001890 secs] 1683K->1303K(1048512K), 0.0002330 secs] [Times: user=0.00 sys=0.00, real=0.00 secs] 
2.073: [GC2.073: [DefNew: 401K->21K(448K), 0.0002370 secs] 1687K->1307K(1048512K), 0.0003210 secs] [Times: user=0.00 sys=0.00, real=0.00 secs] 
2.081: [GC2.082: [DefNew: 405K->25K(448K), 0.0002000 secs] 1691K->1311K(1048512K), 0.0002700 secs] [Times: user=0.00 sys=0.00, real=0.00 secs] 
2.090: [GC2.090: [DefNew: 408K->29K(448K), 0.0001610 secs] 1694K->1315K(1048512K), 0.0002160 secs] [Times: user=0.00 sys=0.00, real=0.00 secs] 
2.099: [GC2.099: [DefNew: 413K->34K(448K), 0.0001370 secs] 1699K->1320K(1048512K), 0.0001740 secs] [Times: user=0.00 sys=0.00, real=0.00 secs] 
2.109: [GC2.109: [DefNew: 418K->33K(448K), 0.0001690 secs] 1704K->1324K(1048512K), 0.0002050 secs] [Times: user=0.00 sys=0.00, real=0.00 secs] 
2.118: [GC2.118: [DefNew: 417K->33K(448K), 0.0001820 secs] 1708K->1328K(1048512K), 0.0002270 secs] [Times: user=0.00 sys=0.00, real=0.00 secs] 
2.127: [GC2.127: [DefNew: 417K->34K(448K), 0.0001680 secs] 1712K->1332K(1048512K), 0.0002060 secs] [Times: user=0.00 sys=0.00, real=0.00 secs] 
2.136: [GC2.136: [DefNew: 418K->34K(448K), 0.0001700 secs] 1716K->1337K(1048512K), 0.0002090 secs] [Times: user=0.00 sys=0.00, real=0.00 secs] 
2.145: [GC2.145: [DefNew: 418K->35K(448K), 0.0001670 secs] 1721K->1341K(1048512K), 0.0002030 secs] [Times: user=0.00 sys=0.00, real=0.00 secs] 
2.154: [GC2.154: [DefNew: 419K->34K(448K), 0.0001730 secs] 1725K->1345K(1048512K), 0.0002170 secs] [Times: user=0.00 sys=0.00, real=0.00 secs] 
2.164: [GC2.164: [DefNew: 418K->34K(448K), 0.0001710 secs] 1729K->1349K(1048512K), 0.0002130 secs] [Times: user=0.00 sys=0.00, real=0.00 secs] 
2.173: [GC2.173: [DefNew: 418K->34K(448K), 0.0001520 secs] 1733K->1354K(1048512K), 0.0002090 secs] [Times: user=0.00 sys=0.00, real=0.00 secs] 
2.182: [GC2.182: [DefNew: 418K->34K(448K), 0.0002620 secs] 1738K->1358K(1048512K), 0.0003600 secs] [Times: user=0.00 sys=0.00, real=0.01 secs] 
2.192: [GC2.192: [DefNew: 418K->34K(448K), 0.0001790 secs] 1742K->1363K(1048512K), 0.0002310 secs] [Times: user=0.00 sys=0.00, real=0.00 secs] 
2.201: [GC2.201: [DefNew: 418K->34K(448K), 0.0001450 secs] 1747K->1366K(1048512K), 0.0001870 secs] [Times: user=0.00 sys=0.00, real=0.00 secs] 
2.210: [GC2.210: [DefNew: 418K->34K(448K), 0.0001500 secs] 1750K->1370K(1048512K), 0.0001890 secs] [Times: user=0.00 sys=0.00, real=0.00 secs] 
2.218: [GC2.218: [DefNew: 418K->33K(448K), 0.0001810 secs] 1754K->1374K(1048512K), 0.0002250 secs] [Times: user=0.00 sys=0.00, real=0.00 secs] 
2.227: [GC2.227: [DefNew: 417K->33K(448K), 0.0001710 secs] 1758K->1378K(1048512K), 0.0002100 secs] [Times: user=0.00 sys=0.00, real=0.00 secs] 
2.237: [GC2.237: [DefNew: 417K->34K(448K), 0.0001890 secs] 1762K->1384K(1048512K), 0.0002430 secs] [Times: user=0.00 sys=0.00, real=0.00 secs] 
2.246: [GC2.246: [DefNew: 418K->34K(448K), 0.0002000 secs] 1768K->1388K(1048512K), 0.0002520 secs] [Times: user=0.00 sys=0.00, real=0.00 secs] 
2.256: [GC2.256: [DefNew: 418K->34K(448K), 0.0001980 secs] 1772K->1392K(1048512K), 0.0002470 secs] [Times: user=0.00 sys=0.00, real=0.00 secs] 
2.265: [GC2.265: [DefNew: 418K->34K(448K), 0.0002080 secs] 1776K->1397K(1048512K), 0.0002660 secs] [Times: user=0.00 sys=0.00, real=0.00 secs] 
2.274: [GC2.274: [DefNew: 418K->34K(448K), 0.0002100 secs] 1781K->1401K(1048512K), 0.0002780 secs] [Times: user=0.00 sys=0.00, real=0.00 secs] 
2.284: [GC2.284: [DefNew: 418K->35K(448K), 0.0001450 secs] 1785K->1406K(1048512K), 0.0001890 secs] [Times: user=0.00 sys=0.00, real=0.00 secs] 
2.293: [GC2.293: [DefNew: 419K->31K(448K), 0.0001620 secs] 1790K->1410K(1048512K), 0.0002040 secs] [Times: user=0.00 sys=0.00, real=0.00 secs] 
2.302: [GC2.302: [DefNew: 415K->35K(448K), 0.0001580 secs] 1794K->1414K(1048512K), 0.0002160 secs] [Times: user=0.00 sys=0.00, real=0.00 secs] 
2.312: [GC2.312: [DefNew: 419K->35K(448K), 0.0001720 secs] 1798K->1419K(1048512K), 0.0002120 secs] [Times: user=0.00 sys=0.00, real=0.00 secs] 
2.321: [GC2.321: [DefNew: 419K->35K(448K), 0.0001660 secs] 1803K->1424K(1048512K), 0.0002020 secs] [Times: user=0.00 sys=0.00, real=0.00 secs] 
2.330: [GC2.330: [DefNew: 419K->35K(448K), 0.0001630 secs] 1808K->1428K(1048512K), 0.0002000 secs] [Times: user=0.00 sys=0.00, real=0.00 secs] 
2.339: [GC2.339: [DefNew: 419K->35K(448K), 0.0001910 secs] 1812K->1432K(1048512K), 0.0002410 secs] [Times: user=0.00 sys=0.00, real=0.00 secs] 
2.349: [GC2.349: [DefNew: 419K->35K(448K), 0.0001830 secs] 1816K->1437K(1048512K), 0.0002290 secs] [Times: user=0.00 sys=0.00, real=0.00 secs] 
2.358: [GC2.358: [DefNew: 419K->36K(448K), 0.0001750 secs] 1821K->1442K(1048512K), 0.0002210 secs] [Times: user=0.00 sys=0.00, real=0.00 secs] 
2.367: [GC2.367: [DefNew: 420K->35K(448K), 0.0001870 secs] 1826K->1446K(1048512K), 0.0002400 secs] [Times: user=0.00 sys=0.00, real=0.00 secs] 
2.376: [GC2.376: [DefNew: 419K->35K(448K), 0.0001840 secs] 1830K->1450K(1048512K), 0.0002240 secs] [Times: user=0.00 sys=0.00, real=0.00 secs] 
2.385: [GC2.385: [DefNew: 419K->34K(448K), 0.0002860 secs] 1834K->1454K(1048512K), 0.0003680 secs] [Times: user=0.01 sys=0.00, real=0.00 secs] 
2.393: [GC2.393: [DefNew: 418K->35K(448K), 0.0001540 secs] 1838K->1458K(1048512K), 0.0001960 secs] [Times: user=0.00 sys=0.00, real=0.00 secs] 
2.403: [GC2.403: [DefNew: 419K->35K(448K), 0.0001440 secs] 1842K->1463K(1048512K), 0.0001960 secs] [Times: user=0.00 sys=0.00, real=0.00 secs] 
2.412: [GC2.412: [DefNew: 419K->35K(448K), 0.0001530 secs] 1847K->1467K(1048512K), 0.0001980 secs] [Times: user=0.00 sys=0.00, real=0.00 secs] 
2.421: [GC2.421: [DefNew: 419K->35K(448K), 0.0001400 secs] 1851K->1472K(1048512K), 0.0001760 secs] [Times: user=0.00 sys=0.00, real=0.00 secs] 
2.431: [GC2.431: [DefNew: 419K->34K(448K), 0.0001710 secs] 1856K->1476K(1048512K), 0.0002090 secs] [Times: user=0.00 sys=0.00, real=0.00 secs] 
2.440: [GC2.440: [DefNew: 418K->34K(448K), 0.0001980 secs] 1860K->1480K(1048512K), 0.0002430 secs] [Times: user=0.00 sys=0.00, real=0.00 secs] 
2.449: [GC2.449: [DefNew: 418K->34K(448K), 0.0001800 secs] 1864K->1484K(1048512K), 0.0002250 secs] [Times: user=0.00 sys=0.00, real=0.00 secs] 
2.458: [GC2.458: [DefNew: 418K->34K(448K), 0.0001820 secs] 1868K->1488K(1048512K), 0.0002260 secs] [Times: user=0.00 sys=0.00, real=0.00 secs] 
2.467: [GC2.467: [DefNew: 418K->34K(448K), 0.0001740 secs] 1872K->1493K(1048512K), 0.0002180 secs] [Times: user=0.00 sys=0.00, real=0.00 secs] 
2.477: [GC2.477: [DefNew: 418K->34K(448K), 0.0001620 secs] 1877K->1498K(1048512K), 0.0001980 secs] [Times: user=0.00 sys=0.00, real=0.00 secs] 
2.486: [GC2.486: [DefNew: 418K->34K(448K), 0.0001650 secs] 1882K->1502K(1048512K), 0.0002040 secs] [Times: user=0.00 sys=0.00, real=0.00 secs] 
2.496: [GC2.496: [DefNew: 418K->34K(448K), 0.0001620 secs] 1886K->1506K(1048512K), 0.0001980 secs] [Times: user=0.00 sys=0.00, real=0.00 secs] 
2.505: [GC2.505: [DefNew: 418K->34K(448K), 0.0001670 secs] 1890K->1510K(1048512K), 0.0002040 secs] [Times: user=0.00 sys=0.00, real=0.00 secs] 
2.514: [GC2.514: [DefNew: 418K->34K(448K), 0.0001610 secs] 1894K->1514K(1048512K), 0.0002130 secs] [Times: user=0.00 sys=0.00, real=0.00 secs] 
2.523: [GC2.523: [DefNew: 418K->34K(448K), 0.0001670 secs] 1898K->1518K(1048512K), 0.0002040 secs] [Times: user=0.00 sys=0.00, real=0.00 secs] 
2.532: [GC2.532: [DefNew: 418K->34K(448K), 0.0002030 secs] 1902K->1523K(1048512K), 0.0002630 secs] [Times: user=0.00 sys=0.00, real=0.01 secs] 
2.542: [GC2.542: [DefNew: 418K->34K(448K), 0.0002060 secs] 1907K->1527K(1048512K), 0.0002620 secs] [Times: user=0.00 sys=0.00, real=0.00 secs] 
2.551: [GC2.551: [DefNew: 418K->34K(448K), 0.0001450 secs] 1911K->1531K(1048512K), 0.0001820 secs] [Times: user=0.00 sys=0.00, real=0.00 secs] 
2.560: [GC2.560: [DefNew: 418K->34K(448K), 0.0001600 secs] 1915K->1535K(1048512K), 0.0001960 secs] [Times: user=0.00 sys=0.00, real=0.00 secs] 
2.568: [GC2.568: [DefNew: 418K->33K(448K), 0.0001760 secs] 1919K->1539K(1048512K), 0.0002160 secs] [Times: user=0.00 sys=0.00, real=0.00 secs] 
2.578: [GC2.578: [DefNew: 417K->34K(448K), 0.0001740 secs] 1923K->1544K(1048512K), 0.0002180 secs] [Times: user=0.00 sys=0.00, real=0.00 secs] 
2.587: [GC2.587: [DefNew: 418K->34K(448K), 0.0001500 secs] 1928K->1548K(1048512K), 0.0001890 secs] [Times: user=0.00 sys=0.00, real=0.00 secs] 
2.596: [GC2.596: [DefNew: 418K->34K(448K), 0.0002220 secs] 1932K->1552K(1048512K), 0.0002990 secs] [Times: user=0.01 sys=0.00, real=0.00 secs] 
2.606: [GC2.606: [DefNew: 418K->34K(448K), 0.0004260 secs] 1936K->1557K(1048512K), 0.0005290 secs] [Times: user=0.00 sys=0.00, real=0.00 secs] 
2.615: [GC2.615: [DefNew: 418K->34K(448K), 0.0001540 secs] 1941K->1561K(1048512K), 0.0002040 secs] [Times: user=0.00 sys=0.00, real=0.00 secs] 
2.625: [GC2.625: [DefNew: 418K->34K(448K), 0.0001520 secs] 1945K->1566K(1048512K), 0.0001940 secs] [Times: user=0.00 sys=0.00, real=0.00 secs] 
2.634: [GC2.634: [DefNew: 418K->35K(448K), 0.0002250 secs] 1950K->1570K(1048512K), 0.0002870 secs] [Times: user=0.00 sys=0.00, real=0.00 secs] 
2.643: [GC2.643: [DefNew: 419K->34K(448K), 0.0001950 secs] 1954K->1574K(1048512K), 0.0002540 secs] [Times: user=0.00 sys=0.00, real=0.00 secs] 
2.652: [GC2.652: [DefNew: 418K->34K(448K), 0.0001850 secs] 1958K->1578K(1048512K), 0.0002270 secs] [Times: user=0.00 sys=0.00, real=0.01 secs] 
2.662: [GC2.662: [DefNew: 418K->34K(448K), 0.0001650 secs] 1962K->1583K(1048512K), 0.0002030 secs] [Times: user=0.00 sys=0.00, real=0.00 secs] 
2.671: [GC2.671: [DefNew: 418K->34K(448K), 0.0001680 secs] 1967K->1587K(1048512K), 0.0002050 secs] [Times: user=0.00 sys=0.00, real=0.00 secs] 
2.680: [GC2.680: [DefNew: 418K->34K(448K), 0.0001640 secs] 1971K->1591K(1048512K), 0.0002020 secs] [Times: user=0.00 sys=0.00, real=0.00 secs] 
2.689: [GC2.689: [DefNew: 418K->33K(448K), 0.0001630 secs] 1975K->1595K(1048512K), 0.0002000 secs] [Times: user=0.00 sys=0.00, real=0.00 secs] 
2.699: [GC2.699: [DefNew: 417K->34K(448K), 0.0001720 secs] 1979K->1600K(1048512K), 0.0002210 secs] [Times: user=0.00 sys=0.00, real=0.00 secs] 
2.708: [GC2.708: [DefNew: 418K->34K(448K), 0.0001740 secs] 1984K->1604K(1048512K), 0.0002170 secs] [Times: user=0.00 sys=0.00, real=0.00 secs] 
2.717: [GC2.717: [DefNew: 418K->34K(448K), 0.0001700 secs] 1988K->1608K(1048512K), 0.0002140 secs] [Times: user=0.00 sys=0.00, real=0.00 secs] 
2.727: [GC2.727: [DefNew: 418K->34K(448K), 0.0001770 secs] 1992K->1613K(1048512K), 0.0002160 secs] [Times: user=0.00 sys=0.00, real=0.00 secs] 
2.735: [GC2.735: [DefNew: 418K->34K(448K), 0.0002180 secs] 1997K->1616K(1048512K), 0.0003020 secs] [Times: user=0.00 sys=0.00, real=0.00 secs] 
2.743: [GC2.743: [DefNew: 418K->34K(448K), 0.0002060 secs] 2000K->1620K(1048512K), 0.0002640 secs] [Times: user=0.00 sys=0.00, real=0.00 secs] 
2.753: [GC2.753: [DefNew: 418K->34K(448K), 0.0001440 secs] 2004K->1625K(1048512K), 0.0001810 secs] [Times: user=0.00 sys=0.00, real=0.01 secs] 
2.762: [GC2.762: [DefNew: 418K->34K(448K), 0.0001770 secs] 2009K->1629K(1048512K), 0.0002180 secs] [Times: user=0.00 sys=0.00, real=0.00 secs] 
2.771: [GC2.771: [DefNew: 418K->33K(448K), 0.0002270 secs] 2013K->1633K(1048512K), 0.0002860 secs] [Times: user=0.00 sys=0.00, real=0.00 secs] 
2.781: [GC2.781: [DefNew: 417K->33K(448K), 0.0001710 secs] 2017K->1637K(1048512K), 0.0002150 secs] [Times: user=0.00 sys=0.00, real=0.00 secs] 
2.790: [GC2.790: [DefNew: 417K->33K(448K), 0.0001390 secs] 2021K->1641K(1048512K), 0.0001760 secs] [Times: user=0.00 sys=0.00, real=0.00 secs] 
2.799: [GC2.799: [DefNew: 417K->33K(448K), 0.0001840 secs] 2025K->1645K(1048512K), 0.0002290 secs] [Times: user=0.01 sys=0.00, real=0.00 secs] 
2.808: [GC2.808: [DefNew: 417K->33K(448K), 0.0001820 secs] 2029K->1649K(1048512K), 0.0002490 secs] [Times: user=0.00 sys=0.00, real=0.00 secs] 
2.818: [GC2.818: [DefNew: 417K->33K(448K), 0.0001360 secs] 2033K->1654K(1048512K), 0.0001740 secs] [Times: user=0.00 sys=0.00, real=0.00 secs] 
2.827: [GC2.827: [DefNew: 417K->33K(448K), 0.0001650 secs] 2038K->1658K(1048512K), 0.0002130 secs] [Times: user=0.00 sys=0.00, real=0.00 secs] 
2.836: [GC2.836: [DefNew: 417K->33K(448K), 0.0001390 secs] 2042K->1662K(1048512K), 0.0001740 secs] [Times: user=0.00 sys=0.00, real=0.00 secs] 
2.845: [GC2.845: [DefNew: 417K->33K(448K), 0.0001750 secs] 2046K->1666K(1048512K), 0.0002140 secs] [Times: user=0.00 sys=0.00, real=0.00 secs] 
2.854: [GC2.854: [DefNew: 417K->34K(448K), 0.0001790 secs] 2050K->1671K(1048512K), 0.0002150 secs] [Times: user=0.00 sys=0.00, real=0.00 secs] 
2.864: [GC2.864: [DefNew: 418K->35K(448K), 0.0001650 secs] 2055K->1676K(1048512K), 0.0002010 secs] [Times: user=0.00 sys=0.00, real=0.00 secs] 
2.873: [GC2.873: [DefNew: 419K->36K(448K), 0.0001720 secs] 2060K->1681K(1048512K), 0.0002110 secs] [Times: user=0.00 sys=0.00, real=0.00 secs] 
2.882: [GC2.882: [DefNew: 420K->35K(448K), 0.0001750 secs] 2065K->1685K(1048512K), 0.0002150 secs] [Times: user=0.00 sys=0.00, real=0.00 secs] 
2.892: [GC2.892: [DefNew: 419K->36K(448K), 0.0001760 secs] 2069K->1690K(1048512K), 0.0002200 secs] [Times: user=0.00 sys=0.00, real=0.00 secs] 
2.901: [GC2.901: [DefNew: 420K->35K(448K), 0.0001620 secs] 2074K->1694K(1048512K), 0.0002000 secs] [Times: user=0.00 sys=0.00, real=0.00 secs] 
2.909: [GC2.909: [DefNew: 419K->35K(448K), 0.0001670 secs] 2078K->1697K(1048512K), 0.0002190 secs] [Times: user=0.00 sys=0.00, real=0.00 secs] 
2.918: [GC2.918: [DefNew: 419K->35K(448K), 0.0001560 secs] 2081K->1701K(1048512K), 0.0001900 secs] [Times: user=0.00 sys=0.00, real=0.00 secs] 
2.928: [GC2.928: [DefNew: 419K->34K(448K), 0.0001590 secs] 2085K->1705K(1048512K), 0.0001940 secs] [Times: user=0.00 sys=0.00, real=0.00 secs] 
2.937: [GC2.937: [DefNew: 418K->33K(448K), 0.0001630 secs] 2089K->1709K(1048512K), 0.0001980 secs] [Times: user=0.00 sys=0.00, real=0.00 secs] 
2.946: [GC2.946: [DefNew: 417K->33K(448K), 0.0001560 secs] 2093K->1714K(1048512K), 0.0001890 secs] [Times: user=0.00 sys=0.00, real=0.00 secs] 
2.955: [GC2.955: [DefNew: 417K->32K(448K), 0.0001630 secs] 2098K->1718K(1048512K), 0.0002020 secs] [Times: user=0.00 sys=0.00, real=0.00 secs] 
2.965: [GC2.965: [DefNew: 416K->33K(448K), 0.0001650 secs] 2102K->1722K(1048512K), 0.0002250 secs] [Times: user=0.00 sys=0.00, real=0.00 secs] 
2.974: [GC2.974: [DefNew: 417K->33K(448K), 0.0001860 secs] 2106K->1726K(1048512K), 0.0002260 secs] [Times: user=0.00 sys=0.00, real=0.00 secs] 
2.983: [GC2.983: [DefNew: 417K->33K(448K), 0.0001740 secs] 2110K->1730K(1048512K), 0.0002170 secs] [Times: user=0.00 sys=0.00, real=0.00 secs] 
2.992: [GC2.992: [DefNew: 417K->34K(448K), 0.0001640 secs] 2114K->1735K(1048512K), 0.0002150 secs] [Times: user=0.00 sys=0.00, real=0.01 secs] 
3.001: [GC3.001: [DefNew: 418K->34K(448K), 0.0001640 secs] 2119K->1739K(1048512K), 0.0002020 secs] [Times: user=0.00 sys=0.00, real=0.00 secs] 
3.011: [GC3.011: [DefNew: 418K->35K(448K), 0.0001650 secs] 2123K->1744K(1048512K), 0.0002000 secs] [Times: user=0.00 sys=0.00, real=0.00 secs] 
3.020: [GC3.020: [DefNew: 419K->34K(448K), 0.0001860 secs] 2128K->1748K(1048512K), 0.0002440 secs] [Times: user=0.00 sys=0.00, real=0.00 secs] 
3.029: [GC3.030: [DefNew: 418K->34K(448K), 0.0001580 secs] 2132K->1752K(1048512K), 0.0002060 secs] [Times: user=0.00 sys=0.00, real=0.00 secs] 
3.039: [GC3.039: [DefNew: 418K->35K(448K), 0.0001420 secs] 2136K->1757K(1048512K), 0.0001770 secs] [Times: user=0.00 sys=0.00, real=0.00 secs] 
3.048: [GC3.048: [DefNew: 419K->35K(448K), 0.0001700 secs] 2141K->1761K(1048512K), 0.0002100 secs] [Times: user=0.00 sys=0.00, real=0.00 secs] 
3.057: [GC3.057: [DefNew: 419K->34K(448K), 0.0001680 secs] 2145K->1765K(1048512K), 0.0002070 secs] [Times: user=0.00 sys=0.00, real=0.00 secs] 
3.067: [GC3.067: [DefNew: 418K->34K(448K), 0.0001600 secs] 2149K->1770K(1048512K), 0.0002110 secs] [Times: user=0.00 sys=0.00, real=0.00 secs] 
3.076: [GC3.076: [DefNew: 418K->34K(448K), 0.0001550 secs] 2154K->1774K(1048512K), 0.0001950 secs] [Times: user=0.00 sys=0.00, real=0.00 secs] 
3.084: [GC3.084: [DefNew: 418K->33K(448K), 0.0001720 secs] 2158K->1777K(1048512K), 0.0002110 secs] [Times: user=0.00 sys=0.00, real=0.00 secs] 
3.093: [GC3.093: [DefNew: 417K->33K(448K), 0.0001790 secs] 2161K->1781K(1048512K), 0.0002320 secs] [Times: user=0.00 sys=0.00, real=0.00 secs] 
3.102: [GC3.102: [DefNew: 417K->33K(448K), 0.0001710 secs] 2165K->1786K(1048512K), 0.0002060 secs] [Times: user=0.00 sys=0.00, real=0.00 secs] 
3.111: [GC3.111: [DefNew: 417K->33K(448K), 0.0001660 secs] 2170K->1790K(1048512K), 0.0002030 secs] [Times: user=0.00 sys=0.00, real=0.00 secs] 
3.121: [GC3.121: [DefNew: 417K->34K(448K), 0.0001440 secs] 2174K->1795K(1048512K), 0.0001790 secs] [Times: user=0.00 sys=0.00, real=0.00 secs] 
3.130: [GC3.130: [DefNew: 418K->33K(448K), 0.0001600 secs] 2179K->1799K(1048512K), 0.0001980 secs] [Times: user=0.00 sys=0.00, real=0.00 secs] 
3.139: [GC3.139: [DefNew: 417K->34K(448K), 0.0002040 secs] 2183K->1803K(1048512K), 0.0002800 secs] [Times: user=0.00 sys=0.00, real=0.00 secs] 
3.149: [GC3.149: [DefNew: 418K->34K(448K), 0.0001450 secs] 2187K->1808K(1048512K), 0.0001810 secs] [Times: user=0.00 sys=0.00, real=0.00 secs] 
3.158: [GC3.158: [DefNew: 418K->35K(448K), 0.0001820 secs] 2192K->1812K(1048512K), 0.0002300 secs] [Times: user=0.00 sys=0.00, real=0.00 secs] 
3.168: [GC3.168: [DefNew: 419K->35K(448K), 0.0001890 secs] 2196K->1816K(1048512K), 0.0002440 secs] [Times: user=0.00 sys=0.00, real=0.00 secs] 
3.177: [GC3.177: [DefNew: 419K->35K(448K), 0.0001880 secs] 2200K->1820K(1048512K), 0.0002350 secs] [Times: user=0.00 sys=0.00, real=0.00 secs] 
3.186: [GC3.186: [DefNew: 419K->34K(448K), 0.0001870 secs] 2204K->1824K(1048512K), 0.0002700 secs] [Times: user=0.00 sys=0.00, real=0.00 secs] 
3.195: [GC3.195: [DefNew: 418K->34K(448K), 0.0001960 secs] 2208K->1828K(1048512K), 0.0002480 secs] [Times: user=0.00 sys=0.00, real=0.00 secs] 
3.205: [GC3.205: [DefNew: 418K->34K(448K), 0.0001780 secs] 2212K->1832K(1048512K), 0.0002200 secs] [Times: user=0.00 sys=0.00, real=0.00 secs] 
3.214: [GC3.214: [DefNew: 418K->33K(448K), 0.0001780 secs] 2216K->1836K(1048512K), 0.0002230 secs] [Times: user=0.00 sys=0.00, real=0.00 secs] 
3.223: [GC3.223: [DefNew: 417K->33K(448K), 0.0002320 secs] 2220K->1841K(1048512K), 0.0002960 secs] [Times: user=0.00 sys=0.00, real=0.00 secs] 
3.232: [GC3.233: [DefNew: 417K->33K(448K), 0.0001480 secs] 2225K->1846K(1048512K), 0.0002040 secs] [Times: user=0.00 sys=0.00, real=0.01 secs] 
3.242: [GC3.242: [DefNew: 417K->34K(448K), 0.0001800 secs] 2230K->1850K(1048512K), 0.0002380 secs] [Times: user=0.00 sys=0.00, real=0.00 secs] 
3.250: [GC3.250: [DefNew: 418K->33K(448K), 0.0001530 secs] 2234K->1854K(1048512K), 0.0002000 secs] [Times: user=0.00 sys=0.00, real=0.00 secs] 
3.259: [GC3.259: [DefNew: 417K->33K(448K), 0.0001450 secs] 2238K->1858K(1048512K), 0.0001820 secs] [Times: user=0.00 sys=0.00, real=0.00 secs] 
3.268: [GC3.268: [DefNew: 417K->33K(448K), 0.0002220 secs] 2242K->1862K(1048512K), 0.0002880 secs] [Times: user=0.00 sys=0.00, real=0.00 secs] 
3.278: [GC3.278: [DefNew: 417K->33K(448K), 0.0001700 secs] 2246K->1866K(1048512K), 0.0002180 secs] [Times: user=0.00 sys=0.00, real=0.00 secs] 
3.287: [GC3.287: [DefNew: 417K->34K(448K), 0.0001470 secs] 2250K->1870K(1048512K), 0.0001860 secs] [Times: user=0.00 sys=0.00, real=0.00 secs] 
3.296: [GC3.296: [DefNew: 418K->33K(448K), 0.0001840 secs] 2254K->1874K(1048512K), 0.0002340 secs] [Times: user=0.00 sys=0.00, real=0.00 secs] 
3.305: [GC3.305: [DefNew: 417K->32K(448K), 0.0001750 secs] 2258K->1878K(1048512K), 0.0002190 secs] [Times: user=0.00 sys=0.00, real=0.00 secs] 
3.314: [GC3.314: [DefNew: 416K->32K(448K), 0.0001760 secs] 2262K->1882K(1048512K), 0.0002260 secs] [Times: user=0.00 sys=0.00, real=0.00 secs] 
3.323: [GC3.323: [DefNew: 416K->33K(448K), 0.0001830 secs] 2266K->1887K(1048512K), 0.0002300 secs] [Times: user=0.00 sys=0.00, real=0.00 secs] 
3.333: [GC3.333: [DefNew: 417K->34K(448K), 0.0002000 secs] 2271K->1891K(1048512K), 0.0002630 secs] [Times: user=0.00 sys=0.00, real=0.01 secs] 
3.342: [GC3.342: [DefNew: 418K->34K(448K), 0.0001850 secs] 2275K->1896K(1048512K), 0.0002340 secs] [Times: user=0.00 sys=0.00, real=0.00 secs] 
3.351: [GC3.351: [DefNew: 418K->34K(448K), 0.0001980 secs] 2280K->1900K(1048512K), 0.0002580 secs] [Times: user=0.00 sys=0.00, real=0.00 secs] 
3.361: [GC3.361: [DefNew: 418K->34K(448K), 0.0001990 secs] 2284K->1904K(1048512K), 0.0002600 secs] [Times: user=0.00 sys=0.00, real=0.00 secs] 
3.370: [GC3.370: [DefNew: 418K->34K(448K), 0.0001860 secs] 2288K->1908K(1048512K), 0.0002350 secs] [Times: user=0.00 sys=0.00, real=0.00 secs] 
3.379: [GC3.379: [DefNew: 418K->35K(448K), 0.0001920 secs] 2292K->1913K(1048512K), 0.0002410 secs] [Times: user=0.00 sys=0.00, real=0.00 secs] 
3.389: [GC3.389: [DefNew: 419K->35K(448K), 0.0001670 secs] 2297K->1917K(1048512K), 0.0002130 secs] [Times: user=0.00 sys=0.00, real=0.00 secs] 
3.398: [GC3.398: [DefNew: 419K->34K(448K), 0.0002010 secs] 2301K->1921K(1048512K), 0.0002580 secs] [Times: user=0.00 sys=0.00, real=0.00 secs] 
3.408: [GC3.408: [DefNew: 418K->34K(448K), 0.0001910 secs] 2305K->1925K(1048512K), 0.0002410 secs] [Times: user=0.00 sys=0.00, real=0.00 secs] 
3.417: [GC3.417: [DefNew: 418K->34K(448K), 0.0001970 secs] 2309K->1930K(1048512K), 0.0002580 secs] [Times: user=0.00 sys=0.00, real=0.00 secs] 
3.425: [GC3.425: [DefNew: 418K->33K(448K), 0.0001970 secs] 2314K->1933K(1048512K), 0.0002550 secs] [Times: user=0.01 sys=0.00, real=0.00 secs] 
3.434: [GC3.434: [DefNew: 417K->33K(448K), 0.0001510 secs] 2317K->1937K(1048512K), 0.0001950 secs] [Times: user=0.00 sys=0.00, real=0.00 secs] 
3.443: [GC3.443: [DefNew: 417K->33K(448K), 0.0001800 secs] 2321K->1941K(1048512K), 0.0002450 secs] [Times: user=0.00 sys=0.00, real=0.00 secs] 
3.452: [GC3.452: [DefNew: 417K->33K(448K), 0.0001460 secs] 2325K->1946K(1048512K), 0.0001880 secs] [Times: user=0.00 sys=0.00, real=0.01 secs] 
3.462: [GC3.462: [DefNew: 417K->33K(448K), 0.0002050 secs] 2330K->1950K(1048512K), 0.0002530 secs] [Times: user=0.00 sys=0.00, real=0.00 secs] 
3.471: [GC3.471: [DefNew: 417K->33K(448K), 0.0001730 secs] 2334K->1954K(1048512K), 0.0002240 secs] [Times: user=0.00 sys=0.00, real=0.00 secs] 
3.480: [GC3.480: [DefNew: 417K->33K(448K), 0.0002030 secs] 2338K->1958K(1048512K), 0.0002580 secs] [Times: user=0.00 sys=0.00, real=0.00 secs] 
3.490: [GC3.490: [DefNew: 417K->33K(448K), 0.0001620 secs] 2342K->1963K(1048512K), 0.0002030 secs] [Times: user=0.00 sys=0.00, real=0.00 secs] 
3.499: [GC3.499: [DefNew: 417K->34K(448K), 0.0002140 secs] 2347K->1967K(1048512K), 0.0002680 secs] [Times: user=0.00 sys=0.01, real=0.00 secs] 
3.509: [GC3.509: [DefNew: 418K->34K(448K), 0.0001800 secs] 2351K->1971K(1048512K), 0.0002200 secs] [Times: user=0.00 sys=0.00, real=0.00 secs] 
3.518: [GC3.518: [DefNew: 418K->34K(448K), 0.0002140 secs] 2355K->1976K(1048512K), 0.0002800 secs] [Times: user=0.00 sys=0.00, real=0.00 secs] 
3.527: [GC3.527: [DefNew: 418K->34K(448K), 0.0001890 secs] 2360K->1980K(1048512K), 0.0002500 secs] [Times: user=0.00 sys=0.00, real=0.00 secs] 
3.536: [GC3.536: [DefNew: 418K->34K(448K), 0.0001790 secs] 2364K->1984K(1048512K), 0.0002350 secs] [Times: user=0.00 sys=0.00, real=0.00 secs] 
3.545: [GC3.545: [DefNew: 418K->34K(448K), 0.0002200 secs] 2368K->1988K(1048512K), 0.0002950 secs] [Times: user=0.00 sys=0.00, real=0.00 secs] 
3.554: [GC3.554: [DefNew: 418K->34K(448K), 0.0001610 secs] 2372K->1993K(1048512K), 0.0002070 secs] [Times: user=0.00 sys=0.00, real=0.00 secs] 
3.564: [GC3.564: [DefNew: 418K->34K(448K), 0.0002090 secs] 2377K->1997K(1048512K), 0.0002630 secs] [Times: user=0.00 sys=0.00, real=0.00 secs] 
3.573: [GC3.573: [DefNew: 418K->34K(448K), 0.0001780 secs] 2381K->2001K(1048512K), 0.0002180 secs] [Times: user=0.00 sys=0.00, real=0.00 secs] 
3.582: [GC3.582: [DefNew: 418K->34K(448K), 0.0001730 secs] 2385K->2005K(1048512K), 0.0002110 secs] [Times: user=0.00 sys=0.00, real=0.00 secs] 
3.591: [GC3.591: [DefNew: 418K->33K(448K), 0.0001520 secs] 2389K->2009K(1048512K), 0.0001880 secs] [Times: user=0.00 sys=0.00, real=0.00 secs] 
3.599: [GC3.599: [DefNew: 417K->33K(448K), 0.0001860 secs] 2393K->2013K(1048512K), 0.0002360 secs] [Times: user=0.00 sys=0.00, real=0.00 secs] 
3.608: [GC3.608: [DefNew: 417K->34K(448K), 0.0001860 secs] 2397K->2018K(1048512K), 0.0002360 secs] [Times: user=0.00 sys=0.00, real=0.00 secs] 
3.618: [GC3.618: [DefNew: 418K->34K(448K), 0.0001860 secs] 2402K->2022K(1048512K), 0.0002340 secs] [Times: user=0.00 sys=0.00, real=0.00 secs] 
3.627: [GC3.627: [DefNew: 418K->33K(448K), 0.0004900 secs] 2406K->2026K(1048512K), 0.0006190 secs] [Times: user=0.01 sys=0.00, real=0.00 secs] 
3.637: [GC3.637: [DefNew: 417K->34K(448K), 0.0001720 secs] 2410K->2031K(1048512K), 0.0002230 secs] [Times: user=0.00 sys=0.00, real=0.00 secs] 
3.646: [GC3.647: [DefNew: 418K->34K(448K), 0.0001520 secs] 2415K->2035K(1048512K), 0.0002010 secs] [Times: user=0.00 sys=0.00, real=0.00 secs] 
3.656: [GC3.656: [DefNew: 418K->34K(448K), 0.0001470 secs] 2419K->2039K(1048512K), 0.0001850 secs] [Times: user=0.00 sys=0.00, real=0.00 secs] 
3.664: [GC3.665: [DefNew: 418K->34K(448K), 0.0001600 secs] 2423K->2043K(1048512K), 0.0002020 secs] [Times: user=0.00 sys=0.00, real=0.00 secs] 
3.674: [GC3.674: [DefNew: 418K->35K(448K), 0.0001570 secs] 2427K->2048K(1048512K), 0.0002020 secs] [Times: user=0.00 sys=0.00, real=0.00 secs] 
3.683: [GC3.683: [DefNew: 419K->34K(448K), 0.0001700 secs] 2432K->2052K(1048512K), 0.0002070 secs] [Times: user=0.00 sys=0.00, real=0.00 secs] 
3.693: [GC3.693: [DefNew: 418K->34K(448K), 0.0001790 secs] 2436K->2056K(1048512K), 0.0002250 secs] [Times: user=0.00 sys=0.00, real=0.01 secs] 
3.702: [GC3.702: [DefNew: 418K->34K(448K), 0.0001680 secs] 2440K->2061K(1048512K), 0.0002100 secs] [Times: user=0.00 sys=0.00, real=0.00 secs] 
3.711: [GC3.711: [DefNew: 418K->35K(448K), 0.0001760 secs] 2445K->2066K(1048512K), 0.0002200 secs] [Times: user=0.00 sys=0.00, real=0.00 secs] 
3.720: [GC3.720: [DefNew: 419K->34K(448K), 0.0001530 secs] 2450K->2070K(1048512K), 0.0001970 secs] [Times: user=0.00 sys=0.00, real=0.00 secs] 
3.729: [GC3.729: [DefNew: 418K->34K(448K), 0.0001590 secs] 2454K->2074K(1048512K), 0.0001950 secs] [Times: user=0.00 sys=0.00, real=0.00 secs] 
3.738: [GC3.738: [DefNew: 418K->35K(448K), 0.0001640 secs] 2458K->2079K(1048512K), 0.0002010 secs] [Times: user=0.00 sys=0.00, real=0.00 secs] 
3.748: [GC3.748: [DefNew: 419K->35K(448K), 0.0001610 secs] 2463K->2083K(1048512K), 0.0002180 secs] [Times: user=0.00 sys=0.00, real=0.00 secs] 
3.757: [GC3.757: [DefNew: 419K->35K(448K), 0.0001460 secs] 2467K->2087K(1048512K), 0.0001930 secs] [Times: user=0.00 sys=0.00, real=0.00 secs] 
3.765: [GC3.765: [DefNew: 419K->34K(448K), 0.0003930 secs] 2471K->2091K(1048512K), 0.0004800 secs] [Times: user=0.00 sys=0.00, real=0.00 secs] 
3.775: [GC3.775: [DefNew: 418K->34K(448K), 0.0001580 secs] 2475K->2095K(1048512K), 0.0002040 secs] [Times: user=0.00 sys=0.00, real=0.00 secs] 
3.784: [GC3.784: [DefNew: 418K->34K(448K), 0.0001420 secs] 2479K->2099K(1048512K), 0.0001800 secs] [Times: user=0.00 sys=0.00, real=0.00 secs] 
3.794: [GC3.794: [DefNew: 418K->34K(448K), 0.0001810 secs] 2483K->2104K(1048512K), 0.0002220 secs] [Times: user=0.00 sys=0.00, real=0.00 secs] 
3.803: [GC3.803: [DefNew: 418K->34K(448K), 0.0001790 secs] 2488K->2108K(1048512K), 0.0002250 secs] [Times: user=0.00 sys=0.00, real=0.00 secs] 
3.812: [GC3.812: [DefNew: 418K->33K(448K), 0.0001680 secs] 2492K->2112K(1048512K), 0.0002070 secs] [Times: user=0.00 sys=0.00, real=0.01 secs] 
3.822: [GC3.822: [DefNew: 417K->33K(448K), 0.0001700 secs] 2496K->2116K(1048512K), 0.0002090 secs] [Times: user=0.00 sys=0.00, real=0.00 secs] 
3.831: [GC3.831: [DefNew: 417K->33K(448K), 0.0001660 secs] 2500K->2120K(1048512K), 0.0002040 secs] [Times: user=0.00 sys=0.00, real=0.00 secs] 
3.840: [GC3.840: [DefNew: 417K->33K(448K), 0.0003190 secs] 2504K->2124K(1048512K), 0.0003820 secs] [Times: user=0.00 sys=0.00, real=0.00 secs] 
3.850: [GC3.850: [DefNew: 417K->34K(448K), 0.0001440 secs] 2508K->2129K(1048512K), 0.0001790 secs] [Times: user=0.00 sys=0.00, real=0.00 secs] 
3.859: [GC3.859: [DefNew: 418K->33K(448K), 0.0001550 secs] 2513K->2133K(1048512K), 0.0001990 secs] [Times: user=0.00 sys=0.00, real=0.00 secs] 
3.867: [GC3.867: [DefNew: 417K->63K(448K), 0.0004080 secs] 2517K->2168K(1048512K), 0.0004460 secs] [Times: user=0.00 sys=0.00, real=0.00 secs] 
3.877: [GC3.877: [DefNew: 447K->4K(448K), 0.0002220 secs] 2552K->2173K(1048512K), 0.0002610 secs] [Times: user=0.00 sys=0.00, real=0.00 secs] 
3.886: [GC3.886: [DefNew: 388K->8K(448K), 0.0001610 secs] 2557K->2177K(1048512K), 0.0002090 secs] [Times: user=0.00 sys=0.00, real=0.00 secs] 
3.896: [GC3.896: [DefNew: 392K->13K(448K), 0.0001560 secs] 2561K->2182K(1048512K), 0.0001940 secs] [Times: user=0.00 sys=0.00, real=0.00 secs] 
3.905: [GC3.905: [DefNew: 397K->17K(448K), 0.0001470 secs] 2566K->2186K(1048512K), 0.0001840 secs] [Times: user=0.00 sys=0.00, real=0.00 secs] 
3.915: [GC3.915: [DefNew: 401K->21K(448K), 0.0001480 secs] 2570K->2190K(1048512K), 0.0001840 secs] [Times: user=0.00 sys=0.00, real=0.00 secs] 
3.924: [GC3.924: [DefNew: 405K->26K(448K), 0.0001550 secs] 2574K->2195K(1048512K), 0.0001920 secs] [Times: user=0.00 sys=0.00, real=0.00 secs] 
3.933: [GC3.933: [DefNew: 409K->30K(448K), 0.0001500 secs] 2578K->2199K(1048512K), 0.0001860 secs] [Times: user=0.00 sys=0.00, real=0.00 secs] 
3.943: [GC3.943: [DefNew: 414K->34K(448K), 0.0001540 secs] 2583K->2203K(1048512K), 0.0001880 secs] [Times: user=0.00 sys=0.00, real=0.00 secs] 
3.952: [GC3.952: [DefNew: 418K->34K(448K), 0.0001630 secs] 2587K->2207K(1048512K), 0.0002000 secs] [Times: user=0.00 sys=0.00, real=0.00 secs] 
3.961: [GC3.961: [DefNew: 418K->34K(448K), 0.0001730 secs] 2591K->2212K(1048512K), 0.0002150 secs] [Times: user=0.00 sys=0.00, real=0.00 secs] 
3.970: [GC3.970: [DefNew: 418K->34K(448K), 0.0001760 secs] 2595K->2216K(1048512K), 0.0002140 secs] [Times: user=0.00 sys=0.00, real=0.00 secs] 
3.980: [GC3.980: [DefNew: 418K->34K(448K), 0.0001690 secs] 2600K->2220K(1048512K), 0.0002100 secs] [Times: user=0.00 sys=0.00, real=0.00 secs] 
3.988: [GC3.988: [DefNew: 418K->34K(448K), 0.0001620 secs] 2604K->2224K(1048512K), 0.0002000 secs] [Times: user=0.00 sys=0.00, real=0.00 secs] 
3.998: [GC3.998: [DefNew: 418K->34K(448K), 0.0001480 secs] 2608K->2228K(1048512K), 0.0001950 secs] [Times: user=0.00 sys=0.00, real=0.00 secs] 
4.007: [GC4.007: [DefNew: 417K->34K(448K), 0.0001450 secs] 2612K->2232K(1048512K), 0.0001810 secs] [Times: user=0.00 sys=0.00, real=0.00 secs] 
4.016: [GC4.016: [DefNew: 418K->33K(448K), 0.0001540 secs] 2616K->2236K(1048512K), 0.0001880 secs] [Times: user=0.00 sys=0.00, real=0.00 secs] 
4.026: [GC4.026: [DefNew: 417K->34K(448K), 0.0001420 secs] 2620K->2241K(1048512K), 0.0001890 secs] [Times: user=0.00 sys=0.00, real=0.00 secs] 
4.035: [GC4.035: [DefNew: 418K->34K(448K), 0.0001610 secs] 2625K->2245K(1048512K), 0.0001970 secs] [Times: user=0.00 sys=0.00, real=0.00 secs] 
4.044: [GC4.044: [DefNew: 418K->34K(448K), 0.0006610 secs] 2629K->2249K(1048512K), 0.0008130 secs] [Times: user=0.00 sys=0.01, real=0.00 secs] 
4.054: [GC4.054: [DefNew: 418K->34K(448K), 0.0003350 secs] 2633K->2254K(1048512K), 0.0003950 secs] [Times: user=0.00 sys=0.00, real=0.00 secs] 
4.063: [GC4.063: [DefNew: 418K->34K(448K), 0.0001490 secs] 2638K->2258K(1048512K), 0.0001920 secs] [Times: user=0.00 sys=0.00, real=0.00 secs] 
4.072: [GC4.072: [DefNew: 418K->34K(448K), 0.0001450 secs] 2642K->2262K(1048512K), 0.0001810 secs] [Times: user=0.00 sys=0.00, real=0.01 secs] 
4.082: [GC4.082: [DefNew: 417K->34K(448K), 0.0001660 secs] 2646K->2267K(1048512K), 0.0002030 secs] [Times: user=0.00 sys=0.00, real=0.00 secs] 
4.091: [GC4.091: [DefNew: 418K->34K(448K), 0.0001670 secs] 2651K->2271K(1048512K), 0.0002070 secs] [Times: user=0.00 sys=0.00, real=0.00 secs] 
4.100: [GC4.100: [DefNew: 418K->33K(448K), 0.0001600 secs] 2655K->2275K(1048512K), 0.0001960 secs] [Times: user=0.00 sys=0.00, real=0.00 secs] 
4.110: [GC4.110: [DefNew: 417K->34K(448K), 0.0001630 secs] 2659K->2279K(1048512K), 0.0001980 secs] [Times: user=0.00 sys=0.00, real=0.00 secs] 
4.119: [GC4.119: [DefNew: 417K->33K(448K), 0.0001610 secs] 2663K->2283K(1048512K), 0.0001980 secs] [Times: user=0.00 sys=0.00, real=0.00 secs] 
4.127: [GC4.127: [DefNew: 417K->33K(448K), 0.0001760 secs] 2667K->2287K(1048512K), 0.0002270 secs] [Times: user=0.00 sys=0.00, real=0.00 secs] 
4.136: [GC4.136: [DefNew: 417K->33K(448K), 0.0001860 secs] 2671K->2291K(1048512K), 0.0002370 secs] [Times: user=0.00 sys=0.00, real=0.00 secs] 
4.146: [GC4.146: [DefNew: 417K->33K(448K), 0.0002680 secs] 2675K->2296K(1048512K), 0.0003110 secs] [Times: user=0.00 sys=0.00, real=0.00 secs] 
4.155: [GC4.155: [DefNew: 417K->34K(448K), 0.0001730 secs] 2679K->2300K(1048512K), 0.0002140 secs] [Times: user=0.00 sys=0.00, real=0.00 secs] 
4.164: [GC4.164: [DefNew: 418K->34K(448K), 0.0001550 secs] 2684K->2304K(1048512K), 0.0001940 secs] [Times: user=0.00 sys=0.00, real=0.00 secs] 
4.173: [GC4.173: [DefNew: 418K->34K(448K), 0.0001730 secs] 2688K->2309K(1048512K), 0.0002110 secs] [Times: user=0.00 sys=0.00, real=0.00 secs] 
4.182: [GC4.182: [DefNew: 418K->34K(448K), 0.0001610 secs] 2693K->2313K(1048512K), 0.0001980 secs] [Times: user=0.00 sys=0.00, real=0.01 secs] 
4.192: [GC4.192: [DefNew: 417K->34K(448K), 0.0001460 secs] 2697K->2318K(1048512K), 0.0001790 secs] [Times: user=0.00 sys=0.00, real=0.00 secs] 
4.201: [GC4.201: [DefNew: 418K->35K(448K), 0.0001570 secs] 2702K->2322K(1048512K), 0.0001930 secs] [Times: user=0.00 sys=0.00, real=0.00 secs] 
4.210: [GC4.210: [DefNew: 419K->34K(448K), 0.0001620 secs] 2706K->2326K(1048512K), 0.0002120 secs] [Times: user=0.00 sys=0.00, real=0.00 secs] 
4.220: [GC4.220: [DefNew: 418K->34K(448K), 0.0001830 secs] 2710K->2330K(1048512K), 0.0002240 secs] [Times: user=0.00 sys=0.00, real=0.00 secs] 
4.229: [GC4.229: [DefNew: 418K->34K(448K), 0.0001670 secs] 2714K->2334K(1048512K), 0.0002070 secs] [Times: user=0.00 sys=0.00, real=0.00 secs] 
4.239: [GC4.239: [DefNew: 418K->34K(448K), 0.0001710 secs] 2718K->2338K(1048512K), 0.0002120 secs] [Times: user=0.01 sys=0.00, real=0.00 secs] 
4.248: [GC4.248: [DefNew: 418K->34K(448K), 0.0001720 secs] 2722K->2343K(1048512K), 0.0002200 secs] [Times: user=0.00 sys=0.00, real=0.00 secs] 
4.257: [GC4.257: [DefNew: 418K->33K(448K), 0.0002530 secs] 2727K->2347K(1048512K), 0.0003130 secs] [Times: user=0.00 sys=0.00, real=0.00 secs] 
4.266: [GC4.266: [DefNew: 417K->33K(448K), 0.0001890 secs] 2730K->2351K(1048512K), 0.0002650 secs] [Times: user=0.00 sys=0.00, real=0.00 secs] 
4.275: [GC4.275: [DefNew: 417K->33K(448K), 0.0004640 secs] 2735K->2355K(1048512K), 0.0005860 secs] [Times: user=0.00 sys=0.00, real=0.00 secs] 
4.285: [GC4.285: [DefNew: 417K->33K(448K), 0.0001310 secs] 2739K->2359K(1048512K), 0.0001730 secs] [Times: user=0.00 sys=0.00, real=0.00 secs] 
4.294: [GC4.294: [DefNew: 417K->33K(448K), 0.0001460 secs] 2743K->2363K(1048512K), 0.0001860 secs] [Times: user=0.00 sys=0.00, real=0.00 secs] 
4.303: [GC4.303: [DefNew: 417K->33K(448K), 0.0001740 secs] 2747K->2367K(1048512K), 0.0002140 secs] [Times: user=0.00 sys=0.00, real=0.00 secs] 
4.312: [GC4.312: [DefNew: 417K->33K(448K), 0.0001650 secs] 2751K->2371K(1048512K), 0.0002180 secs] [Times: user=0.00 sys=0.00, real=0.00 secs] 
4.322: [GC4.322: [DefNew: 417K->33K(448K), 0.0001600 secs] 2755K->2375K(1048512K), 0.0001970 secs] [Times: user=0.00 sys=0.00, real=0.00 secs] 
4.331: [GC4.331: [DefNew: 417K->33K(448K), 0.0001840 secs] 2759K->2379K(1048512K), 0.0002250 secs] [Times: user=0.00 sys=0.00, real=0.00 secs] 
4.340: [GC4.340: [DefNew: 416K->33K(448K), 0.0001690 secs] 2763K->2383K(1048512K), 0.0002070 secs] [Times: user=0.00 sys=0.00, real=0.00 secs] 
4.349: [GC4.349: [DefNew: 417K->32K(448K), 0.0001690 secs] 2767K->2387K(1048512K), 0.0002040 secs] [Times: user=0.00 sys=0.00, real=0.00 secs] 
4.359: [GC4.359: [DefNew: 416K->33K(448K), 0.0001800 secs] 2771K->2392K(1048512K), 0.0002220 secs] [Times: user=0.00 sys=0.00, real=0.00 secs] 
4.368: [GC4.368: [DefNew: 417K->33K(448K), 0.0001630 secs] 2776K->2396K(1048512K), 0.0001960 secs] [Times: user=0.00 sys=0.00, real=0.00 secs] 
4.377: [GC4.377: [DefNew: 417K->33K(448K), 0.0001590 secs] 2780K->2401K(1048512K), 0.0001940 secs] [Times: user=0.00 sys=0.00, real=0.00 secs] 
4.386: [GC4.386: [DefNew: 417K->33K(448K), 0.0001870 secs] 2785K->2405K(1048512K), 0.0002370 secs] [Times: user=0.00 sys=0.00, real=0.00 secs] 
4.396: [GC4.396: [DefNew: 417K->34K(448K), 0.0001800 secs] 2789K->2409K(1048512K), 0.0002230 secs] [Times: user=0.00 sys=0.00, real=0.00 secs] 
4.405: [GC4.405: [DefNew: 418K->34K(448K), 0.0002190 secs] 2793K->2413K(1048512K), 0.0003050 secs] [Times: user=0.00 sys=0.00, real=0.00 secs] 
4.414: [GC4.414: [DefNew: 418K->34K(448K), 0.0001320 secs] 2797K->2417K(1048512K), 0.0001670 secs] [Times: user=0.00 sys=0.00, real=0.00 secs] 
4.424: [GC4.424: [DefNew: 418K->34K(448K), 0.0001700 secs] 2801K->2422K(1048512K), 0.0002080 secs] [Times: user=0.00 sys=0.00, real=0.00 secs] 
4.433: [GC4.433: [DefNew: 418K->34K(448K), 0.0001400 secs] 2806K->2426K(1048512K), 0.0001760 secs] [Times: user=0.00 sys=0.00, real=0.00 secs] 
4.442: [GC4.442: [DefNew: 418K->34K(448K), 0.0001800 secs] 2810K->2430K(1048512K), 0.0002210 secs] [Times: user=0.00 sys=0.00, real=0.00 secs] 
4.451: [GC4.451: [DefNew: 418K->34K(448K), 0.0002100 secs] 2814K->2434K(1048512K), 0.0002550 secs] [Times: user=0.00 sys=0.00, real=0.00 secs] 
4.459: [GC4.459: [DefNew: 417K->33K(448K), 0.0002330 secs] 2818K->2438K(1048512K), 0.0002860 secs] [Times: user=0.00 sys=0.00, real=0.00 secs] 
4.469: [GC4.469: [DefNew: 417K->33K(448K), 0.0001560 secs] 2822K->2442K(1048512K), 0.0002000 secs] [Times: user=0.00 sys=0.00, real=0.00 secs] 
4.478: [GC4.478: [DefNew: 417K->33K(448K), 0.0001530 secs] 2826K->2446K(1048512K), 0.0001970 secs] [Times: user=0.00 sys=0.00, real=0.00 secs] 
4.487: [GC4.487: [DefNew: 417K->33K(448K), 0.0001720 secs] 2830K->2450K(1048512K), 0.0002200 secs] [Times: user=0.00 sys=0.00, real=0.00 secs] 
4.497: [GC4.497: [DefNew: 417K->32K(448K), 0.0001860 secs] 2834K->2454K(1048512K), 0.0002250 secs] [Times: user=0.00 sys=0.00, real=0.00 secs] 
4.506: [GC4.506: [DefNew: 416K->32K(448K), 0.0001740 secs] 2838K->2458K(1048512K), 0.0002140 secs] [Times: user=0.00 sys=0.00, real=0.00 secs] 
4.515: [GC4.515: [DefNew: 416K->32K(448K), 0.0001730 secs] 2842K->2462K(1048512K), 0.0002100 secs] [Times: user=0.00 sys=0.00, real=0.00 secs] 
4.524: [GC4.524: [DefNew: 416K->32K(448K), 0.0001860 secs] 2846K->2466K(1048512K), 0.0002270 secs] [Times: user=0.00 sys=0.00, real=0.00 secs] 
4.533: [GC4.533: [DefNew: 416K->33K(448K), 0.0002340 secs] 2850K->2471K(1048512K), 0.0003180 secs] [Times: user=0.00 sys=0.00, real=0.00 secs] 
4.541: [GC4.541: [DefNew: 417K->33K(448K), 0.0001840 secs] 2855K->2475K(1048512K), 0.0002270 secs] [Times: user=0.00 sys=0.00, real=0.00 secs] 
4.551: [GC4.551: [DefNew: 417K->34K(448K), 0.0001970 secs] 2859K->2480K(1048512K), 0.0002550 secs] [Times: user=0.00 sys=0.00, real=0.00 secs] 
4.560: [GC4.560: [DefNew: 418K->34K(448K), 0.0002470 secs] 2864K->2484K(1048512K), 0.0003110 secs] [Times: user=0.00 sys=0.00, real=0.00 secs] 
4.570: [GC4.570: [DefNew: 418K->34K(448K), 0.0001710 secs] 2868K->2488K(1048512K), 0.0002130 secs] [Times: user=0.00 sys=0.00, real=0.00 secs] 
4.579: [GC4.579: [DefNew: 418K->34K(448K), 0.0002540 secs] 2872K->2492K(1048512K), 0.0003180 secs] [Times: user=0.00 sys=0.00, real=0.00 secs] 
4.589: [GC4.589: [DefNew: 418K->34K(448K), 0.0001450 secs] 2876K->2496K(1048512K), 0.0001970 secs] [Times: user=0.00 sys=0.00, real=0.00 secs] 
4.598: [GC4.598: [DefNew: 418K->34K(448K), 0.0001700 secs] 2880K->2500K(1048512K), 0.0002110 secs] [Times: user=0.00 sys=0.00, real=0.00 secs] 
4.607: [GC4.608: [DefNew: 418K->33K(448K), 0.0001700 secs] 2884K->2504K(1048512K), 0.0002140 secs] [Times: user=0.00 sys=0.00, real=0.00 secs] 
4.617: [GC4.617: [DefNew: 417K->33K(448K), 0.0001490 secs] 2888K->2509K(1048512K), 0.0001920 secs] [Times: user=0.00 sys=0.00, real=0.00 secs] 
4.626: [GC4.626: [DefNew: 417K->33K(448K), 0.0001800 secs] 2893K->2513K(1048512K), 0.0002230 secs] [Times: user=0.00 sys=0.00, real=0.00 secs] 
4.636: [GC4.636: [DefNew: 417K->33K(448K), 0.0001880 secs] 2897K->2517K(1048512K), 0.0002320 secs] [Times: user=0.00 sys=0.00, real=0.00 secs] 
4.645: [GC4.645: [DefNew: 417K->33K(448K), 0.0001840 secs] 2901K->2521K(1048512K), 0.0002270 secs] [Times: user=0.00 sys=0.00, real=0.00 secs] 
4.654: [GC4.654: [DefNew: 417K->33K(448K), 0.0002050 secs] 2905K->2525K(1048512K), 0.0002610 secs] [Times: user=0.01 sys=0.00, real=0.00 secs] 
4.663: [GC4.663: [DefNew: 417K->34K(448K), 0.0001660 secs] 2909K->2530K(1048512K), 0.0002190 secs] [Times: user=0.00 sys=0.00, real=0.00 secs] 
4.673: [GC4.673: [DefNew: 418K->34K(448K), 0.0001780 secs] 2914K->2535K(1048512K), 0.0002270 secs] [Times: user=0.00 sys=0.00, real=0.00 secs] 
4.682: [GC4.682: [DefNew: 418K->34K(448K), 0.0001680 secs] 2919K->2539K(1048512K), 0.0002070 secs] [Times: user=0.00 sys=0.00, real=0.00 secs] 
4.691: [GC4.691: [DefNew: 418K->34K(448K), 0.0001730 secs] 2923K->2543K(1048512K), 0.0002170 secs] [Times: user=0.00 sys=0.00, real=0.00 secs] 
4.700: [GC4.700: [DefNew: 418K->34K(448K), 0.0001680 secs] 2927K->2547K(1048512K), 0.0002060 secs] [Times: user=0.00 sys=0.00, real=0.00 secs] 
4.709: [GC4.709: [DefNew: 418K->34K(448K), 0.0001620 secs] 2931K->2551K(1048512K), 0.0001980 secs] [Times: user=0.00 sys=0.00, real=0.00 secs] 
4.718: [GC4.719: [DefNew: 418K->34K(448K), 0.0001670 secs] 2935K->2556K(1048512K), 0.0002070 secs] [Times: user=0.00 sys=0.00, real=0.00 secs] 
4.728: [GC4.728: [DefNew: 418K->35K(448K), 0.0001500 secs] 2940K->2561K(1048512K), 0.0001850 secs] [Times: user=0.00 sys=0.00, real=0.00 secs] 
4.737: [GC4.737: [DefNew: 419K->34K(448K), 0.0001750 secs] 2945K->2565K(1048512K), 0.0002190 secs] [Times: user=0.00 sys=0.00, real=0.00 secs] 
4.747: [GC4.747: [DefNew: 418K->35K(448K), 0.0001670 secs] 2948K->2569K(1048512K), 0.0002120 secs] [Times: user=0.00 sys=0.00, real=0.00 secs] 
4.756: [GC4.756: [DefNew: 419K->35K(448K), 0.0001490 secs] 2953K->2573K(1048512K), 0.0001900 secs] [Times: user=0.00 sys=0.00, real=0.00 secs] 
4.765: [GC4.765: [DefNew: 419K->34K(448K), 0.0001940 secs] 2957K->2577K(1048512K), 0.0002460 secs] [Times: user=0.00 sys=0.00, real=0.00 secs] 
4.774: [GC4.774: [DefNew: 418K->34K(448K), 0.0001930 secs] 2961K->2581K(1048512K), 0.0002500 secs] [Times: user=0.00 sys=0.00, real=0.00 secs] 
4.783: [GC4.783: [DefNew: 418K->34K(448K), 0.0001500 secs] 2965K->2585K(1048512K), 0.0001900 secs] [Times: user=0.00 sys=0.00, real=0.00 secs] 
4.793: [GC4.793: [DefNew: 418K->34K(448K), 0.0003020 secs] 2969K->2590K(1048512K), 0.0003870 secs] [Times: user=0.00 sys=0.00, real=0.00 secs] 
4.802: [GC4.802: [DefNew: 418K->34K(448K), 0.0001510 secs] 2974K->2595K(1048512K), 0.0001930 secs] [Times: user=0.00 sys=0.00, real=0.00 secs] 
4.811: [GC4.811: [DefNew: 418K->34K(448K), 0.0002650 secs] 2979K->2599K(1048512K), 0.0003200 secs] [Times: user=0.00 sys=0.00, real=0.00 secs] 
4.820: [GC4.821: [DefNew: 418K->34K(448K), 0.0001610 secs] 2983K->2603K(1048512K), 0.0001980 secs] [Times: user=0.00 sys=0.00, real=0.00 secs] 
4.830: [GC4.830: [DefNew: 418K->34K(448K), 0.0001810 secs] 2987K->2608K(1048512K), 0.0002310 secs] [Times: user=0.00 sys=0.00, real=0.00 secs] 
4.839: [GC4.839: [DefNew: 418K->34K(448K), 0.0001730 secs] 2992K->2612K(1048512K), 0.0002130 secs] [Times: user=0.00 sys=0.00, real=0.00 secs] 
4.848: [GC4.848: [DefNew: 418K->34K(448K), 0.0001810 secs] 2996K->2616K(1048512K), 0.0002300 secs] [Times: user=0.00 sys=0.00, real=0.00 secs] 
4.857: [GC4.857: [DefNew: 418K->34K(448K), 0.0002560 secs] 3000K->2620K(1048512K), 0.0003050 secs] [Times: user=0.00 sys=0.00, real=0.00 secs] 
4.867: [GC4.867: [DefNew: 418K->34K(448K), 0.0001570 secs] 3004K->2624K(1048512K), 0.0001900 secs] [Times: user=0.00 sys=0.00, real=0.00 secs] 
4.876: [GC4.876: [DefNew: 418K->33K(448K), 0.0001510 secs] 3008K->2628K(1048512K), 0.0001890 secs] [Times: user=0.00 sys=0.00, real=0.00 secs] 
4.886: [GC4.886: [DefNew: 417K->33K(448K), 0.0001620 secs] 3012K->2632K(1048512K), 0.0001980 secs] [Times: user=0.00 sys=0.00, real=0.00 secs] 
4.895: [GC4.895: [DefNew: 417K->33K(448K), 0.0001600 secs] 3016K->2636K(1048512K), 0.0001950 secs] [Times: user=0.00 sys=0.00, real=0.00 secs] 
4.904: [GC4.904: [DefNew: 417K->33K(448K), 0.0002290 secs] 3020K->2640K(1048512K), 0.0002810 secs] [Times: user=0.00 sys=0.00, real=0.00 secs] 
4.913: [GC4.913: [DefNew: 417K->33K(448K), 0.0001640 secs] 3024K->2645K(1048512K), 0.0002030 secs] [Times: user=0.00 sys=0.00, real=0.00 secs] 
4.922: [GC4.922: [DefNew: 417K->33K(448K), 0.0001720 secs] 3029K->2649K(1048512K), 0.0002150 secs] [Times: user=0.00 sys=0.00, real=0.01 secs] 
4.932: [GC4.932: [DefNew: 417K->34K(448K), 0.0001650 secs] 3033K->2654K(1048512K), 0.0002010 secs] [Times: user=0.00 sys=0.00, real=0.00 secs] 
4.941: [GC4.941: [DefNew: 418K->34K(448K), 0.0001610 secs] 3038K->2658K(1048512K), 0.0002000 secs] [Times: user=0.00 sys=0.00, real=0.00 secs] 
4.950: [GC4.950: [DefNew: 418K->34K(448K), 0.0001420 secs] 3042K->2662K(1048512K), 0.0001810 secs] [Times: user=0.00 sys=0.00, real=0.00 secs] 
4.960: [GC4.960: [DefNew: 418K->34K(448K), 0.0001550 secs] 3046K->2666K(1048512K), 0.0001910 secs] [Times: user=0.00 sys=0.00, real=0.00 secs] 
4.968: [GC4.968: [DefNew: 418K->35K(448K), 0.0001640 secs] 3050K->2671K(1048512K), 0.0002030 secs] [Times: user=0.00 sys=0.00, real=0.00 secs] 
4.977: [GC4.978: [DefNew: 419K->35K(448K), 0.0002750 secs] 3055K->2675K(1048512K), 0.0003550 secs] [Times: user=0.00 sys=0.00, real=0.00 secs] 
4.987: [GC4.987: [DefNew: 419K->35K(448K), 0.0001570 secs] 3059K->2679K(1048512K), 0.0002010 secs] [Times: user=0.00 sys=0.00, real=0.00 secs] 
4.995: [GC4.995: [DefNew: 419K->34K(448K), 0.0001520 secs] 3063K->2683K(1048512K), 0.0001980 secs] [Times: user=0.00 sys=0.00, real=0.00 secs] 
5.006: [GC5.006: [DefNew: 418K->34K(448K), 0.0001450 secs] 3067K->2687K(1048512K), 0.0001820 secs] [Times: user=0.00 sys=0.00, real=0.00 secs] 
5.015: [GC5.015: [DefNew: 418K->34K(448K), 0.0001940 secs] 3071K->2691K(1048512K), 0.0002460 secs] [Times: user=0.00 sys=0.00, real=0.00 secs] 
5.024: [GC5.024: [DefNew: 418K->34K(448K), 0.0001680 secs] 3075K->2695K(1048512K), 0.0002050 secs] [Times: user=0.00 sys=0.00, real=0.00 secs] 
5.032: [GC5.032: [DefNew: 418K->33K(448K), 0.0001840 secs] 3079K->2699K(1048512K), 0.0002250 secs] [Times: user=0.00 sys=0.00, real=0.00 secs] 
5.043: [GC5.043: [DefNew: 417K->32K(448K), 0.0001710 secs] 3083K->2703K(1048512K), 0.0002110 secs] [Times: user=0.00 sys=0.00, real=0.00 secs] 
5.052: [GC5.052: [DefNew: 416K->32K(448K), 0.0001750 secs] 3087K->2707K(1048512K), 0.0002210 secs] [Times: user=0.00 sys=0.00, real=0.00 secs] 
5.060: [GC5.060: [DefNew: 416K->31K(448K), 0.0001610 secs] 3091K->2711K(1048512K), 0.0001970 secs] [Times: user=0.00 sys=0.00, real=0.00 secs] 
5.069: [GC5.069: [DefNew: 415K->35K(448K), 0.0001520 secs] 3095K->2715K(1048512K), 0.0001860 secs] [Times: user=0.00 sys=0.00, real=0.00 secs] 
5.078: [GC5.078: [DefNew: 419K->32K(448K), 0.0001680 secs] 3099K->2719K(1048512K), 0.0002080 secs] [Times: user=0.01 sys=0.00, real=0.00 secs] 
5.088: [GC5.088: [DefNew: 416K->33K(448K), 0.0001590 secs] 3103K->2724K(1048512K), 0.0001990 secs] [Times: user=0.00 sys=0.00, real=0.00 secs] 
5.097: [GC5.097: [DefNew: 417K->33K(448K), 0.0001700 secs] 3108K->2728K(1048512K), 0.0002130 secs] [Times: user=0.00 sys=0.00, real=0.00 secs] 
5.107: [GC5.107: [DefNew: 417K->33K(448K), 0.0001670 secs] 3112K->2732K(1048512K), 0.0002090 secs] [Times: user=0.00 sys=0.00, real=0.00 secs] 
5.116: [GC5.116: [DefNew: 417K->33K(448K), 0.0001610 secs] 3116K->2736K(1048512K), 0.0001960 secs] [Times: user=0.00 sys=0.00, real=0.00 secs] 
5.125: [GC5.125: [DefNew: 417K->34K(448K), 0.0001750 secs] 3120K->2741K(1048512K), 0.0002140 secs] [Times: user=0.00 sys=0.00, real=0.00 secs] 
5.134: [GC5.134: [DefNew: 418K->34K(448K), 0.0001710 secs] 3125K->2745K(1048512K), 0.0002120 secs] [Times: user=0.00 sys=0.00, real=0.00 secs] 
5.144: [GC5.144: [DefNew: 418K->34K(448K), 0.0001740 secs] 3129K->2749K(1048512K), 0.0002130 secs] [Times: user=0.00 sys=0.00, real=0.00 secs] 
5.153: [GC5.153: [DefNew: 417K->33K(448K), 0.0001630 secs] 3133K->2753K(1048512K), 0.0001990 secs] [Times: user=0.00 sys=0.00, real=0.00 secs] 
5.162: [GC5.162: [DefNew: 417K->33K(448K), 0.0001590 secs] 3137K->2757K(1048512K), 0.0001930 secs] [Times: user=0.00 sys=0.00, real=0.00 secs] 
5.171: [GC5.171: [DefNew: 417K->33K(448K), 0.0002220 secs] 3141K->2761K(1048512K), 0.0003000 secs] [Times: user=0.00 sys=0.00, real=0.00 secs] 
5.180: [GC5.180: [DefNew: 417K->33K(448K), 0.0001670 secs] 3145K->2765K(1048512K), 0.0002050 secs] [Times: user=0.00 sys=0.00, real=0.00 secs] 
5.190: [GC5.190: [DefNew: 417K->33K(448K), 0.0003000 secs] 3149K->2769K(1048512K), 0.0003770 secs] [Times: user=0.00 sys=0.00, real=0.00 secs] 
5.199: [GC5.199: [DefNew: 417K->33K(448K), 0.0001650 secs] 3153K->2774K(1048512K), 0.0002140 secs] [Times: user=0.00 sys=0.00, real=0.00 secs] 
5.208: [GC5.208: [DefNew: 417K->33K(448K), 0.0001430 secs] 3158K->2778K(1048512K), 0.0001780 secs] [Times: user=0.00 sys=0.00, real=0.00 secs] 
5.217: [GC5.217: [DefNew: 417K->33K(448K), 0.0001950 secs] 3162K->2782K(1048512K), 0.0002490 secs] [Times: user=0.00 sys=0.00, real=0.00 secs] 
5.227: [GC5.227: [DefNew: 416K->33K(448K), 0.0001660 secs] 3165K->2786K(1048512K), 0.0002020 secs] [Times: user=0.00 sys=0.00, real=0.00 secs] 
5.236: [GC5.236: [DefNew: 417K->33K(448K), 0.0001630 secs] 3170K->2790K(1048512K), 0.0001990 secs] [Times: user=0.00 sys=0.00, real=0.00 secs] 
5.245: [GC5.245: [DefNew: 417K->33K(448K), 0.0001600 secs] 3174K->2794K(1048512K), 0.0001950 secs] [Times: user=0.00 sys=0.00, real=0.00 secs] 
5.254: [GC5.254: [DefNew: 417K->34K(448K), 0.0001470 secs] 3178K->2799K(1048512K), 0.0001820 secs] [Times: user=0.00 sys=0.00, real=0.00 secs] 
5.264: [GC5.264: [DefNew: 417K->33K(448K), 0.0002080 secs] 3182K->2803K(1048512K), 0.0002690 secs] [Times: user=0.00 sys=0.00, real=0.00 secs] 
5.273: [GC5.273: [DefNew: 417K->33K(448K), 0.0001920 secs] 3187K->2807K(1048512K), 0.0002510 secs] [Times: user=0.00 sys=0.00, real=0.00 secs] 
5.282: [GC5.282: [DefNew: 417K->34K(448K), 0.0001590 secs] 3191K->2811K(1048512K), 0.0001990 secs] [Times: user=0.00 sys=0.00, real=0.00 secs] 
5.291: [GC5.292: [DefNew: 418K->33K(448K), 0.0001810 secs] 3195K->2815K(1048512K), 0.0002440 secs] [Times: user=0.01 sys=0.00, real=0.00 secs] 
5.301: [GC5.301: [DefNew: 417K->34K(448K), 0.0002230 secs] 3199K->2820K(1048512K), 0.0002600 secs] [Times: user=0.00 sys=0.00, real=0.00 secs] 
5.310: [GC5.310: [DefNew: 418K->34K(448K), 0.0001740 secs] 3204K->2824K(1048512K), 0.0002180 secs] [Times: user=0.00 sys=0.00, real=0.00 secs] 
5.320: [GC5.320: [DefNew: 418K->34K(448K), 0.0001650 secs] 3208K->2828K(1048512K), 0.0002010 secs] [Times: user=0.00 sys=0.00, real=0.00 secs] 
5.329: [GC5.329: [DefNew: 418K->34K(448K), 0.0001720 secs] 3212K->2833K(1048512K), 0.0002180 secs] [Times: user=0.00 sys=0.00, real=0.00 secs] 
5.338: [GC5.338: [DefNew: 418K->34K(448K), 0.0001600 secs] 3217K->2837K(1048512K), 0.0001980 secs] [Times: user=0.00 sys=0.00, real=0.00 secs] 
5.348: [GC5.348: [DefNew: 418K->35K(448K), 0.0001680 secs] 3221K->2841K(1048512K), 0.0002150 secs] [Times: user=0.00 sys=0.00, real=0.00 secs] 
5.357: [GC5.357: [DefNew: 419K->35K(448K), 0.0001840 secs] 3225K->2846K(1048512K), 0.0002320 secs] [Times: user=0.00 sys=0.00, real=0.00 secs] 
5.366: [GC5.366: [DefNew: 419K->34K(448K), 0.0001790 secs] 3230K->2850K(1048512K), 0.0002410 secs] [Times: user=0.00 sys=0.00, real=0.00 secs] 
5.375: [GC5.375: [DefNew: 418K->34K(448K), 0.0001780 secs] 3234K->2854K(1048512K), 0.0002240 secs] [Times: user=0.00 sys=0.00, real=0.00 secs] 
5.385: [GC5.385: [DefNew: 418K->34K(448K), 0.0002050 secs] 3238K->2859K(1048512K), 0.0002450 secs] [Times: user=0.00 sys=0.00, real=0.00 secs] 
5.394: [GC5.394: [DefNew: 418K->34K(448K), 0.0001700 secs] 3243K->2863K(1048512K), 0.0002230 secs] [Times: user=0.00 sys=0.00, real=0.00 secs] 
5.403: [GC5.403: [DefNew: 418K->34K(448K), 0.0001920 secs] 3247K->2866K(1048512K), 0.0002440 secs] [Times: user=0.00 sys=0.00, real=0.00 secs] 
5.412: [GC5.412: [DefNew: 418K->34K(448K), 0.0001530 secs] 3250K->2871K(1048512K), 0.0001960 secs] [Times: user=0.00 sys=0.00, real=0.01 secs] 
5.422: [GC5.422: [DefNew: 418K->34K(448K), 0.0001410 secs] 3255K->2876K(1048512K), 0.0001800 secs] [Times: user=0.00 sys=0.00, real=0.00 secs] 
5.430: [GC5.431: [DefNew: 418K->34K(448K), 0.0001700 secs] 3260K->2880K(1048512K), 0.0002080 secs] [Times: user=0.00 sys=0.00, real=0.00 secs] 
5.440: [GC5.440: [DefNew: 418K->35K(448K), 0.0001540 secs] 3264K->2885K(1048512K), 0.0001970 secs] [Times: user=0.00 sys=0.00, real=0.00 secs] 
5.449: [GC5.449: [DefNew: 419K->35K(448K), 0.0001760 secs] 3269K->2889K(1048512K), 0.0002180 secs] [Times: user=0.00 sys=0.00, real=0.00 secs] 
5.458: [GC5.458: [DefNew: 419K->34K(448K), 0.0001720 secs] 3273K->2893K(1048512K), 0.0002130 secs] [Times: user=0.00 sys=0.00, real=0.00 secs] 
5.468: [GC5.468: [DefNew: 418K->35K(448K), 0.0001780 secs] 3277K->2897K(1048512K), 0.0002230 secs] [Times: user=0.00 sys=0.00, real=0.00 secs] 
5.477: [GC5.477: [DefNew: 419K->35K(448K), 0.0001720 secs] 3281K->2901K(1048512K), 0.0002100 secs] [Times: user=0.00 sys=0.00, real=0.00 secs] 
5.486: [GC5.486: [DefNew: 418K->34K(448K), 0.0001400 secs] 3285K->2905K(1048512K), 0.0001850 secs] [Times: user=0.00 sys=0.00, real=0.00 secs] 
5.495: [GC5.495: [DefNew: 418K->33K(448K), 0.0001660 secs] 3289K->2909K(1048512K), 0.0002180 secs] [Times: user=0.00 sys=0.00, real=0.00 secs] 
5.505: [GC5.505: [DefNew: 417K->33K(448K), 0.0001590 secs] 3293K->2913K(1048512K), 0.0001940 secs] [Times: user=0.00 sys=0.00, real=0.00 secs] 
5.514: [GC5.514: [DefNew: 417K->33K(448K), 0.0001620 secs] 3297K->2918K(1048512K), 0.0001970 secs] [Times: user=0.00 sys=0.00, real=0.00 secs] 
5.523: [GC5.523: [DefNew: 417K->34K(448K), 0.0001800 secs] 3302K->2922K(1048512K), 0.0002230 secs] [Times: user=0.00 sys=0.00, real=0.00 secs] 
5.532: [GC5.532: [DefNew: 418K->33K(448K), 0.0001800 secs] 3306K->2926K(1048512K), 0.0002490 secs] [Times: user=0.00 sys=0.00, real=0.01 secs] 
5.542: [GC5.542: [DefNew: 417K->34K(448K), 0.0001810 secs] 3310K->2931K(1048512K), 0.0002460 secs] [Times: user=0.00 sys=0.00, real=0.00 secs] 
5.551: [GC5.551: [DefNew: 418K->34K(448K), 0.0001800 secs] 3315K->2935K(1048512K), 0.0002170 secs] [Times: user=0.00 sys=0.00, real=0.00 secs] 
5.561: [GC5.561: [DefNew: 418K->35K(448K), 0.0001930 secs] 3319K->2940K(1048512K), 0.0002430 secs] [Times: user=0.00 sys=0.00, real=0.00 secs] 
5.570: [GC5.570: [DefNew: 419K->35K(448K), 0.0001700 secs] 3324K->2944K(1048512K), 0.0002080 secs] [Times: user=0.00 sys=0.00, real=0.00 secs] 
5.579: [GC5.579: [DefNew: 419K->34K(448K), 0.0001800 secs] 3328K->2948K(1048512K), 0.0002200 secs] [Times: user=0.00 sys=0.00, real=0.00 secs] 
5.588: [GC5.588: [DefNew: 418K->34K(448K), 0.0001530 secs] 3332K->2952K(1048512K), 0.0001910 secs] [Times: user=0.00 sys=0.00, real=0.00 secs] 
5.598: [GC5.598: [DefNew: 418K->34K(448K), 0.0001700 secs] 3336K->2957K(1048512K), 0.0002070 secs] [Times: user=0.00 sys=0.00, real=0.00 secs] 
5.607: [GC5.607: [DefNew: 418K->34K(448K), 0.0002630 secs] 3341K->2961K(1048512K), 0.0003440 secs] [Times: user=0.00 sys=0.00, real=0.00 secs] 
5.616: [GC5.616: [DefNew: 418K->35K(448K), 0.0001420 secs] 3345K->2966K(1048512K), 0.0001910 secs] [Times: user=0.00 sys=0.00, real=0.00 secs] 
5.624: [GC5.624: [DefNew: 419K->34K(448K), 0.0001650 secs] 3350K->2969K(1048512K), 0.0002110 secs] [Times: user=0.00 sys=0.00, real=0.00 secs] 
5.634: [GC5.634: [DefNew: 418K->34K(448K), 0.0001910 secs] 3353K->2974K(1048512K), 0.0002600 secs] [Times: user=0.00 sys=0.00, real=0.00 secs] 
5.644: [GC5.644: [DefNew: 418K->34K(448K), 0.0002120 secs] 3358K->2978K(1048512K), 0.0002650 secs] [Times: user=0.00 sys=0.00, real=0.00 secs] 
5.652: [GC5.652: [DefNew: 418K->34K(448K), 0.0001720 secs] 3362K->2982K(1048512K), 0.0002110 secs] [Times: user=0.00 sys=0.00, real=0.00 secs] 
5.661: [GC5.661: [DefNew: 418K->33K(448K), 0.0001680 secs] 3366K->2986K(1048512K), 0.0002040 secs] [Times: user=0.00 sys=0.00, real=0.00 secs] 
5.671: [GC5.671: [DefNew: 417K->33K(448K), 0.0001810 secs] 3369K->2990K(1048512K), 0.0002210 secs] [Times: user=0.00 sys=0.00, real=0.00 secs] 
5.681: [GC5.681: [DefNew: 417K->34K(448K), 0.0001600 secs] 3374K->2995K(1048512K), 0.0001950 secs] [Times: user=0.00 sys=0.00, real=0.00 secs] 
5.689: [GC5.689: [DefNew: 418K->33K(448K), 0.0001720 secs] 3379K->2999K(1048512K), 0.0002100 secs] [Times: user=0.00 sys=0.00, real=0.00 secs] 
5.699: [GC5.699: [DefNew: 417K->34K(448K), 0.0001900 secs] 3383K->3003K(1048512K), 0.0002340 secs] [Times: user=0.00 sys=0.00, real=0.00 secs] 
5.708: [GC5.708: [DefNew: 418K->33K(448K), 0.0001730 secs] 3387K->3007K(1048512K), 0.0002130 secs] [Times: user=0.00 sys=0.00, real=0.00 secs] 
5.717: [GC5.717: [DefNew: 417K->33K(448K), 0.0001930 secs] 3391K->3011K(1048512K), 0.0002430 secs] [Times: user=0.00 sys=0.00, real=0.00 secs] 
5.727: [GC5.727: [DefNew: 417K->34K(448K), 0.0002960 secs] 3395K->3016K(1048512K), 0.0003690 secs] [Times: user=0.00 sys=0.00, real=0.00 secs] 
5.736: [GC5.736: [DefNew: 418K->34K(448K), 0.0001620 secs] 3400K->3020K(1048512K), 0.0002010 secs] [Times: user=0.00 sys=0.00, real=0.00 secs] 
5.745: [GC5.745: [DefNew: 417K->34K(448K), 0.0001740 secs] 3403K->3024K(1048512K), 0.0002140 secs] [Times: user=0.00 sys=0.00, real=0.00 secs] 
5.754: [GC5.754: [DefNew: 418K->33K(448K), 0.0001730 secs] 3408K->3028K(1048512K), 0.0002200 secs] [Times: user=0.00 sys=0.00, real=0.00 secs] 
5.764: [GC5.764: [DefNew: 417K->33K(448K), 0.0001650 secs] 3412K->3032K(1048512K), 0.0002080 secs] [Times: user=0.00 sys=0.00, real=0.00 secs] 
5.773: [GC5.773: [DefNew: 417K->34K(448K), 0.0001800 secs] 3416K->3037K(1048512K), 0.0002300 secs] [Times: user=0.00 sys=0.00, real=0.00 secs] 
5.782: [GC5.782: [DefNew: 418K->34K(448K), 0.0001410 secs] 3421K->3041K(1048512K), 0.0001750 secs] [Times: user=0.00 sys=0.00, real=0.01 secs] 
5.791: [GC5.791: [DefNew: 418K->34K(448K), 0.0001660 secs] 3425K->3046K(1048512K), 0.0002150 secs] [Times: user=0.00 sys=0.00, real=0.00 secs] 
5.801: [GC5.801: [DefNew: 418K->34K(448K), 0.0001490 secs] 3430K->3050K(1048512K), 0.0001900 secs] [Times: user=0.00 sys=0.00, real=0.00 secs] 
5.810: [GC5.810: [DefNew: 418K->34K(448K), 0.0001650 secs] 3434K->3054K(1048512K), 0.0002150 secs] [Times: user=0.00 sys=0.00, real=0.00 secs] 
5.820: [GC5.820: [DefNew: 418K->34K(448K), 0.0001460 secs] 3438K->3058K(1048512K), 0.0001820 secs] [Times: user=0.00 sys=0.00, real=0.00 secs] 
5.829: [GC5.829: [DefNew: 418K->33K(448K), 0.0001560 secs] 3442K->3062K(1048512K), 0.0002010 secs] [Times: user=0.00 sys=0.00, real=0.00 secs] 
5.838: [GC5.838: [DefNew: 417K->33K(448K), 0.0001510 secs] 3446K->3066K(1048512K), 0.0001940 secs] [Times: user=0.00 sys=0.00, real=0.00 secs] 
5.847: [GC5.847: [DefNew: 417K->33K(448K), 0.0002070 secs] 3450K->3070K(1048512K), 0.0002770 secs] [Times: user=0.00 sys=0.00, real=0.00 secs] 
5.856: [GC5.856: [DefNew: 417K->33K(448K), 0.0001750 secs] 3454K->3074K(1048512K), 0.0002230 secs] [Times: user=0.00 sys=0.00, real=0.00 secs] 
5.865: [GC5.865: [DefNew: 417K->33K(448K), 0.0001640 secs] 3458K->3079K(1048512K), 0.0002000 secs] [Times: user=0.00 sys=0.00, real=0.00 secs] 
5.875: [GC5.875: [DefNew: 417K->34K(448K), 0.0001650 secs] 3463K->3084K(1048512K), 0.0002000 secs] [Times: user=0.00 sys=0.00, real=0.00 secs] 
5.884: [GC5.884: [DefNew: 418K->34K(448K), 0.0001900 secs] 3468K->3088K(1048512K), 0.0002500 secs] [Times: user=0.00 sys=0.00, real=0.00 secs] 
5.893: [GC5.893: [DefNew: 418K->35K(448K), 0.0002060 secs] 3471K->3092K(1048512K), 0.0002600 secs] [Times: user=0.00 sys=0.00, real=0.00 secs] 
5.903: [GC5.903: [DefNew: 419K->35K(448K), 0.0001760 secs] 3476K->3097K(1048512K), 0.0002240 secs] [Times: user=0.00 sys=0.00, real=0.01 secs] 
5.912: [GC5.912: [DefNew: 419K->35K(448K), 0.0001660 secs] 3481K->3101K(1048512K), 0.0002090 secs] [Times: user=0.00 sys=0.00, real=0.00 secs] 
5.921: [GC5.921: [DefNew: 419K->35K(448K), 0.0001660 secs] 3485K->3105K(1048512K), 0.0002010 secs] [Times: user=0.00 sys=0.00, real=0.00 secs] 
5.931: [GC5.931: [DefNew: 419K->36K(448K), 0.0001760 secs] 3489K->3111K(1048512K), 0.0002150 secs] [Times: user=0.01 sys=0.00, real=0.00 secs] 
5.940: [GC5.940: [DefNew: 420K->35K(448K), 0.0001650 secs] 3495K->3115K(1048512K), 0.0002020 secs] [Times: user=0.00 sys=0.00, real=0.00 secs] 
5.949: [GC5.949: [DefNew: 419K->35K(448K), 0.0001760 secs] 3499K->3119K(1048512K), 0.0002450 secs] [Times: user=0.00 sys=0.00, real=0.00 secs] 
5.958: [GC5.958: [DefNew: 419K->34K(448K), 0.0001590 secs] 3503K->3123K(1048512K), 0.0001920 secs] [Times: user=0.00 sys=0.00, real=0.00 secs] 
5.968: [GC5.968: [DefNew: 418K->35K(448K), 0.0001730 secs] 3506K->3128K(1048512K), 0.0002150 secs] [Times: user=0.00 sys=0.00, real=0.00 secs] 
5.977: [GC5.977: [DefNew: 419K->34K(448K), 0.0001600 secs] 3512K->3132K(1048512K), 0.0002010 secs] [Times: user=0.00 sys=0.00, real=0.00 secs] 
5.986: [GC5.987: [DefNew: 418K->34K(448K), 0.0001720 secs] 3516K->3136K(1048512K), 0.0002120 secs] [Times: user=0.00 sys=0.00, real=0.00 secs] 
5.996: [GC5.996: [DefNew: 418K->34K(448K), 0.0001710 secs] 3520K->3140K(1048512K), 0.0002190 secs] [Times: user=0.00 sys=0.00, real=0.00 secs] 
6.005: [GC6.005: [DefNew: 418K->34K(448K), 0.0001540 secs] 3524K->3145K(1048512K), 0.0001880 secs] [Times: user=0.00 sys=0.00, real=0.00 secs] 
6.015: [GC6.015: [DefNew: 418K->35K(448K), 0.0001880 secs] 3529K->3149K(1048512K), 0.0002400 secs] [Times: user=0.00 sys=0.00, real=0.00 secs] 
6.024: [GC6.024: [DefNew: 419K->35K(448K), 0.0001600 secs] 3533K->3153K(1048512K), 0.0002280 secs] [Times: user=0.00 sys=0.00, real=0.00 secs] 
6.033: [GC6.033: [DefNew: 419K->34K(448K), 0.0001490 secs] 3537K->3157K(1048512K), 0.0001890 secs] [Times: user=0.00 sys=0.00, real=0.00 secs] 
6.042: [GC6.042: [DefNew: 418K->34K(448K), 0.0001570 secs] 3541K->3161K(1048512K), 0.0001970 secs] [Times: user=0.00 sys=0.00, real=0.01 secs] 
6.052: [GC6.052: [DefNew: 418K->34K(448K), 0.0001750 secs] 3545K->3166K(1048512K), 0.0002150 secs] [Times: user=0.00 sys=0.00, real=0.00 secs] 
6.061: [GC6.061: [DefNew: 418K->34K(448K), 0.0001800 secs] 3550K->3170K(1048512K), 0.0002210 secs] [Times: user=0.00 sys=0.00, real=0.00 secs] 
6.070: [GC6.070: [DefNew: 418K->34K(448K), 0.0001570 secs] 3554K->3174K(1048512K), 0.0002010 secs] [Times: user=0.00 sys=0.00, real=0.00 secs] 
6.079: [GC6.079: [DefNew: 418K->33K(448K), 0.0001740 secs] 3558K->3178K(1048512K), 0.0002160 secs] [Times: user=0.00 sys=0.00, real=0.00 secs] 
6.088: [GC6.088: [DefNew: 417K->33K(448K), 0.0001680 secs] 3562K->3182K(1048512K), 0.0002080 secs] [Times: user=0.00 sys=0.00, real=0.00 secs] 
6.098: [GC6.098: [DefNew: 417K->34K(448K), 0.0001620 secs] 3566K->3187K(1048512K), 0.0001960 secs] [Times: user=0.00 sys=0.00, real=0.00 secs] 
6.107: [GC6.107: [DefNew: 418K->34K(448K), 0.0001660 secs] 3571K->3191K(1048512K), 0.0002030 secs] [Times: user=0.00 sys=0.00, real=0.00 secs] 
6.116: [GC6.116: [DefNew: 418K->33K(448K), 0.0001600 secs] 3575K->3195K(1048512K), 0.0001970 secs] [Times: user=0.00 sys=0.00, real=0.00 secs] 
6.126: [GC6.126: [DefNew: 417K->34K(448K), 0.0001590 secs] 3579K->3200K(1048512K), 0.0001930 secs] [Times: user=0.00 sys=0.00, real=0.00 secs] 
6.135: [GC6.135: [DefNew: 418K->34K(448K), 0.0001950 secs] 3584K->3204K(1048512K), 0.0002430 secs] [Times: user=0.00 sys=0.00, real=0.00 secs] 
6.144: [GC6.144: [DefNew: 418K->34K(448K), 0.0002040 secs] 3588K->3208K(1048512K), 0.0002540 secs] [Times: user=0.00 sys=0.00, real=0.00 secs] 
6.154: [GC6.154: [DefNew: 418K->34K(448K), 0.0001730 secs] 3592K->3212K(1048512K), 0.0002110 secs] [Times: user=0.00 sys=0.00, real=0.00 secs] 
6.163: [GC6.163: [DefNew: 418K->33K(448K), 0.0001680 secs] 3596K->3216K(1048512K), 0.0002070 secs] [Times: user=0.00 sys=0.00, real=0.00 secs] 
6.172: [GC6.172: [DefNew: 417K->33K(448K), 0.0001890 secs] 3600K->3220K(1048512K), 0.0002330 secs] [Times: user=0.00 sys=0.00, real=0.01 secs] 
6.182: [GC6.182: [DefNew: 417K->34K(448K), 0.0001840 secs] 3604K->3225K(1048512K), 0.0002260 secs] [Times: user=0.00 sys=0.00, real=0.00 secs] 
6.191: [GC6.191: [DefNew: 418K->33K(448K), 0.0001680 secs] 3609K->3229K(1048512K), 0.0002030 secs] [Times: user=0.00 sys=0.00, real=0.00 secs] 
6.200: [GC6.201: [DefNew: 417K->33K(448K), 0.0001710 secs] 3613K->3233K(1048512K), 0.0002130 secs] [Times: user=0.00 sys=0.00, real=0.00 secs] 
6.210: [GC6.210: [DefNew: 417K->34K(448K), 0.0001610 secs] 3617K->3237K(1048512K), 0.0001940 secs] [Times: user=0.00 sys=0.00, real=0.00 secs] 
6.218: [GC6.218: [DefNew: 418K->33K(448K), 0.0002770 secs] 3621K->3241K(1048512K), 0.0003580 secs] [Times: user=0.00 sys=0.00, real=0.00 secs] 
6.228: [GC6.228: [DefNew: 417K->35K(448K), 0.0001670 secs] 3625K->3246K(1048512K), 0.0002210 secs] [Times: user=0.00 sys=0.00, real=0.00 secs] 
6.237: [GC6.237: [DefNew: 419K->34K(448K), 0.0001460 secs] 3630K->3250K(1048512K), 0.0001800 secs] [Times: user=0.00 sys=0.00, real=0.00 secs] 
6.245: [GC6.245: [DefNew: 418K->34K(448K), 0.0001650 secs] 3634K->3254K(1048512K), 0.0002070 secs] [Times: user=0.00 sys=0.00, real=0.00 secs] 
6.255: [GC6.255: [DefNew: 418K->34K(448K), 0.0001770 secs] 3638K->3259K(1048512K), 0.0002220 secs] [Times: user=0.00 sys=0.00, real=0.00 secs] 
6.264: [GC6.264: [DefNew: 418K->35K(448K), 0.0001550 secs] 3642K->3263K(1048512K), 0.0001920 secs] [Times: user=0.00 sys=0.00, real=0.00 secs] 
6.274: [GC6.274: [DefNew: 419K->35K(448K), 0.0002920 secs] 3647K->3268K(1048512K), 0.0003970 secs] [Times: user=0.00 sys=0.00, real=0.00 secs] 
6.283: [GC6.283: [DefNew: 419K->35K(448K), 0.0001580 secs] 3652K->3272K(1048512K), 0.0002070 secs] [Times: user=0.00 sys=0.00, real=0.00 secs] 
6.292: [GC6.292: [DefNew: 419K->35K(448K), 0.0001570 secs] 3656K->3276K(1048512K), 0.0002060 secs] [Times: user=0.00 sys=0.00, real=0.00 secs] 
6.301: [GC6.301: [DefNew: 419K->34K(448K), 0.0001700 secs] 3660K->3280K(1048512K), 0.0002070 secs] [Times: user=0.00 sys=0.00, real=0.00 secs] 
6.310: [GC6.310: [DefNew: 418K->33K(448K), 0.0001820 secs] 3664K->3284K(1048512K), 0.0002290 secs] [Times: user=0.00 sys=0.00, real=0.00 secs] 
6.320: [GC6.320: [DefNew: 417K->34K(448K), 0.0001670 secs] 3668K->3289K(1048512K), 0.0002030 secs] [Times: user=0.00 sys=0.00, real=0.00 secs] 
6.329: [GC6.329: [DefNew: 418K->34K(448K), 0.0001820 secs] 3673K->3293K(1048512K), 0.0002340 secs] [Times: user=0.00 sys=0.00, real=0.00 secs] 
6.338: [GC6.338: [DefNew: 418K->34K(448K), 0.0001890 secs] 3677K->3297K(1048512K), 0.0002420 secs] [Times: user=0.00 sys=0.00, real=0.00 secs] 
6.348: [GC6.348: [DefNew: 418K->33K(448K), 0.0001800 secs] 3681K->3302K(1048512K), 0.0002220 secs] [Times: user=0.00 sys=0.00, real=0.00 secs] 
6.357: [GC6.357: [DefNew: 417K->34K(448K), 0.0001670 secs] 3686K->3306K(1048512K), 0.0002090 secs] [Times: user=0.00 sys=0.00, real=0.00 secs] 
6.366: [GC6.366: [DefNew: 418K->34K(448K), 0.0001640 secs] 3690K->3310K(1048512K), 0.0002020 secs] [Times: user=0.00 sys=0.00, real=0.00 secs] 
6.376: [GC6.376: [DefNew: 418K->35K(448K), 0.0001650 secs] 3694K->3315K(1048512K), 0.0002040 secs] [Times: user=0.00 sys=0.00, real=0.00 secs] 
6.385: [GC6.385: [DefNew: 419K->34K(448K), 0.0001680 secs] 3699K->3319K(1048512K), 0.0002060 secs] [Times: user=0.00 sys=0.00, real=0.00 secs] 
6.394: [GC6.394: [DefNew: 418K->34K(448K), 0.0001970 secs] 3703K->3323K(1048512K), 0.0002370 secs] [Times: user=0.00 sys=0.00, real=0.00 secs] 
6.403: [GC6.403: [DefNew: 418K->34K(448K), 0.0001720 secs] 3707K->3327K(1048512K), 0.0002130 secs] [Times: user=0.00 sys=0.00, real=0.00 secs] 
6.413: [GC6.413: [DefNew: 417K->34K(448K), 0.0001660 secs] 3710K->3331K(1048512K), 0.0002020 secs] [Times: user=0.00 sys=0.00, real=0.00 secs] 
6.422: [GC6.422: [DefNew: 418K->33K(448K), 0.0001740 secs] 3715K->3335K(1048512K), 0.0002170 secs] [Times: user=0.00 sys=0.00, real=0.00 secs] 
6.432: [GC6.432: [DefNew: 417K->34K(448K), 0.0001980 secs] 3719K->3340K(1048512K), 0.0002570 secs] [Times: user=0.00 sys=0.00, real=0.00 secs] 
6.441: [GC6.441: [DefNew: 418K->34K(448K), 0.0001680 secs] 3724K->3344K(1048512K), 0.0002140 secs] [Times: user=0.00 sys=0.00, real=0.00 secs] 
6.450: [GC6.450: [DefNew: 418K->34K(448K), 0.0001450 secs] 3728K->3349K(1048512K), 0.0001840 secs] [Times: user=0.00 sys=0.00, real=0.00 secs] 
6.459: [GC6.459: [DefNew: 418K->34K(448K), 0.0001780 secs] 3733K->3353K(1048512K), 0.0002250 secs] [Times: user=0.00 sys=0.00, real=0.00 secs] 
6.469: [GC6.469: [DefNew: 418K->35K(448K), 0.0001680 secs] 3737K->3358K(1048512K), 0.0002040 secs] [Times: user=0.00 sys=0.00, real=0.00 secs] 
6.478: [GC6.478: [DefNew: 419K->34K(448K), 0.0001660 secs] 3742K->3362K(1048512K), 0.0002000 secs] [Times: user=0.00 sys=0.00, real=0.00 secs] 
6.487: [GC6.487: [DefNew: 418K->34K(448K), 0.0001650 secs] 3745K->3366K(1048512K), 0.0002020 secs] [Times: user=0.00 sys=0.00, real=0.00 secs] 
6.496: [GC6.496: [DefNew: 418K->34K(448K), 0.0001830 secs] 3750K->3370K(1048512K), 0.0002300 secs] [Times: user=0.00 sys=0.00, real=0.00 secs] 
6.505: [GC6.505: [DefNew: 418K->33K(448K), 0.0001650 secs] 3754K->3374K(1048512K), 0.0002000 secs] [Times: user=0.00 sys=0.00, real=0.00 secs] 
6.515: [GC6.515: [DefNew: 417K->34K(448K), 0.0001710 secs] 3758K->3379K(1048512K), 0.0002130 secs] [Times: user=0.00 sys=0.00, real=0.00 secs] 
6.524: [GC6.524: [DefNew: 418K->34K(448K), 0.0001840 secs] 3763K->3383K(1048512K), 0.0002330 secs] [Times: user=0.00 sys=0.00, real=0.00 secs] 
6.533: [GC6.533: [DefNew: 418K->34K(448K), 0.0001690 secs] 3767K->3387K(1048512K), 0.0002090 secs] [Times: user=0.00 sys=0.00, real=0.00 secs] 
6.542: [GC6.542: [DefNew: 418K->34K(448K), 0.0001790 secs] 3771K->3392K(1048512K), 0.0002260 secs] [Times: user=0.00 sys=0.00, real=0.01 secs] 
6.552: [GC6.552: [DefNew: 418K->35K(448K), 0.0001430 secs] 3776K->3396K(1048512K), 0.0001810 secs] [Times: user=0.00 sys=0.00, real=0.00 secs] 
6.561: [GC6.561: [DefNew: 419K->35K(448K), 0.0001590 secs] 3780K->3400K(1048512K), 0.0002150 secs] [Times: user=0.00 sys=0.00, real=0.00 secs] 
6.571: [GC6.571: [DefNew: 419K->35K(448K), 0.0001680 secs] 3784K->3405K(1048512K), 0.0002040 secs] [Times: user=0.01 sys=0.00, real=0.00 secs] 
6.580: [GC6.580: [DefNew: 419K->35K(448K), 0.0001750 secs] 3789K->3409K(1048512K), 0.0002170 secs] [Times: user=0.00 sys=0.00, real=0.00 secs] 
6.590: [GC6.590: [DefNew: 419K->34K(448K), 0.0001760 secs] 3793K->3413K(1048512K), 0.0002210 secs] [Times: user=0.00 sys=0.00, real=0.00 secs] 
6.599: [GC6.599: [DefNew: 418K->34K(448K), 0.0001980 secs] 3797K->3417K(1048512K), 0.0002370 secs] [Times: user=0.00 sys=0.00, real=0.00 secs] 
6.608: [GC6.608: [DefNew: 418K->34K(448K), 0.0001720 secs] 3801K->3421K(1048512K), 0.0002150 secs] [Times: user=0.00 sys=0.00, real=0.00 secs] 
6.617: [GC6.617: [DefNew: 418K->34K(448K), 0.0001530 secs] 3805K->3426K(1048512K), 0.0001890 secs] [Times: user=0.00 sys=0.00, real=0.00 secs] 
6.626: [GC6.626: [DefNew: 418K->34K(448K), 0.0001510 secs] 3810K->3430K(1048512K), 0.0001890 secs] [Times: user=0.00 sys=0.00, real=0.00 secs] 
6.635: [GC6.635: [DefNew: 418K->33K(448K), 0.0002850 secs] 3814K->3434K(1048512K), 0.0003630 secs] [Times: user=0.00 sys=0.00, real=0.00 secs] 
6.645: [GC6.645: [DefNew: 417K->34K(448K), 0.0001490 secs] 3818K->3439K(1048512K), 0.0001940 secs] [Times: user=0.00 sys=0.00, real=0.00 secs] 
6.654: [GC6.654: [DefNew: 418K->34K(448K), 0.0001590 secs] 3823K->3443K(1048512K), 0.0002000 secs] [Times: user=0.00 sys=0.00, real=0.00 secs] 
6.663: [GC6.663: [DefNew: 418K->34K(448K), 0.0001590 secs] 3827K->3447K(1048512K), 0.0002040 secs] [Times: user=0.00 sys=0.00, real=0.00 secs] 
6.673: [GC6.673: [DefNew: 418K->34K(448K), 0.0001610 secs] 3831K->3452K(1048512K), 0.0001990 secs] [Times: user=0.00 sys=0.00, real=0.00 secs] 
6.682: [GC6.682: [DefNew: 418K->35K(448K), 0.0001760 secs] 3836K->3456K(1048512K), 0.0002150 secs] [Times: user=0.00 sys=0.00, real=0.00 secs] 
6.691: [GC6.691: [DefNew: 419K->34K(448K), 0.0001790 secs] 3840K->3460K(1048512K), 0.0002220 secs] [Times: user=0.00 sys=0.00, real=0.00 secs] 
6.700: [GC6.700: [DefNew: 418K->34K(448K), 0.0001510 secs] 3844K->3464K(1048512K), 0.0001900 secs] [Times: user=0.00 sys=0.00, real=0.00 secs] 
6.709: [GC6.709: [DefNew: 418K->34K(448K), 0.0001640 secs] 3848K->3469K(1048512K), 0.0001990 secs] [Times: user=0.00 sys=0.00, real=0.00 secs] 
6.718: [GC6.718: [DefNew: 418K->34K(448K), 0.0001390 secs] 3853K->3473K(1048512K), 0.0001740 secs] [Times: user=0.00 sys=0.00, real=0.00 secs] 
6.728: [GC6.728: [DefNew: 417K->35K(448K), 0.0001770 secs] 3856K->3478K(1048512K), 0.0002260 secs] [Times: user=0.00 sys=0.00, real=0.00 secs] 
6.737: [GC6.737: [DefNew: 419K->34K(448K), 0.0001610 secs] 3862K->3482K(1048512K), 0.0001960 secs] [Times: user=0.00 sys=0.00, real=0.00 secs] 
6.746: [GC6.746: [DefNew: 418K->34K(448K), 0.0001710 secs] 3866K->3486K(1048512K), 0.0002100 secs] [Times: user=0.00 sys=0.00, real=0.00 secs] 
6.755: [GC6.755: [DefNew: 418K->34K(448K), 0.0001690 secs] 3870K->3490K(1048512K), 0.0002160 secs] [Times: user=0.00 sys=0.00, real=0.00 secs] 
6.764: [GC6.764: [DefNew: 418K->34K(448K), 0.0001790 secs] 3874K->3494K(1048512K), 0.0002250 secs] [Times: user=0.00 sys=0.00, real=0.00 secs] 
6.773: [GC6.773: [DefNew: 418K->34K(448K), 0.0001920 secs] 3878K->3498K(1048512K), 0.0002430 secs] [Times: user=0.00 sys=0.00, real=0.00 secs] 
6.783: [GC6.783: [DefNew: 418K->34K(448K), 0.0001690 secs] 3882K->3503K(1048512K), 0.0002220 secs] [Times: user=0.01 sys=0.00, real=0.00 secs] 
6.793: [GC6.793: [DefNew: 418K->34K(448K), 0.0001580 secs] 3887K->3508K(1048512K), 0.0002020 secs] [Times: user=0.00 sys=0.00, real=0.00 secs] 
6.802: [GC6.802: [DefNew: 418K->34K(448K), 0.0001470 secs] 3892K->3512K(1048512K), 0.0001850 secs] [Times: user=0.00 sys=0.00, real=0.00 secs] 
6.810: [GC6.810: [DefNew: 418K->34K(448K), 0.0001420 secs] 3896K->3516K(1048512K), 0.0001760 secs] [Times: user=0.00 sys=0.00, real=0.00 secs] 
6.819: [GC6.819: [DefNew: 418K->34K(448K), 0.0001470 secs] 3900K->3520K(1048512K), 0.0001820 secs] [Times: user=0.00 sys=0.00, real=0.00 secs] 
6.830: [GC6.830: [DefNew: 418K->35K(448K), 0.0001750 secs] 3904K->3525K(1048512K), 0.0002190 secs] [Times: user=0.00 sys=0.00, real=0.00 secs] 
6.838: [GC6.838: [DefNew: 419K->34K(448K), 0.0001560 secs] 3909K->3529K(1048512K), 0.0001920 secs] [Times: user=0.00 sys=0.00, real=0.00 secs] 
6.847: [GC6.847: [DefNew: 418K->34K(448K), 0.0001750 secs] 3913K->3533K(1048512K), 0.0002370 secs] [Times: user=0.00 sys=0.00, real=0.00 secs] 
6.856: [GC6.856: [DefNew: 418K->33K(448K), 0.0001670 secs] 3917K->3537K(1048512K), 0.0002290 secs] [Times: user=0.00 sys=0.00, real=0.00 secs] 
6.866: [GC6.866: [DefNew: 417K->34K(448K), 0.0001510 secs] 3921K->3541K(1048512K), 0.0001910 secs] [Times: user=0.00 sys=0.00, real=0.00 secs] 
6.875: [GC6.875: [DefNew: 418K->34K(448K), 0.0001850 secs] 3925K->3546K(1048512K), 0.0002340 secs] [Times: user=0.00 sys=0.00, real=0.00 secs] 
6.884: [GC6.884: [DefNew: 418K->34K(448K), 0.0001730 secs] 3930K->3550K(1048512K), 0.0002130 secs] [Times: user=0.00 sys=0.00, real=0.00 secs] 
6.893: [GC6.893: [DefNew: 418K->33K(448K), 0.0001690 secs] 3934K->3554K(1048512K), 0.0002200 secs] [Times: user=0.00 sys=0.00, real=0.00 secs] 
6.903: [GC6.903: [DefNew: 417K->33K(448K), 0.0001700 secs] 3938K->3558K(1048512K), 0.0002080 secs] [Times: user=0.00 sys=0.00, real=0.00 secs] 
6.912: [GC6.912: [DefNew: 417K->34K(448K), 0.0001670 secs] 3942K->3562K(1048512K), 0.0002040 secs] [Times: user=0.00 sys=0.00, real=0.00 secs] 
6.921: [GC6.921: [DefNew: 418K->34K(448K), 0.0001890 secs] 3946K->3566K(1048512K), 0.0002420 secs] [Times: user=0.00 sys=0.00, real=0.00 secs] 
6.931: [GC6.931: [DefNew: 417K->34K(448K), 0.0001970 secs] 3950K->3571K(1048512K), 0.0002450 secs] [Times: user=0.00 sys=0.00, real=0.00 secs] 
6.940: [GC6.940: [DefNew: 418K->34K(448K), 0.0002070 secs] 3955K->3575K(1048512K), 0.0002700 secs] [Times: user=0.00 sys=0.00, real=0.00 secs] 
6.949: [GC6.949: [DefNew: 418K->33K(448K), 0.0001870 secs] 3959K->3579K(1048512K), 0.0002340 secs] [Times: user=0.00 sys=0.00, real=0.00 secs] 
6.959: [GC6.959: [DefNew: 417K->34K(448K), 0.0001930 secs] 3963K->3583K(1048512K), 0.0002550 secs] [Times: user=0.00 sys=0.00, real=0.00 secs] 
6.968: [GC6.968: [DefNew: 418K->34K(448K), 0.0001770 secs] 3967K->3588K(1048512K), 0.0002210 secs] [Times: user=0.00 sys=0.00, real=0.00 secs] 
6.977: [GC6.977: [DefNew: 418K->34K(448K), 0.0001650 secs] 3972K->3592K(1048512K), 0.0002010 secs] [Times: user=0.00 sys=0.00, real=0.00 secs] 
6.987: [GC6.987: [DefNew: 418K->34K(448K), 0.0001720 secs] 3976K->3596K(1048512K), 0.0002110 secs] [Times: user=0.00 sys=0.00, real=0.00 secs] 
6.996: [GC6.996: [DefNew: 418K->34K(448K), 0.0001540 secs] 3980K->3600K(1048512K), 0.0001940 secs] [Times: user=0.00 sys=0.00, real=0.00 secs] 
7.005: [GC7.005: [DefNew: 418K->34K(448K), 0.0001590 secs] 3984K->3604K(1048512K), 0.0002000 secs] [Times: user=0.00 sys=0.00, real=0.00 secs] 
7.015: [GC7.015: [DefNew: 418K->34K(448K), 0.0001640 secs] 3988K->3609K(1048512K), 0.0002020 secs] [Times: user=0.00 sys=0.00, real=0.00 secs] 
7.024: [GC7.024: [DefNew: 418K->34K(448K), 0.0001720 secs] 3993K->3613K(1048512K), 0.0002170 secs] [Times: user=0.00 sys=0.00, real=0.00 secs] 
7.033: [GC7.033: [DefNew: 418K->33K(448K), 0.0001750 secs] 3997K->3617K(1048512K), 0.0002180 secs] [Times: user=0.00 sys=0.00, real=0.00 secs] 
7.043: [GC7.043: [DefNew: 417K->34K(448K), 0.0001700 secs] 4001K->3622K(1048512K), 0.0002090 secs] [Times: user=0.00 sys=0.00, real=0.00 secs] 
7.052: [GC7.052: [DefNew: 418K->33K(448K), 0.0004790 secs] 4006K->3626K(1048512K), 0.0005680 secs] [Times: user=0.00 sys=0.00, real=0.00 secs] 
7.062: [GC7.062: [DefNew: 417K->34K(448K), 0.0001460 secs] 4010K->3630K(1048512K), 0.0002000 secs] [Times: user=0.00 sys=0.00, real=0.00 secs] 
7.071: [GC7.071: [DefNew: 418K->35K(448K), 0.0001430 secs] 4014K->3635K(1048512K), 0.0001770 secs] [Times: user=0.00 sys=0.00, real=0.00 secs] 
7.080: [GC7.080: [DefNew: 418K->34K(448K), 0.0001830 secs] 4019K->3639K(1048512K), 0.0002300 secs] [Times: user=0.00 sys=0.00, real=0.00 secs] 
7.089: [GC7.089: [DefNew: 418K->34K(448K), 0.0001760 secs] 4023K->3643K(1048512K), 0.0002150 secs] [Times: user=0.00 sys=0.00, real=0.00 secs] 
7.099: [GC7.099: [DefNew: 418K->35K(448K), 0.0001910 secs] 4027K->3648K(1048512K), 0.0002400 secs] [Times: user=0.00 sys=0.00, real=0.00 secs] 
7.108: [GC7.108: [DefNew: 419K->34K(448K), 0.0002340 secs] 4032K->3652K(1048512K), 0.0002930 secs] [Times: user=0.00 sys=0.00, real=0.00 secs] 
7.117: [GC7.117: [DefNew: 418K->35K(448K), 0.0001820 secs] 4036K->3656K(1048512K), 0.0002260 secs] [Times: user=0.00 sys=0.00, real=0.00 secs] 
7.126: [GC7.126: [DefNew: 419K->35K(448K), 0.0002020 secs] 4040K->3661K(1048512K), 0.0002660 secs] [Times: user=0.00 sys=0.00, real=0.00 secs] 
7.136: [GC7.136: [DefNew: 419K->35K(448K), 0.0001800 secs] 4045K->3666K(1048512K), 0.0002390 secs] [Times: user=0.00 sys=0.00, real=0.00 secs] 
7.145: [GC7.145: [DefNew: 419K->35K(448K), 0.0001560 secs] 4050K->3670K(1048512K), 0.0002000 secs] [Times: user=0.00 sys=0.00, real=0.00 secs] 
7.154: [GC7.154: [DefNew: 419K->35K(448K), 0.0001590 secs] 4054K->3674K(1048512K), 0.0001990 secs] [Times: user=0.00 sys=0.00, real=0.00 secs] 
7.163: [GC7.163: [DefNew: 419K->34K(448K), 0.0001850 secs] 4058K->3678K(1048512K), 0.0002320 secs] [Times: user=0.00 sys=0.00, real=0.00 secs] 
7.173: [GC7.173: [DefNew: 418K->35K(448K), 0.0001820 secs] 4062K->3683K(1048512K), 0.0002360 secs] [Times: user=0.00 sys=0.00, real=0.00 secs] 
7.182: [GC7.182: [DefNew: 419K->35K(448K), 0.0001900 secs] 4067K->3687K(1048512K), 0.0002350 secs] [Times: user=0.00 sys=0.00, real=0.00 secs] 
7.191: [GC7.191: [DefNew: 419K->34K(448K), 0.0002190 secs] 4071K->3691K(1048512K), 0.0003090 secs] [Times: user=0.00 sys=0.00, real=0.00 secs] 
7.201: [GC7.201: [DefNew: 418K->34K(448K), 0.0001840 secs] 4075K->3696K(1048512K), 0.0002320 secs] [Times: user=0.00 sys=0.00, real=0.00 secs] 
7.210: [GC7.210: [DefNew: 418K->34K(448K), 0.0001820 secs] 4080K->3700K(1048512K), 0.0002240 secs] [Times: user=0.00 sys=0.00, real=0.00 secs] 
7.219: [GC7.219: [DefNew: 418K->34K(448K), 0.0001770 secs] 4084K->3704K(1048512K), 0.0002210 secs] [Times: user=0.00 sys=0.00, real=0.00 secs] 
7.229: [GC7.229: [DefNew: 417K->34K(448K), 0.0001750 secs] 4087K->3708K(1048512K), 0.0002150 secs] [Times: user=0.00 sys=0.00, real=0.00 secs] 
7.238: [GC7.238: [DefNew: 418K->34K(448K), 0.0001790 secs] 4092K->3713K(1048512K), 0.0002220 secs] [Times: user=0.00 sys=0.00, real=0.00 secs] 
7.247: [GC7.247: [DefNew: 418K->34K(448K), 0.0001610 secs] 4097K->3717K(1048512K), 0.0001980 secs] [Times: user=0.00 sys=0.00, real=0.00 secs] 
7.256: [GC7.256: [DefNew: 418K->34K(448K), 0.0001590 secs] 4101K->3721K(1048512K), 0.0001950 secs] [Times: user=0.00 sys=0.00, real=0.00 secs] 
7.265: [GC7.265: [DefNew: 418K->34K(448K), 0.0001890 secs] 4105K->3725K(1048512K), 0.0002430 secs] [Times: user=0.00 sys=0.00, real=0.00 secs] 
7.275: [GC7.275: [DefNew: 418K->35K(448K), 0.0001810 secs] 4109K->3731K(1048512K), 0.0002370 secs] [Times: user=0.00 sys=0.00, real=0.00 secs] 
7.284: [GC7.284: [DefNew: 419K->35K(448K), 0.0001770 secs] 4115K->3735K(1048512K), 0.0002280 secs] [Times: user=0.00 sys=0.00, real=0.00 secs] 
7.294: [GC7.294: [DefNew: 419K->35K(448K), 0.0001660 secs] 4119K->3739K(1048512K), 0.0002170 secs] [Times: user=0.00 sys=0.00, real=0.00 secs] 
7.303: [GC7.303: [DefNew: 418K->34K(448K), 0.0001410 secs] 4123K->3743K(1048512K), 0.0001800 secs] [Times: user=0.00 sys=0.00, real=0.00 secs] 
7.312: [GC7.312: [DefNew: 418K->34K(448K), 0.0001790 secs] 4127K->3747K(1048512K), 0.0002210 secs] [Times: user=0.00 sys=0.00, real=0.00 secs] 
7.321: [GC7.321: [DefNew: 418K->35K(448K), 0.0001760 secs] 4131K->3752K(1048512K), 0.0002190 secs] [Times: user=0.00 sys=0.00, real=0.00 secs] 
7.331: [GC7.331: [DefNew: 419K->35K(448K), 0.0001910 secs] 4136K->3756K(1048512K), 0.0002360 secs] [Times: user=0.00 sys=0.00, real=0.00 secs] 
7.340: [GC7.340: [DefNew: 419K->34K(448K), 0.0001640 secs] 4140K->3760K(1048512K), 0.0001990 secs] [Times: user=0.00 sys=0.00, real=0.00 secs] 
7.349: [GC7.349: [DefNew: 418K->34K(448K), 0.0001740 secs] 4144K->3764K(1048512K), 0.0002130 secs] [Times: user=0.00 sys=0.00, real=0.00 secs] 
7.359: [GC7.359: [DefNew: 418K->34K(448K), 0.0001670 secs] 4148K->3769K(1048512K), 0.0002030 secs] [Times: user=0.00 sys=0.00, real=0.00 secs] 
7.367: [GC7.367: [DefNew: 418K->33K(448K), 0.0001660 secs] 4153K->3772K(1048512K), 0.0002120 secs] [Times: user=0.00 sys=0.00, real=0.00 secs] 
7.377: [GC7.377: [DefNew: 417K->34K(448K), 0.0002190 secs] 4156K->3777K(1048512K), 0.0002800 secs] [Times: user=0.00 sys=0.00, real=0.00 secs] 
7.386: [GC7.386: [DefNew: 418K->34K(448K), 0.0001690 secs] 4161K->3781K(1048512K), 0.0002070 secs] [Times: user=0.00 sys=0.00, real=0.00 secs] 
7.394: [GC7.394: [DefNew: 418K->32K(448K), 0.0001640 secs] 4165K->3784K(1048512K), 0.0002140 secs] [Times: user=0.00 sys=0.00, real=0.00 secs] 
7.404: [GC7.404: [DefNew: 416K->33K(448K), 0.0001660 secs] 4168K->3789K(1048512K), 0.0002030 secs] [Times: user=0.00 sys=0.00, real=0.00 secs] 
7.413: [GC7.413: [DefNew: 416K->33K(448K), 0.0001680 secs] 4172K->3793K(1048512K), 0.0002070 secs] [Times: user=0.00 sys=0.00, real=0.00 secs] 
7.424: [GC7.424: [DefNew: 417K->33K(448K), 0.0001780 secs] 4177K->3797K(1048512K), 0.0002170 secs] [Times: user=0.01 sys=0.00, real=0.00 secs] 
7.431: [GC7.431: [DefNew: 417K->32K(448K), 0.0001590 secs] 4181K->3801K(1048512K), 0.0001930 secs] [Times: user=0.00 sys=0.00, real=0.00 secs] 
7.441: [GC7.441: [DefNew: 416K->33K(448K), 0.0001660 secs] 4185K->3805K(1048512K), 0.0002040 secs] [Times: user=0.00 sys=0.00, real=0.00 secs] 
7.450: [GC7.450: [DefNew: 417K->33K(448K), 0.0001580 secs] 4189K->3810K(1048512K), 0.0001930 secs] [Times: user=0.00 sys=0.00, real=0.00 secs] 
7.459: [GC7.459: [DefNew: 417K->33K(448K), 0.0001590 secs] 4194K->3814K(1048512K), 0.0002030 secs] [Times: user=0.00 sys=0.00, real=0.00 secs] 
7.469: [GC7.469: [DefNew: 417K->34K(448K), 0.0003600 secs] 4198K->3818K(1048512K), 0.0004320 secs] [Times: user=0.00 sys=0.00, real=0.00 secs] 
7.478: [GC7.478: [DefNew: 418K->34K(448K), 0.0001660 secs] 4202K->3822K(1048512K), 0.0002080 secs] [Times: user=0.00 sys=0.00, real=0.00 secs] 
7.487: [GC7.488: [DefNew: 417K->34K(448K), 0.0001410 secs] 4206K->3827K(1048512K), 0.0001860 secs] [Times: user=0.00 sys=0.00, real=0.00 secs] 
7.497: [GC7.497: [DefNew: 418K->34K(448K), 0.0001550 secs] 4211K->3831K(1048512K), 0.0001970 secs] [Times: user=0.00 sys=0.00, real=0.00 secs] 
7.506: [GC7.506: [DefNew: 418K->34K(448K), 0.0001420 secs] 4215K->3835K(1048512K), 0.0001760 secs] [Times: user=0.00 sys=0.00, real=0.00 secs] 
7.515: [GC7.515: [DefNew: 418K->34K(448K), 0.0001740 secs] 4219K->3839K(1048512K), 0.0002130 secs] [Times: user=0.00 sys=0.00, real=0.00 secs] 
7.525: [GC7.525: [DefNew: 418K->34K(448K), 0.0001960 secs] 4223K->3844K(1048512K), 0.0002480 secs] [Times: user=0.00 sys=0.00, real=0.00 secs] 
7.534: [GC7.534: [DefNew: 418K->34K(448K), 0.0001740 secs] 4228K->3848K(1048512K), 0.0002130 secs] [Times: user=0.00 sys=0.00, real=0.00 secs] 
7.543: [GC7.543: [DefNew: 418K->34K(448K), 0.0001600 secs] 4232K->3852K(1048512K), 0.0002000 secs] [Times: user=0.00 sys=0.00, real=0.00 secs] 
7.553: [GC7.553: [DefNew: 418K->34K(448K), 0.0001470 secs] 4236K->3857K(1048512K), 0.0001870 secs] [Times: user=0.00 sys=0.00, real=0.00 secs] 
7.562: [GC7.562: [DefNew: 418K->33K(448K), 0.0001700 secs] 4240K->3861K(1048512K), 0.0002070 secs] [Times: user=0.00 sys=0.00, real=0.00 secs] 
7.571: [GC7.571: [DefNew: 417K->33K(448K), 0.0001550 secs] 4245K->3865K(1048512K), 0.0001990 secs] [Times: user=0.00 sys=0.00, real=0.00 secs] 
7.580: [GC7.581: [DefNew: 417K->34K(448K), 0.0001690 secs] 4249K->3870K(1048512K), 0.0002080 secs] [Times: user=0.00 sys=0.00, real=0.00 secs] 
7.590: [GC7.590: [DefNew: 418K->34K(448K), 0.0001580 secs] 4254K->3874K(1048512K), 0.0001990 secs] [Times: user=0.00 sys=0.00, real=0.00 secs] 
7.599: [GC7.599: [DefNew: 418K->34K(448K), 0.0001640 secs] 4258K->3878K(1048512K), 0.0002010 secs] [Times: user=0.00 sys=0.00, real=0.00 secs] 
7.608: [GC7.608: [DefNew: 418K->34K(448K), 0.0001650 secs] 4262K->3882K(1048512K), 0.0002040 secs] [Times: user=0.00 sys=0.00, real=0.00 secs] 
7.617: [GC7.617: [DefNew: 418K->33K(448K), 0.0001750 secs] 4266K->3886K(1048512K), 0.0002160 secs] [Times: user=0.00 sys=0.00, real=0.00 secs] 
7.627: [GC7.627: [DefNew: 417K->34K(448K), 0.0001490 secs] 4270K->3890K(1048512K), 0.0001940 secs] [Times: user=0.00 sys=0.00, real=0.00 secs] 
7.636: [GC7.636: [DefNew: 418K->34K(448K), 0.0001920 secs] 4274K->3895K(1048512K), 0.0002480 secs] [Times: user=0.00 sys=0.00, real=0.00 secs] 
7.645: [GC7.645: [DefNew: 418K->34K(448K), 0.0001690 secs] 4279K->3899K(1048512K), 0.0002160 secs] [Times: user=0.00 sys=0.00, real=0.00 secs] 
7.655: [GC7.655: [DefNew: 418K->33K(448K), 0.0001860 secs] 4283K->3903K(1048512K), 0.0002370 secs] [Times: user=0.00 sys=0.00, real=0.00 secs] 
7.664: [GC7.664: [DefNew: 417K->33K(448K), 0.0002380 secs] 4287K->3907K(1048512K), 0.0003020 secs] [Times: user=0.00 sys=0.00, real=0.00 secs] 
7.674: [GC7.674: [DefNew: 417K->33K(448K), 0.0003890 secs] 4291K->3911K(1048512K), 0.0004870 secs] [Times: user=0.00 sys=0.00, real=0.00 secs] 
7.683: [GC7.683: [DefNew: 417K->34K(448K), 0.0001510 secs] 4295K->3915K(1048512K), 0.0001950 secs] [Times: user=0.00 sys=0.00, real=0.00 secs] 
7.693: [GC7.693: [DefNew: 418K->34K(448K), 0.0001540 secs] 4299K->3920K(1048512K), 0.0002000 secs] [Times: user=0.00 sys=0.00, real=0.00 secs] 
7.702: [GC7.702: [DefNew: 418K->34K(448K), 0.0001570 secs] 4304K->3924K(1048512K), 0.0002030 secs] [Times: user=0.00 sys=0.00, real=0.00 secs] 
7.711: [GC7.711: [DefNew: 418K->33K(448K), 0.0001930 secs] 4308K->3928K(1048512K), 0.0002430 secs] [Times: user=0.00 sys=0.00, real=0.00 secs] 
7.720: [GC7.720: [DefNew: 417K->33K(448K), 0.0001750 secs] 4312K->3932K(1048512K), 0.0002230 secs] [Times: user=0.00 sys=0.00, real=0.00 secs] 
7.729: [GC7.729: [DefNew: 417K->33K(448K), 0.0002100 secs] 4316K->3936K(1048512K), 0.0002730 secs] [Times: user=0.00 sys=0.00, real=0.00 secs] 
7.738: [GC7.739: [DefNew: 417K->33K(448K), 0.0002610 secs] 4320K->3940K(1048512K), 0.0003370 secs] [Times: user=0.00 sys=0.00, real=0.00 secs] 
7.748: [GC7.748: [DefNew: 417K->33K(448K), 0.0002060 secs] 4324K->3944K(1048512K), 0.0002670 secs] [Times: user=0.00 sys=0.00, real=0.00 secs] 
7.757: [GC7.757: [DefNew: 417K->33K(448K), 0.0001820 secs] 4328K->3948K(1048512K), 0.0002330 secs] [Times: user=0.00 sys=0.00, real=0.00 secs] 
7.766: [GC7.766: [DefNew: 417K->33K(448K), 0.0001760 secs] 4332K->3952K(1048512K), 0.0002230 secs] [Times: user=0.00 sys=0.00, real=0.00 secs] 
7.775: [GC7.775: [DefNew: 417K->33K(448K), 0.0001710 secs] 4336K->3956K(1048512K), 0.0002110 secs] [Times: user=0.00 sys=0.00, real=0.00 secs] 
7.784: [GC7.784: [DefNew: 417K->33K(448K), 0.0002070 secs] 4340K->3960K(1048512K), 0.0002650 secs] [Times: user=0.00 sys=0.00, real=0.00 secs] 
7.794: [GC7.794: [DefNew: 417K->33K(448K), 0.0001570 secs] 4344K->3965K(1048512K), 0.0002020 secs] [Times: user=0.00 sys=0.00, real=0.00 secs] 
7.803: [GC7.803: [DefNew: 417K->33K(448K), 0.0001650 secs] 4349K->3969K(1048512K), 0.0002070 secs] [Times: user=0.00 sys=0.00, real=0.00 secs] 
7.812: [GC7.812: [DefNew: 417K->33K(448K), 0.0002250 secs] 4353K->3973K(1048512K), 0.0002780 secs] [Times: user=0.00 sys=0.00, real=0.00 secs] 
7.822: [GC7.822: [DefNew: 417K->33K(448K), 0.0001800 secs] 4357K->3977K(1048512K), 0.0002280 secs] [Times: user=0.00 sys=0.00, real=0.00 secs] 
7.831: [GC7.831: [DefNew: 417K->33K(448K), 0.0001650 secs] 4361K->3981K(1048512K), 0.0002090 secs] [Times: user=0.00 sys=0.00, real=0.00 secs] 
7.840: [GC7.840: [DefNew: 417K->33K(448K), 0.0001680 secs] 4365K->3985K(1048512K), 0.0002180 secs] [Times: user=0.01 sys=0.00, real=0.00 secs] 
7.850: [GC7.850: [DefNew: 417K->34K(448K), 0.0001770 secs] 4369K->3990K(1048512K), 0.0002360 secs] [Times: user=0.00 sys=0.00, real=0.00 secs] 
7.859: [GC7.859: [DefNew: 418K->34K(448K), 0.0001690 secs] 4374K->3995K(1048512K), 0.0002080 secs] [Times: user=0.00 sys=0.00, real=0.00 secs] 
7.868: [GC7.868: [DefNew: 418K->35K(448K), 0.0001750 secs] 4379K->4000K(1048512K), 0.0002150 secs] [Times: user=0.00 sys=0.00, real=0.00 secs] 
7.878: [GC7.878: [DefNew: 418K->35K(448K), 0.0002160 secs] 4383K->4004K(1048512K), 0.0002660 secs] [Times: user=0.00 sys=0.00, real=0.00 secs] 
7.887: [GC7.887: [DefNew: 419K->35K(448K), 0.0001860 secs] 4388K->4008K(1048512K), 0.0002450 secs] [Times: user=0.00 sys=0.00, real=0.00 secs] 
7.896: [GC7.896: [DefNew: 419K->35K(448K), 0.0001550 secs] 4392K->4012K(1048512K), 0.0001990 secs] [Times: user=0.00 sys=0.00, real=0.00 secs] 
7.905: [GC7.906: [DefNew: 419K->35K(448K), 0.0001410 secs] 4396K->4016K(1048512K), 0.0001760 secs] [Times: user=0.00 sys=0.00, real=0.00 secs] 
7.913: [GC7.913: [DefNew: 418K->34K(448K), 0.0001910 secs] 4400K->4020K(1048512K), 0.0002440 secs] [Times: user=0.00 sys=0.00, real=0.00 secs] 
7.922: [GC7.922: [DefNew: 418K->34K(448K), 0.0009070 secs] 4404K->4089K(1048512K), 0.0009650 secs] [Times: user=0.00 sys=0.00, real=0.01 secs] 
7.932: [GC7.932: [DefNew: 418K->34K(448K), 0.0001890 secs] 4473K->4093K(1048512K), 0.0002410 secs] [Times: user=0.00 sys=0.00, real=0.01 secs] 
7.942: [GC7.942: [DefNew: 418K->34K(448K), 0.0001760 secs] 4477K->4098K(1048512K), 0.0002170 secs] [Times: user=0.00 sys=0.00, real=0.00 secs] 
7.951: [GC7.951: [DefNew: 418K->34K(448K), 0.0001770 secs] 4482K->4102K(1048512K), 0.0002200 secs] [Times: user=0.00 sys=0.00, real=0.00 secs] 
7.960: [GC7.960: [DefNew: 418K->34K(448K), 0.0001720 secs] 4486K->4106K(1048512K), 0.0002110 secs] [Times: user=0.00 sys=0.00, real=0.00 secs] 
7.969: [GC7.969: [DefNew: 418K->34K(448K), 0.0001750 secs] 4490K->4110K(1048512K), 0.0002200 secs] [Times: user=0.00 sys=0.00, real=0.00 secs] 
7.978: [GC7.978: [DefNew: 418K->33K(448K), 0.0001610 secs] 4494K->4114K(1048512K), 0.0002010 secs] [Times: user=0.00 sys=0.00, real=0.00 secs] 
7.988: [GC7.988: [DefNew: 417K->34K(448K), 0.0001680 secs] 4498K->4118K(1048512K), 0.0002030 secs] [Times: user=0.00 sys=0.00, real=0.00 secs] 
7.997: [GC7.997: [DefNew: 418K->33K(448K), 0.0001820 secs] 4502K->4122K(1048512K), 0.0002290 secs] [Times: user=0.00 sys=0.00, real=0.00 secs] 
8.006: [GC8.006: [DefNew: 417K->33K(448K), 0.0001720 secs] 4506K->4126K(1048512K), 0.0002280 secs] [Times: user=0.00 sys=0.00, real=0.00 secs] 
8.015: [GC8.015: [DefNew: 417K->33K(448K), 0.0002160 secs] 4510K->4130K(1048512K), 0.0002930 secs] [Times: user=0.00 sys=0.00, real=0.00 secs] 
8.023: [GC8.023: [DefNew: 417K->33K(448K), 0.0001920 secs] 4514K->4134K(1048512K), 0.0002390 secs] [Times: user=0.00 sys=0.00, real=0.00 secs] 
8.033: [GC8.033: [DefNew: 417K->33K(448K), 0.0001690 secs] 4518K->4139K(1048512K), 0.0002080 secs] [Times: user=0.00 sys=0.00, real=0.00 secs] 
8.042: [GC8.042: [DefNew: 417K->33K(448K), 0.0001710 secs] 4523K->4143K(1048512K), 0.0002100 secs] [Times: user=0.00 sys=0.00, real=0.00 secs] 
8.051: [GC8.051: [DefNew: 417K->33K(448K), 0.0001880 secs] 4527K->4148K(1048512K), 0.0002290 secs] [Times: user=0.00 sys=0.00, real=0.00 secs] 
8.060: [GC8.060: [DefNew: 417K->33K(448K), 0.0001700 secs] 4532K->4152K(1048512K), 0.0002090 secs] [Times: user=0.00 sys=0.00, real=0.00 secs] 
8.070: [GC8.070: [DefNew: 417K->34K(448K), 0.0001560 secs] 4536K->4156K(1048512K), 0.0002030 secs] [Times: user=0.00 sys=0.00, real=0.00 secs] 
8.079: [GC8.079: [DefNew: 418K->34K(448K), 0.0001590 secs] 4540K->4161K(1048512K), 0.0001940 secs] [Times: user=0.00 sys=0.00, real=0.00 secs] 
8.088: [GC8.088: [DefNew: 418K->34K(448K), 0.0001710 secs] 4545K->4165K(1048512K), 0.0002130 secs] [Times: user=0.00 sys=0.00, real=0.00 secs] 
8.098: [GC8.098: [DefNew: 418K->34K(448K), 0.0001840 secs] 4549K->4169K(1048512K), 0.0002420 secs] [Times: user=0.00 sys=0.00, real=0.00 secs] 
8.107: [GC8.107: [DefNew: 418K->34K(448K), 0.0001500 secs] 4553K->4173K(1048512K), 0.0001940 secs] [Times: user=0.00 sys=0.00, real=0.00 secs] 
8.116: [GC8.116: [DefNew: 418K->34K(448K), 0.0001470 secs] 4557K->4177K(1048512K), 0.0002030 secs] [Times: user=0.00 sys=0.00, real=0.00 secs] 
8.125: [GC8.125: [DefNew: 418K->34K(448K), 0.0001450 secs] 4561K->4181K(1048512K), 0.0001820 secs] [Times: user=0.00 sys=0.00, real=0.00 secs] 
8.134: [GC8.134: [DefNew: 418K->34K(448K), 0.0001940 secs] 4565K->4186K(1048512K), 0.0002360 secs] [Times: user=0.00 sys=0.00, real=0.00 secs] 
8.143: [GC8.143: [DefNew: 418K->34K(448K), 0.0001670 secs] 4570K->4190K(1048512K), 0.0002030 secs] [Times: user=0.00 sys=0.00, real=0.00 secs] 
8.152: [GC8.152: [DefNew: 418K->33K(448K), 0.0001670 secs] 4574K->4194K(1048512K), 0.0002020 secs] [Times: user=0.00 sys=0.00, real=0.00 secs] 
8.162: [GC8.162: [DefNew: 417K->34K(448K), 0.0001680 secs] 4578K->4199K(1048512K), 0.0002020 secs] [Times: user=0.00 sys=0.00, real=0.00 secs] 
8.170: [GC8.170: [DefNew: 418K->34K(448K), 0.0001780 secs] 4583K->4203K(1048512K), 0.0002160 secs] [Times: user=0.00 sys=0.00, real=0.00 secs] 
8.180: [GC8.180: [DefNew: 418K->35K(448K), 0.0001670 secs] 4587K->4208K(1048512K), 0.0002110 secs] [Times: user=0.00 sys=0.00, real=0.00 secs] 
8.189: [GC8.189: [DefNew: 419K->35K(448K), 0.0002120 secs] 4592K->4212K(1048512K), 0.0002570 secs] [Times: user=0.00 sys=0.00, real=0.00 secs] 
8.199: [GC8.199: [DefNew: 419K->35K(448K), 0.0001440 secs] 4596K->4217K(1048512K), 0.0001970 secs] [Times: user=0.00 sys=0.00, real=0.00 secs] 
8.208: [GC8.208: [DefNew: 419K->34K(448K), 0.0001660 secs] 4601K->4221K(1048512K), 0.0002020 secs] [Times: user=0.00 sys=0.00, real=0.00 secs] 
8.217: [GC8.217: [DefNew: 418K->34K(448K), 0.0001630 secs] 4605K->4225K(1048512K), 0.0002010 secs] [Times: user=0.00 sys=0.00, real=0.00 secs] 
8.226: [GC8.226: [DefNew: 418K->34K(448K), 0.0001680 secs] 4609K->4229K(1048512K), 0.0002090 secs] [Times: user=0.00 sys=0.00, real=0.00 secs] 
8.236: [GC8.236: [DefNew: 418K->34K(448K), 0.0001750 secs] 4613K->4233K(1048512K), 0.0002240 secs] [Times: user=0.00 sys=0.00, real=0.00 secs] 
8.245: [GC8.245: [DefNew: 418K->33K(448K), 0.0001560 secs] 4617K->4237K(1048512K), 0.0001890 secs] [Times: user=0.00 sys=0.00, real=0.00 secs] 
8.254: [GC8.254: [DefNew: 417K->33K(448K), 0.0001540 secs] 4621K->4241K(1048512K), 0.0001880 secs] [Times: user=0.00 sys=0.00, real=0.00 secs] 
8.263: [GC8.263: [DefNew: 417K->33K(448K), 0.0001570 secs] 4625K->4245K(1048512K), 0.0002010 secs] [Times: user=0.00 sys=0.00, real=0.00 secs] 
8.271: [GC8.271: [DefNew: 417K->32K(448K), 0.0001640 secs] 4629K->4249K(1048512K), 0.0002020 secs] [Times: user=0.00 sys=0.00, real=0.00 secs] 
8.280: [GC8.280: [DefNew: 416K->32K(448K), 0.0002080 secs] 4633K->4252K(1048512K), 0.0002710 secs] [Times: user=0.00 sys=0.00, real=0.00 secs] 
8.290: [GC8.290: [DefNew: 416K->33K(448K), 0.0003030 secs] 4636K->4257K(1048512K), 0.0003690 secs] [Times: user=0.00 sys=0.00, real=0.00 secs] 
8.299: [GC8.299: [DefNew: 417K->33K(448K), 0.0002930 secs] 4641K->4262K(1048512K), 0.0003780 secs] [Times: user=0.00 sys=0.00, real=0.00 secs] 
8.308: [GC8.309: [DefNew: 417K->33K(448K), 0.0003960 secs] 4646K->4266K(1048512K), 0.0005220 secs] [Times: user=0.00 sys=0.00, real=0.00 secs] 
8.318: [GC8.318: [DefNew: 417K->33K(448K), 0.0001940 secs] 4650K->4270K(1048512K), 0.0002470 secs] [Times: user=0.00 sys=0.00, real=0.00 secs] 
8.328: [GC8.328: [DefNew: 417K->35K(448K), 0.0002130 secs] 4654K->4276K(1048512K), 0.0002610 secs] [Times: user=0.00 sys=0.00, real=0.00 secs] 
8.337: [GC8.337: [DefNew: 419K->35K(448K), 0.0001750 secs] 4660K->4280K(1048512K), 0.0002170 secs] [Times: user=0.00 sys=0.00, real=0.00 secs] 
8.346: [GC8.346: [DefNew: 419K->35K(448K), 0.0001590 secs] 4664K->4284K(1048512K), 0.0001940 secs] [Times: user=0.00 sys=0.00, real=0.00 secs] 
8.356: [GC8.356: [DefNew: 419K->35K(448K), 0.0001680 secs] 4668K->4288K(1048512K), 0.0002140 secs] [Times: user=0.01 sys=0.00, real=0.00 secs] 
8.365: [GC8.365: [DefNew: 419K->34K(448K), 0.0001650 secs] 4672K->4292K(1048512K), 0.0002030 secs] [Times: user=0.00 sys=0.00, real=0.00 secs] 
8.374: [GC8.374: [DefNew: 418K->34K(448K), 0.0001740 secs] 4676K->4296K(1048512K), 0.0002170 secs] [Times: user=0.00 sys=0.00, real=0.00 secs] 
8.384: [GC8.384: [DefNew: 418K->34K(448K), 0.0001740 secs] 4680K->4300K(1048512K), 0.0002140 secs] [Times: user=0.00 sys=0.00, real=0.00 secs] 
8.393: [GC8.393: [DefNew: 418K->34K(448K), 0.0001860 secs] 4684K->4305K(1048512K), 0.0002230 secs] [Times: user=0.00 sys=0.00, real=0.00 secs] 
8.401: [GC8.401: [DefNew: 418K->33K(448K), 0.0001670 secs] 4689K->4308K(1048512K), 0.0002080 secs] [Times: user=0.00 sys=0.00, real=0.00 secs] 
8.411: [GC8.411: [DefNew: 417K->33K(448K), 0.0001720 secs] 4692K->4312K(1048512K), 0.0002110 secs] [Times: user=0.00 sys=0.00, real=0.00 secs] 
8.420: [GC8.420: [DefNew: 417K->33K(448K), 0.0001510 secs] 4696K->4317K(1048512K), 0.0001940 secs] [Times: user=0.00 sys=0.00, real=0.00 secs] 
8.429: [GC8.429: [DefNew: 417K->33K(448K), 0.0001660 secs] 4701K->4321K(1048512K), 0.0002050 secs] [Times: user=0.00 sys=0.00, real=0.00 secs] 
8.438: [GC8.438: [DefNew: 417K->33K(448K), 0.0001680 secs] 4705K->4325K(1048512K), 0.0002140 secs] [Times: user=0.00 sys=0.00, real=0.00 secs] 
8.448: [GC8.448: [DefNew: 417K->33K(448K), 0.0001930 secs] 4709K->4329K(1048512K), 0.0002450 secs] [Times: user=0.00 sys=0.00, real=0.00 secs] 
8.457: [GC8.457: [DefNew: 417K->33K(448K), 0.0001900 secs] 4713K->4334K(1048512K), 0.0002370 secs] [Times: user=0.00 sys=0.00, real=0.00 secs] 
8.467: [GC8.467: [DefNew: 417K->33K(448K), 0.0001820 secs] 4718K->4338K(1048512K), 0.0002300 secs] [Times: user=0.00 sys=0.00, real=0.00 secs] 
8.476: [GC8.476: [DefNew: 417K->34K(448K), 0.0001600 secs] 4722K->4342K(1048512K), 0.0002020 secs] [Times: user=0.00 sys=0.00, real=0.00 secs] 
8.485: [GC8.485: [DefNew: 418K->33K(448K), 0.0001690 secs] 4726K->4346K(1048512K), 0.0002110 secs] [Times: user=0.00 sys=0.00, real=0.00 secs] 
8.494: [GC8.494: [DefNew: 417K->33K(448K), 0.0001710 secs] 4730K->4350K(1048512K), 0.0002080 secs] [Times: user=0.00 sys=0.00, real=0.00 secs] 
8.503: [GC8.504: [DefNew: 417K->33K(448K), 0.0008870 secs] 4734K->4354K(1048512K), 0.0009990 secs] [Times: user=0.00 sys=0.00, real=0.00 secs] 
8.514: [GC8.514: [DefNew: 417K->33K(448K), 0.0001730 secs] 4738K->4359K(1048512K), 0.0002150 secs] [Times: user=0.00 sys=0.00, real=0.00 secs] 
8.522: [GC8.522: [DefNew: 417K->33K(448K), 0.0001540 secs] 4743K->4363K(1048512K), 0.0001930 secs] [Times: user=0.00 sys=0.00, real=0.00 secs] 
8.531: [GC8.531: [DefNew: 417K->33K(448K), 0.0001520 secs] 4747K->4367K(1048512K), 0.0001960 secs] [Times: user=0.00 sys=0.00, real=0.00 secs] 
8.540: [GC8.540: [DefNew: 417K->33K(448K), 0.0001570 secs] 4751K->4371K(1048512K), 0.0002020 secs] [Times: user=0.00 sys=0.00, real=0.00 secs] 
8.549: [GC8.549: [DefNew: 417K->33K(448K), 0.0001420 secs] 4755K->4375K(1048512K), 0.0001770 secs] [Times: user=0.00 sys=0.00, real=0.00 secs] 
8.558: [GC8.558: [DefNew: 417K->33K(448K), 0.0001900 secs] 4759K->4379K(1048512K), 0.0002330 secs] [Times: user=0.00 sys=0.00, real=0.00 secs] 
8.568: [GC8.568: [DefNew: 417K->34K(448K), 0.0001590 secs] 4763K->4384K(1048512K), 0.0001940 secs] [Times: user=0.00 sys=0.00, real=0.00 secs] 
8.577: [GC8.577: [DefNew: 418K->34K(448K), 0.0001700 secs] 4768K->4388K(1048512K), 0.0002070 secs] [Times: user=0.00 sys=0.00, real=0.00 secs] 
8.586: [GC8.586: [DefNew: 418K->34K(448K), 0.0001660 secs] 4772K->4393K(1048512K), 0.0002030 secs] [Times: user=0.00 sys=0.00, real=0.00 secs] 
8.595: [GC8.595: [DefNew: 418K->34K(448K), 0.0001610 secs] 4777K->4397K(1048512K), 0.0001960 secs] [Times: user=0.00 sys=0.00, real=0.00 secs] 
8.605: [GC8.605: [DefNew: 418K->35K(448K), 0.0001550 secs] 4781K->4402K(1048512K), 0.0002020 secs] [Times: user=0.00 sys=0.00, real=0.00 secs] 
8.614: [GC8.614: [DefNew: 419K->35K(448K), 0.0001600 secs] 4786K->4406K(1048512K), 0.0001950 secs] [Times: user=0.00 sys=0.00, real=0.00 secs] 
8.623: [GC8.623: [DefNew: 419K->35K(448K), 0.0002130 secs] 4790K->4410K(1048512K), 0.0002790 secs] [Times: user=0.00 sys=0.00, real=0.00 secs] 
8.633: [GC8.633: [DefNew: 419K->35K(448K), 0.0002230 secs] 4794K->4415K(1048512K), 0.0002910 secs] [Times: user=0.00 sys=0.00, real=0.00 secs] 
8.642: [GC8.642: [DefNew: 419K->35K(448K), 0.0002170 secs] 4799K->4418K(1048512K), 0.0002920 secs] [Times: user=0.00 sys=0.00, real=0.01 secs] 
8.651: [GC8.651: [DefNew: 419K->34K(448K), 0.0001830 secs] 4802K->4422K(1048512K), 0.0002240 secs] [Times: user=0.00 sys=0.00, real=0.00 secs] 
8.660: [GC8.660: [DefNew: 418K->34K(448K), 0.0001770 secs] 4806K->4427K(1048512K), 0.0002200 secs] [Times: user=0.00 sys=0.00, real=0.00 secs] 
8.669: [GC8.669: [DefNew: 418K->34K(448K), 0.0001770 secs] 4811K->4431K(1048512K), 0.0002170 secs] [Times: user=0.00 sys=0.00, real=0.00 secs] 
8.678: [GC8.678: [DefNew: 418K->33K(448K), 0.0001680 secs] 4815K->4435K(1048512K), 0.0002040 secs] [Times: user=0.00 sys=0.00, real=0.00 secs] 
8.688: [GC8.688: [DefNew: 417K->33K(448K), 0.0001660 secs] 4819K->4440K(1048512K), 0.0002020 secs] [Times: user=0.00 sys=0.00, real=0.00 secs] 
8.697: [GC8.697: [DefNew: 417K->33K(448K), 0.0001850 secs] 4824K->4444K(1048512K), 0.0002250 secs] [Times: user=0.00 sys=0.00, real=0.00 secs] 
8.706: [GC8.707: [DefNew: 417K->33K(448K), 0.0001890 secs] 4828K->4448K(1048512K), 0.0002290 secs] [Times: user=0.00 sys=0.00, real=0.00 secs] 
8.716: [GC8.716: [DefNew: 417K->34K(448K), 0.0002780 secs] 4832K->4453K(1048512K), 0.0003440 secs] [Times: user=0.00 sys=0.00, real=0.00 secs] 
8.725: [GC8.725: [DefNew: 418K->34K(448K), 0.0001770 secs] 4837K->4457K(1048512K), 0.0002290 secs] [Times: user=0.00 sys=0.00, real=0.00 secs] 
8.734: [GC8.734: [DefNew: 418K->35K(448K), 0.0001570 secs] 4841K->4462K(1048512K), 0.0002030 secs] [Times: user=0.00 sys=0.00, real=0.00 secs] 
8.743: [GC8.743: [DefNew: 419K->35K(448K), 0.0001560 secs] 4846K->4466K(1048512K), 0.0002020 secs] [Times: user=0.00 sys=0.00, real=0.00 secs] 
8.752: [GC8.752: [DefNew: 419K->34K(448K), 0.0001960 secs] 4850K->4470K(1048512K), 0.0002510 secs] [Times: user=0.00 sys=0.00, real=0.00 secs] 
8.761: [GC8.761: [DefNew: 418K->34K(448K), 0.0001810 secs] 4854K->4474K(1048512K), 0.0002270 secs] [Times: user=0.00 sys=0.00, real=0.00 secs] 
8.770: [GC8.770: [DefNew: 418K->34K(448K), 0.0001930 secs] 4858K->4478K(1048512K), 0.0002300 secs] [Times: user=0.00 sys=0.00, real=0.00 secs] 
8.779: [GC8.779: [DefNew: 418K->34K(448K), 0.0001710 secs] 4862K->4482K(1048512K), 0.0002100 secs] [Times: user=0.00 sys=0.00, real=0.00 secs] 
8.788: [GC8.788: [DefNew: 418K->33K(448K), 0.0002320 secs] 4866K->4486K(1048512K), 0.0002910 secs] [Times: user=0.00 sys=0.00, real=0.00 secs] 
8.797: [GC8.798: [DefNew: 417K->33K(448K), 0.0001500 secs] 4870K->4491K(1048512K), 0.0001890 secs] [Times: user=0.00 sys=0.00, real=0.00 secs] 
8.807: [GC8.807: [DefNew: 417K->34K(448K), 0.0001470 secs] 4875K->4495K(1048512K), 0.0001860 secs] [Times: user=0.00 sys=0.00, real=0.00 secs] 
8.816: [GC8.816: [DefNew: 418K->34K(448K), 0.0002110 secs] 4879K->4500K(1048512K), 0.0002590 secs] [Times: user=0.00 sys=0.00, real=0.00 secs] 
8.826: [GC8.826: [DefNew: 418K->35K(448K), 0.0001820 secs] 4884K->4505K(1048512K), 0.0002290 secs] [Times: user=0.00 sys=0.00, real=0.00 secs] 
8.835: [GC8.835: [DefNew: 419K->35K(448K), 0.0001770 secs] 4889K->4509K(1048512K), 0.0002180 secs] [Times: user=0.00 sys=0.00, real=0.00 secs] 
8.844: [GC8.844: [DefNew: 419K->35K(448K), 0.0001810 secs] 4893K->4513K(1048512K), 0.0002310 secs] [Times: user=0.00 sys=0.00, real=0.00 secs] 
8.854: [GC8.854: [DefNew: 419K->35K(448K), 0.0001520 secs] 4897K->4518K(1048512K), 0.0001860 secs] [Times: user=0.00 sys=0.00, real=0.00 secs] 
8.863: [GC8.863: [DefNew: 419K->35K(448K), 0.0001480 secs] 4902K->4522K(1048512K), 0.0001920 secs] [Times: user=0.00 sys=0.00, real=0.00 secs] 
8.872: [GC8.872: [DefNew: 419K->35K(448K), 0.0001640 secs] 4906K->4526K(1048512K), 0.0002000 secs] [Times: user=0.00 sys=0.00, real=0.00 secs] 
8.881: [GC8.881: [DefNew: 419K->35K(448K), 0.0001510 secs] 4910K->4530K(1048512K), 0.0001840 secs] [Times: user=0.00 sys=0.00, real=0.00 secs] 
8.891: [GC8.891: [DefNew: 419K->35K(448K), 0.0001640 secs] 4914K->4535K(1048512K), 0.0002030 secs] [Times: user=0.00 sys=0.00, real=0.00 secs] 
8.899: [GC8.899: [DefNew: 419K->33K(448K), 0.0001830 secs] 4919K->4538K(1048512K), 0.0002260 secs] [Times: user=0.00 sys=0.00, real=0.00 secs] 
8.908: [GC8.908: [DefNew: 417K->33K(448K), 0.0001600 secs] 4922K->4542K(1048512K), 0.0001970 secs] [Times: user=0.00 sys=0.00, real=0.00 secs] 
8.917: [GC8.917: [DefNew: 417K->33K(448K), 0.0002550 secs] 4926K->4546K(1048512K), 0.0003470 secs] [Times: user=0.00 sys=0.00, real=0.00 secs] 
8.927: [GC8.927: [DefNew: 417K->33K(448K), 0.0001330 secs] 4930K->4551K(1048512K), 0.0001860 secs] [Times: user=0.00 sys=0.00, real=0.00 secs] 
8.936: [GC8.936: [DefNew: 417K->33K(448K), 0.0001560 secs] 4935K->4555K(1048512K), 0.0001960 secs] [Times: user=0.00 sys=0.00, real=0.00 secs] 
8.945: [GC8.945: [DefNew: 417K->33K(448K), 0.0001510 secs] 4939K->4559K(1048512K), 0.0001880 secs] [Times: user=0.00 sys=0.00, real=0.00 secs] 
8.954: [GC8.954: [DefNew: 417K->33K(448K), 0.0001630 secs] 4943K->4564K(1048512K), 0.0002000 secs] [Times: user=0.00 sys=0.00, real=0.00 secs] 
8.963: [GC8.963: [DefNew: 417K->33K(448K), 0.0001750 secs] 4948K->4568K(1048512K), 0.0002110 secs] [Times: user=0.00 sys=0.00, real=0.00 secs] 
8.973: [GC8.973: [DefNew: 417K->34K(448K), 0.0001630 secs] 4952K->4572K(1048512K), 0.0002000 secs] [Times: user=0.01 sys=0.00, real=0.00 secs] 
8.982: [GC8.982: [DefNew: 418K->34K(448K), 0.0001750 secs] 4956K->4576K(1048512K), 0.0002210 secs] [Times: user=0.00 sys=0.00, real=0.00 secs] 
8.991: [GC8.991: [DefNew: 418K->34K(448K), 0.0001570 secs] 4960K->4581K(1048512K), 0.0001990 secs] [Times: user=0.00 sys=0.00, real=0.00 secs] 
9.000: [GC9.000: [DefNew: 418K->34K(448K), 0.0001690 secs] 4965K->4585K(1048512K), 0.0002120 secs] [Times: user=0.00 sys=0.00, real=0.00 secs] 
9.009: [GC9.009: [DefNew: 418K->34K(448K), 0.0001800 secs] 4969K->4589K(1048512K), 0.0002340 secs] [Times: user=0.00 sys=0.00, real=0.00 secs] 
9.018: [GC9.019: [DefNew: 418K->34K(448K), 0.0001610 secs] 4973K->4594K(1048512K), 0.0001980 secs] [Times: user=0.00 sys=0.00, real=0.00 secs] 
9.027: [GC9.027: [DefNew: 418K->34K(448K), 0.0001640 secs] 4978K->4598K(1048512K), 0.0002070 secs] [Times: user=0.00 sys=0.00, real=0.00 secs] 
9.036: [GC9.036: [DefNew: 418K->34K(448K), 0.0001740 secs] 4982K->4602K(1048512K), 0.0002200 secs] [Times: user=0.00 sys=0.00, real=0.00 secs] 
9.045: [GC9.045: [DefNew: 418K->34K(448K), 0.0001830 secs] 4986K->4606K(1048512K), 0.0002230 secs] [Times: user=0.00 sys=0.00, real=0.00 secs] 
9.054: [GC9.054: [DefNew: 418K->33K(448K), 0.0001650 secs] 4990K->4610K(1048512K), 0.0002020 secs] [Times: user=0.00 sys=0.00, real=0.00 secs] 
9.064: [GC9.064: [DefNew: 417K->33K(448K), 0.0001640 secs] 4994K->4614K(1048512K), 0.0002010 secs] [Times: user=0.00 sys=0.00, real=0.00 secs] 
9.073: [GC9.073: [DefNew: 417K->34K(448K), 0.0001630 secs] 4998K->4619K(1048512K), 0.0002080 secs] [Times: user=0.00 sys=0.00, real=0.00 secs] 
9.082: [GC9.082: [DefNew: 418K->34K(448K), 0.0001560 secs] 5003K->4623K(1048512K), 0.0001980 secs] [Times: user=0.00 sys=0.00, real=0.00 secs] 
9.092: [GC9.092: [DefNew: 418K->33K(448K), 0.0001740 secs] 5007K->4627K(1048512K), 0.0002170 secs] [Times: user=0.00 sys=0.00, real=0.00 secs] 
9.101: [GC9.101: [DefNew: 417K->34K(448K), 0.0001650 secs] 5011K->4631K(1048512K), 0.0002030 secs] [Times: user=0.00 sys=0.00, real=0.00 secs] 
9.110: [GC9.110: [DefNew: 418K->33K(448K), 0.0001740 secs] 5015K->4635K(1048512K), 0.0002120 secs] [Times: user=0.00 sys=0.00, real=0.00 secs] 
9.119: [GC9.120: [DefNew: 417K->34K(448K), 0.0001610 secs] 5019K->4640K(1048512K), 0.0002020 secs] [Times: user=0.00 sys=0.00, real=0.00 secs] 
9.129: [GC9.129: [DefNew: 418K->35K(448K), 0.0004280 secs] 5024K->4645K(1048512K), 0.0005210 secs] [Times: user=0.00 sys=0.00, real=0.00 secs] 
9.139: [GC9.139: [DefNew: 419K->35K(448K), 0.0001850 secs] 5029K->4650K(1048512K), 0.0002440 secs] [Times: user=0.00 sys=0.00, real=0.00 secs] 
9.147: [GC9.147: [DefNew: 419K->34K(448K), 0.0001490 secs] 5034K->4653K(1048512K), 0.0001890 secs] [Times: user=0.00 sys=0.00, real=0.00 secs] 
9.156: [GC9.156: [DefNew: 418K->34K(448K), 0.0001370 secs] 5037K->4657K(1048512K), 0.0001740 secs] [Times: user=0.00 sys=0.00, real=0.00 secs] 
9.165: [GC9.165: [DefNew: 418K->34K(448K), 0.0001960 secs] 5041K->4661K(1048512K), 0.0002420 secs] [Times: user=0.00 sys=0.00, real=0.00 secs] 
9.174: [GC9.174: [DefNew: 418K->34K(448K), 0.0001690 secs] 5045K->4665K(1048512K), 0.0002070 secs] [Times: user=0.00 sys=0.00, real=0.00 secs] 
9.184: [GC9.184: [DefNew: 418K->35K(448K), 0.0001790 secs] 5049K->4670K(1048512K), 0.0002270 secs] [Times: user=0.00 sys=0.00, real=0.00 secs] 
9.193: [GC9.193: [DefNew: 419K->34K(448K), 0.0001690 secs] 5054K->4675K(1048512K), 0.0002060 secs] [Times: user=0.00 sys=0.00, real=0.00 secs] 
9.202: [GC9.202: [DefNew: 418K->34K(448K), 0.0001640 secs] 5059K->4679K(1048512K), 0.0002000 secs] [Times: user=0.00 sys=0.00, real=0.00 secs] 
9.211: [GC9.211: [DefNew: 418K->34K(448K), 0.0001900 secs] 5063K->4683K(1048512K), 0.0002370 secs] [Times: user=0.00 sys=0.00, real=0.00 secs] 
9.221: [GC9.221: [DefNew: 418K->35K(448K), 0.0001630 secs] 5067K->4688K(1048512K), 0.0001970 secs] [Times: user=0.00 sys=0.00, real=0.00 secs] 
9.230: [GC9.230: [DefNew: 419K->35K(448K), 0.0001800 secs] 5072K->4693K(1048512K), 0.0002240 secs] [Times: user=0.00 sys=0.00, real=0.00 secs] 
9.240: [GC9.240: [DefNew: 419K->35K(448K), 0.0001780 secs] 5077K->4697K(1048512K), 0.0002430 secs] [Times: user=0.00 sys=0.00, real=0.00 secs] 
9.249: [GC9.249: [DefNew: 419K->35K(448K), 0.0001540 secs] 5081K->4701K(1048512K), 0.0002070 secs] [Times: user=0.00 sys=0.00, real=0.00 secs] 
9.258: [GC9.258: [DefNew: 419K->35K(448K), 0.0001980 secs] 5085K->4705K(1048512K), 0.0002620 secs] [Times: user=0.00 sys=0.00, real=0.00 secs] 
9.267: [GC9.267: [DefNew: 419K->34K(448K), 0.0001930 secs] 5089K->4709K(1048512K), 0.0002460 secs] [Times: user=0.00 sys=0.00, real=0.00 secs] 
9.275: [GC9.275: [DefNew: 418K->34K(448K), 0.0001480 secs] 5093K->4713K(1048512K), 0.0001880 secs] [Times: user=0.00 sys=0.00, real=0.00 secs] 
9.284: [GC9.284: [DefNew: 418K->33K(448K), 0.0001390 secs] 5097K->4717K(1048512K), 0.0001850 secs] [Times: user=0.00 sys=0.00, real=0.00 secs] 
9.294: [GC9.294: [DefNew: 417K->33K(448K), 0.0003530 secs] 5101K->4721K(1048512K), 0.0004510 secs] [Times: user=0.00 sys=0.00, real=0.00 secs] 
9.303: [GC9.303: [DefNew: 417K->33K(448K), 0.0001500 secs] 5105K->4726K(1048512K), 0.0001900 secs] [Times: user=0.00 sys=0.00, real=0.00 secs] 
9.313: [GC9.313: [DefNew: 417K->33K(448K), 0.0001790 secs] 5110K->4730K(1048512K), 0.0002210 secs] [Times: user=0.00 sys=0.00, real=0.00 secs] 
9.322: [GC9.322: [DefNew: 417K->34K(448K), 0.0001670 secs] 5114K->4734K(1048512K), 0.0002030 secs] [Times: user=0.00 sys=0.00, real=0.00 secs] 
9.331: [GC9.331: [DefNew: 418K->33K(448K), 0.0001750 secs] 5118K->4738K(1048512K), 0.0002150 secs] [Times: user=0.00 sys=0.00, real=0.00 secs] 
9.340: [GC9.341: [DefNew: 417K->33K(448K), 0.0003240 secs] 5122K->4742K(1048512K), 0.0004060 secs] [Times: user=0.00 sys=0.00, real=0.00 secs] 
9.350: [GC9.350: [DefNew: 417K->34K(448K), 0.0001440 secs] 5126K->4747K(1048512K), 0.0001810 secs] [Times: user=0.00 sys=0.00, real=0.00 secs] 
9.359: [GC9.359: [DefNew: 418K->34K(448K), 0.0001620 secs] 5131K->4751K(1048512K), 0.0002080 secs] [Times: user=0.00 sys=0.00, real=0.00 secs] 
9.369: [GC9.369: [DefNew: 418K->34K(448K), 0.0001470 secs] 5135K->4756K(1048512K), 0.0001840 secs] [Times: user=0.00 sys=0.00, real=0.00 secs] 
9.378: [GC9.378: [DefNew: 418K->34K(448K), 0.0001750 secs] 5140K->4760K(1048512K), 0.0002140 secs] [Times: user=0.00 sys=0.00, real=0.00 secs] 
9.387: [GC9.387: [DefNew: 418K->33K(448K), 0.0001640 secs] 5144K->4763K(1048512K), 0.0002000 secs] [Times: user=0.00 sys=0.00, real=0.00 secs] 
9.395: [GC9.395: [DefNew: 417K->33K(448K), 0.0001600 secs] 5147K->4767K(1048512K), 0.0001950 secs] [Times: user=0.00 sys=0.00, real=0.00 secs] 
9.405: [GC9.405: [DefNew: 417K->34K(448K), 0.0001610 secs] 5151K->4772K(1048512K), 0.0001970 secs] [Times: user=0.00 sys=0.00, real=0.00 secs] 
9.414: [GC9.414: [DefNew: 418K->34K(448K), 0.0001600 secs] 5156K->4777K(1048512K), 0.0001950 secs] [Times: user=0.00 sys=0.00, real=0.00 secs] 
9.423: [GC9.423: [DefNew: 418K->34K(448K), 0.0001700 secs] 5161K->4781K(1048512K), 0.0002110 secs] [Times: user=0.00 sys=0.00, real=0.00 secs] 
9.432: [GC9.432: [DefNew: 418K->33K(448K), 0.0001770 secs] 5165K->4785K(1048512K), 0.0002200 secs] [Times: user=0.00 sys=0.00, real=0.00 secs] 
9.441: [GC9.441: [DefNew: 417K->34K(448K), 0.0001540 secs] 5169K->4789K(1048512K), 0.0001890 secs] [Times: user=0.00 sys=0.00, real=0.00 secs] 
9.451: [GC9.451: [DefNew: 418K->34K(448K), 0.0001780 secs] 5173K->4793K(1048512K), 0.0002260 secs] [Times: user=0.00 sys=0.00, real=0.00 secs] 
9.460: [GC9.460: [DefNew: 418K->33K(448K), 0.0001740 secs] 5177K->4797K(1048512K), 0.0002320 secs] [Times: user=0.00 sys=0.00, real=0.00 secs] 
9.469: [GC9.469: [DefNew: 417K->33K(448K), 0.0001820 secs] 5181K->4801K(1048512K), 0.0002230 secs] [Times: user=0.00 sys=0.00, real=0.00 secs] 
9.479: [GC9.479: [DefNew: 417K->33K(448K), 0.0001670 secs] 5185K->4806K(1048512K), 0.0002090 secs] [Times: user=0.00 sys=0.00, real=0.00 secs] 
9.488: [GC9.488: [DefNew: 417K->33K(448K), 0.0001390 secs] 5190K->4810K(1048512K), 0.0001740 secs] [Times: user=0.00 sys=0.00, real=0.00 secs] 
9.497: [GC9.497: [DefNew: 417K->34K(448K), 0.0001450 secs] 5194K->4814K(1048512K), 0.0001780 secs] [Times: user=0.00 sys=0.00, real=0.00 secs] 
9.507: [GC9.507: [DefNew: 418K->34K(448K), 0.0001600 secs] 5198K->4819K(1048512K), 0.0001970 secs] [Times: user=0.00 sys=0.00, real=0.00 secs] 
9.516: [GC9.516: [DefNew: 418K->34K(448K), 0.0001660 secs] 5203K->4823K(1048512K), 0.0002070 secs] [Times: user=0.00 sys=0.00, real=0.00 secs] 
9.524: [GC9.524: [DefNew: 418K->33K(448K), 0.0002110 secs] 5207K->4826K(1048512K), 0.0002670 secs] [Times: user=0.00 sys=0.00, real=0.00 secs] 
9.533: [GC9.533: [DefNew: 417K->33K(448K), 0.0001930 secs] 5210K->4830K(1048512K), 0.0002460 secs] [Times: user=0.00 sys=0.00, real=0.00 secs] 
9.543: [GC9.543: [DefNew: 417K->33K(448K), 0.0001800 secs] 5214K->4835K(1048512K), 0.0002280 secs] [Times: user=0.00 sys=0.00, real=0.00 secs] 
9.552: [GC9.552: [DefNew: 417K->34K(448K), 0.0001650 secs] 5219K->4839K(1048512K), 0.0002250 secs] [Times: user=0.00 sys=0.00, real=0.00 secs] 
9.561: [GC9.561: [DefNew: 418K->34K(448K), 0.0001570 secs] 5223K->4843K(1048512K), 0.0002130 secs] [Times: user=0.00 sys=0.00, real=0.00 secs] 
9.570: [GC9.570: [DefNew: 418K->33K(448K), 0.0001420 secs] 5227K->4847K(1048512K), 0.0001750 secs] [Times: user=0.00 sys=0.00, real=0.00 secs] 
9.579: [GC9.579: [DefNew: 417K->33K(448K), 0.0002090 secs] 5231K->4851K(1048512K), 0.0002720 secs] [Times: user=0.00 sys=0.00, real=0.00 secs] 
9.589: [GC9.589: [DefNew: 417K->33K(448K), 0.0001770 secs] 5235K->4856K(1048512K), 0.0002140 secs] [Times: user=0.01 sys=0.00, real=0.00 secs] 
9.598: [GC9.598: [DefNew: 417K->34K(448K), 0.0001790 secs] 5240K->4860K(1048512K), 0.0002230 secs] [Times: user=0.00 sys=0.00, real=0.00 secs] 
9.607: [GC9.607: [DefNew: 418K->33K(448K), 0.0001670 secs] 5244K->4864K(1048512K), 0.0002180 secs] [Times: user=0.00 sys=0.00, real=0.00 secs] 
9.617: [GC9.617: [DefNew: 417K->33K(448K), 0.0001700 secs] 5248K->4868K(1048512K), 0.0002110 secs] [Times: user=0.00 sys=0.00, real=0.00 secs] 
9.626: [GC9.626: [DefNew: 417K->33K(448K), 0.0001820 secs] 5252K->4872K(1048512K), 0.0002320 secs] [Times: user=0.00 sys=0.01, real=0.00 secs] 
9.635: [GC9.635: [DefNew: 417K->33K(448K), 0.0001860 secs] 5256K->4876K(1048512K), 0.0002540 secs] [Times: user=0.00 sys=0.00, real=0.00 secs] 
9.645: [GC9.645: [DefNew: 417K->34K(448K), 0.0001690 secs] 5260K->4881K(1048512K), 0.0002190 secs] [Times: user=0.00 sys=0.00, real=0.00 secs] 
9.653: [GC9.653: [DefNew: 418K->34K(448K), 0.0001640 secs] 5265K->4885K(1048512K), 0.0002070 secs] [Times: user=0.00 sys=0.00, real=0.00 secs] 
9.662: [GC9.662: [DefNew: 418K->34K(448K), 0.0001640 secs] 5269K->4890K(1048512K), 0.0001990 secs] [Times: user=0.00 sys=0.00, real=0.00 secs] 
9.671: [GC9.671: [DefNew: 418K->34K(448K), 0.0001580 secs] 5274K->4894K(1048512K), 0.0001920 secs] [Times: user=0.00 sys=0.00, real=0.00 secs] 
9.680: [GC9.680: [DefNew: 418K->34K(448K), 0.0001670 secs] 5278K->4898K(1048512K), 0.0002020 secs] [Times: user=0.00 sys=0.00, real=0.00 secs] 
9.689: [GC9.689: [DefNew: 418K->34K(448K), 0.0001670 secs] 5282K->4903K(1048512K), 0.0002150 secs] [Times: user=0.00 sys=0.00, real=0.00 secs] 
9.698: [GC9.698: [DefNew: 418K->34K(448K), 0.0001710 secs] 5287K->4907K(1048512K), 0.0002080 secs] [Times: user=0.00 sys=0.00, real=0.00 secs] 
9.708: [GC9.708: [DefNew: 418K->34K(448K), 0.0001730 secs] 5291K->4911K(1048512K), 0.0002140 secs] [Times: user=0.00 sys=0.00, real=0.00 secs] 
9.717: [GC9.717: [DefNew: 418K->35K(448K), 0.0001710 secs] 5295K->4916K(1048512K), 0.0002100 secs] [Times: user=0.00 sys=0.00, real=0.00 secs] 
9.726: [GC9.726: [DefNew: 419K->34K(448K), 0.0001620 secs] 5300K->4920K(1048512K), 0.0001950 secs] [Times: user=0.00 sys=0.00, real=0.00 secs] 
9.735: [GC9.735: [DefNew: 418K->34K(448K), 0.0001670 secs] 5304K->4924K(1048512K), 0.0002060 secs] [Times: user=0.00 sys=0.00, real=0.00 secs] 
9.745: [GC9.745: [DefNew: 418K->35K(448K), 0.0001590 secs] 5308K->4929K(1048512K), 0.0001920 secs] [Times: user=0.00 sys=0.00, real=0.00 secs] 
9.754: [GC9.754: [DefNew: 419K->35K(448K), 0.0001580 secs] 5313K->4933K(1048512K), 0.0001930 secs] [Times: user=0.00 sys=0.00, real=0.00 secs] 
9.763: [GC9.763: [DefNew: 419K->35K(448K), 0.0001910 secs] 5317K->4937K(1048512K), 0.0002450 secs] [Times: user=0.00 sys=0.00, real=0.00 secs] 
9.771: [GC9.771: [DefNew: 419K->34K(448K), 0.0001640 secs] 5321K->4941K(1048512K), 0.0002100 secs] [Times: user=0.00 sys=0.00, real=0.00 secs] 
9.780: [GC9.780: [DefNew: 418K->35K(448K), 0.0001930 secs] 5325K->4946K(1048512K), 0.0002550 secs] [Times: user=0.00 sys=0.00, real=0.00 secs] 
9.789: [GC9.789: [DefNew: 419K->34K(448K), 0.0001970 secs] 5330K->4950K(1048512K), 0.0002520 secs] [Times: user=0.00 sys=0.00, real=0.00 secs] 
9.798: [GC9.798: [DefNew: 418K->34K(448K), 0.0001460 secs] 5334K->4954K(1048512K), 0.0001900 secs] [Times: user=0.00 sys=0.00, real=0.00 secs] 
9.808: [GC9.808: [DefNew: 418K->34K(448K), 0.0001740 secs] 5338K->4959K(1048512K), 0.0002080 secs] [Times: user=0.00 sys=0.00, real=0.00 secs] 
9.817: [GC9.817: [DefNew: 418K->34K(448K), 0.0001700 secs] 5343K->4963K(1048512K), 0.0002130 secs] [Times: user=0.00 sys=0.00, real=0.00 secs] 
9.827: [GC9.827: [DefNew: 418K->34K(448K), 0.0002060 secs] 5347K->4968K(1048512K), 0.0002470 secs] [Times: user=0.00 sys=0.00, real=0.00 secs] 
9.836: [GC9.836: [DefNew: 418K->34K(448K), 0.0001490 secs] 5352K->4972K(1048512K), 0.0001920 secs] [Times: user=0.00 sys=0.00, real=0.00 secs] 
9.845: [GC9.845: [DefNew: 418K->35K(448K), 0.0001610 secs] 5356K->4976K(1048512K), 0.0001970 secs] [Times: user=0.00 sys=0.00, real=0.00 secs] 
9.855: [GC9.855: [DefNew: 419K->34K(448K), 0.0001540 secs] 5360K->4980K(1048512K), 0.0001880 secs] [Times: user=0.00 sys=0.00, real=0.00 secs] 
9.864: [GC9.864: [DefNew: 418K->35K(448K), 0.0001880 secs] 5364K->4985K(1048512K), 0.0002430 secs] [Times: user=0.00 sys=0.00, real=0.00 secs] 
9.873: [GC9.873: [DefNew: 419K->34K(448K), 0.0001690 secs] 5369K->4989K(1048512K), 0.0002210 secs] [Times: user=0.00 sys=0.00, real=0.00 secs] 
9.883: [GC9.883: [DefNew: 418K->34K(448K), 0.0001610 secs] 5373K->4993K(1048512K), 0.0001970 secs] [Times: user=0.00 sys=0.00, real=0.00 secs] 
9.892: [GC9.892: [DefNew: 418K->33K(448K), 0.0001640 secs] 5377K->4996K(1048512K), 0.0002040 secs] [Times: user=0.00 sys=0.00, real=0.00 secs] 
9.900: [GC9.900: [DefNew: 417K->32K(448K), 0.0001590 secs] 5380K->5000K(1048512K), 0.0001920 secs] [Times: user=0.00 sys=0.00, real=0.00 secs] 
9.909: [GC9.909: [DefNew: 416K->32K(448K), 0.0001580 secs] 5384K->5004K(1048512K), 0.0001930 secs] [Times: user=0.00 sys=0.00, real=0.00 secs] 
9.919: [GC9.919: [DefNew: 416K->32K(448K), 0.0001630 secs] 5388K->5008K(1048512K), 0.0001990 secs] [Times: user=0.00 sys=0.00, real=0.00 secs] 
9.928: [GC9.928: [DefNew: 416K->31K(448K), 0.0001580 secs] 5392K->5012K(1048512K), 0.0001920 secs] [Times: user=0.00 sys=0.00, real=0.00 secs] 
9.937: [GC9.937: [DefNew: 415K->35K(448K), 0.0001470 secs] 5396K->5016K(1048512K), 0.0001810 secs] [Times: user=0.00 sys=0.00, real=0.00 secs] 
9.946: [GC9.947: [DefNew: 419K->37K(448K), 0.0001670 secs] 5400K->5021K(1048512K), 0.0002070 secs] [Times: user=0.00 sys=0.00, real=0.00 secs] 
9.956: [GC9.956: [DefNew: 421K->33K(448K), 0.0001750 secs] 5405K->5026K(1048512K), 0.0002180 secs] [Times: user=0.00 sys=0.00, real=0.00 secs] 
9.965: [GC9.966: [DefNew: 417K->33K(448K), 0.0005590 secs] 5410K->5030K(1048512K), 0.0007320 secs] [Times: user=0.00 sys=0.00, real=0.00 secs] 
9.975: [GC9.975: [DefNew: 417K->35K(448K), 0.0001710 secs] 5414K->5035K(1048512K), 0.0002200 secs] [Times: user=0.00 sys=0.00, real=0.00 secs] 
9.985: [GC9.985: [DefNew: 419K->35K(448K), 0.0001510 secs] 5419K->5040K(1048512K), 0.0001910 secs] [Times: user=0.00 sys=0.00, real=0.00 secs] 
9.994: [GC9.994: [DefNew: 419K->36K(448K), 0.0001400 secs] 5424K->5044K(1048512K), 0.0001730 secs] [Times: user=0.00 sys=0.00, real=0.00 secs] 
10.003: [GC10.003: [DefNew: 420K->31K(448K), 0.0001690 secs] 5428K->5048K(1048512K), 0.0002060 secs] [Times: user=0.01 sys=0.00, real=0.00 secs] 
10.012: [GC10.012: [DefNew: 415K->35K(448K), 0.0002060 secs] 5432K->5052K(1048512K), 0.0002690 secs] [Times: user=0.00 sys=0.00, real=0.00 secs] 
10.020: [GC10.020: [DefNew: 419K->34K(448K), 0.0001610 secs] 5436K->5056K(1048512K), 0.0001950 secs] [Times: user=0.00 sys=0.00, real=0.00 secs] 
10.029: [GC10.029: [DefNew: 418K->34K(448K), 0.0001590 secs] 5440K->5060K(1048512K), 0.0001930 secs] [Times: user=0.00 sys=0.00, real=0.00 secs] 
10.039: [GC10.039: [DefNew: 418K->34K(448K), 0.0001740 secs] 5444K->5065K(1048512K), 0.0002160 secs] [Times: user=0.00 sys=0.00, real=0.00 secs] 
10.048: [GC10.048: [DefNew: 418K->34K(448K), 0.0001620 secs] 5449K->5069K(1048512K), 0.0002030 secs] [Times: user=0.00 sys=0.00, real=0.00 secs] 
10.058: [GC10.058: [DefNew: 418K->33K(448K), 0.0001440 secs] 5453K->5073K(1048512K), 0.0001790 secs] [Times: user=0.00 sys=0.00, real=0.00 secs] 
10.067: [GC10.067: [DefNew: 417K->33K(448K), 0.0001570 secs] 5457K->5077K(1048512K), 0.0001940 secs] [Times: user=0.00 sys=0.00, real=0.00 secs] 
10.076: [GC10.076: [DefNew: 417K->33K(448K), 0.0001590 secs] 5461K->5081K(1048512K), 0.0001950 secs] [Times: user=0.00 sys=0.00, real=0.00 secs] 
10.086: [GC10.086: [DefNew: 417K->33K(448K), 0.0001640 secs] 5465K->5086K(1048512K), 0.0002020 secs] [Times: user=0.00 sys=0.00, real=0.00 secs] 
10.095: [GC10.095: [DefNew: 417K->34K(448K), 0.0001570 secs] 5470K->5090K(1048512K), 0.0001930 secs] [Times: user=0.00 sys=0.00, real=0.00 secs] 
10.104: [GC10.104: [DefNew: 418K->33K(448K), 0.0001420 secs] 5474K->5094K(1048512K), 0.0001750 secs] [Times: user=0.00 sys=0.00, real=0.00 secs] 
10.114: [GC10.114: [DefNew: 417K->34K(448K), 0.0001540 secs] 5478K->5098K(1048512K), 0.0001890 secs] [Times: user=0.00 sys=0.00, real=0.00 secs] 
10.123: [GC10.123: [DefNew: 418K->33K(448K), 0.0001550 secs] 5482K->5102K(1048512K), 0.0001980 secs] [Times: user=0.00 sys=0.00, real=0.00 secs] 
10.132: [GC10.132: [DefNew: 417K->33K(448K), 0.0002070 secs] 5486K->5106K(1048512K), 0.0002700 secs] [Times: user=0.00 sys=0.00, real=0.00 secs] 
10.142: [GC10.142: [DefNew: 417K->34K(448K), 0.0001830 secs] 5490K->5111K(1048512K), 0.0002330 secs] [Times: user=0.00 sys=0.00, real=0.00 secs] 
10.150: [GC10.150: [DefNew: 418K->33K(448K), 0.0001410 secs] 5495K->5115K(1048512K), 0.0001750 secs] [Times: user=0.00 sys=0.00, real=0.00 secs] 
10.159: [GC10.159: [DefNew: 417K->34K(448K), 0.0001740 secs] 5499K->5119K(1048512K), 0.0002150 secs] [Times: user=0.00 sys=0.00, real=0.00 secs] 
10.168: [GC10.168: [DefNew: 418K->34K(448K), 0.0001760 secs] 5503K->5123K(1048512K), 0.0002160 secs] [Times: user=0.00 sys=0.00, real=0.00 secs] 
10.178: [GC10.178: [DefNew: 418K->34K(448K), 0.0001890 secs] 5507K->5128K(1048512K), 0.0002450 secs] [Times: user=0.00 sys=0.00, real=0.00 secs] 
10.187: [GC10.187: [DefNew: 418K->34K(448K), 0.0001540 secs] 5512K->5132K(1048512K), 0.0001960 secs] [Times: user=0.00 sys=0.00, real=0.00 secs] 
10.196: [GC10.196: [DefNew: 418K->34K(448K), 0.0001510 secs] 5516K->5136K(1048512K), 0.0001930 secs] [Times: user=0.00 sys=0.00, real=0.00 secs] 
10.205: [GC10.205: [DefNew: 418K->35K(448K), 0.0001450 secs] 5520K->5142K(1048512K), 0.0001830 secs] [Times: user=0.00 sys=0.00, real=0.00 secs] 
10.215: [GC10.215: [DefNew: 419K->34K(448K), 0.0001760 secs] 5526K->5146K(1048512K), 0.0002140 secs] [Times: user=0.00 sys=0.00, real=0.00 secs] 
10.224: [GC10.224: [DefNew: 418K->35K(448K), 0.0001810 secs] 5530K->5150K(1048512K), 0.0002230 secs] [Times: user=0.00 sys=0.00, real=0.00 secs] 
10.233: [GC10.233: [DefNew: 419K->35K(448K), 0.0001730 secs] 5534K->5154K(1048512K), 0.0002160 secs] [Times: user=0.00 sys=0.00, real=0.00 secs] 
10.243: [GC10.243: [DefNew: 419K->35K(448K), 0.0001650 secs] 5538K->5159K(1048512K), 0.0002020 secs] [Times: user=0.00 sys=0.00, real=0.00 secs] 
10.252: [GC10.252: [DefNew: 419K->34K(448K), 0.0001690 secs] 5543K->5163K(1048512K), 0.0002050 secs] [Times: user=0.00 sys=0.00, real=0.00 secs] 
10.261: [GC10.261: [DefNew: 418K->34K(448K), 0.0001590 secs] 5547K->5167K(1048512K), 0.0001980 secs] [Times: user=0.00 sys=0.00, real=0.00 secs] 
10.270: [GC10.270: [DefNew: 418K->35K(448K), 0.0001480 secs] 5551K->5171K(1048512K), 0.0001910 secs] [Times: user=0.00 sys=0.00, real=0.00 secs] 
10.278: [GC10.278: [DefNew: 419K->34K(448K), 0.0001550 secs] 5555K->5175K(1048512K), 0.0001880 secs] [Times: user=0.00 sys=0.00, real=0.00 secs] 
10.288: [GC10.288: [DefNew: 418K->33K(448K), 0.0002180 secs] 5559K->5179K(1048512K), 0.0002780 secs] [Times: user=0.00 sys=0.00, real=0.00 secs] 
10.297: [GC10.297: [DefNew: 417K->33K(448K), 0.0002030 secs] 5563K->5183K(1048512K), 0.0002550 secs] [Times: user=0.00 sys=0.00, real=0.00 secs] 
10.306: [GC10.306: [DefNew: 417K->33K(448K), 0.0001590 secs] 5567K->5187K(1048512K), 0.0002090 secs] [Times: user=0.00 sys=0.00, real=0.00 secs] 
10.316: [GC10.316: [DefNew: 417K->33K(448K), 0.0001550 secs] 5571K->5192K(1048512K), 0.0002030 secs] [Times: user=0.00 sys=0.00, real=0.00 secs] 
10.325: [GC10.325: [DefNew: 417K->34K(448K), 0.0001680 secs] 5576K->5196K(1048512K), 0.0002090 secs] [Times: user=0.00 sys=0.00, real=0.00 secs] 
10.334: [GC10.334: [DefNew: 418K->34K(448K), 0.0001730 secs] 5580K->5201K(1048512K), 0.0002300 secs] [Times: user=0.00 sys=0.00, real=0.00 secs] 
10.343: [GC10.343: [DefNew: 418K->33K(448K), 0.0001800 secs] 5585K->5205K(1048512K), 0.0002250 secs] [Times: user=0.00 sys=0.00, real=0.00 secs] 
10.353: [GC10.353: [DefNew: 417K->34K(448K), 0.0001570 secs] 5589K->5209K(1048512K), 0.0001950 secs] [Times: user=0.00 sys=0.00, real=0.00 secs] 
10.362: [GC10.362: [DefNew: 418K->34K(448K), 0.0001650 secs] 5593K->5213K(1048512K), 0.0002060 secs] [Times: user=0.00 sys=0.00, real=0.00 secs] 
10.371: [GC10.371: [DefNew: 418K->34K(448K), 0.0001650 secs] 5597K->5217K(1048512K), 0.0002000 secs] [Times: user=0.00 sys=0.00, real=0.00 secs] 
10.381: [GC10.381: [DefNew: 418K->34K(448K), 0.0002050 secs] 5601K->5222K(1048512K), 0.0002560 secs] [Times: user=0.00 sys=0.00, real=0.00 secs] 
10.390: [GC10.390: [DefNew: 418K->34K(448K), 0.0003120 secs] 5606K->5227K(1048512K), 0.0003930 secs] [Times: user=0.00 sys=0.00, real=0.00 secs] 
10.398: [GC10.398: [DefNew: 418K->34K(448K), 0.0001570 secs] 5611K->5230K(1048512K), 0.0002030 secs] [Times: user=0.00 sys=0.00, real=0.00 secs] 
10.407: [GC10.407: [DefNew: 418K->33K(448K), 0.0001550 secs] 5614K->5234K(1048512K), 0.0001960 secs] [Times: user=0.00 sys=0.00, real=0.00 secs] 
10.416: [GC10.416: [DefNew: 417K->33K(448K), 0.0001900 secs] 5618K->5238K(1048512K), 0.0002370 secs] [Times: user=0.00 sys=0.00, real=0.00 secs] 
10.426: [GC10.426: [DefNew: 417K->33K(448K), 0.0001640 secs] 5622K->5243K(1048512K), 0.0002050 secs] [Times: user=0.00 sys=0.00, real=0.00 secs] 
10.435: [GC10.435: [DefNew: 417K->33K(448K), 0.0001770 secs] 5627K->5247K(1048512K), 0.0002210 secs] [Times: user=0.00 sys=0.00, real=0.00 secs] 
10.444: [GC10.444: [DefNew: 417K->33K(448K), 0.0001870 secs] 5631K->5251K(1048512K), 0.0002440 secs] [Times: user=0.00 sys=0.00, real=0.00 secs] 
10.453: [GC10.453: [DefNew: 417K->33K(448K), 0.0001720 secs] 5635K->5255K(1048512K), 0.0002180 secs] [Times: user=0.00 sys=0.00, real=0.00 secs] 
10.462: [GC10.462: [DefNew: 417K->33K(448K), 0.0001690 secs] 5639K->5259K(1048512K), 0.0002030 secs] [Times: user=0.00 sys=0.00, real=0.01 secs] 
10.472: [GC10.472: [DefNew: 417K->34K(448K), 0.0001780 secs] 5643K->5264K(1048512K), 0.0002190 secs] [Times: user=0.00 sys=0.00, real=0.00 secs] 
10.481: [GC10.481: [DefNew: 418K->34K(448K), 0.0001850 secs] 5648K->5268K(1048512K), 0.0002350 secs] [Times: user=0.00 sys=0.00, real=0.00 secs] 
10.491: [GC10.491: [DefNew: 418K->34K(448K), 0.0001840 secs] 5652K->5272K(1048512K), 0.0002330 secs] [Times: user=0.00 sys=0.00, real=0.00 secs] 
10.500: [GC10.500: [DefNew: 418K->34K(448K), 0.0002050 secs] 5656K->5276K(1048512K), 0.0002540 secs] [Times: user=0.00 sys=0.00, real=0.00 secs] 
10.509: [GC10.509: [DefNew: 418K->34K(448K), 0.0001760 secs] 5660K->5280K(1048512K), 0.0002170 secs] [Times: user=0.00 sys=0.00, real=0.00 secs] 
10.519: [GC10.519: [DefNew: 418K->34K(448K), 0.0001700 secs] 5664K->5284K(1048512K), 0.0002080 secs] [Times: user=0.00 sys=0.00, real=0.00 secs] 
10.527: [GC10.527: [DefNew: 418K->33K(448K), 0.0001730 secs] 5668K->5288K(1048512K), 0.0002140 secs] [Times: user=0.00 sys=0.00, real=0.00 secs] 
10.536: [GC10.536: [DefNew: 417K->33K(448K), 0.0001860 secs] 5672K->5292K(1048512K), 0.0002340 secs] [Times: user=0.00 sys=0.00, real=0.00 secs] 
10.546: [GC10.546: [DefNew: 417K->33K(448K), 0.0001680 secs] 5676K->5296K(1048512K), 0.0002100 secs] [Times: user=0.00 sys=0.00, real=0.00 secs] 
10.555: [GC10.555: [DefNew: 417K->32K(448K), 0.0001810 secs] 5680K->5300K(1048512K), 0.0002210 secs] [Times: user=0.00 sys=0.00, real=0.00 secs] 
10.564: [GC10.564: [DefNew: 416K->32K(448K), 0.0001910 secs] 5684K->5304K(1048512K), 0.0002370 secs] [Times: user=0.00 sys=0.00, real=0.00 secs] 
10.574: [GC10.574: [DefNew: 416K->33K(448K), 0.0001740 secs] 5688K->5309K(1048512K), 0.0002160 secs] [Times: user=0.00 sys=0.00, real=0.00 secs] 
10.582: [GC10.582: [DefNew: 417K->32K(448K), 0.0001880 secs] 5693K->5313K(1048512K), 0.0002330 secs] [Times: user=0.00 sys=0.00, real=0.01 secs] 
10.592: [GC10.592: [DefNew: 416K->33K(448K), 0.0002240 secs] 5697K->5317K(1048512K), 0.0002790 secs] [Times: user=0.00 sys=0.00, real=0.00 secs] 
10.601: [GC10.601: [DefNew: 417K->34K(448K), 0.0001900 secs] 5701K->5322K(1048512K), 0.0002520 secs] [Times: user=0.00 sys=0.00, real=0.00 secs] 
10.611: [GC10.611: [DefNew: 418K->35K(448K), 0.0001530 secs] 5706K->5327K(1048512K), 0.0001980 secs] [Times: user=0.00 sys=0.00, real=0.00 secs] 
10.620: [GC10.620: [DefNew: 419K->35K(448K), 0.0001550 secs] 5711K->5331K(1048512K), 0.0001970 secs] [Times: user=0.00 sys=0.00, real=0.00 secs] 
10.629: [GC10.629: [DefNew: 419K->35K(448K), 0.0002580 secs] 5715K->5335K(1048512K), 0.0003300 secs] [Times: user=0.00 sys=0.00, real=0.00 secs] 
10.639: [GC10.639: [DefNew: 419K->35K(448K), 0.0002010 secs] 5719K->5340K(1048512K), 0.0002530 secs] [Times: user=0.00 sys=0.00, real=0.00 secs] 
10.647: [GC10.647: [DefNew: 419K->34K(448K), 0.0001620 secs] 5724K->5343K(1048512K), 0.0002010 secs] [Times: user=0.00 sys=0.00, real=0.00 secs] 
10.656: [GC10.656: [DefNew: 418K->34K(448K), 0.0001850 secs] 5727K->5347K(1048512K), 0.0002310 secs] [Times: user=0.00 sys=0.00, real=0.00 secs] 
10.666: [GC10.666: [DefNew: 418K->35K(448K), 0.0001920 secs] 5731K->5352K(1048512K), 0.0002470 secs] [Times: user=0.00 sys=0.00, real=0.00 secs] 
10.675: [GC10.675: [DefNew: 419K->34K(448K), 0.0001760 secs] 5736K->5356K(1048512K), 0.0002300 secs] [Times: user=0.00 sys=0.00, real=0.00 secs] 
10.685: [GC10.685: [DefNew: 418K->33K(448K), 0.0001820 secs] 5740K->5360K(1048512K), 0.0002220 secs] [Times: user=0.00 sys=0.00, real=0.00 secs] 
10.694: [GC10.694: [DefNew: 417K->33K(448K), 0.0001810 secs] 5744K->5364K(1048512K), 0.0002230 secs] [Times: user=0.00 sys=0.00, real=0.00 secs] 
10.704: [GC10.704: [DefNew: 417K->33K(448K), 0.0001690 secs] 5748K->5368K(1048512K), 0.0002050 secs] [Times: user=0.00 sys=0.00, real=0.00 secs] 
10.713: [GC10.713: [DefNew: 417K->33K(448K), 0.0001640 secs] 5752K->5373K(1048512K), 0.0002020 secs] [Times: user=0.00 sys=0.00, real=0.00 secs] 
10.722: [GC10.722: [DefNew: 417K->34K(448K), 0.0001370 secs] 5757K->5377K(1048512K), 0.0001830 secs] [Times: user=0.00 sys=0.00, real=0.00 secs] 
10.731: [GC10.731: [DefNew: 418K->33K(448K), 0.0001550 secs] 5761K->5381K(1048512K), 0.0001890 secs] [Times: user=0.00 sys=0.00, real=0.00 secs] 
10.741: [GC10.741: [DefNew: 417K->34K(448K), 0.0001720 secs] 5765K->5386K(1048512K), 0.0002120 secs] [Times: user=0.00 sys=0.00, real=0.00 secs] 
10.750: [GC10.750: [DefNew: 418K->34K(448K), 0.0001890 secs] 5770K->5390K(1048512K), 0.0002420 secs] [Times: user=0.00 sys=0.01, real=0.00 secs] 
10.759: [GC10.759: [DefNew: 418K->34K(448K), 0.0001690 secs] 5774K->5394K(1048512K), 0.0002080 secs] [Times: user=0.00 sys=0.00, real=0.00 secs] 
10.768: [GC10.769: [DefNew: 418K->34K(448K), 0.0001690 secs] 5778K->5398K(1048512K), 0.0002240 secs] [Times: user=0.00 sys=0.00, real=0.00 secs] 
10.777: [GC10.777: [DefNew: 418K->33K(448K), 0.0001670 secs] 5782K->5402K(1048512K), 0.0002060 secs] [Times: user=0.00 sys=0.00, real=0.00 secs] 
10.786: [GC10.786: [DefNew: 417K->34K(448K), 0.0001690 secs] 5786K->5406K(1048512K), 0.0002060 secs] [Times: user=0.00 sys=0.00, real=0.00 secs] 
10.795: [GC10.795: [DefNew: 418K->33K(448K), 0.0001870 secs] 5790K->5410K(1048512K), 0.0002390 secs] [Times: user=0.00 sys=0.00, real=0.00 secs] 
10.804: [GC10.804: [DefNew: 417K->33K(448K), 0.0001650 secs] 5794K->5415K(1048512K), 0.0002140 secs] [Times: user=0.00 sys=0.00, real=0.00 secs] 
10.813: [GC10.813: [DefNew: 417K->33K(448K), 0.0001590 secs] 5799K->5419K(1048512K), 0.0002080 secs] [Times: user=0.00 sys=0.00, real=0.00 secs] 
10.823: [GC10.823: [DefNew: 417K->34K(448K), 0.0001430 secs] 5803K->5423K(1048512K), 0.0001770 secs] [Times: user=0.00 sys=0.00, real=0.00 secs] 
10.832: [GC10.832: [DefNew: 418K->34K(448K), 0.0002100 secs] 5807K->5427K(1048512K), 0.0002620 secs] [Times: user=0.00 sys=0.00, real=0.00 secs] 
10.841: [GC10.841: [DefNew: 418K->33K(448K), 0.0001920 secs] 5811K->5431K(1048512K), 0.0002400 secs] [Times: user=0.00 sys=0.00, real=0.00 secs] 
10.851: [GC10.851: [DefNew: 417K->34K(448K), 0.0001590 secs] 5815K->5435K(1048512K), 0.0002000 secs] [Times: user=0.00 sys=0.00, real=0.00 secs] 
10.860: [GC10.860: [DefNew: 418K->34K(448K), 0.0001910 secs] 5819K->5440K(1048512K), 0.0002390 secs] [Times: user=0.00 sys=0.00, real=0.00 secs] 
10.869: [GC10.869: [DefNew: 418K->34K(448K), 0.0001500 secs] 5824K->5444K(1048512K), 0.0001940 secs] [Times: user=0.00 sys=0.00, real=0.00 secs] 
10.879: [GC10.879: [DefNew: 418K->34K(448K), 0.0001550 secs] 5828K->5449K(1048512K), 0.0002010 secs] [Times: user=0.00 sys=0.00, real=0.00 secs] 
10.888: [GC10.888: [DefNew: 418K->34K(448K), 0.0001460 secs] 5833K->5453K(1048512K), 0.0001840 secs] [Times: user=0.00 sys=0.00, real=0.00 secs] 
10.897: [GC10.897: [DefNew: 418K->34K(448K), 0.0001610 secs] 5837K->5457K(1048512K), 0.0001950 secs] [Times: user=0.00 sys=0.00, real=0.00 secs] 
10.905: [GC10.905: [DefNew: 418K->34K(448K), 0.0001510 secs] 5841K->5461K(1048512K), 0.0001890 secs] [Times: user=0.00 sys=0.00, real=0.00 secs] 
10.915: [GC10.915: [DefNew: 418K->35K(448K), 0.0001510 secs] 5845K->5466K(1048512K), 0.0001930 secs] [Times: user=0.00 sys=0.00, real=0.00 secs] 
10.924: [GC10.924: [DefNew: 419K->34K(448K), 0.0001820 secs] 5850K->5470K(1048512K), 0.0002280 secs] [Times: user=0.00 sys=0.00, real=0.00 secs] 
10.933: [GC10.933: [DefNew: 418K->34K(448K), 0.0001750 secs] 5854K->5474K(1048512K), 0.0002190 secs] [Times: user=0.00 sys=0.00, real=0.00 secs] 
10.942: [GC10.943: [DefNew: 418K->34K(448K), 0.0001690 secs] 5858K->5479K(1048512K), 0.0002130 secs] [Times: user=0.00 sys=0.00, real=0.01 secs] 
10.952: [GC10.952: [DefNew: 418K->34K(448K), 0.0001690 secs] 5863K->5483K(1048512K), 0.0002060 secs] [Times: user=0.00 sys=0.00, real=0.00 secs] 
10.961: [GC10.961: [DefNew: 418K->34K(448K), 0.0001750 secs] 5867K->5487K(1048512K), 0.0002160 secs] [Times: user=0.00 sys=0.00, real=0.00 secs] 
10.970: [GC10.970: [DefNew: 418K->34K(448K), 0.0001640 secs] 5871K->5492K(1048512K), 0.0002090 secs] [Times: user=0.00 sys=0.00, real=0.00 secs] 
10.980: [GC10.980: [DefNew: 418K->35K(448K), 0.0001730 secs] 5876K->5496K(1048512K), 0.0002120 secs] [Times: user=0.00 sys=0.00, real=0.00 secs] 
10.989: [GC10.989: [DefNew: 419K->34K(448K), 0.0001830 secs] 5880K->5500K(1048512K), 0.0002320 secs] [Times: user=0.00 sys=0.00, real=0.00 secs] 
10.998: [GC10.998: [DefNew: 418K->35K(448K), 0.0001990 secs] 5884K->5505K(1048512K), 0.0002560 secs] [Times: user=0.00 sys=0.00, real=0.00 secs] 
11.007: [GC11.008: [DefNew: 419K->34K(448K), 0.0001810 secs] 5889K->5509K(1048512K), 0.0002250 secs] [Times: user=0.00 sys=0.00, real=0.00 secs] 
11.016: [GC11.017: [DefNew: 418K->34K(448K), 0.0001950 secs] 5893K->5513K(1048512K), 0.0002530 secs] [Times: user=0.00 sys=0.00, real=0.00 secs] 
11.025: [GC11.025: [DefNew: 418K->34K(448K), 0.0001640 secs] 5897K->5517K(1048512K), 0.0002110 secs] [Times: user=0.00 sys=0.00, real=0.00 secs] 
11.034: [GC11.034: [DefNew: 418K->34K(448K), 0.0001520 secs] 5901K->5521K(1048512K), 0.0001980 secs] [Times: user=0.00 sys=0.00, real=0.00 secs] 
11.043: [GC11.043: [DefNew: 418K->33K(448K), 0.0001740 secs] 5905K->5525K(1048512K), 0.0002170 secs] [Times: user=0.01 sys=0.00, real=0.00 secs] 
11.052: [GC11.052: [DefNew: 417K->34K(448K), 0.0001680 secs] 5909K->5530K(1048512K), 0.0002070 secs] [Times: user=0.00 sys=0.00, real=0.01 secs] 
11.062: [GC11.062: [DefNew: 418K->35K(448K), 0.0001710 secs] 5914K->5535K(1048512K), 0.0002120 secs] [Times: user=0.00 sys=0.00, real=0.00 secs] 
11.071: [GC11.071: [DefNew: 419K->34K(448K), 0.0001630 secs] 5919K->5539K(1048512K), 0.0001980 secs] [Times: user=0.00 sys=0.00, real=0.00 secs] 
11.081: [GC11.081: [DefNew: 418K->35K(448K), 0.0001600 secs] 5923K->5545K(1048512K), 0.0001970 secs] [Times: user=0.00 sys=0.00, real=0.00 secs] 
11.090: [GC11.090: [DefNew: 419K->35K(448K), 0.0001580 secs] 5929K->5549K(1048512K), 0.0001940 secs] [Times: user=0.00 sys=0.00, real=0.00 secs] 
11.099: [GC11.099: [DefNew: 419K->35K(448K), 0.0001730 secs] 5933K->5553K(1048512K), 0.0002170 secs] [Times: user=0.00 sys=0.00, real=0.00 secs] 
11.109: [GC11.109: [DefNew: 419K->36K(448K), 0.0001760 secs] 5937K->5557K(1048512K), 0.0002220 secs] [Times: user=0.00 sys=0.00, real=0.00 secs] 
11.118: [GC11.118: [DefNew: 420K->31K(448K), 0.0001930 secs] 5941K->5562K(1048512K), 0.0002560 secs] [Times: user=0.00 sys=0.00, real=0.00 secs] 
11.127: [GC11.127: [DefNew: 415K->35K(448K), 0.0002260 secs] 5946K->5566K(1048512K), 0.0002860 secs] [Times: user=0.00 sys=0.00, real=0.00 secs] 
11.136: [GC11.136: [DefNew: 419K->35K(448K), 0.0001430 secs] 5950K->5570K(1048512K), 0.0001770 secs] [Times: user=0.00 sys=0.00, real=0.00 secs] 
11.145: [GC11.145: [DefNew: 419K->34K(448K), 0.0001880 secs] 5954K->5573K(1048512K), 0.0002320 secs] [Times: user=0.00 sys=0.00, real=0.00 secs] 
11.153: [GC11.153: [DefNew: 418K->33K(448K), 0.0001670 secs] 5957K->5578K(1048512K), 0.0002010 secs] [Times: user=0.00 sys=0.00, real=0.00 secs] 
11.163: [GC11.163: [DefNew: 417K->34K(448K), 0.0001750 secs] 5962K->5583K(1048512K), 0.0002110 secs] [Times: user=0.00 sys=0.00, real=0.00 secs] 
11.172: [GC11.172: [DefNew: 418K->34K(448K), 0.0001680 secs] 5967K->5587K(1048512K), 0.0002060 secs] [Times: user=0.00 sys=0.00, real=0.00 secs] 
11.182: [GC11.182: [DefNew: 418K->33K(448K), 0.0001590 secs] 5971K->5591K(1048512K), 0.0002090 secs] [Times: user=0.00 sys=0.00, real=0.00 secs] 
11.191: [GC11.191: [DefNew: 417K->34K(448K), 0.0001900 secs] 5975K->5596K(1048512K), 0.0002380 secs] [Times: user=0.00 sys=0.00, real=0.00 secs] 
11.200: [GC11.200: [DefNew: 418K->34K(448K), 0.0001790 secs] 5980K->5600K(1048512K), 0.0002230 secs] [Times: user=0.00 sys=0.00, real=0.00 secs] 
11.210: [GC11.210: [DefNew: 418K->35K(448K), 0.0001710 secs] 5984K->5605K(1048512K), 0.0002070 secs] [Times: user=0.00 sys=0.00, real=0.00 secs] 
11.219: [GC11.219: [DefNew: 419K->35K(448K), 0.0004360 secs] 5989K->5609K(1048512K), 0.0005390 secs] [Times: user=0.00 sys=0.00, real=0.00 secs] 
11.229: [GC11.229: [DefNew: 419K->35K(448K), 0.0002000 secs] 5993K->5614K(1048512K), 0.0002420 secs] [Times: user=0.00 sys=0.00, real=0.00 secs] 
11.238: [GC11.238: [DefNew: 419K->35K(448K), 0.0001600 secs] 5998K->5618K(1048512K), 0.0002030 secs] [Times: user=0.00 sys=0.00, real=0.00 secs] 
11.247: [GC11.247: [DefNew: 419K->35K(448K), 0.0001420 secs] 6002K->5622K(1048512K), 0.0001850 secs] [Times: user=0.01 sys=0.00, real=0.00 secs] 
11.256: [GC11.256: [DefNew: 419K->35K(448K), 0.0001410 secs] 6006K->5626K(1048512K), 0.0001750 secs] [Times: user=0.00 sys=0.00, real=0.00 secs] 
11.266: [GC11.266: [DefNew: 419K->36K(448K), 0.0002760 secs] 6010K->5632K(1048512K), 0.0003460 secs] [Times: user=0.00 sys=0.00, real=0.00 secs] 
11.274: [GC11.274: [DefNew: 420K->35K(448K), 0.0001740 secs] 6016K->5636K(1048512K), 0.0002110 secs] [Times: user=0.00 sys=0.00, real=0.00 secs] 
11.284: [GC11.284: [DefNew: 419K->34K(448K), 0.0002310 secs] 6020K->5639K(1048512K), 0.0002950 secs] [Times: user=0.00 sys=0.00, real=0.00 secs] 
11.294: [GC11.294: [DefNew: 418K->34K(448K), 0.0001710 secs] 6023K->5643K(1048512K), 0.0002260 secs] [Times: user=0.00 sys=0.00, real=0.00 secs] 
11.303: [GC11.303: [DefNew: 418K->34K(448K), 0.0001360 secs] 6027K->5648K(1048512K), 0.0001690 secs] [Times: user=0.00 sys=0.00, real=0.00 secs] 
11.312: [GC11.312: [DefNew: 418K->34K(448K), 0.0002400 secs] 6032K->5652K(1048512K), 0.0003400 secs] [Times: user=0.00 sys=0.00, real=0.01 secs] 
11.322: [GC11.322: [DefNew: 418K->35K(448K), 0.0001370 secs] 6036K->5657K(1048512K), 0.0001700 secs] [Times: user=0.00 sys=0.00, real=0.00 secs] 
11.331: [GC11.331: [DefNew: 419K->34K(448K), 0.0001650 secs] 6041K->5661K(1048512K), 0.0002010 secs] [Times: user=0.00 sys=0.00, real=0.00 secs] 
11.341: [GC11.341: [DefNew: 418K->34K(448K), 0.0001740 secs] 6045K->5665K(1048512K), 0.0002220 secs] [Times: user=0.00 sys=0.00, real=0.00 secs] 
11.350: [GC11.350: [DefNew: 418K->34K(448K), 0.0001570 secs] 6049K->5669K(1048512K), 0.0002010 secs] [Times: user=0.00 sys=0.00, real=0.00 secs] 
11.359: [GC11.359: [DefNew: 418K->34K(448K), 0.0002570 secs] 6053K->5673K(1048512K), 0.0003210 secs] [Times: user=0.00 sys=0.00, real=0.00 secs] 
11.369: [GC11.369: [DefNew: 418K->33K(448K), 0.0001740 secs] 6057K->5677K(1048512K), 0.0002110 secs] [Times: user=0.00 sys=0.00, real=0.00 secs] 
11.378: [GC11.378: [DefNew: 417K->34K(448K), 0.0001860 secs] 6061K->5682K(1048512K), 0.0002290 secs] [Times: user=0.00 sys=0.00, real=0.00 secs] 
11.387: [GC11.387: [DefNew: 418K->33K(448K), 0.0001490 secs] 6066K->5686K(1048512K), 0.0001930 secs] [Times: user=0.00 sys=0.00, real=0.00 secs] 
11.396: [GC11.397: [DefNew: 417K->34K(448K), 0.0001650 secs] 6070K->5690K(1048512K), 0.0002010 secs] [Times: user=0.00 sys=0.00, real=0.00 secs] 
11.405: [GC11.405: [DefNew: 418K->33K(448K), 0.0001650 secs] 6074K->5694K(1048512K), 0.0001990 secs] [Times: user=0.00 sys=0.00, real=0.00 secs] 
11.414: [GC11.414: [DefNew: 417K->33K(448K), 0.0001610 secs] 6078K->5698K(1048512K), 0.0001960 secs] [Times: user=0.00 sys=0.00, real=0.00 secs] 
11.424: [GC11.424: [DefNew: 417K->33K(448K), 0.0001600 secs] 6082K->5702K(1048512K), 0.0001960 secs] [Times: user=0.00 sys=0.00, real=0.00 secs] 
11.433: [GC11.433: [DefNew: 417K->34K(448K), 0.0001910 secs] 6086K->5707K(1048512K), 0.0002450 secs] [Times: user=0.00 sys=0.00, real=0.00 secs] 
11.442: [GC11.442: [DefNew: 418K->33K(448K), 0.0001730 secs] 6091K->5711K(1048512K), 0.0002360 secs] [Times: user=0.00 sys=0.00, real=0.00 secs] 
11.451: [GC11.451: [DefNew: 417K->34K(448K), 0.0001480 secs] 6095K->5715K(1048512K), 0.0001850 secs] [Times: user=0.00 sys=0.00, real=0.00 secs] 
11.460: [GC11.460: [DefNew: 418K->33K(448K), 0.0001360 secs] 6099K->5719K(1048512K), 0.0001820 secs] [Times: user=0.01 sys=0.00, real=0.00 secs] 
11.470: [GC11.470: [DefNew: 417K->33K(448K), 0.0001800 secs] 6103K->5724K(1048512K), 0.0002220 secs] [Times: user=0.00 sys=0.00, real=0.00 secs] 
11.479: [GC11.479: [DefNew: 417K->34K(448K), 0.0001640 secs] 6108K->5728K(1048512K), 0.0002000 secs] [Times: user=0.00 sys=0.00, real=0.00 secs] 
11.488: [GC11.488: [DefNew: 418K->34K(448K), 0.0001640 secs] 6112K->5732K(1048512K), 0.0001990 secs] [Times: user=0.00 sys=0.00, real=0.00 secs] 
11.497: [GC11.497: [DefNew: 418K->33K(448K), 0.0001620 secs] 6116K->5736K(1048512K), 0.0001980 secs] [Times: user=0.00 sys=0.00, real=0.00 secs] 
11.507: [GC11.507: [DefNew: 417K->34K(448K), 0.0001610 secs] 6120K->5740K(1048512K), 0.0001960 secs] [Times: user=0.00 sys=0.00, real=0.00 secs] 
11.516: [GC11.516: [DefNew: 418K->33K(448K), 0.0001740 secs] 6124K->5744K(1048512K), 0.0002100 secs] [Times: user=0.00 sys=0.00, real=0.00 secs] 
11.525: [GC11.525: [DefNew: 417K->33K(448K), 0.0001840 secs] 6128K->5748K(1048512K), 0.0002350 secs] [Times: user=0.00 sys=0.00, real=0.00 secs] 
11.533: [GC11.534: [DefNew: 417K->33K(448K), 0.0001890 secs] 6132K->5752K(1048512K), 0.0002400 secs] [Times: user=0.00 sys=0.00, real=0.00 secs] 
11.543: [GC11.543: [DefNew: 417K->34K(448K), 0.0001900 secs] 6136K->5758K(1048512K), 0.0002480 secs] [Times: user=0.00 sys=0.00, real=0.00 secs] 
11.552: [GC11.552: [DefNew: 418K->34K(448K), 0.0001470 secs] 6142K->5762K(1048512K), 0.0001880 secs] [Times: user=0.00 sys=0.00, real=0.00 secs] 
11.561: [GC11.561: [DefNew: 418K->34K(448K), 0.0001850 secs] 6146K->5766K(1048512K), 0.0002280 secs] [Times: user=0.00 sys=0.00, real=0.00 secs] 
11.570: [GC11.571: [DefNew: 418K->34K(448K), 0.0001780 secs] 6150K->5771K(1048512K), 0.0002220 secs] [Times: user=0.00 sys=0.00, real=0.00 secs] 
11.579: [GC11.580: [DefNew: 418K->35K(448K), 0.0001790 secs] 6155K->5775K(1048512K), 0.0002300 secs] [Times: user=0.00 sys=0.00, real=0.00 secs] 
11.588: [GC11.588: [DefNew: 419K->35K(448K), 0.0001690 secs] 6159K->5780K(1048512K), 0.0002040 secs] [Times: user=0.00 sys=0.00, real=0.00 secs] 
11.598: [GC11.598: [DefNew: 419K->36K(448K), 0.0001640 secs] 6164K->5785K(1048512K), 0.0001980 secs] [Times: user=0.00 sys=0.00, real=0.00 secs] 
11.607: [GC11.607: [DefNew: 420K->32K(448K), 0.0001650 secs] 6169K->5789K(1048512K), 0.0002020 secs] [Times: user=0.00 sys=0.00, real=0.00 secs] 
11.616: [GC11.616: [DefNew: 416K->32K(448K), 0.0001820 secs] 6173K->5793K(1048512K), 0.0002290 secs] [Times: user=0.00 sys=0.00, real=0.00 secs] 
11.626: [GC11.626: [DefNew: 416K->31K(448K), 0.0002300 secs] 6177K->5798K(1048512K), 0.0002820 secs] [Times: user=0.00 sys=0.00, real=0.00 secs] 
11.635: [GC11.635: [DefNew: 415K->35K(448K), 0.0006370 secs] 6182K->5802K(1048512K), 0.0009100 secs] [Times: user=0.00 sys=0.00, real=0.00 secs] 
11.645: [GC11.645: [DefNew: 419K->35K(448K), 0.0001610 secs] 6186K->5807K(1048512K), 0.0002050 secs] [Times: user=0.00 sys=0.00, real=0.00 secs] 
11.653: [GC11.653: [DefNew: 419K->35K(448K), 0.0001480 secs] 6191K->5811K(1048512K), 0.0001860 secs] [Times: user=0.00 sys=0.00, real=0.00 secs] 
11.662: [GC11.662: [DefNew: 419K->34K(448K), 0.0001690 secs] 6195K->5815K(1048512K), 0.0002160 secs] [Times: user=0.00 sys=0.00, real=0.00 secs] 
11.671: [GC11.671: [DefNew: 418K->34K(448K), 0.0001410 secs] 6199K->5819K(1048512K), 0.0001750 secs] [Times: user=0.00 sys=0.00, real=0.00 secs] 
11.680: [GC11.680: [DefNew: 418K->34K(448K), 0.0001830 secs] 6203K->5823K(1048512K), 0.0002290 secs] [Times: user=0.00 sys=0.00, real=0.00 secs] 
11.689: [GC11.689: [DefNew: 418K->33K(448K), 0.0001690 secs] 6207K->5827K(1048512K), 0.0002040 secs] [Times: user=0.00 sys=0.00, real=0.00 secs] 
11.699: [GC11.699: [DefNew: 417K->34K(448K), 0.0001720 secs] 6211K->5832K(1048512K), 0.0002050 secs] [Times: user=0.00 sys=0.00, real=0.00 secs] 
11.708: [GC11.708: [DefNew: 418K->33K(448K), 0.0001850 secs] 6216K->5836K(1048512K), 0.0002290 secs] [Times: user=0.00 sys=0.00, real=0.00 secs] 
11.717: [GC11.717: [DefNew: 417K->33K(448K), 0.0001560 secs] 6220K->5840K(1048512K), 0.0001980 secs] [Times: user=0.00 sys=0.00, real=0.00 secs] 
11.726: [GC11.726: [DefNew: 417K->34K(448K), 0.0001730 secs] 6224K->5844K(1048512K), 0.0002110 secs] [Times: user=0.00 sys=0.00, real=0.00 secs] 
11.736: [GC11.736: [DefNew: 418K->34K(448K), 0.0001770 secs] 6228K->5849K(1048512K), 0.0002200 secs] [Times: user=0.00 sys=0.00, real=0.00 secs] 
11.745: [GC11.745: [DefNew: 418K->35K(448K), 0.0001690 secs] 6233K->5853K(1048512K), 0.0002060 secs] [Times: user=0.00 sys=0.00, real=0.00 secs] 
11.754: [GC11.754: [DefNew: 419K->34K(448K), 0.0001750 secs] 6237K->5857K(1048512K), 0.0002140 secs] [Times: user=0.00 sys=0.00, real=0.00 secs] 
11.764: [GC11.764: [DefNew: 418K->34K(448K), 0.0001560 secs] 6241K->5862K(1048512K), 0.0001900 secs] [Times: user=0.00 sys=0.00, real=0.00 secs] 
11.773: [GC11.773: [DefNew: 418K->34K(448K), 0.0001640 secs] 6246K->5865K(1048512K), 0.0002020 secs] [Times: user=0.00 sys=0.00, real=0.00 secs] 
11.781: [GC11.781: [DefNew: 418K->34K(448K), 0.0001690 secs] 6249K->5869K(1048512K), 0.0002090 secs] [Times: user=0.00 sys=0.00, real=0.00 secs] 
11.790: [GC11.790: [DefNew: 418K->33K(448K), 0.0001680 secs] 6253K->5873K(1048512K), 0.0002220 secs] [Times: user=0.00 sys=0.00, real=0.00 secs] 
11.800: [GC11.800: [DefNew: 417K->33K(448K), 0.0001910 secs] 6257K->5878K(1048512K), 0.0002380 secs] [Times: user=0.00 sys=0.00, real=0.00 secs] 
11.809: [GC11.809: [DefNew: 417K->33K(448K), 0.0001710 secs] 6262K->5882K(1048512K), 0.0002250 secs] [Times: user=0.00 sys=0.00, real=0.00 secs] 
11.818: [GC11.818: [DefNew: 417K->33K(448K), 0.0001420 secs] 6266K->5886K(1048512K), 0.0001920 secs] [Times: user=0.00 sys=0.00, real=0.00 secs] 
11.827: [GC11.827: [DefNew: 417K->32K(448K), 0.0001790 secs] 6270K->5890K(1048512K), 0.0002460 secs] [Times: user=0.00 sys=0.00, real=0.00 secs] 
11.837: [GC11.837: [DefNew: 416K->33K(448K), 0.0001740 secs] 6274K->5894K(1048512K), 0.0002130 secs] [Times: user=0.00 sys=0.00, real=0.00 secs] 
11.846: [GC11.846: [DefNew: 417K->33K(448K), 0.0001830 secs] 6278K->5899K(1048512K), 0.0002350 secs] [Times: user=0.00 sys=0.00, real=0.00 secs] 
11.855: [GC11.855: [DefNew: 417K->34K(448K), 0.0001570 secs] 6283K->5903K(1048512K), 0.0001970 secs] [Times: user=0.00 sys=0.00, real=0.00 secs] 
11.864: [GC11.864: [DefNew: 418K->34K(448K), 0.0001410 secs] 6287K->5908K(1048512K), 0.0001960 secs] [Times: user=0.00 sys=0.01, real=0.00 secs] 
11.874: [GC11.874: [DefNew: 418K->34K(448K), 0.0001440 secs] 6292K->5912K(1048512K), 0.0001800 secs] [Times: user=0.01 sys=0.00, real=0.00 secs] 
11.883: [GC11.883: [DefNew: 418K->34K(448K), 0.0001830 secs] 6296K->5916K(1048512K), 0.0002270 secs] [Times: user=0.00 sys=0.00, real=0.00 secs] 
11.893: [GC11.893: [DefNew: 418K->34K(448K), 0.0002070 secs] 6300K->5920K(1048512K), 0.0002800 secs] [Times: user=0.00 sys=0.00, real=0.00 secs] 
11.901: [GC11.901: [DefNew: 418K->34K(448K), 0.0001700 secs] 6304K->5924K(1048512K), 0.0002170 secs] [Times: user=0.00 sys=0.00, real=0.00 secs] 
11.910: [GC11.910: [DefNew: 418K->33K(448K), 0.0001680 secs] 6308K->5928K(1048512K), 0.0002040 secs] [Times: user=0.00 sys=0.00, real=0.00 secs] 
11.920: [GC11.920: [DefNew: 417K->33K(448K), 0.0001640 secs] 6312K->5932K(1048512K), 0.0002010 secs] [Times: user=0.00 sys=0.00, real=0.00 secs] 
11.932: [GC11.932: [DefNew: 417K->33K(448K), 0.0002010 secs] 6316K->5936K(1048512K), 0.0002680 secs] [Times: user=0.00 sys=0.00, real=0.00 secs] 
11.941: [GC11.941: [DefNew: 417K->33K(448K), 0.0001450 secs] 6320K->5941K(1048512K), 0.0001790 secs] [Times: user=0.00 sys=0.00, real=0.00 secs] 
11.950: [GC11.950: [DefNew: 417K->33K(448K), 0.0001710 secs] 6325K->5945K(1048512K), 0.0002090 secs] [Times: user=0.00 sys=0.00, real=0.00 secs] 
11.960: [GC11.960: [DefNew: 417K->34K(448K), 0.0001620 secs] 6329K->5950K(1048512K), 0.0001970 secs] [Times: user=0.00 sys=0.00, real=0.00 secs] 
11.969: [GC11.969: [DefNew: 418K->34K(448K), 0.0001790 secs] 6334K->5954K(1048512K), 0.0002190 secs] [Times: user=0.00 sys=0.00, real=0.00 secs] 
11.978: [GC11.978: [DefNew: 418K->34K(448K), 0.0001600 secs] 6338K->5958K(1048512K), 0.0001990 secs] [Times: user=0.00 sys=0.00, real=0.00 secs] 
11.987: [GC11.987: [DefNew: 418K->34K(448K), 0.0001630 secs] 6342K->5962K(1048512K), 0.0002090 secs] [Times: user=0.00 sys=0.00, real=0.00 secs] 
11.997: [GC11.997: [DefNew: 418K->35K(448K), 0.0001590 secs] 6346K->5967K(1048512K), 0.0001920 secs] [Times: user=0.00 sys=0.00, real=0.00 secs] 
12.006: [GC12.006: [DefNew: 419K->35K(448K), 0.0001630 secs] 6351K->5971K(1048512K), 0.0001990 secs] [Times: user=0.00 sys=0.00, real=0.00 secs] 
12.015: [GC12.015: [DefNew: 419K->35K(448K), 0.0001540 secs] 6355K->5975K(1048512K), 0.0001880 secs] [Times: user=0.00 sys=0.00, real=0.00 secs] 
12.025: [GC12.025: [DefNew: 419K->34K(448K), 0.0001890 secs] 6359K->5980K(1048512K), 0.0002330 secs] [Times: user=0.00 sys=0.00, real=0.00 secs] 
12.033: [GC12.033: [DefNew: 418K->34K(448K), 0.0001710 secs] 6364K->5984K(1048512K), 0.0002090 secs] [Times: user=0.00 sys=0.00, real=0.00 secs] 
12.042: [GC12.042: [DefNew: 418K->34K(448K), 0.0001670 secs] 6368K->5988K(1048512K), 0.0002030 secs] [Times: user=0.00 sys=0.00, real=0.00 secs] 
12.051: [GC12.051: [DefNew: 418K->34K(448K), 0.0001880 secs] 6372K->5992K(1048512K), 0.0002430 secs] [Times: user=0.00 sys=0.00, real=0.00 secs] 
12.061: [GC12.061: [DefNew: 418K->34K(448K), 0.0001560 secs] 6376K->5997K(1048512K), 0.0002010 secs] [Times: user=0.00 sys=0.00, real=0.00 secs] 
12.070: [GC12.070: [DefNew: 418K->34K(448K), 0.0001470 secs] 6381K->6001K(1048512K), 0.0001850 secs] [Times: user=0.00 sys=0.00, real=0.00 secs] 
12.079: [GC12.079: [DefNew: 418K->34K(448K), 0.0001820 secs] 6385K->6005K(1048512K), 0.0002260 secs] [Times: user=0.00 sys=0.00, real=0.00 secs] 
12.089: [GC12.089: [DefNew: 418K->33K(448K), 0.0001950 secs] 6389K->6009K(1048512K), 0.0002400 secs] [Times: user=0.01 sys=0.00, real=0.00 secs] 
12.098: [GC12.098: [DefNew: 417K->33K(448K), 0.0001890 secs] 6393K->6014K(1048512K), 0.0002300 secs] [Times: user=0.00 sys=0.00, real=0.00 secs] 
12.107: [GC12.107: [DefNew: 417K->34K(448K), 0.0001470 secs] 6398K->6018K(1048512K), 0.0001950 secs] [Times: user=0.00 sys=0.00, real=0.00 secs] 
12.117: [GC12.117: [DefNew: 418K->34K(448K), 0.0001690 secs] 6402K->6022K(1048512K), 0.0002070 secs] [Times: user=0.00 sys=0.00, real=0.00 secs] 
12.126: [GC12.126: [DefNew: 418K->34K(448K), 0.0001780 secs] 6406K->6026K(1048512K), 0.0002220 secs] [Times: user=0.00 sys=0.00, real=0.00 secs] 
12.136: [GC12.136: [DefNew: 418K->33K(448K), 0.0001710 secs] 6410K->6030K(1048512K), 0.0002110 secs] [Times: user=0.00 sys=0.00, real=0.00 secs] 
12.145: [GC12.145: [DefNew: 417K->34K(448K), 0.0001690 secs] 6414K->6035K(1048512K), 0.0002100 secs] [Times: user=0.00 sys=0.00, real=0.00 secs] 
12.153: [GC12.153: [DefNew: 418K->33K(448K), 0.0001580 secs] 6419K->6038K(1048512K), 0.0001990 secs] [Times: user=0.00 sys=0.00, real=0.00 secs] 
12.162: [GC12.162: [DefNew: 417K->33K(448K), 0.0001700 secs] 6422K->6042K(1048512K), 0.0002190 secs] [Times: user=0.00 sys=0.00, real=0.01 secs] 
12.172: [GC12.172: [DefNew: 417K->34K(448K), 0.0001770 secs] 6426K->6047K(1048512K), 0.0002150 secs] [Times: user=0.00 sys=0.00, real=0.00 secs] 
12.181: [GC12.181: [DefNew: 418K->33K(448K), 0.0001650 secs] 6431K->6051K(1048512K), 0.0002020 secs] [Times: user=0.00 sys=0.00, real=0.00 secs] 
12.190: [GC12.190: [DefNew: 417K->33K(448K), 0.0001650 secs] 6435K->6055K(1048512K), 0.0002060 secs] [Times: user=0.00 sys=0.00, real=0.00 secs] 
12.199: [GC12.199: [DefNew: 417K->34K(448K), 0.0001730 secs] 6439K->6060K(1048512K), 0.0002140 secs] [Times: user=0.00 sys=0.00, real=0.00 secs] 
12.209: [GC12.209: [DefNew: 418K->34K(448K), 0.0001650 secs] 6444K->6064K(1048512K), 0.0002020 secs] [Times: user=0.00 sys=0.00, real=0.00 secs] 
12.218: [GC12.218: [DefNew: 418K->34K(448K), 0.0001780 secs] 6448K->6068K(1048512K), 0.0002170 secs] [Times: user=0.00 sys=0.00, real=0.00 secs] 
12.227: [GC12.227: [DefNew: 418K->34K(448K), 0.0001580 secs] 6452K->6072K(1048512K), 0.0001940 secs] [Times: user=0.00 sys=0.00, real=0.00 secs] 
12.237: [GC12.237: [DefNew: 418K->35K(448K), 0.0001720 secs] 6456K->6077K(1048512K), 0.0002140 secs] [Times: user=0.00 sys=0.00, real=0.00 secs] 
12.246: [GC12.246: [DefNew: 419K->34K(448K), 0.0001710 secs] 6461K->6081K(1048512K), 0.0002120 secs] [Times: user=0.00 sys=0.00, real=0.00 secs] 
12.255: [GC12.255: [DefNew: 418K->34K(448K), 0.0001970 secs] 6465K->6085K(1048512K), 0.0002600 secs] [Times: user=0.00 sys=0.00, real=0.00 secs] 
12.264: [GC12.264: [DefNew: 418K->34K(448K), 0.0001470 secs] 6469K->6089K(1048512K), 0.0001960 secs] [Times: user=0.00 sys=0.00, real=0.00 secs] 
12.274: [GC12.274: [DefNew: 418K->34K(448K), 0.0001600 secs] 6473K->6094K(1048512K), 0.0002060 secs] [Times: user=0.00 sys=0.00, real=0.00 secs] 
12.282: [GC12.282: [DefNew: 418K->33K(448K), 0.0001620 secs] 6478K->6097K(1048512K), 0.0002010 secs] [Times: user=0.00 sys=0.00, real=0.00 secs] 
12.291: [GC12.291: [DefNew: 417K->33K(448K), 0.0002170 secs] 6481K->6101K(1048512K), 0.0002730 secs] [Times: user=0.01 sys=0.00, real=0.00 secs] 
12.300: [GC12.300: [DefNew: 417K->33K(448K), 0.0001720 secs] 6485K->6106K(1048512K), 0.0002190 secs] [Times: user=0.00 sys=0.00, real=0.00 secs] 
12.310: [GC12.310: [DefNew: 417K->33K(448K), 0.0002060 secs] 6490K->6111K(1048512K), 0.0002630 secs] [Times: user=0.00 sys=0.00, real=0.00 secs] 
12.319: [GC12.319: [DefNew: 417K->34K(448K), 0.0001460 secs] 6495K->6115K(1048512K), 0.0001820 secs] [Times: user=0.00 sys=0.00, real=0.00 secs] 
12.328: [GC12.328: [DefNew: 418K->34K(448K), 0.0001680 secs] 6499K->6119K(1048512K), 0.0002170 secs] [Times: user=0.00 sys=0.00, real=0.00 secs] 
12.338: [GC12.338: [DefNew: 418K->34K(448K), 0.0001710 secs] 6503K->6124K(1048512K), 0.0002180 secs] [Times: user=0.00 sys=0.00, real=0.00 secs] 
12.347: [GC12.347: [DefNew: 418K->34K(448K), 0.0001970 secs] 6508K->6128K(1048512K), 0.0002430 secs] [Times: user=0.00 sys=0.00, real=0.00 secs] 
12.356: [GC12.356: [DefNew: 418K->34K(448K), 0.0001700 secs] 6512K->6132K(1048512K), 0.0002080 secs] [Times: user=0.00 sys=0.00, real=0.00 secs] 
12.366: [GC12.366: [DefNew: 418K->34K(448K), 0.0001760 secs] 6516K->6136K(1048512K), 0.0002160 secs] [Times: user=0.00 sys=0.00, real=0.00 secs] 
12.375: [GC12.375: [DefNew: 418K->34K(448K), 0.0001540 secs] 6520K->6140K(1048512K), 0.0001960 secs] [Times: user=0.00 sys=0.00, real=0.00 secs] 
12.384: [GC12.384: [DefNew: 418K->34K(448K), 0.0001710 secs] 6524K->6145K(1048512K), 0.0002150 secs] [Times: user=0.00 sys=0.00, real=0.00 secs] 
12.394: [GC12.394: [DefNew: 418K->34K(448K), 0.0001640 secs] 6529K->6149K(1048512K), 0.0002000 secs] [Times: user=0.00 sys=0.00, real=0.00 secs] 
12.403: [GC12.403: [DefNew: 418K->33K(448K), 0.0001650 secs] 6533K->6153K(1048512K), 0.0002030 secs] [Times: user=0.00 sys=0.00, real=0.00 secs] 
12.411: [GC12.411: [DefNew: 417K->33K(448K), 0.0001670 secs] 6537K->6157K(1048512K), 0.0002030 secs] [Times: user=0.00 sys=0.00, real=0.00 secs] 
12.421: [GC12.421: [DefNew: 417K->34K(448K), 0.0001620 secs] 6541K->6161K(1048512K), 0.0001980 secs] [Times: user=0.00 sys=0.00, real=0.00 secs] 
12.430: [GC12.430: [DefNew: 418K->34K(448K), 0.0001770 secs] 6545K->6166K(1048512K), 0.0002200 secs] [Times: user=0.00 sys=0.00, real=0.00 secs] 
12.439: [GC12.439: [DefNew: 418K->34K(448K), 0.0001720 secs] 6550K->6170K(1048512K), 0.0002140 secs] [Times: user=0.00 sys=0.00, real=0.00 secs] 
12.448: [GC12.448: [DefNew: 418K->34K(448K), 0.0001640 secs] 6554K->6174K(1048512K), 0.0001990 secs] [Times: user=0.00 sys=0.00, real=0.00 secs] 
12.457: [GC12.457: [DefNew: 418K->33K(448K), 0.0001840 secs] 6558K->6178K(1048512K), 0.0002240 secs] [Times: user=0.00 sys=0.00, real=0.00 secs] 
12.467: [GC12.467: [DefNew: 417K->33K(448K), 0.0001830 secs] 6562K->6182K(1048512K), 0.0002340 secs] [Times: user=0.00 sys=0.00, real=0.00 secs] 
12.476: [GC12.476: [DefNew: 417K->34K(448K), 0.0001760 secs] 6566K->6187K(1048512K), 0.0002200 secs] [Times: user=0.00 sys=0.00, real=0.00 secs] 
12.485: [GC12.485: [DefNew: 418K->34K(448K), 0.0001440 secs] 6571K->6192K(1048512K), 0.0002080 secs] [Times: user=0.00 sys=0.00, real=0.00 secs] 
12.494: [GC12.494: [DefNew: 418K->34K(448K), 0.0001610 secs] 6576K->6196K(1048512K), 0.0001990 secs] [Times: user=0.00 sys=0.00, real=0.00 secs] 
12.504: [GC12.504: [DefNew: 418K->34K(448K), 0.0001690 secs] 6580K->6200K(1048512K), 0.0002070 secs] [Times: user=0.00 sys=0.00, real=0.00 secs] 
12.513: [GC12.513: [DefNew: 418K->34K(448K), 0.0001750 secs] 6584K->6204K(1048512K), 0.0002160 secs] [Times: user=0.00 sys=0.00, real=0.00 secs] 
12.522: [GC12.522: [DefNew: 418K->34K(448K), 0.0001770 secs] 6588K->6208K(1048512K), 0.0002180 secs] [Times: user=0.00 sys=0.00, real=0.00 secs] 
12.530: [GC12.530: [DefNew: 418K->34K(448K), 0.0001740 secs] 6592K->6212K(1048512K), 0.0002150 secs] [Times: user=0.00 sys=0.00, real=0.00 secs] 
12.539: [GC12.539: [DefNew: 418K->34K(448K), 0.0004720 secs] 6596K->6217K(1048512K), 0.0005480 secs] [Times: user=0.00 sys=0.00, real=0.00 secs] 
12.549: [GC12.549: [DefNew: 418K->34K(448K), 0.0001710 secs] 6601K->6221K(1048512K), 0.0002170 secs] [Times: user=0.00 sys=0.00, real=0.00 secs] 
12.559: [GC12.559: [DefNew: 418K->34K(448K), 0.0001970 secs] 6605K->6225K(1048512K), 0.0002440 secs] [Times: user=0.00 sys=0.00, real=0.00 secs] 
12.568: [GC12.568: [DefNew: 418K->34K(448K), 0.0002530 secs] 6609K->6230K(1048512K), 0.0003350 secs] [Times: user=0.00 sys=0.00, real=0.00 secs] 
12.577: [GC12.577: [DefNew: 418K->34K(448K), 0.0001990 secs] 6614K->6234K(1048512K), 0.0002500 secs] [Times: user=0.00 sys=0.00, real=0.00 secs] 
12.587: [GC12.587: [DefNew: 418K->35K(448K), 0.0001780 secs] 6618K->6239K(1048512K), 0.0002210 secs] [Times: user=0.00 sys=0.00, real=0.00 secs] 
12.596: [GC12.596: [DefNew: 419K->35K(448K), 0.0001930 secs] 6623K->6244K(1048512K), 0.0002510 secs] [Times: user=0.00 sys=0.00, real=0.00 secs] 
12.605: [GC12.605: [DefNew: 419K->35K(448K), 0.0001930 secs] 6628K->6248K(1048512K), 0.0002460 secs] [Times: user=0.00 sys=0.00, real=0.00 secs] 
12.614: [GC12.614: [DefNew: 419K->35K(448K), 0.0001730 secs] 6632K->6252K(1048512K), 0.0002110 secs] [Times: user=0.00 sys=0.00, real=0.00 secs] 
12.624: [GC12.624: [DefNew: 419K->35K(448K), 0.0001880 secs] 6636K->6257K(1048512K), 0.0002390 secs] [Times: user=0.00 sys=0.00, real=0.00 secs] 
12.633: [GC12.633: [DefNew: 419K->36K(448K), 0.0002730 secs] 6641K->6261K(1048512K), 0.0003550 secs] [Times: user=0.00 sys=0.00, real=0.00 secs] 
12.642: [GC12.642: [DefNew: 420K->35K(448K), 0.0001660 secs] 6645K->6266K(1048512K), 0.0002200 secs] [Times: user=0.00 sys=0.00, real=0.00 secs] 
12.651: [GC12.651: [DefNew: 419K->36K(448K), 0.0001930 secs] 6650K->6271K(1048512K), 0.0002390 secs] [Times: user=0.00 sys=0.00, real=0.00 secs] 
12.659: [GC12.659: [DefNew: 420K->35K(448K), 0.0002200 secs] 6655K->6275K(1048512K), 0.0002740 secs] [Times: user=0.00 sys=0.00, real=0.00 secs] 
12.669: [GC12.669: [DefNew: 419K->36K(448K), 0.0001920 secs] 6659K->6279K(1048512K), 0.0002430 secs] [Times: user=0.00 sys=0.00, real=0.00 secs] 
12.678: [GC12.678: [DefNew: 420K->36K(448K), 0.0001550 secs] 6663K->6284K(1048512K), 0.0001990 secs] [Times: user=0.00 sys=0.00, real=0.00 secs] 
12.687: [GC12.687: [DefNew: 420K->35K(448K), 0.0001540 secs] 6668K->6288K(1048512K), 0.0001940 secs] [Times: user=0.00 sys=0.00, real=0.00 secs] 
12.696: [GC12.696: [DefNew: 419K->35K(448K), 0.0001670 secs] 6672K->6292K(1048512K), 0.0002140 secs] [Times: user=0.00 sys=0.00, real=0.00 secs] 
12.706: [GC12.706: [DefNew: 419K->35K(448K), 0.0002300 secs] 6676K->6297K(1048512K), 0.0003080 secs] [Times: user=0.00 sys=0.00, real=0.00 secs] 
12.715: [GC12.715: [DefNew: 419K->35K(448K), 0.0001410 secs] 6681K->6301K(1048512K), 0.0001850 secs] [Times: user=0.00 sys=0.00, real=0.00 secs] 
12.724: [GC12.724: [DefNew: 419K->34K(448K), 0.0001720 secs] 6685K->6305K(1048512K), 0.0002100 secs] [Times: user=0.00 sys=0.00, real=0.00 secs] 
12.734: [GC12.734: [DefNew: 418K->35K(448K), 0.0001760 secs] 6689K->6310K(1048512K), 0.0002200 secs] [Times: user=0.00 sys=0.00, real=0.00 secs] 
12.743: [GC12.743: [DefNew: 419K->35K(448K), 0.0001630 secs] 6694K->6314K(1048512K), 0.0001980 secs] [Times: user=0.00 sys=0.00, real=0.00 secs] 
12.752: [GC12.752: [DefNew: 419K->34K(448K), 0.0001680 secs] 6698K->6318K(1048512K), 0.0002080 secs] [Times: user=0.00 sys=0.00, real=0.01 secs] 
12.762: [GC12.762: [DefNew: 418K->35K(448K), 0.0001740 secs] 6702K->6323K(1048512K), 0.0002100 secs] [Times: user=0.00 sys=0.00, real=0.00 secs] 
12.771: [GC12.771: [DefNew: 419K->34K(448K), 0.0001700 secs] 6707K->6327K(1048512K), 0.0002060 secs] [Times: user=0.00 sys=0.00, real=0.00 secs] 
12.779: [GC12.779: [DefNew: 418K->33K(448K), 0.0001740 secs] 6711K->6330K(1048512K), 0.0002170 secs] [Times: user=0.00 sys=0.00, real=0.00 secs] 
12.789: [GC12.789: [DefNew: 417K->34K(448K), 0.0001730 secs] 6714K->6335K(1048512K), 0.0002140 secs] [Times: user=0.00 sys=0.00, real=0.00 secs] 
12.798: [GC12.798: [DefNew: 418K->34K(448K), 0.0001830 secs] 6719K->6339K(1048512K), 0.0002320 secs] [Times: user=0.00 sys=0.00, real=0.00 secs] 
12.807: [GC12.807: [DefNew: 418K->33K(448K), 0.0001550 secs] 6723K->6343K(1048512K), 0.0001950 secs] [Times: user=0.00 sys=0.00, real=0.00 secs] 
12.816: [GC12.816: [DefNew: 417K->34K(448K), 0.0001450 secs] 6727K->6348K(1048512K), 0.0001890 secs] [Times: user=0.00 sys=0.00, real=0.00 secs] 
12.825: [GC12.826: [DefNew: 418K->34K(448K), 0.0001400 secs] 6732K->6352K(1048512K), 0.0001740 secs] [Times: user=0.00 sys=0.00, real=0.00 secs] 
12.835: [GC12.835: [DefNew: 418K->34K(448K), 0.0001710 secs] 6736K->6357K(1048512K), 0.0002090 secs] [Times: user=0.00 sys=0.00, real=0.00 secs] 
12.844: [GC12.844: [DefNew: 418K->35K(448K), 0.0001850 secs] 6741K->6362K(1048512K), 0.0002260 secs] [Times: user=0.00 sys=0.00, real=0.00 secs] 
12.854: [GC12.854: [DefNew: 419K->35K(448K), 0.0001710 secs] 6746K->6366K(1048512K), 0.0002140 secs] [Times: user=0.00 sys=0.00, real=0.00 secs] 
12.863: [GC12.863: [DefNew: 419K->35K(448K), 0.0001840 secs] 6750K->6370K(1048512K), 0.0002320 secs] [Times: user=0.00 sys=0.00, real=0.00 secs] 
12.873: [GC12.873: [DefNew: 419K->35K(448K), 0.0001730 secs] 6754K->6374K(1048512K), 0.0002130 secs] [Times: user=0.00 sys=0.00, real=0.01 secs] 
12.882: [GC12.882: [DefNew: 419K->35K(448K), 0.0003550 secs] 6758K->6379K(1048512K), 0.0004240 secs] [Times: user=0.00 sys=0.00, real=0.00 secs] 
12.891: [GC12.891: [DefNew: 419K->35K(448K), 0.0001530 secs] 6763K->6383K(1048512K), 0.0002070 secs] [Times: user=0.00 sys=0.00, real=0.00 secs] 
12.900: [GC12.900: [DefNew: 419K->34K(448K), 0.0001630 secs] 6767K->6387K(1048512K), 0.0002000 secs] [Times: user=0.00 sys=0.00, real=0.00 secs] 
12.908: [GC12.909: [DefNew: 418K->34K(448K), 0.0001430 secs] 6771K->6391K(1048512K), 0.0001780 secs] [Times: user=0.00 sys=0.00, real=0.00 secs] 
12.918: [GC12.918: [DefNew: 418K->34K(448K), 0.0001730 secs] 6775K->6395K(1048512K), 0.0002080 secs] [Times: user=0.00 sys=0.00, real=0.00 secs] 
12.927: [GC12.927: [DefNew: 418K->33K(448K), 0.0001620 secs] 6779K->6399K(1048512K), 0.0001990 secs] [Times: user=0.00 sys=0.00, real=0.00 secs] 
12.937: [GC12.937: [DefNew: 417K->34K(448K), 0.0001720 secs] 6783K->6404K(1048512K), 0.0002120 secs] [Times: user=0.00 sys=0.00, real=0.00 secs] 
12.946: [GC12.946: [DefNew: 418K->34K(448K), 0.0001680 secs] 6788K->6408K(1048512K), 0.0002080 secs] [Times: user=0.00 sys=0.00, real=0.00 secs] 
12.956: [GC12.956: [DefNew: 418K->34K(448K), 0.0001560 secs] 6792K->6413K(1048512K), 0.0001970 secs] [Times: user=0.00 sys=0.00, real=0.00 secs] 
12.965: [GC12.965: [DefNew: 418K->34K(448K), 0.0001820 secs] 6797K->6417K(1048512K), 0.0002240 secs] [Times: user=0.00 sys=0.00, real=0.00 secs] 
12.974: [GC12.974: [DefNew: 418K->35K(448K), 0.0001620 secs] 6801K->6422K(1048512K), 0.0001970 secs] [Times: user=0.00 sys=0.00, real=0.00 secs] 
12.983: [GC12.983: [DefNew: 419K->35K(448K), 0.0001710 secs] 6806K->6426K(1048512K), 0.0002100 secs] [Times: user=0.00 sys=0.00, real=0.00 secs] 
12.993: [GC12.993: [DefNew: 419K->35K(448K), 0.0001640 secs] 6810K->6431K(1048512K), 0.0002020 secs] [Times: user=0.00 sys=0.00, real=0.00 secs] 
13.002: [GC13.002: [DefNew: 419K->35K(448K), 0.0001510 secs] 6815K->6435K(1048512K), 0.0001850 secs] [Times: user=0.00 sys=0.00, real=0.00 secs] 
13.012: [GC13.012: [DefNew: 419K->34K(448K), 0.0001560 secs] 6819K->6439K(1048512K), 0.0001920 secs] [Times: user=0.00 sys=0.01, real=0.00 secs] 
13.021: [GC13.021: [DefNew: 418K->34K(448K), 0.0001570 secs] 6823K->6443K(1048512K), 0.0001980 secs] [Times: user=0.00 sys=0.00, real=0.00 secs] 
13.030: [GC13.030: [DefNew: 418K->34K(448K), 0.0001520 secs] 6827K->6447K(1048512K), 0.0001930 secs] [Times: user=0.00 sys=0.00, real=0.00 secs] 
13.038: [GC13.038: [DefNew: 418K->34K(448K), 0.0001470 secs] 6831K->6451K(1048512K), 0.0001860 secs] [Times: user=0.00 sys=0.00, real=0.00 secs] 
13.047: [GC13.048: [DefNew: 418K->33K(448K), 0.0001660 secs] 6835K->6455K(1048512K), 0.0002060 secs] [Times: user=0.00 sys=0.00, real=0.00 secs] 
13.057: [GC13.057: [DefNew: 417K->33K(448K), 0.0001600 secs] 6839K->6460K(1048512K), 0.0001930 secs] [Times: user=0.00 sys=0.00, real=0.00 secs] 
13.066: [GC13.066: [DefNew: 417K->33K(448K), 0.0001750 secs] 6844K->6464K(1048512K), 0.0002160 secs] [Times: user=0.00 sys=0.00, real=0.00 secs] 
13.075: [GC13.075: [DefNew: 417K->33K(448K), 0.0001700 secs] 6848K->6468K(1048512K), 0.0002080 secs] [Times: user=0.00 sys=0.00, real=0.00 secs] 
13.085: [GC13.085: [DefNew: 417K->34K(448K), 0.0001580 secs] 6852K->6473K(1048512K), 0.0001920 secs] [Times: user=0.00 sys=0.00, real=0.00 secs] 
13.094: [GC13.094: [DefNew: 418K->34K(448K), 0.0001860 secs] 6857K->6477K(1048512K), 0.0002380 secs] [Times: user=0.00 sys=0.00, real=0.00 secs] 
13.103: [GC13.103: [DefNew: 418K->35K(448K), 0.0001470 secs] 6861K->6482K(1048512K), 0.0001820 secs] [Times: user=0.00 sys=0.00, real=0.00 secs] 
13.113: [GC13.113: [DefNew: 419K->35K(448K), 0.0001840 secs] 6866K->6486K(1048512K), 0.0002320 secs] [Times: user=0.00 sys=0.00, real=0.00 secs] 
13.122: [GC13.122: [DefNew: 419K->35K(448K), 0.0001580 secs] 6870K->6490K(1048512K), 0.0001930 secs] [Times: user=0.00 sys=0.00, real=0.00 secs] 
13.131: [GC13.131: [DefNew: 419K->35K(448K), 0.0001980 secs] 6874K->6495K(1048512K), 0.0002550 secs] [Times: user=0.00 sys=0.00, real=0.00 secs] 
13.141: [GC13.141: [DefNew: 419K->36K(448K), 0.0001940 secs] 6879K->6500K(1048512K), 0.0002460 secs] [Times: user=0.00 sys=0.00, real=0.00 secs] 
13.150: [GC13.150: [DefNew: 420K->35K(448K), 0.0001800 secs] 6884K->6504K(1048512K), 0.0002220 secs] [Times: user=0.00 sys=0.00, real=0.00 secs] 
13.158: [GC13.158: [DefNew: 419K->34K(448K), 0.0001990 secs] 6888K->6507K(1048512K), 0.0002400 secs] [Times: user=0.00 sys=0.00, real=0.00 secs] 
13.168: [GC13.168: [DefNew: 418K->35K(448K), 0.0001680 secs] 6891K->6512K(1048512K), 0.0002040 secs] [Times: user=0.00 sys=0.00, real=0.00 secs] 
13.177: [GC13.177: [DefNew: 419K->35K(448K), 0.0001680 secs] 6896K->6517K(1048512K), 0.0002040 secs] [Times: user=0.00 sys=0.00, real=0.00 secs] 
13.186: [GC13.186: [DefNew: 419K->34K(448K), 0.0001660 secs] 6901K->6521K(1048512K), 0.0002020 secs] [Times: user=0.00 sys=0.00, real=0.00 secs] 
13.196: [GC13.196: [DefNew: 418K->35K(448K), 0.0001860 secs] 6905K->6525K(1048512K), 0.0002320 secs] [Times: user=0.00 sys=0.00, real=0.00 secs] 
13.205: [GC13.205: [DefNew: 419K->34K(448K), 0.0001660 secs] 6909K->6529K(1048512K), 0.0002190 secs] [Times: user=0.00 sys=0.00, real=0.00 secs] 
13.214: [GC13.214: [DefNew: 418K->34K(448K), 0.0001650 secs] 6913K->6533K(1048512K), 0.0002000 secs] [Times: user=0.00 sys=0.00, real=0.00 secs] 
13.223: [GC13.223: [DefNew: 418K->34K(448K), 0.0001740 secs] 6917K->6538K(1048512K), 0.0002160 secs] [Times: user=0.00 sys=0.00, real=0.00 secs] 
13.233: [GC13.233: [DefNew: 418K->34K(448K), 0.0001490 secs] 6922K->6542K(1048512K), 0.0001870 secs] [Times: user=0.00 sys=0.00, real=0.00 secs] 
13.242: [GC13.242: [DefNew: 418K->34K(448K), 0.0001500 secs] 6926K->6546K(1048512K), 0.0001820 secs] [Times: user=0.00 sys=0.00, real=0.00 secs] 
13.251: [GC13.251: [DefNew: 418K->33K(448K), 0.0001500 secs] 6930K->6550K(1048512K), 0.0001920 secs] [Times: user=0.00 sys=0.00, real=0.00 secs] 
13.261: [GC13.261: [DefNew: 417K->33K(448K), 0.0001680 secs] 6934K->6554K(1048512K), 0.0002060 secs] [Times: user=0.00 sys=0.00, real=0.00 secs] 
13.270: [GC13.270: [DefNew: 417K->34K(448K), 0.0001880 secs] 6938K->6559K(1048512K), 0.0002370 secs] [Times: user=0.00 sys=0.00, real=0.00 secs] 
13.279: [GC13.279: [DefNew: 418K->34K(448K), 0.0001820 secs] 6943K->6563K(1048512K), 0.0002330 secs] [Times: user=0.00 sys=0.00, real=0.00 secs] 
13.287: [GC13.287: [DefNew: 418K->34K(448K), 0.0002040 secs] 6947K->6567K(1048512K), 0.0002550 secs] [Times: user=0.00 sys=0.00, real=0.00 secs] 
13.297: [GC13.297: [DefNew: 418K->33K(448K), 0.0002320 secs] 6951K->6571K(1048512K), 0.0003050 secs] [Times: user=0.00 sys=0.00, real=0.00 secs] 
13.306: [GC13.306: [DefNew: 417K->34K(448K), 0.0003030 secs] 6955K->6575K(1048512K), 0.0003730 secs] [Times: user=0.00 sys=0.00, real=0.00 secs] 
13.315: [GC13.315: [DefNew: 418K->34K(448K), 0.0001610 secs] 6959K->6579K(1048512K), 0.0002080 secs] [Times: user=0.00 sys=0.00, real=0.00 secs] 
13.325: [GC13.325: [DefNew: 418K->34K(448K), 0.0001480 secs] 6963K->6584K(1048512K), 0.0001870 secs] [Times: user=0.00 sys=0.00, real=0.00 secs] 
13.334: [GC13.334: [DefNew: 418K->34K(448K), 0.0001690 secs] 6968K->6589K(1048512K), 0.0002150 secs] [Times: user=0.00 sys=0.00, real=0.00 secs] 
13.343: [GC13.343: [DefNew: 418K->34K(448K), 0.0001880 secs] 6973K->6593K(1048512K), 0.0002410 secs] [Times: user=0.00 sys=0.00, real=0.00 secs] 
13.353: [GC13.353: [DefNew: 418K->34K(448K), 0.0001450 secs] 6977K->6597K(1048512K), 0.0001800 secs] [Times: user=0.00 sys=0.00, real=0.00 secs] 
13.362: [GC13.362: [DefNew: 418K->34K(448K), 0.0001610 secs] 6981K->6601K(1048512K), 0.0001970 secs] [Times: user=0.00 sys=0.00, real=0.00 secs] 
13.372: [GC13.372: [DefNew: 418K->34K(448K), 0.0001790 secs] 6985K->6605K(1048512K), 0.0002220 secs] [Times: user=0.00 sys=0.00, real=0.00 secs] 
13.381: [GC13.381: [DefNew: 418K->34K(448K), 0.0001910 secs] 6989K->6609K(1048512K), 0.0002510 secs] [Times: user=0.00 sys=0.00, real=0.00 secs] 
13.391: [GC13.391: [DefNew: 418K->34K(448K), 0.0001830 secs] 6993K->6614K(1048512K), 0.0002370 secs] [Times: user=0.00 sys=0.00, real=0.00 secs] 
13.400: [GC13.400: [DefNew: 418K->34K(448K), 0.0001820 secs] 6998K->6618K(1048512K), 0.0002200 secs] [Times: user=0.00 sys=0.00, real=0.00 secs] 
13.408: [GC13.408: [DefNew: 418K->34K(448K), 0.0001720 secs] 7002K->6622K(1048512K), 0.0002290 secs] [Times: user=0.00 sys=0.00, real=0.00 secs] 
13.417: [GC13.417: [DefNew: 418K->33K(448K), 0.0001490 secs] 7006K->6626K(1048512K), 0.0001850 secs] [Times: user=0.00 sys=0.00, real=0.00 secs] 
13.426: [GC13.426: [DefNew: 417K->33K(448K), 0.0001780 secs] 7010K->6630K(1048512K), 0.0002200 secs] [Times: user=0.00 sys=0.00, real=0.00 secs] 
13.436: [GC13.436: [DefNew: 417K->34K(448K), 0.0001640 secs] 7014K->6635K(1048512K), 0.0002010 secs] [Times: user=0.00 sys=0.00, real=0.00 secs] 
13.445: [GC13.445: [DefNew: 418K->34K(448K), 0.0001490 secs] 7019K->6639K(1048512K), 0.0001930 secs] [Times: user=0.00 sys=0.00, real=0.00 secs] 
13.454: [GC13.454: [DefNew: 418K->34K(448K), 0.0001640 secs] 7023K->6643K(1048512K), 0.0002030 secs] [Times: user=0.00 sys=0.00, real=0.00 secs] 
13.463: [GC13.463: [DefNew: 418K->34K(448K), 0.0001590 secs] 7027K->6647K(1048512K), 0.0001980 secs] [Times: user=0.00 sys=0.00, real=0.00 secs] 
13.472: [GC13.472: [DefNew: 418K->33K(448K), 0.0001870 secs] 7031K->6651K(1048512K), 0.0002330 secs] [Times: user=0.00 sys=0.00, real=0.00 secs] 
13.482: [GC13.482: [DefNew: 417K->34K(448K), 0.0001680 secs] 7035K->6656K(1048512K), 0.0002080 secs] [Times: user=0.00 sys=0.00, real=0.00 secs] 
13.491: [GC13.491: [DefNew: 418K->34K(448K), 0.0001650 secs] 7040K->6660K(1048512K), 0.0002460 secs] [Times: user=0.00 sys=0.00, real=0.00 secs] 
13.500: [GC13.500: [DefNew: 418K->33K(448K), 0.0001650 secs] 7044K->6664K(1048512K), 0.0001990 secs] [Times: user=0.00 sys=0.00, real=0.00 secs] 
13.509: [GC13.509: [DefNew: 417K->34K(448K), 0.0001650 secs] 7048K->6668K(1048512K), 0.0002280 secs] [Times: user=0.00 sys=0.00, real=0.00 secs] 
13.518: [GC13.518: [DefNew: 418K->34K(448K), 0.0001610 secs] 7052K->6673K(1048512K), 0.0002020 secs] [Times: user=0.00 sys=0.00, real=0.00 secs] 
13.528: [GC13.528: [DefNew: 418K->35K(448K), 0.0001560 secs] 7057K->6678K(1048512K), 0.0002000 secs] [Times: user=0.00 sys=0.00, real=0.00 secs] 
13.536: [GC13.536: [DefNew: 419K->34K(448K), 0.0001360 secs] 7062K->6682K(1048512K), 0.0001730 secs] [Times: user=0.00 sys=0.00, real=0.00 secs] 
13.545: [GC13.545: [DefNew: 418K->35K(448K), 0.0001480 secs] 7066K->6686K(1048512K), 0.0001890 secs] [Times: user=0.00 sys=0.00, real=0.00 secs] 
13.554: [GC13.554: [DefNew: 419K->34K(448K), 0.0001840 secs] 7070K->6690K(1048512K), 0.0002330 secs] [Times: user=0.01 sys=0.00, real=0.00 secs] 
13.564: [GC13.564: [DefNew: 418K->35K(448K), 0.0001900 secs] 7074K->6695K(1048512K), 0.0002310 secs] [Times: user=0.00 sys=0.00, real=0.00 secs] 
13.573: [GC13.573: [DefNew: 419K->35K(448K), 0.0001740 secs] 7079K->6699K(1048512K), 0.0002160 secs] [Times: user=0.00 sys=0.00, real=0.00 secs] 
13.582: [GC13.582: [DefNew: 419K->34K(448K), 0.0001740 secs] 7083K->6703K(1048512K), 0.0002250 secs] [Times: user=0.00 sys=0.00, real=0.01 secs] 
13.592: [GC13.592: [DefNew: 418K->34K(448K), 0.0001740 secs] 7087K->6707K(1048512K), 0.0002120 secs] [Times: user=0.00 sys=0.00, real=0.00 secs] 
13.601: [GC13.601: [DefNew: 418K->33K(448K), 0.0001820 secs] 7091K->6711K(1048512K), 0.0002270 secs] [Times: user=0.00 sys=0.00, real=0.00 secs] 
13.610: [GC13.610: [DefNew: 417K->34K(448K), 0.0001700 secs] 7095K->6715K(1048512K), 0.0002150 secs] [Times: user=0.00 sys=0.00, real=0.00 secs] 
13.620: [GC13.620: [DefNew: 418K->34K(448K), 0.0001810 secs] 7099K->6720K(1048512K), 0.0002340 secs] [Times: user=0.00 sys=0.00, real=0.00 secs] 
13.629: [GC13.629: [DefNew: 418K->33K(448K), 0.0001840 secs] 7104K->6724K(1048512K), 0.0002300 secs] [Times: user=0.00 sys=0.00, real=0.00 secs] 
13.638: [GC13.638: [DefNew: 417K->33K(448K), 0.0001670 secs] 7108K->6728K(1048512K), 0.0002140 secs] [Times: user=0.00 sys=0.00, real=0.00 secs] 
13.647: [GC13.647: [DefNew: 417K->33K(448K), 0.0001480 secs] 7112K->6732K(1048512K), 0.0001930 secs] [Times: user=0.00 sys=0.00, real=0.00 secs] 
13.657: [GC13.657: [DefNew: 417K->33K(448K), 0.0001840 secs] 7116K->6736K(1048512K), 0.0002300 secs] [Times: user=0.00 sys=0.00, real=0.00 secs] 
13.664: [GC13.664: [DefNew: 417K->33K(448K), 0.0001920 secs] 7120K->6740K(1048512K), 0.0002470 secs] [Times: user=0.00 sys=0.00, real=0.00 secs] 
13.674: [GC13.674: [DefNew: 417K->34K(448K), 0.0001800 secs] 7124K->6745K(1048512K), 0.0002230 secs] [Times: user=0.00 sys=0.00, real=0.00 secs] 
13.683: [GC13.683: [DefNew: 418K->33K(448K), 0.0001740 secs] 7129K->6749K(1048512K), 0.0002250 secs] [Times: user=0.00 sys=0.00, real=0.00 secs] 
13.693: [GC13.693: [DefNew: 417K->34K(448K), 0.0001740 secs] 7133K->6753K(1048512K), 0.0002580 secs] [Times: user=0.00 sys=0.00, real=0.00 secs] 
13.702: [GC13.702: [DefNew: 418K->34K(448K), 0.0001520 secs] 7137K->6757K(1048512K), 0.0001950 secs] [Times: user=0.00 sys=0.00, real=0.00 secs] 
13.711: [GC13.712: [DefNew: 418K->34K(448K), 0.0007280 secs] 7141K->6761K(1048512K), 0.0008940 secs] [Times: user=0.00 sys=0.00, real=0.00 secs] 
13.721: [GC13.721: [DefNew: 418K->34K(448K), 0.0001780 secs] 7145K->6766K(1048512K), 0.0002240 secs] [Times: user=0.00 sys=0.00, real=0.00 secs] 
13.731: [GC13.731: [DefNew: 418K->34K(448K), 0.0001620 secs] 7150K->6770K(1048512K), 0.0002070 secs] [Times: user=0.00 sys=0.00, real=0.00 secs] 
13.740: [GC13.740: [DefNew: 418K->34K(448K), 0.0001600 secs] 7154K->6774K(1048512K), 0.0002010 secs] [Times: user=0.00 sys=0.00, real=0.00 secs] 
13.749: [GC13.749: [DefNew: 418K->34K(448K), 0.0001760 secs] 7158K->6778K(1048512K), 0.0002150 secs] [Times: user=0.00 sys=0.00, real=0.00 secs] 
13.758: [GC13.758: [DefNew: 418K->33K(448K), 0.0001810 secs] 7162K->6782K(1048512K), 0.0002260 secs] [Times: user=0.01 sys=0.00, real=0.00 secs] 
13.767: [GC13.767: [DefNew: 417K->33K(448K), 0.0001730 secs] 7166K->6786K(1048512K), 0.0002120 secs] [Times: user=0.00 sys=0.00, real=0.00 secs] 
13.777: [GC13.777: [DefNew: 417K->34K(448K), 0.0001640 secs] 7170K->6791K(1048512K), 0.0002040 secs] [Times: user=0.00 sys=0.00, real=0.00 secs] 
13.785: [GC13.785: [DefNew: 418K->33K(448K), 0.0001600 secs] 7175K->6794K(1048512K), 0.0001950 secs] [Times: user=0.00 sys=0.00, real=0.00 secs] 
13.794: [GC13.794: [DefNew: 417K->32K(448K), 0.0001800 secs] 7178K->6798K(1048512K), 0.0002170 secs] [Times: user=0.00 sys=0.00, real=0.00 secs] 
13.803: [GC13.803: [DefNew: 416K->32K(448K), 0.0001980 secs] 7182K->6802K(1048512K), 0.0002540 secs] [Times: user=0.00 sys=0.00, real=0.00 secs] 
13.813: [GC13.813: [DefNew: 416K->33K(448K), 0.0001610 secs] 7186K->6807K(1048512K), 0.0002080 secs] [Times: user=0.00 sys=0.00, real=0.00 secs] 
13.822: [GC13.822: [DefNew: 417K->33K(448K), 0.0001520 secs] 7191K->6811K(1048512K), 0.0001930 secs] [Times: user=0.00 sys=0.00, real=0.00 secs] 
13.831: [GC13.831: [DefNew: 417K->33K(448K), 0.0001820 secs] 7195K->6815K(1048512K), 0.0002230 secs] [Times: user=0.00 sys=0.00, real=0.00 secs] 
13.841: [GC13.841: [DefNew: 417K->33K(448K), 0.0001670 secs] 7199K->6820K(1048512K), 0.0002040 secs] [Times: user=0.00 sys=0.00, real=0.00 secs] 
13.850: [GC13.850: [DefNew: 417K->33K(448K), 0.0001860 secs] 7204K->6824K(1048512K), 0.0002240 secs] [Times: user=0.00 sys=0.00, real=0.00 secs] 
13.859: [GC13.859: [DefNew: 417K->33K(448K), 0.0001620 secs] 7208K->6828K(1048512K), 0.0001950 secs] [Times: user=0.00 sys=0.00, real=0.00 secs] 
13.868: [GC13.869: [DefNew: 417K->33K(448K), 0.0001680 secs] 7212K->6831K(1048512K), 0.0002060 secs] [Times: user=0.00 sys=0.00, real=0.00 secs] 
13.878: [GC13.878: [DefNew: 417K->33K(448K), 0.0001530 secs] 7215K->6836K(1048512K), 0.0001910 secs] [Times: user=0.00 sys=0.00, real=0.00 secs] 
13.887: [GC13.887: [DefNew: 417K->33K(448K), 0.0001530 secs] 7220K->6840K(1048512K), 0.0001870 secs] [Times: user=0.00 sys=0.00, real=0.00 secs] 
13.896: [GC13.896: [DefNew: 417K->33K(448K), 0.0001650 secs] 7224K->6844K(1048512K), 0.0002030 secs] [Times: user=0.00 sys=0.00, real=0.00 secs] 
13.905: [GC13.906: [DefNew: 417K->33K(448K), 0.0001630 secs] 7228K->6848K(1048512K), 0.0001970 secs] [Times: user=0.00 sys=0.00, real=0.00 secs] 
13.914: [GC13.914: [DefNew: 417K->33K(448K), 0.0001850 secs] 7232K->6852K(1048512K), 0.0002310 secs] [Times: user=0.00 sys=0.00, real=0.00 secs] 
13.923: [GC13.923: [DefNew: 417K->33K(448K), 0.0001930 secs] 7236K->6856K(1048512K), 0.0002490 secs] [Times: user=0.00 sys=0.00, real=0.00 secs] 
13.932: [GC13.932: [DefNew: 417K->33K(448K), 0.0001460 secs] 7240K->6860K(1048512K), 0.0001850 secs] [Times: user=0.00 sys=0.00, real=0.00 secs] 
13.941: [GC13.941: [DefNew: 417K->32K(448K), 0.0001610 secs] 7244K->6864K(1048512K), 0.0002070 secs] [Times: user=0.00 sys=0.00, real=0.00 secs] 
13.951: [GC13.951: [DefNew: 416K->33K(448K), 0.0001510 secs] 7248K->6869K(1048512K), 0.0001870 secs] [Times: user=0.00 sys=0.00, real=0.00 secs] 
13.960: [GC13.960: [DefNew: 417K->33K(448K), 0.0002120 secs] 7253K->6873K(1048512K), 0.0002590 secs] [Times: user=0.00 sys=0.00, real=0.00 secs] 
13.969: [GC13.969: [DefNew: 417K->33K(448K), 0.0001660 secs] 7257K->6877K(1048512K), 0.0002010 secs] [Times: user=0.00 sys=0.00, real=0.00 secs] 
13.979: [GC13.979: [DefNew: 417K->33K(448K), 0.0001650 secs] 7261K->6882K(1048512K), 0.0002010 secs] [Times: user=0.00 sys=0.00, real=0.00 secs] 
13.988: [GC13.988: [DefNew: 417K->35K(448K), 0.0001700 secs] 7266K->6887K(1048512K), 0.0002100 secs] [Times: user=0.00 sys=0.00, real=0.00 secs] 
13.997: [GC13.997: [DefNew: 419K->35K(448K), 0.0001630 secs] 7271K->6891K(1048512K), 0.0002080 secs] [Times: user=0.00 sys=0.00, real=0.00 secs] 
14.006: [GC14.006: [DefNew: 419K->35K(448K), 0.0001950 secs] 7275K->6895K(1048512K), 0.0002440 secs] [Times: user=0.00 sys=0.00, real=0.00 secs] 
14.016: [GC14.016: [DefNew: 419K->35K(448K), 0.0001640 secs] 7279K->6899K(1048512K), 0.0001980 secs] [Times: user=0.00 sys=0.00, real=0.00 secs] 
14.025: [GC14.025: [DefNew: 419K->34K(448K), 0.0001700 secs] 7283K->6903K(1048512K), 0.0002070 secs] [Times: user=0.00 sys=0.00, real=0.00 secs] 
14.033: [GC14.033: [DefNew: 418K->34K(448K), 0.0001600 secs] 7287K->6907K(1048512K), 0.0001950 secs] [Times: user=0.00 sys=0.00, real=0.00 secs] 
14.042: [GC14.042: [DefNew: 418K->34K(448K), 0.0001630 secs] 7291K->6911K(1048512K), 0.0001990 secs] [Times: user=0.00 sys=0.00, real=0.00 secs] 
14.051: [GC14.052: [DefNew: 418K->34K(448K), 0.0001550 secs] 7295K->6916K(1048512K), 0.0001880 secs] [Times: user=0.00 sys=0.00, real=0.00 secs] 
14.061: [GC14.061: [DefNew: 418K->34K(448K), 0.0001640 secs] 7300K->6920K(1048512K), 0.0002020 secs] [Times: user=0.00 sys=0.00, real=0.00 secs] 
14.070: [GC14.070: [DefNew: 418K->34K(448K), 0.0001670 secs] 7304K->6924K(1048512K), 0.0002070 secs] [Times: user=0.00 sys=0.00, real=0.00 secs] 
14.079: [GC14.079: [DefNew: 418K->33K(448K), 0.0001470 secs] 7308K->6928K(1048512K), 0.0001830 secs] [Times: user=0.00 sys=0.00, real=0.00 secs] 
14.089: [GC14.089: [DefNew: 417K->34K(448K), 0.0001720 secs] 7312K->6933K(1048512K), 0.0002160 secs] [Times: user=0.00 sys=0.00, real=0.00 secs] 
14.098: [GC14.098: [DefNew: 418K->34K(448K), 0.0001690 secs] 7317K->6937K(1048512K), 0.0002080 secs] [Times: user=0.00 sys=0.00, real=0.00 secs] 
14.108: [GC14.108: [DefNew: 418K->34K(448K), 0.0001670 secs] 7321K->6941K(1048512K), 0.0002050 secs] [Times: user=0.00 sys=0.00, real=0.00 secs] 
14.117: [GC14.117: [DefNew: 418K->35K(448K), 0.0001640 secs] 7325K->6946K(1048512K), 0.0001980 secs] [Times: user=0.00 sys=0.00, real=0.00 secs] 
14.126: [GC14.126: [DefNew: 419K->34K(448K), 0.0001670 secs] 7330K->6950K(1048512K), 0.0002010 secs] [Times: user=0.00 sys=0.00, real=0.00 secs] 
14.135: [GC14.135: [DefNew: 418K->34K(448K), 0.0002310 secs] 7334K->6954K(1048512K), 0.0003040 secs] [Times: user=0.00 sys=0.00, real=0.00 secs] 
14.145: [GC14.145: [DefNew: 418K->34K(448K), 0.0001520 secs] 7338K->6959K(1048512K), 0.0001950 secs] [Times: user=0.00 sys=0.00, real=0.00 secs] 
14.154: [GC14.154: [DefNew: 418K->34K(448K), 0.0001460 secs] 7343K->6963K(1048512K), 0.0001810 secs] [Times: user=0.00 sys=0.00, real=0.00 secs] 
14.162: [GC14.162: [DefNew: 418K->33K(448K), 0.0001470 secs] 7347K->6966K(1048512K), 0.0001940 secs] [Times: user=0.00 sys=0.00, real=0.00 secs] 
14.171: [GC14.171: [DefNew: 417K->34K(448K), 0.0001900 secs] 7350K->6971K(1048512K), 0.0002360 secs] [Times: user=0.00 sys=0.01, real=0.00 secs] 
14.180: [GC14.180: [DefNew: 418K->33K(448K), 0.0002110 secs] 7355K->6975K(1048512K), 0.0002740 secs] [Times: user=0.00 sys=0.00, real=0.00 secs] 
14.190: [GC14.190: [DefNew: 417K->33K(448K), 0.0001670 secs] 7359K->6979K(1048512K), 0.0002140 secs] [Times: user=0.00 sys=0.00, real=0.00 secs] 
14.199: [GC14.199: [DefNew: 417K->33K(448K), 0.0001970 secs] 7363K->6983K(1048512K), 0.0002540 secs] [Times: user=0.00 sys=0.00, real=0.00 secs] 
14.208: [GC14.208: [DefNew: 417K->33K(448K), 0.0001750 secs] 7367K->6987K(1048512K), 0.0002140 secs] [Times: user=0.00 sys=0.00, real=0.00 secs] 
14.218: [GC14.218: [DefNew: 417K->33K(448K), 0.0001880 secs] 7371K->6992K(1048512K), 0.0002440 secs] [Times: user=0.00 sys=0.00, real=0.00 secs] 
14.227: [GC14.227: [DefNew: 417K->33K(448K), 0.0001810 secs] 7376K->6996K(1048512K), 0.0002250 secs] [Times: user=0.00 sys=0.00, real=0.00 secs] 
14.237: [GC14.237: [DefNew: 417K->34K(448K), 0.0001640 secs] 7380K->7000K(1048512K), 0.0001990 secs] [Times: user=0.00 sys=0.00, real=0.00 secs] 
14.246: [GC14.246: [DefNew: 418K->34K(448K), 0.0001820 secs] 7384K->7004K(1048512K), 0.0002300 secs] [Times: user=0.00 sys=0.00, real=0.00 secs] 
14.255: [GC14.255: [DefNew: 418K->33K(448K), 0.0001650 secs] 7388K->7008K(1048512K), 0.0002030 secs] [Times: user=0.00 sys=0.00, real=0.00 secs] 
14.264: [GC14.264: [DefNew: 417K->33K(448K), 0.0001740 secs] 7392K->7012K(1048512K), 0.0002190 secs] [Times: user=0.00 sys=0.00, real=0.00 secs] 
14.273: [GC14.274: [DefNew: 417K->33K(448K), 0.0001780 secs] 7396K->7016K(1048512K), 0.0002190 secs] [Times: user=0.00 sys=0.00, real=0.00 secs] 
14.283: [GC14.283: [DefNew: 417K->33K(448K), 0.0001660 secs] 7400K->7020K(1048512K), 0.0002030 secs] [Times: user=0.00 sys=0.00, real=0.00 secs] 
14.291: [GC14.291: [DefNew: 417K->33K(448K), 0.0001400 secs] 7404K->7024K(1048512K), 0.0001800 secs] [Times: user=0.00 sys=0.00, real=0.00 secs] 
14.300: [GC14.300: [DefNew: 417K->33K(448K), 0.0002090 secs] 7408K->7029K(1048512K), 0.0003500 secs] [Times: user=0.00 sys=0.00, real=0.00 secs] 
14.309: [GC14.309: [DefNew: 417K->33K(448K), 0.0001790 secs] 7413K->7033K(1048512K), 0.0002310 secs] [Times: user=0.00 sys=0.00, real=0.00 secs] 
14.319: [GC14.319: [DefNew: 417K->33K(448K), 0.0001440 secs] 7417K->7037K(1048512K), 0.0001780 secs] [Times: user=0.00 sys=0.00, real=0.00 secs] 
14.328: [GC14.328: [DefNew: 417K->33K(448K), 0.0001420 secs] 7421K->7041K(1048512K), 0.0001750 secs] [Times: user=0.00 sys=0.00, real=0.00 secs] 
14.337: [GC14.337: [DefNew: 417K->33K(448K), 0.0001870 secs] 7425K->7045K(1048512K), 0.0002290 secs] [Times: user=0.00 sys=0.00, real=0.00 secs] 
14.346: [GC14.346: [DefNew: 417K->33K(448K), 0.0001900 secs] 7429K->7049K(1048512K), 0.0002450 secs] [Times: user=0.00 sys=0.00, real=0.00 secs] 
14.356: [GC14.356: [DefNew: 417K->33K(448K), 0.0001620 secs] 7433K->7054K(1048512K), 0.0002110 secs] [Times: user=0.00 sys=0.00, real=0.00 secs] 
14.365: [GC14.365: [DefNew: 417K->34K(448K), 0.0001880 secs] 7438K->7058K(1048512K), 0.0002360 secs] [Times: user=0.00 sys=0.00, real=0.00 secs] 
14.374: [GC14.374: [DefNew: 418K->34K(448K), 0.0001620 secs] 7442K->7062K(1048512K), 0.0002000 secs] [Times: user=0.00 sys=0.00, real=0.00 secs] 
14.384: [GC14.384: [DefNew: 418K->34K(448K), 0.0001780 secs] 7446K->7067K(1048512K), 0.0002170 secs] [Times: user=0.00 sys=0.00, real=0.00 secs] 
14.393: [GC14.393: [DefNew: 418K->34K(448K), 0.0001610 secs] 7451K->7071K(1048512K), 0.0002020 secs] [Times: user=0.00 sys=0.00, real=0.00 secs] 
14.402: [GC14.402: [DefNew: 418K->34K(448K), 0.0001680 secs] 7455K->7075K(1048512K), 0.0002030 secs] [Times: user=0.00 sys=0.00, real=0.00 secs] 
14.410: [GC14.410: [DefNew: 418K->33K(448K), 0.0001570 secs] 7459K->7078K(1048512K), 0.0001920 secs] [Times: user=0.00 sys=0.00, real=0.00 secs] 
14.420: [GC14.420: [DefNew: 417K->33K(448K), 0.0001620 secs] 7462K->7083K(1048512K), 0.0001980 secs] [Times: user=0.00 sys=0.00, real=0.00 secs] 
14.429: [GC14.429: [DefNew: 417K->34K(448K), 0.0001690 secs] 7467K->7088K(1048512K), 0.0002120 secs] [Times: user=0.00 sys=0.00, real=0.00 secs] 
14.438: [GC14.438: [DefNew: 418K->34K(448K), 0.0001710 secs] 7472K->7092K(1048512K), 0.0002130 secs] [Times: user=0.00 sys=0.00, real=0.00 secs] 
14.448: [GC14.448: [DefNew: 418K->33K(448K), 0.0002090 secs] 7476K->7096K(1048512K), 0.0002550 secs] [Times: user=0.00 sys=0.00, real=0.00 secs] 
14.457: [GC14.457: [DefNew: 417K->34K(448K), 0.0001580 secs] 7480K->7101K(1048512K), 0.0001970 secs] [Times: user=0.00 sys=0.00, real=0.00 secs] 
14.466: [GC14.466: [DefNew: 418K->34K(448K), 0.0001660 secs] 7485K->7105K(1048512K), 0.0002040 secs] [Times: user=0.00 sys=0.00, real=0.00 secs] 
14.475: [GC14.476: [DefNew: 418K->35K(448K), 0.0001670 secs] 7489K->7110K(1048512K), 0.0002040 secs] [Times: user=0.00 sys=0.00, real=0.00 secs] 
14.484: [GC14.484: [DefNew: 419K->35K(448K), 0.0001700 secs] 7494K->7114K(1048512K), 0.0002100 secs] [Times: user=0.00 sys=0.00, real=0.00 secs] 
14.494: [GC14.494: [DefNew: 419K->35K(448K), 0.0001540 secs] 7498K->7119K(1048512K), 0.0001990 secs] [Times: user=0.00 sys=0.00, real=0.00 secs] 
14.503: [GC14.503: [DefNew: 419K->35K(448K), 0.0001530 secs] 7503K->7123K(1048512K), 0.0001890 secs] [Times: user=0.00 sys=0.00, real=0.00 secs] 
14.512: [GC14.512: [DefNew: 419K->36K(448K), 0.0001740 secs] 7507K->7128K(1048512K), 0.0002210 secs] [Times: user=0.00 sys=0.00, real=0.00 secs] 
14.522: [GC14.522: [DefNew: 420K->35K(448K), 0.0001690 secs] 7512K->7132K(1048512K), 0.0002100 secs] [Times: user=0.00 sys=0.00, real=0.00 secs] 
14.531: [GC14.531: [DefNew: 419K->35K(448K), 0.0001850 secs] 7516K->7136K(1048512K), 0.0002410 secs] [Times: user=0.00 sys=0.00, real=0.00 secs] 
14.539: [GC14.539: [DefNew: 419K->34K(448K), 0.0004990 secs] 7520K->7139K(1048512K), 0.0005880 secs] [Times: user=0.00 sys=0.00, real=0.00 secs] 
14.549: [GC14.549: [DefNew: 418K->34K(448K), 0.0002110 secs] 7523K->7144K(1048512K), 0.0002600 secs] [Times: user=0.00 sys=0.00, real=0.00 secs] 
14.558: [GC14.558: [DefNew: 418K->33K(448K), 0.0002200 secs] 7528K->7148K(1048512K), 0.0002760 secs] [Times: user=0.00 sys=0.00, real=0.00 secs] 
14.568: [GC14.568: [DefNew: 417K->33K(448K), 0.0001510 secs] 7532K->7153K(1048512K), 0.0001920 secs] [Times: user=0.00 sys=0.00, real=0.00 secs] 
14.577: [GC14.577: [DefNew: 417K->33K(448K), 0.0001250 secs] 7537K->7157K(1048512K), 0.0001620 secs] [Times: user=0.00 sys=0.00, real=0.00 secs] 
14.586: [GC14.586: [DefNew: 417K->33K(448K), 0.0001770 secs] 7541K->7161K(1048512K), 0.0002130 secs] [Times: user=0.00 sys=0.00, real=0.00 secs] 
14.595: [GC14.595: [DefNew: 417K->33K(448K), 0.0001720 secs] 7545K->7165K(1048512K), 0.0002100 secs] [Times: user=0.00 sys=0.00, real=0.00 secs] 
14.605: [GC14.605: [DefNew: 417K->33K(448K), 0.0001880 secs] 7549K->7169K(1048512K), 0.0002330 secs] [Times: user=0.00 sys=0.00, real=0.00 secs] 
14.614: [GC14.614: [DefNew: 417K->33K(448K), 0.0001720 secs] 7553K->7173K(1048512K), 0.0002170 secs] [Times: user=0.00 sys=0.00, real=0.00 secs] 
14.623: [GC14.623: [DefNew: 417K->33K(448K), 0.0001820 secs] 7557K->7177K(1048512K), 0.0002240 secs] [Times: user=0.00 sys=0.00, real=0.00 secs] 
14.633: [GC14.633: [DefNew: 417K->33K(448K), 0.0002380 secs] 7561K->7182K(1048512K), 0.0002960 secs] [Times: user=0.00 sys=0.00, real=0.00 secs] 
14.642: [GC14.642: [DefNew: 417K->33K(448K), 0.0001750 secs] 7566K->7186K(1048512K), 0.0002330 secs] [Times: user=0.00 sys=0.00, real=0.00 secs] 
14.651: [GC14.652: [DefNew: 417K->33K(448K), 0.0001480 secs] 7570K->7190K(1048512K), 0.0001870 secs] [Times: user=0.00 sys=0.00, real=0.00 secs] 
14.660: [GC14.660: [DefNew: 417K->33K(448K), 0.0001780 secs] 7574K->7194K(1048512K), 0.0002220 secs] [Times: user=0.00 sys=0.00, real=0.00 secs] 
14.669: [GC14.669: [DefNew: 417K->33K(448K), 0.0001900 secs] 7578K->7198K(1048512K), 0.0002310 secs] [Times: user=0.00 sys=0.00, real=0.00 secs] 
14.678: [GC14.678: [DefNew: 417K->33K(448K), 0.0001660 secs] 7582K->7202K(1048512K), 0.0002030 secs] [Times: user=0.00 sys=0.00, real=0.00 secs] 
14.687: [GC14.687: [DefNew: 417K->33K(448K), 0.0001670 secs] 7586K->7206K(1048512K), 0.0002130 secs] [Times: user=0.00 sys=0.00, real=0.00 secs] 
14.696: [GC14.696: [DefNew: 417K->33K(448K), 0.0001620 secs] 7590K->7210K(1048512K), 0.0002010 secs] [Times: user=0.00 sys=0.00, real=0.00 secs] 
14.706: [GC14.706: [DefNew: 417K->33K(448K), 0.0001920 secs] 7594K->7214K(1048512K), 0.0002460 secs] [Times: user=0.00 sys=0.00, real=0.00 secs] 
14.715: [GC14.715: [DefNew: 417K->33K(448K), 0.0001840 secs] 7598K->7218K(1048512K), 0.0002270 secs] [Times: user=0.00 sys=0.00, real=0.00 secs] 
14.724: [GC14.724: [DefNew: 417K->32K(448K), 0.0001670 secs] 7602K->7222K(1048512K), 0.0002030 secs] [Times: user=0.00 sys=0.00, real=0.00 secs] 
14.734: [GC14.734: [DefNew: 416K->33K(448K), 0.0001650 secs] 7606K->7227K(1048512K), 0.0001990 secs] [Times: user=0.00 sys=0.00, real=0.00 secs] 
14.743: [GC14.743: [DefNew: 417K->34K(448K), 0.0001690 secs] 7611K->7231K(1048512K), 0.0002070 secs] [Times: user=0.00 sys=0.00, real=0.00 secs] 
14.752: [GC14.752: [DefNew: 418K->34K(448K), 0.0001740 secs] 7615K->7235K(1048512K), 0.0002120 secs] [Times: user=0.00 sys=0.00, real=0.00 secs] 
14.761: [GC14.761: [DefNew: 418K->34K(448K), 0.0001790 secs] 7619K->7240K(1048512K), 0.0002360 secs] [Times: user=0.00 sys=0.00, real=0.00 secs] 
14.771: [GC14.771: [DefNew: 418K->34K(448K), 0.0001470 secs] 7624K->7244K(1048512K), 0.0001880 secs] [Times: user=0.00 sys=0.00, real=0.00 secs] 
14.780: [GC14.780: [DefNew: 418K->35K(448K), 0.0001710 secs] 7628K->7249K(1048512K), 0.0002160 secs] [Times: user=0.00 sys=0.00, real=0.00 secs] 
14.788: [GC14.788: [DefNew: 419K->34K(448K), 0.0001450 secs] 7633K->7252K(1048512K), 0.0001820 secs] [Times: user=0.00 sys=0.00, real=0.00 secs] 
14.797: [GC14.797: [DefNew: 418K->34K(448K), 0.0002030 secs] 7636K->7257K(1048512K), 0.0002600 secs] [Times: user=0.00 sys=0.00, real=0.00 secs] 
14.806: [GC14.806: [DefNew: 418K->35K(448K), 0.0002550 secs] 7641K->7262K(1048512K), 0.0003160 secs] [Times: user=0.00 sys=0.00, real=0.00 secs] 
14.816: [GC14.816: [DefNew: 419K->35K(448K), 0.0001520 secs] 7646K->7266K(1048512K), 0.0001940 secs] [Times: user=0.00 sys=0.00, real=0.00 secs] 
14.825: [GC14.825: [DefNew: 419K->34K(448K), 0.0001430 secs] 7650K->7270K(1048512K), 0.0001790 secs] [Times: user=0.00 sys=0.00, real=0.00 secs] 
14.834: [GC14.834: [DefNew: 418K->34K(448K), 0.0001810 secs] 7654K->7274K(1048512K), 0.0002230 secs] [Times: user=0.00 sys=0.00, real=0.00 secs] 
14.844: [GC14.844: [DefNew: 418K->34K(448K), 0.0001660 secs] 7658K->7279K(1048512K), 0.0002040 secs] [Times: user=0.00 sys=0.00, real=0.00 secs] 
14.853: [GC14.853: [DefNew: 418K->34K(448K), 0.0001620 secs] 7663K->7283K(1048512K), 0.0001990 secs] [Times: user=0.00 sys=0.00, real=0.00 secs] 
14.862: [GC14.862: [DefNew: 418K->34K(448K), 0.0001960 secs] 7667K->7287K(1048512K), 0.0002450 secs] [Times: user=0.00 sys=0.00, real=0.00 secs] 
14.871: [GC14.871: [DefNew: 418K->34K(448K), 0.0001750 secs] 7671K->7291K(1048512K), 0.0002150 secs] [Times: user=0.00 sys=0.00, real=0.00 secs] 
14.881: [GC14.881: [DefNew: 418K->33K(448K), 0.0001790 secs] 7675K->7295K(1048512K), 0.0002220 secs] [Times: user=0.00 sys=0.00, real=0.00 secs] 
14.890: [GC14.890: [DefNew: 417K->33K(448K), 0.0001710 secs] 7679K->7299K(1048512K), 0.0002100 secs] [Times: user=0.00 sys=0.00, real=0.00 secs] 
14.900: [GC14.900: [DefNew: 417K->33K(448K), 0.0002350 secs] 7683K->7303K(1048512K), 0.0002750 secs] [Times: user=0.00 sys=0.00, real=0.00 secs] 
14.909: [GC14.909: [DefNew: 417K->33K(448K), 0.0001660 secs] 7687K->7307K(1048512K), 0.0002020 secs] [Times: user=0.00 sys=0.00, real=0.00 secs] 
14.917: [GC14.917: [DefNew: 417K->33K(448K), 0.0001500 secs] 7691K->7312K(1048512K), 0.0001960 secs] [Times: user=0.00 sys=0.00, real=0.00 secs] 
14.926: [GC14.926: [DefNew: 417K->33K(448K), 0.0001670 secs] 7696K->7316K(1048512K), 0.0002050 secs] [Times: user=0.00 sys=0.00, real=0.00 secs] 
14.936: [GC14.936: [DefNew: 417K->34K(448K), 0.0001800 secs] 7700K->7320K(1048512K), 0.0002160 secs] [Times: user=0.00 sys=0.00, real=0.00 secs] 
14.945: [GC14.945: [DefNew: 418K->33K(448K), 0.0001830 secs] 7704K->7324K(1048512K), 0.0002360 secs] [Times: user=0.00 sys=0.00, real=0.00 secs] 
14.954: [GC14.954: [DefNew: 417K->33K(448K), 0.0001700 secs] 7708K->7328K(1048512K), 0.0002100 secs] [Times: user=0.00 sys=0.00, real=0.00 secs] 
14.964: [GC14.964: [DefNew: 417K->33K(448K), 0.0001830 secs] 7712K->7332K(1048512K), 0.0002300 secs] [Times: user=0.00 sys=0.00, real=0.00 secs] 
14.973: [GC14.973: [DefNew: 417K->33K(448K), 0.0001780 secs] 7716K->7336K(1048512K), 0.0002340 secs] [Times: user=0.00 sys=0.00, real=0.00 secs] 
14.982: [GC14.982: [DefNew: 417K->33K(448K), 0.0001520 secs] 7720K->7340K(1048512K), 0.0001890 secs] [Times: user=0.00 sys=0.00, real=0.01 secs] 
14.992: [GC14.992: [DefNew: 417K->33K(448K), 0.0001610 secs] 7724K->7345K(1048512K), 0.0002090 secs] [Times: user=0.00 sys=0.00, real=0.00 secs] 
15.001: [GC15.001: [DefNew: 417K->33K(448K), 0.0001460 secs] 7729K->7349K(1048512K), 0.0001860 secs] [Times: user=0.00 sys=0.00, real=0.00 secs] 
15.010: [GC15.010: [DefNew: 417K->33K(448K), 0.0001820 secs] 7733K->7353K(1048512K), 0.0002240 secs] [Times: user=0.00 sys=0.00, real=0.00 secs] 
15.019: [GC15.019: [DefNew: 417K->33K(448K), 0.0001590 secs] 7737K->7357K(1048512K), 0.0001990 secs] [Times: user=0.00 sys=0.00, real=0.00 secs] 
15.029: [GC15.029: [DefNew: 417K->34K(448K), 0.0001650 secs] 7741K->7362K(1048512K), 0.0002010 secs] [Times: user=0.00 sys=0.00, real=0.00 secs] 
15.037: [GC15.037: [DefNew: 418K->33K(448K), 0.0001820 secs] 7746K->7365K(1048512K), 0.0002270 secs] [Times: user=0.00 sys=0.00, real=0.00 secs] 
15.046: [GC15.046: [DefNew: 417K->33K(448K), 0.0001740 secs] 7749K->7369K(1048512K), 0.0002150 secs] [Times: user=0.00 sys=0.00, real=0.00 secs] 
15.056: [GC15.056: [DefNew: 417K->33K(448K), 0.0001890 secs] 7753K->7374K(1048512K), 0.0002420 secs] [Times: user=0.00 sys=0.00, real=0.00 secs] 
15.065: [GC15.065: [DefNew: 417K->33K(448K), 0.0001690 secs] 7758K->7378K(1048512K), 0.0002070 secs] [Times: user=0.00 sys=0.00, real=0.00 secs] 
15.074: [GC15.074: [DefNew: 417K->34K(448K), 0.0002310 secs] 7762K->7382K(1048512K), 0.0002960 secs] [Times: user=0.00 sys=0.00, real=0.00 secs] 
15.083: [GC15.083: [DefNew: 418K->34K(448K), 0.0001690 secs] 7766K->7387K(1048512K), 0.0002050 secs] [Times: user=0.00 sys=0.00, real=0.00 secs] 
15.093: [GC15.093: [DefNew: 418K->34K(448K), 0.0001550 secs] 7771K->7392K(1048512K), 0.0001910 secs] [Times: user=0.00 sys=0.00, real=0.00 secs] 
15.102: [GC15.102: [DefNew: 418K->34K(448K), 0.0001630 secs] 7776K->7396K(1048512K), 0.0002000 secs] [Times: user=0.00 sys=0.00, real=0.00 secs] 
15.111: [GC15.111: [DefNew: 418K->35K(448K), 0.0001460 secs] 7780K->7401K(1048512K), 0.0001850 secs] [Times: user=0.00 sys=0.00, real=0.00 secs] 
15.120: [GC15.120: [DefNew: 419K->35K(448K), 0.0001760 secs] 7785K->7405K(1048512K), 0.0002340 secs] [Times: user=0.00 sys=0.00, real=0.00 secs] 
15.130: [GC15.130: [DefNew: 419K->36K(448K), 0.0001600 secs] 7789K->7410K(1048512K), 0.0002130 secs] [Times: user=0.00 sys=0.00, real=0.00 secs] 
15.139: [GC15.139: [DefNew: 420K->35K(448K), 0.0001740 secs] 7794K->7414K(1048512K), 0.0002150 secs] [Times: user=0.00 sys=0.00, real=0.00 secs] 
15.149: [GC15.149: [DefNew: 419K->36K(448K), 0.0001910 secs] 7798K->7419K(1048512K), 0.0002340 secs] [Times: user=0.00 sys=0.00, real=0.00 secs] 
15.158: [GC15.158: [DefNew: 420K->36K(448K), 0.0001620 secs] 7803K->7423K(1048512K), 0.0001960 secs] [Times: user=0.00 sys=0.00, real=0.00 secs] 
15.166: [GC15.166: [DefNew: 420K->35K(448K), 0.0001620 secs] 7807K->7427K(1048512K), 0.0001960 secs] [Times: user=0.00 sys=0.00, real=0.00 secs] 
15.175: [GC15.176: [DefNew: 419K->35K(448K), 0.0002080 secs] 7811K->7431K(1048512K), 0.0003150 secs] [Times: user=0.00 sys=0.00, real=0.00 secs] 
15.185: [GC15.185: [DefNew: 419K->35K(448K), 0.0001510 secs] 7815K->7435K(1048512K), 0.0001920 secs] [Times: user=0.00 sys=0.00, real=0.00 secs] 
15.194: [GC15.194: [DefNew: 419K->34K(448K), 0.0001530 secs] 7819K->7439K(1048512K), 0.0002080 secs] [Times: user=0.00 sys=0.00, real=0.00 secs] 
15.204: [GC15.204: [DefNew: 418K->34K(448K), 0.0001410 secs] 7823K->7443K(1048512K), 0.0001750 secs] [Times: user=0.00 sys=0.00, real=0.00 secs] 
15.213: [GC15.213: [DefNew: 418K->33K(448K), 0.0002250 secs] 7827K->7447K(1048512K), 0.0002950 secs] [Times: user=0.00 sys=0.00, real=0.00 secs] 
15.223: [GC15.223: [DefNew: 417K->32K(448K), 0.0001690 secs] 7831K->7451K(1048512K), 0.0002060 secs] [Times: user=0.00 sys=0.00, real=0.00 secs] 
15.232: [GC15.232: [DefNew: 416K->33K(448K), 0.0001750 secs] 7835K->7456K(1048512K), 0.0002240 secs] [Times: user=0.00 sys=0.00, real=0.00 secs] 
15.241: [GC15.241: [DefNew: 417K->33K(448K), 0.0001730 secs] 7840K->7460K(1048512K), 0.0002110 secs] [Times: user=0.00 sys=0.00, real=0.00 secs] 
15.251: [GC15.251: [DefNew: 417K->33K(448K), 0.0001630 secs] 7844K->7465K(1048512K), 0.0001960 secs] [Times: user=0.00 sys=0.00, real=0.00 secs] 
15.260: [GC15.260: [DefNew: 417K->33K(448K), 0.0001810 secs] 7849K->7469K(1048512K), 0.0002420 secs] [Times: user=0.00 sys=0.00, real=0.00 secs] 
15.269: [GC15.269: [DefNew: 417K->33K(448K), 0.0001620 secs] 7853K->7473K(1048512K), 0.0001970 secs] [Times: user=0.00 sys=0.00, real=0.00 secs] 
15.279: [GC15.279: [DefNew: 417K->33K(448K), 0.0001360 secs] 7857K->7477K(1048512K), 0.0001800 secs] [Times: user=0.00 sys=0.00, real=0.00 secs] 
15.287: [GC15.287: [DefNew: 417K->33K(448K), 0.0001340 secs] 7861K->7480K(1048512K), 0.0001710 secs] [Times: user=0.00 sys=0.00, real=0.00 secs] 
15.296: [GC15.296: [DefNew: 417K->32K(448K), 0.0001510 secs] 7864K->7484K(1048512K), 0.0001920 secs] [Times: user=0.00 sys=0.00, real=0.00 secs] 
15.305: [GC15.305: [DefNew: 416K->32K(448K), 0.0002070 secs] 7868K->7488K(1048512K), 0.0002680 secs] [Times: user=0.00 sys=0.00, real=0.00 secs] 
15.314: [GC15.314: [DefNew: 416K->31K(448K), 0.0001620 secs] 7872K->7492K(1048512K), 0.0002060 secs] [Times: user=0.00 sys=0.00, real=0.00 secs] 
15.324: [GC15.324: [DefNew: 415K->37K(448K), 0.0001370 secs] 7876K->7497K(1048512K), 0.0001750 secs] [Times: user=0.00 sys=0.00, real=0.00 secs] 
15.333: [GC15.333: [DefNew: 421K->33K(448K), 0.0002010 secs] 7881K->7501K(1048512K), 0.0002450 secs] [Times: user=0.00 sys=0.00, real=0.00 secs] 
15.340: [GC15.340: [DefNew: 416K->31K(448K), 0.0013340 secs] 7885K->7632K(1048512K), 0.0013760 secs] [Times: user=0.00 sys=0.00, real=0.00 secs] 
15.351: [GC15.351: [DefNew: 415K->36K(448K), 0.0001830 secs] 8016K->7636K(1048512K), 0.0002260 secs] [Times: user=0.00 sys=0.00, real=0.00 secs] 
15.360: [GC15.360: [DefNew: 420K->33K(448K), 0.0001760 secs] 8020K->7640K(1048512K), 0.0002170 secs] [Times: user=0.00 sys=0.00, real=0.00 secs] 
15.368: [GC15.369: [DefNew: 417K->33K(448K), 0.0001730 secs] 8024K->7645K(1048512K), 0.0002110 secs] [Times: user=0.00 sys=0.00, real=0.00 secs] 
15.378: [GC15.378: [DefNew: 417K->34K(448K), 0.0001600 secs] 8029K->7650K(1048512K), 0.0001930 secs] [Times: user=0.00 sys=0.00, real=0.00 secs] 
15.387: [GC15.387: [DefNew: 418K->33K(448K), 0.0004210 secs] 8034K->7654K(1048512K), 0.0005250 secs] [Times: user=0.00 sys=0.00, real=0.00 secs] 
15.397: [GC15.397: [DefNew: 417K->33K(448K), 0.0001510 secs] 8038K->7658K(1048512K), 0.0001930 secs] [Times: user=0.00 sys=0.00, real=0.00 secs] 
15.406: [GC15.406: [DefNew: 417K->33K(448K), 0.0001720 secs] 8042K->7662K(1048512K), 0.0002170 secs] [Times: user=0.00 sys=0.00, real=0.00 secs] 
15.416: [GC15.416: [DefNew: 417K->34K(448K), 0.0001570 secs] 8046K->7666K(1048512K), 0.0002000 secs] [Times: user=0.01 sys=0.00, real=0.00 secs] 
15.425: [GC15.425: [DefNew: 418K->34K(448K), 0.0001310 secs] 8050K->7671K(1048512K), 0.0001660 secs] [Times: user=0.00 sys=0.00, real=0.00 secs] 
15.434: [GC15.434: [DefNew: 418K->34K(448K), 0.0001880 secs] 8055K->7675K(1048512K), 0.0002300 secs] [Times: user=0.00 sys=0.00, real=0.00 secs] 
15.443: [GC15.443: [DefNew: 418K->34K(448K), 0.0001660 secs] 8059K->7679K(1048512K), 0.0002020 secs] [Times: user=0.00 sys=0.00, real=0.00 secs] 
15.453: [GC15.453: [DefNew: 418K->35K(448K), 0.0001700 secs] 8063K->7684K(1048512K), 0.0002110 secs] [Times: user=0.00 sys=0.00, real=0.00 secs] 
15.462: [GC15.462: [DefNew: 419K->34K(448K), 0.0001640 secs] 8068K->7688K(1048512K), 0.0002010 secs] [Times: user=0.00 sys=0.00, real=0.00 secs] 
15.470: [GC15.470: [DefNew: 418K->34K(448K), 0.0001480 secs] 8072K->7692K(1048512K), 0.0001820 secs] [Times: user=0.00 sys=0.00, real=0.00 secs] 
15.479: [GC15.479: [DefNew: 418K->34K(448K), 0.0001870 secs] 8076K->7696K(1048512K), 0.0002390 secs] [Times: user=0.00 sys=0.00, real=0.00 secs] 
15.488: [GC15.488: [DefNew: 418K->34K(448K), 0.0001760 secs] 8080K->7701K(1048512K), 0.0002150 secs] [Times: user=0.00 sys=0.00, real=0.00 secs] 
15.498: [GC15.498: [DefNew: 418K->35K(448K), 0.0001830 secs] 8085K->7705K(1048512K), 0.0002290 secs] [Times: user=0.00 sys=0.00, real=0.00 secs] 
15.507: [GC15.507: [DefNew: 419K->35K(448K), 0.0002140 secs] 8089K->7709K(1048512K), 0.0002680 secs] [Times: user=0.00 sys=0.00, real=0.00 secs] 
15.516: [GC15.516: [DefNew: 419K->34K(448K), 0.0001670 secs] 8093K->7714K(1048512K), 0.0002030 secs] [Times: user=0.00 sys=0.00, real=0.00 secs] 
15.526: [GC15.526: [DefNew: 418K->34K(448K), 0.0001930 secs] 8098K->7719K(1048512K), 0.0002390 secs] [Times: user=0.00 sys=0.00, real=0.00 secs] 
15.535: [GC15.535: [DefNew: 418K->34K(448K), 0.0002020 secs] 8103K->7723K(1048512K), 0.0002400 secs] [Times: user=0.00 sys=0.00, real=0.00 secs] 
15.545: [GC15.545: [DefNew: 418K->35K(448K), 0.0001750 secs] 8107K->7727K(1048512K), 0.0002220 secs] [Times: user=0.00 sys=0.00, real=0.00 secs] 
15.554: [GC15.554: [DefNew: 419K->34K(448K), 0.0001490 secs] 8111K->7731K(1048512K), 0.0001820 secs] [Times: user=0.00 sys=0.00, real=0.00 secs] 
15.563: [GC15.563: [DefNew: 418K->34K(448K), 0.0001850 secs] 8115K->7736K(1048512K), 0.0002290 secs] [Times: user=0.00 sys=0.00, real=0.00 secs] 
15.571: [GC15.571: [DefNew: 418K->34K(448K), 0.0001950 secs] 8120K->7739K(1048512K), 0.0002320 secs] [Times: user=0.00 sys=0.00, real=0.00 secs] 
15.581: [GC15.581: [DefNew: 418K->34K(448K), 0.0001710 secs] 8123K->7744K(1048512K), 0.0002100 secs] [Times: user=0.00 sys=0.00, real=0.00 secs] 
15.590: [GC15.590: [DefNew: 418K->34K(448K), 0.0001810 secs] 8128K->7748K(1048512K), 0.0002380 secs] [Times: user=0.00 sys=0.00, real=0.00 secs] 
15.599: [GC15.599: [DefNew: 418K->34K(448K), 0.0001600 secs] 8132K->7753K(1048512K), 0.0002040 secs] [Times: user=0.00 sys=0.00, real=0.00 secs] 
15.608: [GC15.608: [DefNew: 418K->34K(448K), 0.0001780 secs] 8137K->7757K(1048512K), 0.0002290 secs] [Times: user=0.00 sys=0.00, real=0.00 secs] 
15.617: [GC15.617: [DefNew: 418K->34K(448K), 0.0001530 secs] 8141K->7761K(1048512K), 0.0001920 secs] [Times: user=0.00 sys=0.00, real=0.00 secs] 
15.627: [GC15.627: [DefNew: 418K->34K(448K), 0.0001950 secs] 8145K->7765K(1048512K), 0.0002380 secs] [Times: user=0.00 sys=0.00, real=0.00 secs] 
15.636: [GC15.636: [DefNew: 418K->34K(448K), 0.0001770 secs] 8149K->7769K(1048512K), 0.0002320 secs] [Times: user=0.00 sys=0.00, real=0.00 secs] 
15.645: [GC15.645: [DefNew: 418K->34K(448K), 0.0001750 secs] 8153K->7773K(1048512K), 0.0002130 secs] [Times: user=0.00 sys=0.00, real=0.00 secs] 
15.655: [GC15.655: [DefNew: 418K->34K(448K), 0.0002010 secs] 8157K->7778K(1048512K), 0.0002510 secs] [Times: user=0.00 sys=0.00, real=0.00 secs] 
15.663: [GC15.663: [DefNew: 418K->33K(448K), 0.0001680 secs] 8162K->7781K(1048512K), 0.0002050 secs] [Times: user=0.00 sys=0.00, real=0.00 secs] 
15.672: [GC15.672: [DefNew: 417K->33K(448K), 0.0001800 secs] 8165K->7785K(1048512K), 0.0002240 secs] [Times: user=0.00 sys=0.00, real=0.00 secs] 
15.682: [GC15.682: [DefNew: 417K->33K(448K), 0.0001680 secs] 8169K->7790K(1048512K), 0.0002050 secs] [Times: user=0.00 sys=0.00, real=0.00 secs] 
15.691: [GC15.691: [DefNew: 417K->33K(448K), 0.0001530 secs] 8174K->7794K(1048512K), 0.0001960 secs] [Times: user=0.00 sys=0.00, real=0.00 secs] 
15.700: [GC15.700: [DefNew: 416K->33K(448K), 0.0001660 secs] 8177K->7798K(1048512K), 0.0002040 secs] [Times: user=0.00 sys=0.00, real=0.00 secs] 
15.710: [GC15.710: [DefNew: 416K->33K(448K), 0.0001680 secs] 8181K->7802K(1048512K), 0.0002050 secs] [Times: user=0.00 sys=0.00, real=0.00 secs] 
15.719: [GC15.719: [DefNew: 417K->33K(448K), 0.0001530 secs] 8186K->7806K(1048512K), 0.0001880 secs] [Times: user=0.00 sys=0.00, real=0.00 secs] 
15.728: [GC15.728: [DefNew: 416K->33K(448K), 0.0001440 secs] 8190K->7810K(1048512K), 0.0001780 secs] [Times: user=0.00 sys=0.00, real=0.00 secs] 
15.738: [GC15.738: [DefNew: 417K->34K(448K), 0.0001670 secs] 8194K->7815K(1048512K), 0.0002080 secs] [Times: user=0.00 sys=0.00, real=0.00 secs] 
15.747: [GC15.747: [DefNew: 418K->34K(448K), 0.0002140 secs] 8199K->7820K(1048512K), 0.0002620 secs] [Times: user=0.00 sys=0.00, real=0.00 secs] 
15.757: [GC15.757: [DefNew: 418K->34K(448K), 0.0001610 secs] 8204K->7824K(1048512K), 0.0001970 secs] [Times: user=0.00 sys=0.00, real=0.00 secs] 
15.766: [GC15.766: [DefNew: 418K->34K(448K), 0.0001700 secs] 8208K->7828K(1048512K), 0.0002090 secs] [Times: user=0.00 sys=0.00, real=0.00 secs] 
15.774: [GC15.774: [DefNew: 418K->33K(448K), 0.0001630 secs] 8212K->7832K(1048512K), 0.0001990 secs] [Times: user=0.00 sys=0.00, real=0.00 secs] 
15.783: [GC15.783: [DefNew: 417K->33K(448K), 0.0001830 secs] 8216K->7836K(1048512K), 0.0002260 secs] [Times: user=0.00 sys=0.00, real=0.00 secs] 
15.792: [GC15.793: [DefNew: 417K->34K(448K), 0.0001560 secs] 8220K->7840K(1048512K), 0.0001990 secs] [Times: user=0.00 sys=0.00, real=0.01 secs] 
15.801: [GC15.801: [DefNew: 418K->34K(448K), 0.0002440 secs] 8224K->7845K(1048512K), 0.0003190 secs] [Times: user=0.00 sys=0.00, real=0.00 secs] 
15.810: [GC15.811: [DefNew: 418K->34K(448K), 0.0002150 secs] 8229K->7849K(1048512K), 0.0002910 secs] [Times: user=0.00 sys=0.00, real=0.00 secs] 
15.820: [GC15.820: [DefNew: 418K->34K(448K), 0.0001530 secs] 8233K->7854K(1048512K), 0.0001940 secs] [Times: user=0.00 sys=0.00, real=0.00 secs] 
15.829: [GC15.829: [DefNew: 418K->34K(448K), 0.0001630 secs] 8238K->7858K(1048512K), 0.0002030 secs] [Times: user=0.00 sys=0.00, real=0.00 secs] 
15.838: [GC15.838: [DefNew: 418K->34K(448K), 0.0001750 secs] 8242K->7862K(1048512K), 0.0002140 secs] [Times: user=0.00 sys=0.00, real=0.00 secs] 
15.848: [GC15.848: [DefNew: 418K->35K(448K), 0.0001650 secs] 8246K->7867K(1048512K), 0.0002160 secs] [Times: user=0.01 sys=0.00, real=0.00 secs] 
15.857: [GC15.857: [DefNew: 419K->35K(448K), 0.0001940 secs] 8251K->7871K(1048512K), 0.0002530 secs] [Times: user=0.00 sys=0.00, real=0.00 secs] 
15.867: [GC15.867: [DefNew: 419K->34K(448K), 0.0001600 secs] 8255K->7875K(1048512K), 0.0002030 secs] [Times: user=0.00 sys=0.00, real=0.00 secs] 
15.875: [GC15.875: [DefNew: 418K->35K(448K), 0.0001840 secs] 8259K->7879K(1048512K), 0.0002420 secs] [Times: user=0.00 sys=0.00, real=0.00 secs] 
15.883: [GC15.883: [DefNew: 419K->34K(448K), 0.0002080 secs] 8263K->7883K(1048512K), 0.0002900 secs] [Times: user=0.00 sys=0.00, real=0.00 secs] 
15.892: [GC15.892: [DefNew: 418K->34K(448K), 0.0002500 secs] 8267K->7888K(1048512K), 0.0003030 secs] [Times: user=0.00 sys=0.00, real=0.00 secs] 
15.901: [GC15.901: [DefNew: 418K->34K(448K), 0.0002520 secs] 8272K->7892K(1048512K), 0.0003340 secs] [Times: user=0.00 sys=0.00, real=0.00 secs] 
15.911: [GC15.911: [DefNew: 418K->34K(448K), 0.0001780 secs] 8276K->7897K(1048512K), 0.0002290 secs] [Times: user=0.00 sys=0.00, real=0.00 secs] 
15.920: [GC15.920: [DefNew: 418K->34K(448K), 0.0001640 secs] 8281K->7901K(1048512K), 0.0002100 secs] [Times: user=0.00 sys=0.00, real=0.00 secs] 
15.929: [GC15.929: [DefNew: 418K->33K(448K), 0.0002120 secs] 8285K->7905K(1048512K), 0.0002750 secs] [Times: user=0.00 sys=0.00, real=0.00 secs] 
15.938: [GC15.938: [DefNew: 417K->33K(448K), 0.0001600 secs] 8289K->7909K(1048512K), 0.0002070 secs] [Times: user=0.00 sys=0.00, real=0.00 secs] 
15.947: [GC15.947: [DefNew: 417K->33K(448K), 0.0002200 secs] 8293K->7913K(1048512K), 0.0002970 secs] [Times: user=0.00 sys=0.00, real=0.00 secs] 
15.956: [GC15.956: [DefNew: 417K->33K(448K), 0.0002130 secs] 8297K->7917K(1048512K), 0.0002790 secs] [Times: user=0.00 sys=0.00, real=0.00 secs] 
15.964: [GC15.964: [DefNew: 417K->33K(448K), 0.0001600 secs] 8301K->7921K(1048512K), 0.0002260 secs] [Times: user=0.00 sys=0.00, real=0.00 secs] 
15.973: [GC15.973: [DefNew: 417K->33K(448K), 0.0001770 secs] 8305K->7926K(1048512K), 0.0002280 secs] [Times: user=0.00 sys=0.00, real=0.00 secs] 
15.983: [GC15.983: [DefNew: 417K->34K(448K), 0.0001850 secs] 8310K->7930K(1048512K), 0.0002440 secs] [Times: user=0.00 sys=0.00, real=0.00 secs] 
15.992: [GC15.992: [DefNew: 418K->34K(448K), 0.0002240 secs] 8314K->7934K(1048512K), 0.0002790 secs] [Times: user=0.00 sys=0.00, real=0.00 secs] 
16.001: [GC16.001: [DefNew: 418K->34K(448K), 0.0001870 secs] 8318K->7938K(1048512K), 0.0002450 secs] [Times: user=0.00 sys=0.00, real=0.00 secs] 
16.010: [GC16.011: [DefNew: 418K->34K(448K), 0.0003080 secs] 8322K->7943K(1048512K), 0.0012840 secs] [Times: user=0.00 sys=0.00, real=0.00 secs] 
16.022: [GC16.022: [DefNew: 418K->34K(448K), 0.0002230 secs] 8327K->7947K(1048512K), 0.0002790 secs] [Times: user=0.00 sys=0.00, real=0.00 secs] 
16.031: [GC16.031: [DefNew: 418K->34K(448K), 0.0001690 secs] 8331K->7952K(1048512K), 0.0002190 secs] [Times: user=0.00 sys=0.00, real=0.00 secs] 
16.041: [GC16.041: [DefNew: 418K->35K(448K), 0.0001580 secs] 8336K->7956K(1048512K), 0.0002040 secs] [Times: user=0.00 sys=0.00, real=0.00 secs] 
16.050: [GC16.050: [DefNew: 419K->34K(448K), 0.0001360 secs] 8340K->7960K(1048512K), 0.0001800 secs] [Times: user=0.00 sys=0.00, real=0.00 secs] 
16.060: [GC16.060: [DefNew: 418K->35K(448K), 0.0001920 secs] 8344K->7965K(1048512K), 0.0002450 secs] [Times: user=0.00 sys=0.00, real=0.00 secs] 
16.068: [GC16.068: [DefNew: 419K->34K(448K), 0.0001360 secs] 8349K->7968K(1048512K), 0.0001770 secs] [Times: user=0.00 sys=0.00, real=0.00 secs] 
16.077: [GC16.077: [DefNew: 418K->34K(448K), 0.0002010 secs] 8352K->7972K(1048512K), 0.0002600 secs] [Times: user=0.00 sys=0.00, real=0.00 secs] 
16.086: [GC16.086: [DefNew: 418K->33K(448K), 0.0001910 secs] 8356K->7976K(1048512K), 0.0002420 secs] [Times: user=0.00 sys=0.00, real=0.00 secs] 
16.094: [GC16.095: [DefNew: 417K->33K(448K), 0.0001830 secs] 8360K->7980K(1048512K), 0.0002500 secs] [Times: user=0.00 sys=0.00, real=0.00 secs] 
16.103: [GC16.103: [DefNew: 417K->33K(448K), 0.0002270 secs] 8364K->7985K(1048512K), 0.0002890 secs] [Times: user=0.00 sys=0.00, real=0.00 secs] 
16.112: [GC16.112: [DefNew: 417K->33K(448K), 0.0002420 secs] 8369K->7989K(1048512K), 0.0003100 secs] [Times: user=0.00 sys=0.00, real=0.00 secs] 
16.121: [GC16.121: [DefNew: 417K->33K(448K), 0.0002050 secs] 8373K->7993K(1048512K), 0.0002690 secs] [Times: user=0.00 sys=0.00, real=0.00 secs] 
16.131: [GC16.131: [DefNew: 417K->33K(448K), 0.0001770 secs] 8377K->7998K(1048512K), 0.0002340 secs] [Times: user=0.00 sys=0.00, real=0.00 secs] 
16.140: [GC16.140: [DefNew: 417K->34K(448K), 0.0001550 secs] 8382K->8002K(1048512K), 0.0001970 secs] [Times: user=0.00 sys=0.00, real=0.00 secs] 
16.149: [GC16.149: [DefNew: 418K->34K(448K), 0.0001890 secs] 8386K->8006K(1048512K), 0.0002370 secs] [Times: user=0.00 sys=0.00, real=0.00 secs] 
16.159: [GC16.159: [DefNew: 418K->34K(448K), 0.0001830 secs] 8390K->8010K(1048512K), 0.0002270 secs] [Times: user=0.00 sys=0.00, real=0.00 secs] 
16.166: [GC16.166: [DefNew: 418K->33K(448K), 0.0001850 secs] 8394K->8014K(1048512K), 0.0002360 secs] [Times: user=0.00 sys=0.00, real=0.00 secs] 
16.176: [GC16.176: [DefNew: 417K->33K(448K), 0.0001750 secs] 8398K->8019K(1048512K), 0.0002300 secs] [Times: user=0.00 sys=0.00, real=0.00 secs] 
16.185: [GC16.185: [DefNew: 417K->33K(448K), 0.0001600 secs] 8403K->8023K(1048512K), 0.0001970 secs] [Times: user=0.00 sys=0.00, real=0.00 secs] 
16.194: [GC16.194: [DefNew: 417K->33K(448K), 0.0003080 secs] 8407K->8027K(1048512K), 0.0003640 secs] [Times: user=0.00 sys=0.00, real=0.00 secs] 
16.204: [GC16.204: [DefNew: 417K->33K(448K), 0.0001830 secs] 8411K->8031K(1048512K), 0.0002270 secs] [Times: user=0.00 sys=0.00, real=0.00 secs] 
16.213: [GC16.213: [DefNew: 417K->34K(448K), 0.0001920 secs] 8415K->8036K(1048512K), 0.0002530 secs] [Times: user=0.00 sys=0.00, real=0.00 secs] 
16.222: [GC16.222: [DefNew: 417K->34K(448K), 0.0001830 secs] 8419K->8040K(1048512K), 0.0002330 secs] [Times: user=0.00 sys=0.00, real=0.00 secs] 
16.231: [GC16.231: [DefNew: 417K->33K(448K), 0.0001470 secs] 8423K->8044K(1048512K), 0.0001900 secs] [Times: user=0.01 sys=0.00, real=0.00 secs] 
16.240: [GC16.240: [DefNew: 417K->33K(448K), 0.0001490 secs] 8427K->8048K(1048512K), 0.0001910 secs] [Times: user=0.00 sys=0.00, real=0.00 secs] 
16.249: [GC16.249: [DefNew: 417K->33K(448K), 0.0001850 secs] 8431K->8052K(1048512K), 0.0002270 secs] [Times: user=0.00 sys=0.00, real=0.00 secs] 
16.258: [GC16.258: [DefNew: 417K->33K(448K), 0.0001770 secs] 8435K->8056K(1048512K), 0.0002280 secs] [Times: user=0.00 sys=0.00, real=0.00 secs] 
16.266: [GC16.266: [DefNew: 417K->33K(448K), 0.0002280 secs] 8439K->8060K(1048512K), 0.0002940 secs] [Times: user=0.00 sys=0.00, real=0.00 secs] 
16.275: [GC16.275: [DefNew: 416K->32K(448K), 0.0001690 secs] 8443K->8064K(1048512K), 0.0002070 secs] [Times: user=0.00 sys=0.00, real=0.00 secs] 
16.283: [GC16.283: [DefNew: 416K->32K(448K), 0.0001530 secs] 8447K->8068K(1048512K), 0.0001910 secs] [Times: user=0.00 sys=0.00, real=0.00 secs] 
16.291: [GC16.291: [DefNew: 416K->33K(448K), 0.0001590 secs] 8452K->8072K(1048512K), 0.0002000 secs] [Times: user=0.00 sys=0.00, real=0.00 secs] 
16.300: [GC16.300: [DefNew: 417K->33K(448K), 0.0002000 secs] 8456K->8076K(1048512K), 0.0002500 secs] [Times: user=0.00 sys=0.00, real=0.00 secs] 
16.308: [GC16.308: [DefNew: 417K->33K(448K), 0.0003760 secs] 8460K->8081K(1048512K), 0.0004350 secs] [Times: user=0.00 sys=0.00, real=0.00 secs] 
16.318: [GC16.318: [DefNew: 417K->34K(448K), 0.0001640 secs] 8465K->8085K(1048512K), 0.0002060 secs] [Times: user=0.00 sys=0.00, real=0.00 secs] 
16.327: [GC16.327: [DefNew: 418K->33K(448K), 0.0001500 secs] 8469K->8089K(1048512K), 0.0001900 secs] [Times: user=0.00 sys=0.00, real=0.00 secs] 
16.336: [GC16.336: [DefNew: 417K->34K(448K), 0.0001760 secs] 8473K->8093K(1048512K), 0.0002270 secs] [Times: user=0.00 sys=0.00, real=0.00 secs] 
16.345: [GC16.345: [DefNew: 418K->34K(448K), 0.0002440 secs] 8477K->8097K(1048512K), 0.0003120 secs] [Times: user=0.00 sys=0.00, real=0.00 secs] 
16.355: [GC16.355: [DefNew: 418K->34K(448K), 0.0001510 secs] 8481K->8102K(1048512K), 0.0002040 secs] [Times: user=0.00 sys=0.00, real=0.00 secs] 
16.364: [GC16.364: [DefNew: 418K->34K(448K), 0.0002090 secs] 8486K->8106K(1048512K), 0.0002960 secs] [Times: user=0.00 sys=0.00, real=0.00 secs] 
16.372: [GC16.372: [DefNew: 418K->34K(448K), 0.0001950 secs] 8490K->8110K(1048512K), 0.0002410 secs] [Times: user=0.00 sys=0.00, real=0.00 secs] 
16.381: [GC16.381: [DefNew: 418K->33K(448K), 0.0002070 secs] 8494K->8114K(1048512K), 0.0002620 secs] [Times: user=0.00 sys=0.00, real=0.00 secs] 
16.390: [GC16.390: [DefNew: 417K->33K(448K), 0.0001940 secs] 8498K->8118K(1048512K), 0.0002510 secs] [Times: user=0.00 sys=0.00, real=0.00 secs] 
16.399: [GC16.399: [DefNew: 417K->33K(448K), 0.0002120 secs] 8502K->8122K(1048512K), 0.0002680 secs] [Times: user=0.00 sys=0.00, real=0.00 secs] 
16.408: [GC16.408: [DefNew: 417K->33K(448K), 0.0002070 secs] 8506K->8126K(1048512K), 0.0002640 secs] [Times: user=0.00 sys=0.00, real=0.00 secs] 
16.417: [GC16.417: [DefNew: 417K->33K(448K), 0.0001460 secs] 8510K->8130K(1048512K), 0.0001880 secs] [Times: user=0.00 sys=0.00, real=0.00 secs] 
16.426: [GC16.426: [DefNew: 416K->32K(448K), 0.0001770 secs] 8514K->8134K(1048512K), 0.0002290 secs] [Times: user=0.00 sys=0.00, real=0.00 secs] 
16.436: [GC16.436: [DefNew: 416K->32K(448K), 0.0001620 secs] 8518K->8139K(1048512K), 0.0002120 secs] [Times: user=0.00 sys=0.00, real=0.00 secs] 
16.445: [GC16.445: [DefNew: 416K->33K(448K), 0.0002020 secs] 8523K->8143K(1048512K), 0.0002640 secs] [Times: user=0.00 sys=0.00, real=0.00 secs] 
16.454: [GC16.454: [DefNew: 417K->33K(448K), 0.0001910 secs] 8527K->8147K(1048512K), 0.0002520 secs] [Times: user=0.00 sys=0.00, real=0.00 secs] 
16.463: [GC16.463: [DefNew: 417K->33K(448K), 0.0001550 secs] 8531K->8151K(1048512K), 0.0001970 secs] [Times: user=0.00 sys=0.00, real=0.00 secs] 
16.471: [GC16.471: [DefNew: 417K->33K(448K), 0.0002050 secs] 8535K->8155K(1048512K), 0.0002660 secs] [Times: user=0.00 sys=0.00, real=0.00 secs] 
16.480: [GC16.481: [DefNew: 417K->33K(448K), 0.0001450 secs] 8539K->8159K(1048512K), 0.0001860 secs] [Times: user=0.00 sys=0.00, real=0.00 secs] 
16.490: [GC16.490: [DefNew: 417K->34K(448K), 0.0001530 secs] 8543K->8164K(1048512K), 0.0001960 secs] [Times: user=0.00 sys=0.00, real=0.00 secs] 
16.499: [GC16.499: [DefNew: 418K->33K(448K), 0.0001490 secs] 8548K->8168K(1048512K), 0.0001950 secs] [Times: user=0.00 sys=0.00, real=0.00 secs] 
16.508: [GC16.508: [DefNew: 417K->33K(448K), 0.0001840 secs] 8552K->8172K(1048512K), 0.0002490 secs] [Times: user=0.00 sys=0.00, real=0.00 secs] 
16.517: [GC16.517: [DefNew: 417K->33K(448K), 0.0002120 secs] 8556K->8176K(1048512K), 0.0002730 secs] [Times: user=0.00 sys=0.00, real=0.00 secs] 
16.526: [GC16.526: [DefNew: 417K->33K(448K), 0.0002000 secs] 8560K->8180K(1048512K), 0.0002540 secs] [Times: user=0.00 sys=0.00, real=0.00 secs] 
16.535: [GC16.535: [DefNew: 416K->33K(448K), 0.0002680 secs] 8564K->8184K(1048512K), 0.0003320 secs] [Times: user=0.00 sys=0.00, real=0.00 secs] 
16.544: [GC16.544: [DefNew: 416K->33K(448K), 0.0002010 secs] 8567K->8188K(1048512K), 0.0002630 secs] [Times: user=0.00 sys=0.00, real=0.00 secs] 
16.554: [GC16.554: [DefNew: 416K->33K(448K), 0.0001900 secs] 8571K->8193K(1048512K), 0.0002510 secs] [Times: user=0.00 sys=0.00, real=0.00 secs] 
16.563: [GC16.563: [DefNew: 417K->33K(448K), 0.0002000 secs] 8577K->8197K(1048512K), 0.0002580 secs] [Times: user=0.00 sys=0.00, real=0.00 secs] 
16.571: [GC16.571: [DefNew: 417K->33K(448K), 0.0001830 secs] 8581K->8201K(1048512K), 0.0002350 secs] [Times: user=0.00 sys=0.00, real=0.00 secs] 
16.579: [GC16.579: [DefNew: 417K->33K(448K), 0.0001750 secs] 8585K->8205K(1048512K), 0.0002200 secs] [Times: user=0.00 sys=0.00, real=0.00 secs] 
16.588: [GC16.588: [DefNew: 417K->34K(448K), 0.0001840 secs] 8589K->8210K(1048512K), 0.0002330 secs] [Times: user=0.00 sys=0.00, real=0.00 secs] 
16.597: [GC16.597: [DefNew: 418K->34K(448K), 0.0001910 secs] 8594K->8214K(1048512K), 0.0002410 secs] [Times: user=0.01 sys=0.00, real=0.00 secs] 
16.606: [GC16.606: [DefNew: 418K->34K(448K), 0.0001830 secs] 8598K->8218K(1048512K), 0.0002410 secs] [Times: user=0.00 sys=0.00, real=0.00 secs] 
16.615: [GC16.615: [DefNew: 418K->34K(448K), 0.0001850 secs] 8602K->8222K(1048512K), 0.0002280 secs] [Times: user=0.00 sys=0.00, real=0.00 secs] 
16.624: [GC16.624: [DefNew: 418K->33K(448K), 0.0002080 secs] 8606K->8226K(1048512K), 0.0002710 secs] [Times: user=0.00 sys=0.00, real=0.00 secs] 
16.633: [GC16.633: [DefNew: 417K->34K(448K), 0.0002610 secs] 8610K->8231K(1048512K), 0.0003310 secs] [Times: user=0.00 sys=0.00, real=0.00 secs] 
16.642: [GC16.643: [DefNew: 418K->34K(448K), 0.0002060 secs] 8615K->8235K(1048512K), 0.0002600 secs] [Times: user=0.00 sys=0.00, real=0.01 secs] 
16.652: [GC16.652: [DefNew: 418K->34K(448K), 0.0001500 secs] 8619K->8240K(1048512K), 0.0001900 secs] [Times: user=0.00 sys=0.00, real=0.00 secs] 
16.661: [GC16.661: [DefNew: 418K->34K(448K), 0.0001490 secs] 8624K->8244K(1048512K), 0.0001920 secs] [Times: user=0.00 sys=0.00, real=0.00 secs] 
16.669: [GC16.669: [DefNew: 418K->33K(448K), 0.0001520 secs] 8628K->8247K(1048512K), 0.0001930 secs] [Times: user=0.00 sys=0.00, real=0.00 secs] 
16.678: [GC16.678: [DefNew: 417K->34K(448K), 0.0002020 secs] 8631K->8252K(1048512K), 0.0002540 secs] [Times: user=0.00 sys=0.00, real=0.00 secs] 
16.687: [GC16.687: [DefNew: 418K->34K(448K), 0.0001900 secs] 8636K->8256K(1048512K), 0.0002320 secs] [Times: user=0.00 sys=0.00, real=0.00 secs] 
16.696: [GC16.696: [DefNew: 418K->35K(448K), 0.0001960 secs] 8640K->8261K(1048512K), 0.0002460 secs] [Times: user=0.00 sys=0.00, real=0.00 secs] 
16.705: [GC16.705: [DefNew: 419K->34K(448K), 0.0001820 secs] 8645K->8266K(1048512K), 0.0002290 secs] [Times: user=0.00 sys=0.00, real=0.00 secs] 
16.715: [GC16.715: [DefNew: 418K->34K(448K), 0.0002110 secs] 8650K->8270K(1048512K), 0.0002690 secs] [Times: user=0.00 sys=0.00, real=0.00 secs] 
16.724: [GC16.724: [DefNew: 418K->35K(448K), 0.0002560 secs] 8654K->8275K(1048512K), 0.0003320 secs] [Times: user=0.00 sys=0.00, real=0.00 secs] 
16.733: [GC16.733: [DefNew: 419K->35K(448K), 0.0001860 secs] 8659K->8279K(1048512K), 0.0002330 secs] [Times: user=0.00 sys=0.00, real=0.00 secs] 
16.742: [GC16.742: [DefNew: 419K->31K(448K), 0.0002090 secs] 8663K->8284K(1048512K), 0.0002700 secs] [Times: user=0.00 sys=0.00, real=0.01 secs] 
16.752: [GC16.752: [DefNew: 415K->36K(448K), 0.0001790 secs] 8668K->8288K(1048512K), 0.0002250 secs] [Times: user=0.00 sys=0.00, real=0.00 secs] 
16.761: [GC16.761: [DefNew: 420K->35K(448K), 0.0001860 secs] 8672K->8292K(1048512K), 0.0002510 secs] [Times: user=0.00 sys=0.00, real=0.00 secs] 
16.769: [GC16.769: [DefNew: 419K->34K(448K), 0.0001690 secs] 8676K->8296K(1048512K), 0.0002060 secs] [Times: user=0.00 sys=0.00, real=0.00 secs] 
16.778: [GC16.778: [DefNew: 418K->34K(448K), 0.0001970 secs] 8680K->8300K(1048512K), 0.0002540 secs] [Times: user=0.00 sys=0.00, real=0.00 secs] 
16.787: [GC16.787: [DefNew: 418K->34K(448K), 0.0001950 secs] 8684K->8304K(1048512K), 0.0002400 secs] [Times: user=0.01 sys=0.00, real=0.00 secs] 
16.796: [GC16.796: [DefNew: 418K->34K(448K), 0.0002010 secs] 8688K->8309K(1048512K), 0.0002510 secs] [Times: user=0.00 sys=0.00, real=0.00 secs] 
16.806: [GC16.806: [DefNew: 418K->34K(448K), 0.0001920 secs] 8693K->8313K(1048512K), 0.0002510 secs] [Times: user=0.00 sys=0.00, real=0.00 secs] 
16.815: [GC16.815: [DefNew: 418K->33K(448K), 0.0001570 secs] 8697K->8317K(1048512K), 0.0002020 secs] [Times: user=0.00 sys=0.00, real=0.00 secs] 
16.824: [GC16.824: [DefNew: 417K->33K(448K), 0.0002060 secs] 8701K->8321K(1048512K), 0.0002760 secs] [Times: user=0.00 sys=0.00, real=0.00 secs] 
16.833: [GC16.833: [DefNew: 417K->33K(448K), 0.0001480 secs] 8705K->8325K(1048512K), 0.0001890 secs] [Times: user=0.00 sys=0.00, real=0.00 secs] 
16.842: [GC16.842: [DefNew: 417K->34K(448K), 0.0001790 secs] 8709K->8330K(1048512K), 0.0002360 secs] [Times: user=0.00 sys=0.00, real=0.00 secs] 
16.851: [GC16.851: [DefNew: 418K->34K(448K), 0.0001570 secs] 8713K->8335K(1048512K), 0.0001970 secs] [Times: user=0.00 sys=0.00, real=0.00 secs] 
16.860: [GC16.860: [DefNew: 418K->34K(448K), 0.0001430 secs] 8719K->8339K(1048512K), 0.0001850 secs] [Times: user=0.00 sys=0.00, real=0.00 secs] 
16.868: [GC16.868: [DefNew: 418K->34K(448K), 0.0001460 secs] 8723K->8343K(1048512K), 0.0001830 secs] [Times: user=0.00 sys=0.00, real=0.00 secs] 
16.878: [GC16.878: [DefNew: 418K->34K(448K), 0.0001850 secs] 8727K->8348K(1048512K), 0.0002360 secs] [Times: user=0.00 sys=0.00, real=0.00 secs] 
16.887: [GC16.887: [DefNew: 418K->35K(448K), 0.0001960 secs] 8732K->8353K(1048512K), 0.0002440 secs] [Times: user=0.00 sys=0.00, real=0.00 secs] 
16.896: [GC16.896: [DefNew: 419K->35K(448K), 0.0001730 secs] 8737K->8357K(1048512K), 0.0002210 secs] [Times: user=0.00 sys=0.00, real=0.00 secs] 
16.905: [GC16.905: [DefNew: 419K->36K(448K), 0.0002050 secs] 8741K->8361K(1048512K), 0.0002630 secs] [Times: user=0.00 sys=0.00, real=0.00 secs] 
16.914: [GC16.914: [DefNew: 420K->36K(448K), 0.0001960 secs] 8745K->8366K(1048512K), 0.0002550 secs] [Times: user=0.00 sys=0.00, real=0.00 secs] 
16.923: [GC16.923: [DefNew: 420K->35K(448K), 0.0002330 secs] 8750K->8370K(1048512K), 0.0003240 secs] [Times: user=0.00 sys=0.00, real=0.00 secs] 
16.932: [GC16.932: [DefNew: 419K->35K(448K), 0.0002460 secs] 8754K->8375K(1048512K), 0.0003280 secs] [Times: user=0.00 sys=0.00, real=0.01 secs] 
16.941: [GC16.941: [DefNew: 419K->36K(448K), 0.0001910 secs] 8759K->8380K(1048512K), 0.0002420 secs] [Times: user=0.00 sys=0.00, real=0.00 secs] 
16.950: [GC16.950: [DefNew: 420K->36K(448K), 0.0001650 secs] 8763K->8384K(1048512K), 0.0002040 secs] [Times: user=0.00 sys=0.00, real=0.00 secs] 
16.959: [GC16.959: [DefNew: 420K->36K(448K), 0.0001800 secs] 8768K->8389K(1048512K), 0.0002330 secs] [Times: user=0.00 sys=0.00, real=0.00 secs] 
16.967: [GC16.967: [DefNew: 419K->31K(448K), 0.0001510 secs] 8772K->8393K(1048512K), 0.0001890 secs] [Times: user=0.00 sys=0.00, real=0.00 secs] 
16.976: [GC16.976: [DefNew: 415K->35K(448K), 0.0001650 secs] 8776K->8397K(1048512K), 0.0002180 secs] [Times: user=0.01 sys=0.00, real=0.00 secs] 
16.985: [GC16.985: [DefNew: 419K->35K(448K), 0.0001520 secs] 8780K->8401K(1048512K), 0.0001900 secs] [Times: user=0.00 sys=0.00, real=0.00 secs] 
16.995: [GC16.995: [DefNew: 418K->34K(448K), 0.0002060 secs] 8784K->8405K(1048512K), 0.0002650 secs] [Times: user=0.00 sys=0.00, real=0.00 secs] 
17.004: [GC17.004: [DefNew: 418K->34K(448K), 0.0001770 secs] 8789K->8410K(1048512K), 0.0002170 secs] [Times: user=0.00 sys=0.00, real=0.00 secs] 
17.013: [GC17.013: [DefNew: 418K->34K(448K), 0.0001920 secs] 8794K->8414K(1048512K), 0.0002460 secs] [Times: user=0.00 sys=0.01, real=0.00 secs] 
17.023: [GC17.023: [DefNew: 418K->34K(448K), 0.0002260 secs] 8798K->8418K(1048512K), 0.0002890 secs] [Times: user=0.00 sys=0.00, real=0.00 secs] 
17.032: [GC17.032: [DefNew: 418K->34K(448K), 0.0002140 secs] 8802K->8423K(1048512K), 0.0002640 secs] [Times: user=0.00 sys=0.00, real=0.00 secs] 
17.041: [GC17.041: [DefNew: 418K->34K(448K), 0.0002290 secs] 8807K->8427K(1048512K), 0.0002990 secs] [Times: user=0.00 sys=0.00, real=0.00 secs] 
17.050: [GC17.050: [DefNew: 418K->34K(448K), 0.0001560 secs] 8810K->8431K(1048512K), 0.0002000 secs] [Times: user=0.00 sys=0.00, real=0.00 secs] 
17.060: [GC17.060: [DefNew: 418K->34K(448K), 0.0002520 secs] 8814K->8435K(1048512K), 0.0003250 secs] [Times: user=0.00 sys=0.00, real=0.00 secs] 
17.069: [GC17.069: [DefNew: 418K->34K(448K), 0.0001520 secs] 8819K->8440K(1048512K), 0.0001920 secs] [Times: user=0.00 sys=0.00, real=0.00 secs] 
17.077: [GC17.077: [DefNew: 418K->34K(448K), 0.0001540 secs] 8824K->8443K(1048512K), 0.0001960 secs] [Times: user=0.00 sys=0.00, real=0.00 secs] 
17.086: [GC17.086: [DefNew: 418K->33K(448K), 0.0001540 secs] 8827K->8447K(1048512K), 0.0002140 secs] [Times: user=0.00 sys=0.00, real=0.00 secs] 
17.095: [GC17.095: [DefNew: 417K->33K(448K), 0.0001680 secs] 8831K->8452K(1048512K), 0.0002280 secs] [Times: user=0.00 sys=0.00, real=0.00 secs] 
17.105: [GC17.105: [DefNew: 417K->33K(448K), 0.0001670 secs] 8836K->8456K(1048512K), 0.0002120 secs] [Times: user=0.00 sys=0.00, real=0.00 secs] 
17.114: [GC17.114: [DefNew: 417K->34K(448K), 0.0001790 secs] 8840K->8461K(1048512K), 0.0002220 secs] [Times: user=0.00 sys=0.00, real=0.00 secs] 
17.123: [GC17.123: [DefNew: 418K->34K(448K), 0.0001670 secs] 8845K->8465K(1048512K), 0.0002010 secs] [Times: user=0.00 sys=0.00, real=0.00 secs] 
17.133: [GC17.133: [DefNew: 418K->34K(448K), 0.0001660 secs] 8849K->8469K(1048512K), 0.0002060 secs] [Times: user=0.00 sys=0.00, real=0.00 secs] 
17.142: [GC17.142: [DefNew: 418K->33K(448K), 0.0001620 secs] 8853K->8473K(1048512K), 0.0001970 secs] [Times: user=0.00 sys=0.00, real=0.00 secs] 
17.151: [GC17.151: [DefNew: 417K->34K(448K), 0.0001590 secs] 8857K->8477K(1048512K), 0.0001980 secs] [Times: user=0.00 sys=0.00, real=0.00 secs] 
17.161: [GC17.161: [DefNew: 417K->34K(448K), 0.0001740 secs] 8861K->8482K(1048512K), 0.0002150 secs] [Times: user=0.00 sys=0.00, real=0.00 secs] 
17.170: [GC17.170: [DefNew: 417K->34K(448K), 0.0001640 secs] 8865K->8486K(1048512K), 0.0001990 secs] [Times: user=0.00 sys=0.00, real=0.00 secs] 
17.178: [GC17.178: [DefNew: 417K->33K(448K), 0.0001890 secs] 8869K->8490K(1048512K), 0.0002370 secs] [Times: user=0.00 sys=0.00, real=0.00 secs] 
17.187: [GC17.187: [DefNew: 417K->33K(448K), 0.0001890 secs] 8873K->8494K(1048512K), 0.0002360 secs] [Times: user=0.00 sys=0.00, real=0.00 secs] 
17.197: [GC17.197: [DefNew: 417K->33K(448K), 0.0001700 secs] 8877K->8498K(1048512K), 0.0002250 secs] [Times: user=0.00 sys=0.00, real=0.00 secs] 
17.206: [GC17.206: [DefNew: 416K->33K(448K), 0.0001970 secs] 8881K->8502K(1048512K), 0.0002640 secs] [Times: user=0.00 sys=0.00, real=0.00 secs] 
17.215: [GC17.215: [DefNew: 417K->34K(448K), 0.0002110 secs] 8886K->8507K(1048512K), 0.0002820 secs] [Times: user=0.00 sys=0.00, real=0.00 secs] 
17.224: [GC17.224: [DefNew: 418K->33K(448K), 0.0001510 secs] 8891K->8511K(1048512K), 0.0001940 secs] [Times: user=0.00 sys=0.00, real=0.00 secs] 
17.233: [GC17.233: [DefNew: 417K->33K(448K), 0.0001630 secs] 8895K->8515K(1048512K), 0.0002030 secs] [Times: user=0.00 sys=0.00, real=0.00 secs] 
17.242: [GC17.242: [DefNew: 417K->33K(448K), 0.0001720 secs] 8899K->8519K(1048512K), 0.0002120 secs] [Times: user=0.00 sys=0.00, real=0.00 secs] 
17.251: [GC17.251: [DefNew: 417K->34K(448K), 0.0003420 secs] 8903K->8523K(1048512K), 0.0004090 secs] [Times: user=0.00 sys=0.00, real=0.00 secs] 
17.261: [GC17.261: [DefNew: 418K->34K(448K), 0.0001760 secs] 8907K->8528K(1048512K), 0.0002260 secs] [Times: user=0.00 sys=0.00, real=0.00 secs] 
17.270: [GC17.270: [DefNew: 418K->34K(448K), 0.0001620 secs] 8912K->8532K(1048512K), 0.0002040 secs] [Times: user=0.00 sys=0.00, real=0.00 secs] 
17.280: [GC17.280: [DefNew: 418K->34K(448K), 0.0001550 secs] 8916K->8536K(1048512K), 0.0001960 secs] [Times: user=0.00 sys=0.00, real=0.00 secs] 
17.288: [GC17.288: [DefNew: 418K->33K(448K), 0.0001870 secs] 8920K->8540K(1048512K), 0.0002400 secs] [Times: user=0.00 sys=0.00, real=0.00 secs] 
17.297: [GC17.297: [DefNew: 417K->34K(448K), 0.0002070 secs] 8924K->8544K(1048512K), 0.0002680 secs] [Times: user=0.00 sys=0.00, real=0.00 secs] 
17.306: [GC17.306: [DefNew: 418K->34K(448K), 0.0001990 secs] 8928K->8548K(1048512K), 0.0002730 secs] [Times: user=0.00 sys=0.00, real=0.00 secs] 
17.315: [GC17.315: [DefNew: 418K->33K(448K), 0.0001500 secs] 8932K->8552K(1048512K), 0.0001920 secs] [Times: user=0.00 sys=0.00, real=0.00 secs] 
17.325: [GC17.325: [DefNew: 417K->33K(448K), 0.0001820 secs] 8936K->8557K(1048512K), 0.0002330 secs] [Times: user=0.00 sys=0.00, real=0.00 secs] 
17.334: [GC17.334: [DefNew: 417K->33K(448K), 0.0001580 secs] 8941K->8561K(1048512K), 0.0002020 secs] [Times: user=0.00 sys=0.00, real=0.00 secs] 
17.343: [GC17.343: [DefNew: 417K->33K(448K), 0.0001790 secs] 8945K->8565K(1048512K), 0.0002220 secs] [Times: user=0.00 sys=0.00, real=0.00 secs] 
17.352: [GC17.352: [DefNew: 417K->33K(448K), 0.0001730 secs] 8949K->8570K(1048512K), 0.0002100 secs] [Times: user=0.00 sys=0.00, real=0.00 secs] 
17.361: [GC17.361: [DefNew: 417K->34K(448K), 0.0001830 secs] 8953K->8574K(1048512K), 0.0002440 secs] [Times: user=0.00 sys=0.00, real=0.00 secs] 
17.371: [GC17.371: [DefNew: 417K->34K(448K), 0.0001750 secs] 8958K->8578K(1048512K), 0.0002200 secs] [Times: user=0.00 sys=0.00, real=0.00 secs] 
17.380: [GC17.380: [DefNew: 417K->34K(448K), 0.0001830 secs] 8962K->8583K(1048512K), 0.0002440 secs] [Times: user=0.00 sys=0.00, real=0.00 secs] 
17.388: [GC17.388: [DefNew: 418K->33K(448K), 0.0001750 secs] 8966K->8586K(1048512K), 0.0002200 secs] [Times: user=0.00 sys=0.00, real=0.00 secs] 
17.398: [GC17.398: [DefNew: 417K->33K(448K), 0.0001730 secs] 8970K->8590K(1048512K), 0.0002140 secs] [Times: user=0.00 sys=0.00, real=0.00 secs] 
17.406: [GC17.407: [DefNew: 417K->34K(448K), 0.0001870 secs] 8974K->8595K(1048512K), 0.0002480 secs] [Times: user=0.00 sys=0.00, real=0.00 secs] 
17.416: [GC17.416: [DefNew: 418K->34K(448K), 0.0001830 secs] 8979K->8599K(1048512K), 0.0002280 secs] [Times: user=0.00 sys=0.00, real=0.00 secs] 
17.425: [GC17.425: [DefNew: 418K->34K(448K), 0.0001720 secs] 8983K->8603K(1048512K), 0.0002110 secs] [Times: user=0.00 sys=0.00, real=0.00 secs] 
17.434: [GC17.434: [DefNew: 418K->34K(448K), 0.0002040 secs] 8987K->8608K(1048512K), 0.0002750 secs] [Times: user=0.00 sys=0.00, real=0.00 secs] 
17.443: [GC17.443: [DefNew: 418K->33K(448K), 0.0001890 secs] 8992K->8612K(1048512K), 0.0002470 secs] [Times: user=0.00 sys=0.00, real=0.00 secs] 
17.452: [GC17.452: [DefNew: 417K->33K(448K), 0.0001420 secs] 8996K->8616K(1048512K), 0.0001920 secs] [Times: user=0.00 sys=0.00, real=0.00 secs] 
17.461: [GC17.461: [DefNew: 417K->34K(448K), 0.0001870 secs] 8999K->8620K(1048512K), 0.0002360 secs] [Times: user=0.00 sys=0.00, real=0.00 secs] 
17.470: [GC17.470: [DefNew: 418K->34K(448K), 0.0001550 secs] 9004K->8624K(1048512K), 0.0001940 secs] [Times: user=0.00 sys=0.00, real=0.00 secs] 
17.480: [GC17.480: [DefNew: 418K->34K(448K), 0.0001560 secs] 9008K->8629K(1048512K), 0.0002000 secs] [Times: user=0.00 sys=0.00, real=0.00 secs] 
17.489: [GC17.489: [DefNew: 418K->34K(448K), 0.0001550 secs] 9013K->8633K(1048512K), 0.0001950 secs] [Times: user=0.00 sys=0.00, real=0.00 secs] 
17.497: [GC17.497: [DefNew: 418K->33K(448K), 0.0001960 secs] 9017K->8637K(1048512K), 0.0002410 secs] [Times: user=0.00 sys=0.00, real=0.00 secs] 
17.506: [GC17.506: [DefNew: 417K->33K(448K), 0.0001800 secs] 9021K->8641K(1048512K), 0.0002230 secs] [Times: user=0.00 sys=0.00, real=0.00 secs] 
17.515: [GC17.515: [DefNew: 417K->33K(448K), 0.0002510 secs] 9025K->8645K(1048512K), 0.0003350 secs] [Times: user=0.00 sys=0.00, real=0.00 secs] 
17.524: [GC17.524: [DefNew: 417K->34K(448K), 0.0002130 secs] 9029K->8649K(1048512K), 0.0002720 secs] [Times: user=0.00 sys=0.00, real=0.00 secs] 
17.533: [GC17.533: [DefNew: 418K->34K(448K), 0.0002530 secs] 9033K->8654K(1048512K), 0.0003270 secs] [Times: user=0.00 sys=0.00, real=0.00 secs] 
17.542: [GC17.542: [DefNew: 418K->33K(448K), 0.0001730 secs] 9038K->8658K(1048512K), 0.0002280 secs] [Times: user=0.00 sys=0.00, real=0.00 secs] 
17.551: [GC17.551: [DefNew: 417K->33K(448K), 0.0001600 secs] 9042K->8662K(1048512K), 0.0002080 secs] [Times: user=0.00 sys=0.00, real=0.00 secs] 
17.560: [GC17.560: [DefNew: 416K->33K(448K), 0.0001570 secs] 9045K->8666K(1048512K), 0.0002000 secs] [Times: user=0.00 sys=0.00, real=0.00 secs] 
17.569: [GC17.569: [DefNew: 416K->33K(448K), 0.0002170 secs] 9049K->8670K(1048512K), 0.0002790 secs] [Times: user=0.00 sys=0.00, real=0.00 secs] 
17.577: [GC17.578: [DefNew: 417K->33K(448K), 0.0001640 secs] 9053K->8674K(1048512K), 0.0002160 secs] [Times: user=0.00 sys=0.00, real=0.00 secs] 
17.586: [GC17.586: [DefNew: 417K->33K(448K), 0.0001490 secs] 9058K->8678K(1048512K), 0.0001930 secs] [Times: user=0.00 sys=0.00, real=0.00 secs] 
17.594: [GC17.594: [DefNew: 417K->33K(448K), 0.0001800 secs] 9062K->8682K(1048512K), 0.0002250 secs] [Times: user=0.00 sys=0.00, real=0.00 secs] 
17.603: [GC17.603: [DefNew: 417K->33K(448K), 0.0002120 secs] 9066K->8687K(1048512K), 0.0002750 secs] [Times: user=0.00 sys=0.00, real=0.00 secs] 
17.612: [GC17.612: [DefNew: 417K->34K(448K), 0.0002010 secs] 9071K->8692K(1048512K), 0.0002620 secs] [Times: user=0.00 sys=0.00, real=0.01 secs] 
17.621: [GC17.621: [DefNew: 418K->34K(448K), 0.0001900 secs] 9076K->8696K(1048512K), 0.0002480 secs] [Times: user=0.00 sys=0.00, real=0.00 secs] 
17.629: [GC17.629: [DefNew: 418K->34K(448K), 0.0001980 secs] 9080K->8700K(1048512K), 0.0002550 secs] [Times: user=0.00 sys=0.00, real=0.00 secs] 
17.639: [GC17.639: [DefNew: 418K->35K(448K), 0.0001930 secs] 9084K->8705K(1048512K), 0.0002470 secs] [Times: user=0.00 sys=0.00, real=0.00 secs] 
17.648: [GC17.648: [DefNew: 419K->34K(448K), 0.0001820 secs] 9089K->8709K(1048512K), 0.0002250 secs] [Times: user=0.00 sys=0.00, real=0.00 secs] 
17.657: [GC17.657: [DefNew: 418K->34K(448K), 0.0002030 secs] 9093K->8713K(1048512K), 0.0002640 secs] [Times: user=0.00 sys=0.00, real=0.00 secs] 
17.666: [GC17.666: [DefNew: 417K->34K(448K), 0.0002000 secs] 9096K->8717K(1048512K), 0.0002580 secs] [Times: user=0.00 sys=0.00, real=0.00 secs] 
17.675: [GC17.675: [DefNew: 417K->33K(448K), 0.0001610 secs] 9100K->8721K(1048512K), 0.0002080 secs] [Times: user=0.00 sys=0.00, real=0.00 secs] 
17.684: [GC17.684: [DefNew: 417K->33K(448K), 0.0001500 secs] 9104K->8725K(1048512K), 0.0001880 secs] [Times: user=0.00 sys=0.00, real=0.00 secs] 
17.692: [GC17.692: [DefNew: 416K->32K(448K), 0.0001430 secs] 9108K->8728K(1048512K), 0.0001800 secs] [Times: user=0.00 sys=0.00, real=0.00 secs] 
17.701: [GC17.701: [DefNew: 415K->31K(448K), 0.0001730 secs] 9112K->8732K(1048512K), 0.0002110 secs] [Times: user=0.00 sys=0.00, real=0.00 secs] 
17.711: [GC17.711: [DefNew: 415K->36K(448K), 0.0001460 secs] 9116K->8737K(1048512K), 0.0001840 secs] [Times: user=0.00 sys=0.00, real=0.00 secs] 
17.720: [GC17.720: [DefNew: 420K->33K(448K), 0.0001450 secs] 9121K->8741K(1048512K), 0.0001860 secs] [Times: user=0.00 sys=0.00, real=0.00 secs] 
17.729: [GC17.729: [DefNew: 417K->33K(448K), 0.0001580 secs] 9125K->8745K(1048512K), 0.0001940 secs] [Times: user=0.00 sys=0.00, real=0.00 secs] 
17.738: [GC17.738: [DefNew: 417K->33K(448K), 0.0001960 secs] 9129K->8749K(1048512K), 0.0002470 secs] [Times: user=0.00 sys=0.00, real=0.00 secs] 
17.748: [GC17.748: [DefNew: 417K->33K(448K), 0.0001820 secs] 9133K->8754K(1048512K), 0.0002200 secs] [Times: user=0.00 sys=0.00, real=0.00 secs] 
17.757: [GC17.757: [DefNew: 417K->33K(448K), 0.0001710 secs] 9138K->8758K(1048512K), 0.0002100 secs] [Times: user=0.00 sys=0.00, real=0.00 secs] 
17.767: [GC17.767: [DefNew: 417K->34K(448K), 0.0001720 secs] 9141K->8762K(1048512K), 0.0002120 secs] [Times: user=0.00 sys=0.00, real=0.00 secs] 
17.776: [GC17.776: [DefNew: 418K->34K(448K), 0.0001540 secs] 9146K->8766K(1048512K), 0.0001880 secs] [Times: user=0.01 sys=0.00, real=0.00 secs] 
17.785: [GC17.785: [DefNew: 418K->34K(448K), 0.0001660 secs] 9150K->8770K(1048512K), 0.0002020 secs] [Times: user=0.00 sys=0.00, real=0.00 secs] 
17.794: [GC17.794: [DefNew: 418K->33K(448K), 0.0001730 secs] 9154K->8774K(1048512K), 0.0002110 secs] [Times: user=0.00 sys=0.00, real=0.00 secs] 
17.802: [GC17.802: [DefNew: 417K->33K(448K), 0.0001520 secs] 9158K->8778K(1048512K), 0.0001930 secs] [Times: user=0.00 sys=0.00, real=0.00 secs] 
17.812: [GC17.812: [DefNew: 417K->34K(448K), 0.0001840 secs] 9162K->8783K(1048512K), 0.0002370 secs] [Times: user=0.00 sys=0.00, real=0.00 secs] 
17.821: [GC17.821: [DefNew: 418K->34K(448K), 0.0001420 secs] 9167K->8787K(1048512K), 0.0001870 secs] [Times: user=0.00 sys=0.00, real=0.00 secs] 
17.830: [GC17.830: [DefNew: 418K->34K(448K), 0.0001550 secs] 9171K->8792K(1048512K), 0.0001990 secs] [Times: user=0.00 sys=0.00, real=0.00 secs] 
17.839: [GC17.840: [DefNew: 418K->34K(448K), 0.0001200 secs] 9176K->8796K(1048512K), 0.0001640 secs] [Times: user=0.00 sys=0.00, real=0.00 secs] 
17.849: [GC17.849: [DefNew: 418K->35K(448K), 0.0001940 secs] 9180K->8802K(1048512K), 0.0002480 secs] [Times: user=0.00 sys=0.00, real=0.00 secs] 
17.858: [GC17.858: [DefNew: 419K->35K(448K), 0.0001780 secs] 9186K->8806K(1048512K), 0.0002200 secs] [Times: user=0.00 sys=0.00, real=0.00 secs] 
17.868: [GC17.868: [DefNew: 419K->35K(448K), 0.0001980 secs] 9190K->8810K(1048512K), 0.0002540 secs] [Times: user=0.00 sys=0.00, real=0.00 secs] 
17.877: [GC17.877: [DefNew: 419K->31K(448K), 0.0002150 secs] 9194K->8815K(1048512K), 0.0002670 secs] [Times: user=0.00 sys=0.00, real=0.00 secs] 
17.886: [GC17.886: [DefNew: 415K->35K(448K), 0.0001490 secs] 9199K->8819K(1048512K), 0.0002060 secs] [Times: user=0.00 sys=0.00, real=0.00 secs] 
17.895: [GC17.895: [DefNew: 419K->35K(448K), 0.0001410 secs] 9203K->8822K(1048512K), 0.0001750 secs] [Times: user=0.00 sys=0.00, real=0.00 secs] 
17.904: [GC17.904: [DefNew: 419K->34K(448K), 0.0001690 secs] 9206K->8827K(1048512K), 0.0002030 secs] [Times: user=0.00 sys=0.00, real=0.00 secs] 
17.913: [GC17.913: [DefNew: 418K->34K(448K), 0.0001900 secs] 9211K->8831K(1048512K), 0.0002530 secs] [Times: user=0.00 sys=0.00, real=0.00 secs] 
17.922: [GC17.922: [DefNew: 418K->33K(448K), 0.0002010 secs] 9215K->8835K(1048512K), 0.0002550 secs] [Times: user=0.00 sys=0.00, real=0.01 secs] 
17.932: [GC17.932: [DefNew: 417K->33K(448K), 0.0001790 secs] 9219K->8839K(1048512K), 0.0002170 secs] [Times: user=0.00 sys=0.00, real=0.00 secs] 
17.941: [GC17.941: [DefNew: 417K->33K(448K), 0.0001820 secs] 9223K->8843K(1048512K), 0.0002290 secs] [Times: user=0.00 sys=0.00, real=0.00 secs] 
17.950: [GC17.950: [DefNew: 417K->33K(448K), 0.0001660 secs] 9227K->8847K(1048512K), 0.0002020 secs] [Times: user=0.00 sys=0.00, real=0.00 secs] 
17.959: [GC17.959: [DefNew: 417K->33K(448K), 0.0001740 secs] 9231K->8852K(1048512K), 0.0002100 secs] [Times: user=0.00 sys=0.00, real=0.00 secs] 
17.969: [GC17.969: [DefNew: 417K->34K(448K), 0.0001830 secs] 9236K->8856K(1048512K), 0.0002270 secs] [Times: user=0.00 sys=0.00, real=0.00 secs] 
17.978: [GC17.978: [DefNew: 417K->34K(448K), 0.0001580 secs] 9240K->8860K(1048512K), 0.0001920 secs] [Times: user=0.00 sys=0.00, real=0.00 secs] 
17.988: [GC17.988: [DefNew: 418K->34K(448K), 0.0001620 secs] 9244K->8865K(1048512K), 0.0001970 secs] [Times: user=0.00 sys=0.00, real=0.00 secs] 
17.996: [GC17.996: [DefNew: 418K->33K(448K), 0.0001590 secs] 9249K->8868K(1048512K), 0.0001930 secs] [Times: user=0.00 sys=0.00, real=0.00 secs] 
18.005: [GC18.005: [DefNew: 417K->34K(448K), 0.0001690 secs] 9252K->8873K(1048512K), 0.0002090 secs] [Times: user=0.00 sys=0.00, real=0.00 secs] 
18.014: [GC18.014: [DefNew: 418K->34K(448K), 0.0001580 secs] 9257K->8877K(1048512K), 0.0001910 secs] [Times: user=0.00 sys=0.00, real=0.00 secs] 
18.023: [GC18.023: [DefNew: 418K->34K(448K), 0.0001790 secs] 9261K->8881K(1048512K), 0.0002260 secs] [Times: user=0.00 sys=0.00, real=0.00 secs] 
18.033: [GC18.033: [DefNew: 418K->34K(448K), 0.0001730 secs] 9265K->8886K(1048512K), 0.0002120 secs] [Times: user=0.00 sys=0.00, real=0.00 secs] 
18.042: [GC18.042: [DefNew: 418K->34K(448K), 0.0001510 secs] 9270K->8891K(1048512K), 0.0001990 secs] [Times: user=0.00 sys=0.00, real=0.00 secs] 
18.051: [GC18.051: [DefNew: 418K->34K(448K), 0.0001600 secs] 9275K->8895K(1048512K), 0.0001940 secs] [Times: user=0.00 sys=0.00, real=0.00 secs] 
18.060: [GC18.060: [DefNew: 418K->34K(448K), 0.0001670 secs] 9279K->8899K(1048512K), 0.0002050 secs] [Times: user=0.00 sys=0.00, real=0.00 secs] 
18.070: [GC18.070: [DefNew: 418K->34K(448K), 0.0001530 secs] 9283K->8903K(1048512K), 0.0001950 secs] [Times: user=0.00 sys=0.00, real=0.00 secs] 
18.078: [GC18.078: [DefNew: 418K->34K(448K), 0.0001880 secs] 9287K->8908K(1048512K), 0.0002400 secs] [Times: user=0.00 sys=0.00, real=0.00 secs] 
18.087: [GC18.087: [DefNew: 418K->35K(448K), 0.0001540 secs] 9292K->8912K(1048512K), 0.0001930 secs] [Times: user=0.00 sys=0.00, real=0.00 secs] 
18.094: [GC18.095: [DefNew: 419K->34K(448K), 0.0001760 secs] 9296K->8916K(1048512K), 0.0002220 secs] [Times: user=0.00 sys=0.00, real=0.00 secs] 
18.103: [GC18.103: [DefNew: 418K->35K(448K), 0.0001500 secs] 9300K->8921K(1048512K), 0.0001890 secs] [Times: user=0.00 sys=0.00, real=0.00 secs] 
18.112: [GC18.112: [DefNew: 419K->35K(448K), 0.0001750 secs] 9305K->8926K(1048512K), 0.0002180 secs] [Times: user=0.00 sys=0.00, real=0.01 secs] 
18.122: [GC18.122: [DefNew: 419K->36K(448K), 0.0001670 secs] 9310K->8931K(1048512K), 0.0002030 secs] [Times: user=0.00 sys=0.00, real=0.00 secs] 
18.131: [GC18.131: [DefNew: 420K->36K(448K), 0.0001820 secs] 9315K->8935K(1048512K), 0.0002220 secs] [Times: user=0.00 sys=0.00, real=0.00 secs] 
18.141: [GC18.141: [DefNew: 420K->31K(448K), 0.0001870 secs] 9319K->8939K(1048512K), 0.0002220 secs] [Times: user=0.00 sys=0.00, real=0.00 secs] 
18.150: [GC18.150: [DefNew: 415K->35K(448K), 0.0001510 secs] 9323K->8943K(1048512K), 0.0001870 secs] [Times: user=0.00 sys=0.00, real=0.00 secs] 
18.159: [GC18.159: [DefNew: 419K->35K(448K), 0.0001550 secs] 9327K->8948K(1048512K), 0.0002020 secs] [Times: user=0.00 sys=0.00, real=0.00 secs] 
18.168: [GC18.168: [DefNew: 419K->35K(448K), 0.0001600 secs] 9332K->8952K(1048512K), 0.0001940 secs] [Times: user=0.00 sys=0.00, real=0.00 secs] 
18.177: [GC18.177: [DefNew: 418K->34K(448K), 0.0001770 secs] 9335K->8956K(1048512K), 0.0002270 secs] [Times: user=0.00 sys=0.00, real=0.00 secs] 
18.187: [GC18.187: [DefNew: 418K->33K(448K), 0.0001450 secs] 9340K->8960K(1048512K), 0.0001770 secs] [Times: user=0.00 sys=0.00, real=0.00 secs] 
18.195: [GC18.195: [DefNew: 417K->33K(448K), 0.0001660 secs] 9344K->8963K(1048512K), 0.0002060 secs] [Times: user=0.01 sys=0.00, real=0.00 secs] 
18.204: [GC18.204: [DefNew: 417K->32K(448K), 0.0001620 secs] 9347K->8967K(1048512K), 0.0001990 secs] [Times: user=0.00 sys=0.00, real=0.00 secs] 
18.213: [GC18.213: [DefNew: 416K->32K(448K), 0.0001590 secs] 9351K->8971K(1048512K), 0.0001930 secs] [Times: user=0.00 sys=0.00, real=0.00 secs] 
18.223: [GC18.223: [DefNew: 416K->33K(448K), 0.0001570 secs] 9355K->8976K(1048512K), 0.0001900 secs] [Times: user=0.00 sys=0.00, real=0.00 secs] 
18.232: [GC18.232: [DefNew: 417K->32K(448K), 0.0001600 secs] 9360K->8980K(1048512K), 0.0001960 secs] [Times: user=0.00 sys=0.00, real=0.00 secs] 
18.241: [GC18.241: [DefNew: 416K->32K(448K), 0.0001700 secs] 9364K->8984K(1048512K), 0.0002040 secs] [Times: user=0.00 sys=0.00, real=0.00 secs] 
18.251: [GC18.251: [DefNew: 416K->33K(448K), 0.0001590 secs] 9368K->8988K(1048512K), 0.0001970 secs] [Times: user=0.00 sys=0.00, real=0.00 secs] 
18.260: [GC18.260: [DefNew: 417K->33K(448K), 0.0001670 secs] 9372K->8992K(1048512K), 0.0002070 secs] [Times: user=0.00 sys=0.00, real=0.00 secs] 
18.269: [GC18.269: [DefNew: 417K->33K(448K), 0.0001670 secs] 9376K->8996K(1048512K), 0.0002170 secs] [Times: user=0.00 sys=0.00, real=0.00 secs] 
18.279: [GC18.279: [DefNew: 417K->34K(448K), 0.0004400 secs] 9380K->9001K(1048512K), 0.0005860 secs] [Times: user=0.00 sys=0.00, real=0.00 secs] 
18.288: [GC18.288: [DefNew: 417K->34K(448K), 0.0001510 secs] 9384K->9005K(1048512K), 0.0001960 secs] [Times: user=0.00 sys=0.00, real=0.00 secs] 
18.296: [GC18.296: [DefNew: 418K->34K(448K), 0.0001550 secs] 9389K->9009K(1048512K), 0.0001990 secs] [Times: user=0.00 sys=0.00, real=0.00 secs] 
18.305: [GC18.305: [DefNew: 418K->34K(448K), 0.0001740 secs] 9393K->9013K(1048512K), 0.0002230 secs] [Times: user=0.00 sys=0.00, real=0.00 secs] 
18.314: [GC18.315: [DefNew: 418K->33K(448K), 0.0001590 secs] 9397K->9017K(1048512K), 0.0002020 secs] [Times: user=0.00 sys=0.00, real=0.00 secs] 
18.324: [GC18.324: [DefNew: 417K->34K(448K), 0.0001720 secs] 9401K->9022K(1048512K), 0.0002200 secs] [Times: user=0.00 sys=0.00, real=0.00 secs] 
18.333: [GC18.333: [DefNew: 418K->34K(448K), 0.0001560 secs] 9406K->9026K(1048512K), 0.0002030 secs] [Times: user=0.00 sys=0.00, real=0.00 secs] 
18.342: [GC18.342: [DefNew: 418K->33K(448K), 0.0001760 secs] 9410K->9030K(1048512K), 0.0002200 secs] [Times: user=0.00 sys=0.00, real=0.01 secs] 
18.352: [GC18.352: [DefNew: 417K->34K(448K), 0.0001990 secs] 9414K->9034K(1048512K), 0.0002480 secs] [Times: user=0.00 sys=0.00, real=0.00 secs] 
18.361: [GC18.361: [DefNew: 418K->33K(448K), 0.0001690 secs] 9418K->9038K(1048512K), 0.0002110 secs] [Times: user=0.00 sys=0.00, real=0.00 secs] 
18.370: [GC18.370: [DefNew: 417K->33K(448K), 0.0001770 secs] 9422K->9042K(1048512K), 0.0002200 secs] [Times: user=0.00 sys=0.00, real=0.00 secs] 
18.380: [GC18.380: [DefNew: 417K->34K(448K), 0.0001600 secs] 9426K->9047K(1048512K), 0.0001990 secs] [Times: user=0.00 sys=0.00, real=0.00 secs] 
18.389: [GC18.389: [DefNew: 418K->33K(448K), 0.0001700 secs] 9431K->9051K(1048512K), 0.0002070 secs] [Times: user=0.00 sys=0.00, real=0.00 secs] 
18.397: [GC18.397: [DefNew: 417K->33K(448K), 0.0001620 secs] 9435K->9055K(1048512K), 0.0001970 secs] [Times: user=0.00 sys=0.00, real=0.00 secs] 
18.406: [GC18.406: [DefNew: 417K->33K(448K), 0.0001700 secs] 9439K->9059K(1048512K), 0.0002160 secs] [Times: user=0.00 sys=0.00, real=0.00 secs] 
18.415: [GC18.415: [DefNew: 417K->33K(448K), 0.0001860 secs] 9443K->9063K(1048512K), 0.0002390 secs] [Times: user=0.00 sys=0.00, real=0.00 secs] 
18.425: [GC18.425: [DefNew: 417K->33K(448K), 0.0001910 secs] 9447K->9067K(1048512K), 0.0002460 secs] [Times: user=0.00 sys=0.00, real=0.00 secs] 
18.434: [GC18.434: [DefNew: 417K->34K(448K), 0.0002010 secs] 9451K->9072K(1048512K), 0.0002570 secs] [Times: user=0.00 sys=0.00, real=0.00 secs] 
18.444: [GC18.444: [DefNew: 418K->34K(448K), 0.0001570 secs] 9456K->9077K(1048512K), 0.0002000 secs] [Times: user=0.00 sys=0.00, real=0.00 secs] 
18.453: [GC18.453: [DefNew: 418K->33K(448K), 0.0002000 secs] 9461K->9081K(1048512K), 0.0002620 secs] [Times: user=0.00 sys=0.00, real=0.00 secs] 
18.462: [GC18.462: [DefNew: 417K->33K(448K), 0.0001770 secs] 9465K->9084K(1048512K), 0.0002460 secs] [Times: user=0.00 sys=0.00, real=0.00 secs] 
18.472: [GC18.472: [DefNew: 417K->34K(448K), 0.0002020 secs] 9468K->9088K(1048512K), 0.0002600 secs] [Times: user=0.00 sys=0.00, real=0.00 secs] 
18.481: [GC18.481: [DefNew: 418K->34K(448K), 0.0001970 secs] 9472K->9093K(1048512K), 0.0002480 secs] [Times: user=0.00 sys=0.00, real=0.00 secs] 
18.491: [GC18.491: [DefNew: 418K->34K(448K), 0.0004420 secs] 9477K->9097K(1048512K), 0.0006360 secs] [Times: user=0.00 sys=0.00, real=0.00 secs] 
18.499: [GC18.499: [DefNew: 418K->34K(448K), 0.0001640 secs] 9481K->9101K(1048512K), 0.0002090 secs] [Times: user=0.00 sys=0.00, real=0.00 secs] 
18.508: [GC18.508: [DefNew: 418K->33K(448K), 0.0001640 secs] 9485K->9105K(1048512K), 0.0002070 secs] [Times: user=0.00 sys=0.00, real=0.00 secs] 
18.517: [GC18.517: [DefNew: 417K->33K(448K), 0.0001400 secs] 9489K->9109K(1048512K), 0.0001820 secs] [Times: user=0.00 sys=0.00, real=0.00 secs] 
18.526: [GC18.526: [DefNew: 417K->33K(448K), 0.0001610 secs] 9493K->9114K(1048512K), 0.0002020 secs] [Times: user=0.00 sys=0.00, real=0.00 secs] 
18.535: [GC18.535: [DefNew: 417K->33K(448K), 0.0001980 secs] 9498K->9118K(1048512K), 0.0002610 secs] [Times: user=0.00 sys=0.00, real=0.00 secs] 
18.544: [GC18.544: [DefNew: 417K->34K(448K), 0.0002060 secs] 9502K->9123K(1048512K), 0.0002640 secs] [Times: user=0.01 sys=0.00, real=0.00 secs] 
18.553: [GC18.553: [DefNew: 418K->34K(448K), 0.0001420 secs] 9507K->9127K(1048512K), 0.0001910 secs] [Times: user=0.00 sys=0.00, real=0.00 secs] 
18.562: [GC18.562: [DefNew: 418K->33K(448K), 0.0001910 secs] 9511K->9131K(1048512K), 0.0002520 secs] [Times: user=0.00 sys=0.00, real=0.01 secs] 
18.572: [GC18.572: [DefNew: 417K->35K(448K), 0.0002780 secs] 9515K->9136K(1048512K), 0.0003420 secs] [Times: user=0.00 sys=0.00, real=0.00 secs] 
18.581: [GC18.581: [DefNew: 419K->35K(448K), 0.0001600 secs] 9520K->9140K(1048512K), 0.0002000 secs] [Times: user=0.00 sys=0.00, real=0.00 secs] 
18.589: [GC18.589: [DefNew: 419K->34K(448K), 0.0001780 secs] 9524K->9144K(1048512K), 0.0002230 secs] [Times: user=0.00 sys=0.00, real=0.00 secs] 
18.599: [GC18.599: [DefNew: 418K->35K(448K), 0.0001780 secs] 9528K->9148K(1048512K), 0.0002170 secs] [Times: user=0.00 sys=0.00, real=0.00 secs] 
18.608: [GC18.608: [DefNew: 419K->35K(448K), 0.0001780 secs] 9532K->9152K(1048512K), 0.0002170 secs] [Times: user=0.00 sys=0.00, real=0.00 secs] 
18.617: [GC18.617: [DefNew: 419K->34K(448K), 0.0001670 secs] 9536K->9156K(1048512K), 0.0002010 secs] [Times: user=0.00 sys=0.00, real=0.00 secs] 
18.627: [GC18.627: [DefNew: 418K->34K(448K), 0.0001660 secs] 9540K->9161K(1048512K), 0.0002080 secs] [Times: user=0.00 sys=0.00, real=0.00 secs] 
18.636: [GC18.636: [DefNew: 418K->34K(448K), 0.0001520 secs] 9545K->9165K(1048512K), 0.0001900 secs] [Times: user=0.00 sys=0.00, real=0.00 secs] 
18.645: [GC18.645: [DefNew: 418K->33K(448K), 0.0001720 secs] 9549K->9169K(1048512K), 0.0002130 secs] [Times: user=0.00 sys=0.00, real=0.00 secs] 
18.655: [GC18.655: [DefNew: 417K->33K(448K), 0.0001670 secs] 9553K->9173K(1048512K), 0.0002060 secs] [Times: user=0.00 sys=0.00, real=0.00 secs] 
18.664: [GC18.664: [DefNew: 417K->33K(448K), 0.0002130 secs] 9557K->9177K(1048512K), 0.0002750 secs] [Times: user=0.00 sys=0.00, real=0.00 secs] 
18.674: [GC18.674: [DefNew: 417K->34K(448K), 0.0001870 secs] 9561K->9182K(1048512K), 0.0002450 secs] [Times: user=0.00 sys=0.00, real=0.00 secs] 
18.683: [GC18.683: [DefNew: 418K->34K(448K), 0.0001640 secs] 9566K->9186K(1048512K), 0.0002090 secs] [Times: user=0.00 sys=0.00, real=0.00 secs] 
18.691: [GC18.691: [DefNew: 418K->33K(448K), 0.0001750 secs] 9570K->9189K(1048512K), 0.0002130 secs] [Times: user=0.00 sys=0.01, real=0.00 secs] 
18.700: [GC18.700: [DefNew: 417K->33K(448K), 0.0003540 secs] 9573K->9194K(1048512K), 0.0004380 secs] [Times: user=0.00 sys=0.00, real=0.00 secs] 
18.710: [GC18.710: [DefNew: 417K->34K(448K), 0.0002940 secs] 9578K->9199K(1048512K), 0.0003500 secs] [Times: user=0.00 sys=0.00, real=0.00 secs] 
18.719: [GC18.719: [DefNew: 418K->33K(448K), 0.0001560 secs] 9583K->9203K(1048512K), 0.0001960 secs] [Times: user=0.00 sys=0.00, real=0.00 secs] 
18.729: [GC18.729: [DefNew: 417K->34K(448K), 0.0001470 secs] 9587K->9207K(1048512K), 0.0001830 secs] [Times: user=0.00 sys=0.00, real=0.00 secs] 
18.738: [GC18.738: [DefNew: 418K->33K(448K), 0.0002110 secs] 9591K->9211K(1048512K), 0.0002650 secs] [Times: user=0.00 sys=0.00, real=0.00 secs] 
18.747: [GC18.747: [DefNew: 417K->33K(448K), 0.0001860 secs] 9595K->9215K(1048512K), 0.0002290 secs] [Times: user=0.00 sys=0.00, real=0.00 secs] 
18.756: [GC18.756: [DefNew: 417K->33K(448K), 0.0001750 secs] 9599K->9219K(1048512K), 0.0002160 secs] [Times: user=0.00 sys=0.00, real=0.00 secs] 
18.765: [GC18.765: [DefNew: 417K->34K(448K), 0.0001860 secs] 9603K->9224K(1048512K), 0.0002280 secs] [Times: user=0.00 sys=0.00, real=0.00 secs] 
18.774: [GC18.774: [DefNew: 418K->34K(448K), 0.0001710 secs] 9608K->9228K(1048512K), 0.0002100 secs] [Times: user=0.00 sys=0.00, real=0.00 secs] 
18.784: [GC18.784: [DefNew: 418K->34K(448K), 0.0001470 secs] 9612K->9233K(1048512K), 0.0001940 secs] [Times: user=0.00 sys=0.00, real=0.00 secs] 
18.791: [GC18.791: [DefNew: 418K->34K(448K), 0.0001640 secs] 9617K->9237K(1048512K), 0.0002010 secs] [Times: user=0.00 sys=0.00, real=0.00 secs] 
18.801: [GC18.801: [DefNew: 418K->34K(448K), 0.0001570 secs] 9621K->9241K(1048512K), 0.0001980 secs] [Times: user=0.00 sys=0.00, real=0.00 secs] 
18.810: [GC18.810: [DefNew: 418K->35K(448K), 0.0001900 secs] 9625K->9246K(1048512K), 0.0002450 secs] [Times: user=0.00 sys=0.00, real=0.00 secs] 
18.819: [GC18.819: [DefNew: 419K->35K(448K), 0.0001460 secs] 9630K->9250K(1048512K), 0.0001820 secs] [Times: user=0.00 sys=0.00, real=0.00 secs] 
18.829: [GC18.829: [DefNew: 419K->35K(448K), 0.0001600 secs] 9634K->9254K(1048512K), 0.0002030 secs] [Times: user=0.00 sys=0.00, real=0.00 secs] 
18.838: [GC18.838: [DefNew: 419K->35K(448K), 0.0001480 secs] 9638K->9259K(1048512K), 0.0001830 secs] [Times: user=0.00 sys=0.00, real=0.00 secs] 
18.847: [GC18.847: [DefNew: 419K->34K(448K), 0.0001820 secs] 9643K->9263K(1048512K), 0.0002210 secs] [Times: user=0.00 sys=0.00, real=0.00 secs] 
18.856: [GC18.856: [DefNew: 418K->34K(448K), 0.0001600 secs] 9647K->9268K(1048512K), 0.0002060 secs] [Times: user=0.00 sys=0.00, real=0.00 secs] 
18.865: [GC18.865: [DefNew: 418K->34K(448K), 0.0001760 secs] 9652K->9272K(1048512K), 0.0002180 secs] [Times: user=0.00 sys=0.00, real=0.00 secs] 
18.875: [GC18.875: [DefNew: 418K->34K(448K), 0.0001770 secs] 9656K->9276K(1048512K), 0.0002180 secs] [Times: user=0.00 sys=0.00, real=0.00 secs] 
18.883: [GC18.883: [DefNew: 418K->34K(448K), 0.0001610 secs] 9660K->9280K(1048512K), 0.0001950 secs] [Times: user=0.00 sys=0.00, real=0.00 secs] 
18.892: [GC18.892: [DefNew: 418K->33K(448K), 0.0002310 secs] 9664K->9284K(1048512K), 0.0002910 secs] [Times: user=0.00 sys=0.00, real=0.00 secs] 
18.901: [GC18.901: [DefNew: 417K->33K(448K), 0.0001900 secs] 9668K->9288K(1048512K), 0.0002330 secs] [Times: user=0.00 sys=0.00, real=0.00 secs] 
18.910: [GC18.910: [DefNew: 417K->33K(448K), 0.0001790 secs] 9672K->9292K(1048512K), 0.0002300 secs] [Times: user=0.00 sys=0.00, real=0.00 secs] 
18.919: [GC18.919: [DefNew: 417K->33K(448K), 0.0001450 secs] 9676K->9296K(1048512K), 0.0001900 secs] [Times: user=0.00 sys=0.00, real=0.00 secs] 
18.928: [GC18.928: [DefNew: 417K->33K(448K), 0.0001980 secs] 9680K->9301K(1048512K), 0.0002590 secs] [Times: user=0.00 sys=0.00, real=0.00 secs] 
18.937: [GC18.937: [DefNew: 417K->34K(448K), 0.0001530 secs] 9685K->9305K(1048512K), 0.0001910 secs] [Times: user=0.00 sys=0.00, real=0.00 secs] 
18.946: [GC18.946: [DefNew: 418K->33K(448K), 0.0001930 secs] 9689K->9309K(1048512K), 0.0002370 secs] [Times: user=0.00 sys=0.00, real=0.00 secs] 
18.956: [GC18.956: [DefNew: 417K->34K(448K), 0.0001730 secs] 9693K->9314K(1048512K), 0.0002130 secs] [Times: user=0.00 sys=0.00, real=0.00 secs] 
18.965: [GC18.965: [DefNew: 418K->34K(448K), 0.0001710 secs] 9698K->9318K(1048512K), 0.0002070 secs] [Times: user=0.00 sys=0.00, real=0.00 secs] 
18.974: [GC18.974: [DefNew: 418K->34K(448K), 0.0001770 secs] 9702K->9322K(1048512K), 0.0002130 secs] [Times: user=0.00 sys=0.00, real=0.00 secs] 
18.982: [GC18.982: [DefNew: 418K->34K(448K), 0.0001640 secs] 9706K->9326K(1048512K), 0.0002000 secs] [Times: user=0.00 sys=0.00, real=0.01 secs] 
18.992: [GC18.992: [DefNew: 418K->35K(448K), 0.0001840 secs] 9710K->9331K(1048512K), 0.0002340 secs] [Times: user=0.00 sys=0.00, real=0.00 secs] 
19.001: [GC19.001: [DefNew: 419K->34K(448K), 0.0001930 secs] 9715K->9335K(1048512K), 0.0002480 secs] [Times: user=0.00 sys=0.00, real=0.00 secs] 
19.014: [GC19.014: [DefNew: 417K->35K(448K), 0.0002060 secs] 9718K->9340K(1048512K), 0.0002680 secs] [Times: user=0.00 sys=0.00, real=0.00 secs] 
19.023: [GC19.023: [DefNew: 419K->35K(448K), 0.0001770 secs] 9724K->9344K(1048512K), 0.0002160 secs] [Times: user=0.00 sys=0.00, real=0.00 secs] 
19.033: [GC19.033: [DefNew: 419K->35K(448K), 0.0001600 secs] 9728K->9349K(1048512K), 0.0002010 secs] [Times: user=0.00 sys=0.00, real=0.00 secs] 
19.042: [GC19.042: [DefNew: 419K->35K(448K), 0.0001740 secs] 9733K->9353K(1048512K), 0.0002250 secs] [Times: user=0.00 sys=0.00, real=0.00 secs] 
19.052: [GC19.052: [DefNew: 419K->35K(448K), 0.0001760 secs] 9737K->9357K(1048512K), 0.0002110 secs] [Times: user=0.00 sys=0.00, real=0.00 secs] 
19.061: [GC19.061: [DefNew: 419K->35K(448K), 0.0001540 secs] 9741K->9362K(1048512K), 0.0001910 secs] [Times: user=0.00 sys=0.00, real=0.00 secs] 
19.070: [GC19.070: [DefNew: 419K->35K(448K), 0.0001580 secs] 9746K->9366K(1048512K), 0.0001930 secs] [Times: user=0.00 sys=0.00, real=0.00 secs] 
19.080: [GC19.080: [DefNew: 419K->34K(448K), 0.0001650 secs] 9750K->9370K(1048512K), 0.0002130 secs] [Times: user=0.00 sys=0.00, real=0.00 secs] 
19.088: [GC19.088: [DefNew: 418K->34K(448K), 0.0001830 secs] 9754K->9374K(1048512K), 0.0002280 secs] [Times: user=0.00 sys=0.00, real=0.00 secs] 
19.097: [GC19.097: [DefNew: 418K->33K(448K), 0.0001820 secs] 9758K->9378K(1048512K), 0.0002250 secs] [Times: user=0.00 sys=0.00, real=0.00 secs] 
19.106: [GC19.106: [DefNew: 417K->33K(448K), 0.0001750 secs] 9762K->9382K(1048512K), 0.0002290 secs] [Times: user=0.00 sys=0.00, real=0.00 secs] 
19.115: [GC19.115: [DefNew: 417K->33K(448K), 0.0001760 secs] 9766K->9386K(1048512K), 0.0002320 secs] [Times: user=0.00 sys=0.00, real=0.00 secs] 
19.124: [GC19.124: [DefNew: 417K->33K(448K), 0.0001740 secs] 9770K->9390K(1048512K), 0.0002200 secs] [Times: user=0.00 sys=0.00, real=0.00 secs] 
19.133: [GC19.133: [DefNew: 417K->33K(448K), 0.0001440 secs] 9774K->9395K(1048512K), 0.0001820 secs] [Times: user=0.00 sys=0.00, real=0.00 secs] 
19.143: [GC19.143: [DefNew: 417K->34K(448K), 0.0001560 secs] 9779K->9399K(1048512K), 0.0001940 secs] [Times: user=0.00 sys=0.00, real=0.00 secs] 
19.152: [GC19.152: [DefNew: 418K->34K(448K), 0.0001630 secs] 9783K->9403K(1048512K), 0.0002000 secs] [Times: user=0.00 sys=0.00, real=0.00 secs] 
19.161: [GC19.161: [DefNew: 418K->33K(448K), 0.0001940 secs] 9787K->9407K(1048512K), 0.0002670 secs] [Times: user=0.00 sys=0.00, real=0.00 secs] 
19.170: [GC19.170: [DefNew: 417K->33K(448K), 0.0001900 secs] 9791K->9411K(1048512K), 0.0002320 secs] [Times: user=0.00 sys=0.00, real=0.00 secs] 
19.180: [GC19.180: [DefNew: 417K->34K(448K), 0.0001810 secs] 9795K->9416K(1048512K), 0.0002270 secs] [Times: user=0.00 sys=0.00, real=0.00 secs] 
19.188: [GC19.188: [DefNew: 418K->34K(448K), 0.0001880 secs] 9800K->9420K(1048512K), 0.0002310 secs] [Times: user=0.00 sys=0.00, real=0.00 secs] 
19.197: [GC19.197: [DefNew: 418K->33K(448K), 0.0001670 secs] 9804K->9424K(1048512K), 0.0002150 secs] [Times: user=0.00 sys=0.00, real=0.00 secs] 
19.206: [GC19.206: [DefNew: 417K->33K(448K), 0.0001740 secs] 9808K->9428K(1048512K), 0.0002130 secs] [Times: user=0.00 sys=0.00, real=0.00 secs] 
19.215: [GC19.215: [DefNew: 417K->33K(448K), 0.0001670 secs] 9812K->9432K(1048512K), 0.0002020 secs] [Times: user=0.00 sys=0.00, real=0.00 secs] 
19.224: [GC19.224: [DefNew: 417K->34K(448K), 0.0001770 secs] 9816K->9437K(1048512K), 0.0002210 secs] [Times: user=0.00 sys=0.00, real=0.00 secs] 
19.234: [GC19.234: [DefNew: 418K->35K(448K), 0.0001650 secs] 9821K->9442K(1048512K), 0.0002030 secs] [Times: user=0.00 sys=0.00, real=0.00 secs] 
19.243: [GC19.243: [DefNew: 419K->34K(448K), 0.0001510 secs] 9826K->9446K(1048512K), 0.0001950 secs] [Times: user=0.00 sys=0.00, real=0.00 secs] 
19.252: [GC19.253: [DefNew: 418K->34K(448K), 0.0001710 secs] 9830K->9450K(1048512K), 0.0002110 secs] [Times: user=0.00 sys=0.00, real=0.01 secs] 
19.262: [GC19.262: [DefNew: 418K->35K(448K), 0.0001670 secs] 9834K->9455K(1048512K), 0.0002220 secs] [Times: user=0.00 sys=0.00, real=0.00 secs] 
19.271: [GC19.271: [DefNew: 419K->35K(448K), 0.0001690 secs] 9839K->9459K(1048512K), 0.0002110 secs] [Times: user=0.00 sys=0.00, real=0.00 secs] 
19.280: [GC19.280: [DefNew: 419K->34K(448K), 0.0001770 secs] 9843K->9463K(1048512K), 0.0002300 secs] [Times: user=0.00 sys=0.00, real=0.00 secs] 
19.288: [GC19.288: [DefNew: 418K->33K(448K), 0.0001730 secs] 9847K->9466K(1048512K), 0.0002200 secs] [Times: user=0.00 sys=0.00, real=0.00 secs] 
19.297: [GC19.297: [DefNew: 417K->33K(448K), 0.0001830 secs] 9850K->9470K(1048512K), 0.0002500 secs] [Times: user=0.00 sys=0.00, real=0.00 secs] 
19.306: [GC19.306: [DefNew: 417K->33K(448K), 0.0002080 secs] 9854K->9475K(1048512K), 0.0002750 secs] [Times: user=0.00 sys=0.00, real=0.00 secs] 
19.316: [GC19.316: [DefNew: 417K->33K(448K), 0.0001610 secs] 9859K->9479K(1048512K), 0.0002020 secs] [Times: user=0.00 sys=0.00, real=0.00 secs] 
19.325: [GC19.325: [DefNew: 417K->33K(448K), 0.0002240 secs] 9863K->9483K(1048512K), 0.0002830 secs] [Times: user=0.00 sys=0.00, real=0.00 secs] 
19.334: [GC19.334: [DefNew: 416K->33K(448K), 0.0001660 secs] 9867K->9487K(1048512K), 0.0002100 secs] [Times: user=0.00 sys=0.00, real=0.00 secs] 
19.344: [GC19.344: [DefNew: 416K->33K(448K), 0.0003280 secs] 9871K->9492K(1048512K), 0.0004220 secs] [Times: user=0.00 sys=0.00, real=0.00 secs] 
19.354: [GC19.354: [DefNew: 417K->34K(448K), 0.0001600 secs] 9875K->9496K(1048512K), 0.0002060 secs] [Times: user=0.00 sys=0.00, real=0.00 secs] 
19.363: [GC19.363: [DefNew: 417K->35K(448K), 0.0001890 secs] 9880K->9501K(1048512K), 0.0002420 secs] [Times: user=0.01 sys=0.00, real=0.00 secs] 
19.372: [GC19.372: [DefNew: 418K->34K(448K), 0.0001770 secs] 9884K->9505K(1048512K), 0.0002210 secs] [Times: user=0.00 sys=0.00, real=0.00 secs] 
19.381: [GC19.381: [DefNew: 418K->34K(448K), 0.0001760 secs] 9888K->9509K(1048512K), 0.0002150 secs] [Times: user=0.00 sys=0.00, real=0.00 secs] 
19.390: [GC19.390: [DefNew: 417K->34K(448K), 0.0001720 secs] 9892K->9513K(1048512K), 0.0002070 secs] [Times: user=0.00 sys=0.00, real=0.00 secs] 
19.398: [GC19.398: [DefNew: 417K->34K(448K), 0.0001810 secs] 9896K->9517K(1048512K), 0.0002230 secs] [Times: user=0.00 sys=0.00, real=0.00 secs] 
19.407: [GC19.407: [DefNew: 417K->34K(448K), 0.0001700 secs] 9900K->9521K(1048512K), 0.0002050 secs] [Times: user=0.00 sys=0.00, real=0.00 secs] 
19.417: [GC19.417: [DefNew: 417K->34K(448K), 0.0001670 secs] 9905K->9526K(1048512K), 0.0002040 secs] [Times: user=0.00 sys=0.00, real=0.00 secs] 
19.426: [GC19.426: [DefNew: 418K->33K(448K), 0.0001670 secs] 9909K->9530K(1048512K), 0.0002020 secs] [Times: user=0.00 sys=0.00, real=0.00 secs] 
19.435: [GC19.435: [DefNew: 417K->34K(448K), 0.0001860 secs] 9913K->9534K(1048512K), 0.0002350 secs] [Times: user=0.00 sys=0.00, real=0.00 secs] 
19.444: [GC19.444: [DefNew: 417K->34K(448K), 0.0001800 secs] 9918K->9538K(1048512K), 0.0002220 secs] [Times: user=0.00 sys=0.00, real=0.00 secs] 
19.453: [GC19.453: [DefNew: 417K->34K(448K), 0.0001700 secs] 9922K->9542K(1048512K), 0.0002090 secs] [Times: user=0.00 sys=0.00, real=0.00 secs] 
19.463: [GC19.463: [DefNew: 418K->34K(448K), 0.0002160 secs] 9926K->9547K(1048512K), 0.0002840 secs] [Times: user=0.00 sys=0.00, real=0.00 secs] 
19.472: [GC19.472: [DefNew: 418K->34K(448K), 0.0001640 secs] 9931K->9551K(1048512K), 0.0001990 secs] [Times: user=0.00 sys=0.00, real=0.00 secs] 
19.481: [GC19.481: [DefNew: 418K->34K(448K), 0.0001670 secs] 9935K->9555K(1048512K), 0.0002050 secs] [Times: user=0.00 sys=0.00, real=0.00 secs] 
19.490: [GC19.490: [DefNew: 418K->34K(448K), 0.0001820 secs] 9939K->9559K(1048512K), 0.0002230 secs] [Times: user=0.00 sys=0.00, real=0.00 secs] 
19.500: [GC19.500: [DefNew: 418K->34K(448K), 0.0001500 secs] 9943K->9563K(1048512K), 0.0001850 secs] [Times: user=0.00 sys=0.00, real=0.00 secs] 
19.508: [GC19.508: [DefNew: 418K->33K(448K), 0.0001610 secs] 9947K->9567K(1048512K), 0.0001970 secs] [Times: user=0.00 sys=0.00, real=0.00 secs] 
19.517: [GC19.517: [DefNew: 417K->34K(448K), 0.0001670 secs] 9951K->9572K(1048512K), 0.0002040 secs] [Times: user=0.00 sys=0.00, real=0.00 secs] 
19.526: [GC19.526: [DefNew: 418K->33K(448K), 0.0001920 secs] 9956K->9576K(1048512K), 0.0002570 secs] [Times: user=0.00 sys=0.00, real=0.00 secs] 
19.536: [GC19.536: [DefNew: 417K->33K(448K), 0.0001960 secs] 9960K->9580K(1048512K), 0.0002530 secs] [Times: user=0.00 sys=0.00, real=0.00 secs] 
19.545: [GC19.545: [DefNew: 417K->33K(448K), 0.0001620 secs] 9964K->9585K(1048512K), 0.0002120 secs] [Times: user=0.00 sys=0.00, real=0.00 secs] 
19.554: [GC19.554: [DefNew: 417K->33K(448K), 0.0001480 secs] 9969K->9589K(1048512K), 0.0001870 secs] [Times: user=0.00 sys=0.00, real=0.00 secs] 
19.563: [GC19.563: [DefNew: 417K->33K(448K), 0.0001410 secs] 9973K->9593K(1048512K), 0.0001780 secs] [Times: user=0.00 sys=0.00, real=0.00 secs] 
19.573: [GC19.573: [DefNew: 417K->33K(448K), 0.0001610 secs] 9977K->9597K(1048512K), 0.0002010 secs] [Times: user=0.00 sys=0.00, real=0.00 secs] 
19.582: [GC19.582: [DefNew: 417K->34K(448K), 0.0001680 secs] 9981K->9602K(1048512K), 0.0002090 secs] [Times: user=0.00 sys=0.00, real=0.00 secs] 
19.591: [GC19.591: [DefNew: 418K->34K(448K), 0.0001730 secs] 9986K->9606K(1048512K), 0.0002120 secs] [Times: user=0.00 sys=0.00, real=0.00 secs] 
19.601: [GC19.601: [DefNew: 418K->34K(448K), 0.0001490 secs] 9990K->9610K(1048512K), 0.0001840 secs] [Times: user=0.00 sys=0.00, real=0.00 secs] 
19.608: [GC19.608: [DefNew: 418K->33K(448K), 0.0001570 secs] 9994K->9614K(1048512K), 0.0001900 secs] [Times: user=0.00 sys=0.00, real=0.00 secs] 
19.618: [GC19.618: [DefNew: 417K->34K(448K), 0.0001930 secs] 9998K->9618K(1048512K), 0.0002440 secs] [Times: user=0.00 sys=0.00, real=0.00 secs] 
19.627: [GC19.627: [DefNew: 418K->34K(448K), 0.0001500 secs] 10002K->9623K(1048512K), 0.0001860 secs] [Times: user=0.00 sys=0.00, real=0.00 secs] 
19.636: [GC19.636: [DefNew: 418K->34K(448K), 0.0001960 secs] 10006K->9627K(1048512K), 0.0002430 secs] [Times: user=0.00 sys=0.00, real=0.00 secs] 
19.645: [GC19.645: [DefNew: 418K->34K(448K), 0.0001620 secs] 10011K->9632K(1048512K), 0.0002010 secs] [Times: user=0.00 sys=0.00, real=0.00 secs] 
19.655: [GC19.655: [DefNew: 418K->35K(448K), 0.0001670 secs] 10016K->9637K(1048512K), 0.0002060 secs] [Times: user=0.00 sys=0.00, real=0.00 secs] 
19.664: [GC19.664: [DefNew: 419K->35K(448K), 0.0002010 secs] 10021K->9641K(1048512K), 0.0002570 secs] [Times: user=0.00 sys=0.00, real=0.00 secs] 
19.673: [GC19.673: [DefNew: 419K->35K(448K), 0.0001840 secs] 10025K->9645K(1048512K), 0.0002220 secs] [Times: user=0.00 sys=0.00, real=0.00 secs] 
19.683: [GC19.683: [DefNew: 419K->35K(448K), 0.0001750 secs] 10029K->9650K(1048512K), 0.0002120 secs] [Times: user=0.00 sys=0.00, real=0.00 secs] 
19.692: [GC19.692: [DefNew: 419K->35K(448K), 0.0001780 secs] 10034K->9654K(1048512K), 0.0002150 secs] [Times: user=0.00 sys=0.00, real=0.00 secs] 
19.701: [GC19.701: [DefNew: 419K->35K(448K), 0.0001780 secs] 10038K->9658K(1048512K), 0.0002230 secs] [Times: user=0.00 sys=0.00, real=0.00 secs] 
19.709: [GC19.709: [DefNew: 419K->34K(448K), 0.0001890 secs] 10042K->9662K(1048512K), 0.0002280 secs] [Times: user=0.00 sys=0.00, real=0.00 secs] 
19.719: [GC19.719: [DefNew: 418K->35K(448K), 0.0001790 secs] 10046K->9667K(1048512K), 0.0002190 secs] [Times: user=0.00 sys=0.00, real=0.00 secs] 
19.728: [GC19.728: [DefNew: 419K->34K(448K), 0.0002250 secs] 10051K->9671K(1048512K), 0.0002830 secs] [Times: user=0.00 sys=0.00, real=0.00 secs] 
19.738: [GC19.738: [DefNew: 418K->35K(448K), 0.0002050 secs] 10055K->9676K(1048512K), 0.0002540 secs] [Times: user=0.00 sys=0.00, real=0.00 secs] 
19.747: [GC19.747: [DefNew: 419K->34K(448K), 0.0001840 secs] 10060K->9680K(1048512K), 0.0002330 secs] [Times: user=0.00 sys=0.00, real=0.00 secs] 
19.756: [GC19.756: [DefNew: 418K->34K(448K), 0.0001600 secs] 10064K->9684K(1048512K), 0.0002080 secs] [Times: user=0.00 sys=0.00, real=0.00 secs] 
19.765: [GC19.765: [DefNew: 418K->34K(448K), 0.0001600 secs] 10068K->9688K(1048512K), 0.0002230 secs] [Times: user=0.00 sys=0.00, real=0.00 secs] 
19.774: [GC19.774: [DefNew: 418K->33K(448K), 0.0001680 secs] 10072K->9692K(1048512K), 0.0002210 secs] [Times: user=0.00 sys=0.00, real=0.00 secs] 
19.783: [GC19.783: [DefNew: 417K->33K(448K), 0.0001630 secs] 10076K->9696K(1048512K), 0.0002000 secs] [Times: user=0.00 sys=0.00, real=0.00 secs] 
19.792: [GC19.792: [DefNew: 417K->33K(448K), 0.0002010 secs] 10080K->9700K(1048512K), 0.0002630 secs] [Times: user=0.00 sys=0.00, real=0.00 secs] 
19.802: [GC19.802: [DefNew: 417K->32K(448K), 0.0001810 secs] 10084K->9704K(1048512K), 0.0002320 secs] [Times: user=0.00 sys=0.00, real=0.00 secs] 
19.809: [GC19.809: [DefNew: 416K->31K(448K), 0.0001960 secs] 10088K->9707K(1048512K), 0.0002550 secs] [Times: user=0.00 sys=0.00, real=0.00 secs] 
19.819: [GC19.819: [DefNew: 415K->36K(448K), 0.0001380 secs] 10091K->9712K(1048512K), 0.0001750 secs] [Times: user=0.00 sys=0.00, real=0.00 secs] 
19.828: [GC19.828: [DefNew: 420K->33K(448K), 0.0001610 secs] 10096K->9716K(1048512K), 0.0002170 secs] [Times: user=0.00 sys=0.00, real=0.00 secs] 
19.837: [GC19.837: [DefNew: 417K->33K(448K), 0.0001620 secs] 10100K->9720K(1048512K), 0.0002050 secs] [Times: user=0.00 sys=0.00, real=0.00 secs] 
19.847: [GC19.847: [DefNew: 417K->33K(448K), 0.0001890 secs] 10104K->9725K(1048512K), 0.0002330 secs] [Times: user=0.00 sys=0.00, real=0.00 secs] 
19.856: [GC19.856: [DefNew: 417K->34K(448K), 0.0001790 secs] 10109K->9729K(1048512K), 0.0002250 secs] [Times: user=0.00 sys=0.00, real=0.00 secs] 
19.865: [GC19.865: [DefNew: 418K->34K(448K), 0.0001520 secs] 10113K->9733K(1048512K), 0.0001910 secs] [Times: user=0.00 sys=0.00, real=0.00 secs] 
19.874: [GC19.874: [DefNew: 418K->34K(448K), 0.0001680 secs] 10117K->9737K(1048512K), 0.0002060 secs] [Times: user=0.00 sys=0.00, real=0.00 secs] 
19.883: [GC19.883: [DefNew: 418K->34K(448K), 0.0001680 secs] 10121K->9742K(1048512K), 0.0002250 secs] [Times: user=0.00 sys=0.00, real=0.00 secs] 
19.893: [GC19.893: [DefNew: 418K->35K(448K), 0.0001920 secs] 10126K->9747K(1048512K), 0.0002520 secs] [Times: user=0.00 sys=0.00, real=0.00 secs] 
19.902: [GC19.902: [DefNew: 419K->34K(448K), 0.0001930 secs] 10131K->9750K(1048512K), 0.0002470 secs] [Times: user=0.00 sys=0.00, real=0.00 secs] 
19.910: [GC19.910: [DefNew: 418K->33K(448K), 0.0002140 secs] 10134K->9754K(1048512K), 0.0002760 secs] [Times: user=0.00 sys=0.00, real=0.00 secs] 
19.919: [GC19.919: [DefNew: 417K->33K(448K), 0.0002050 secs] 10138K->9758K(1048512K), 0.0002630 secs] [Times: user=0.00 sys=0.00, real=0.00 secs] 
19.928: [GC19.928: [DefNew: 417K->33K(448K), 0.0001830 secs] 10142K->9763K(1048512K), 0.0002260 secs] [Times: user=0.00 sys=0.00, real=0.00 secs] 
19.938: [GC19.938: [DefNew: 417K->34K(448K), 0.0001940 secs] 10147K->9767K(1048512K), 0.0002480 secs] [Times: user=0.00 sys=0.00, real=0.00 secs] 
19.947: [GC19.947: [DefNew: 417K->33K(448K), 0.0001940 secs] 10151K->9771K(1048512K), 0.0002480 secs] [Times: user=0.00 sys=0.00, real=0.00 secs] 
19.956: [GC19.956: [DefNew: 417K->33K(448K), 0.0001470 secs] 10155K->9775K(1048512K), 0.0001870 secs] [Times: user=0.00 sys=0.00, real=0.00 secs] 
19.965: [GC19.965: [DefNew: 416K->33K(448K), 0.0001770 secs] 10159K->9779K(1048512K), 0.0002620 secs] [Times: user=0.00 sys=0.00, real=0.00 secs] 
19.974: [GC19.974: [DefNew: 416K->33K(448K), 0.0001530 secs] 10163K->9783K(1048512K), 0.0001910 secs] [Times: user=0.00 sys=0.00, real=0.00 secs] 
19.984: [GC19.984: [DefNew: 416K->33K(448K), 0.0002000 secs] 10167K->9787K(1048512K), 0.0002520 secs] [Times: user=0.00 sys=0.00, real=0.00 secs] 
19.993: [GC19.993: [DefNew: 417K->33K(448K), 0.0002060 secs] 10171K->9792K(1048512K), 0.0002650 secs] [Times: user=0.00 sys=0.00, real=0.00 secs] 
20.002: [GC20.002: [DefNew: 417K->33K(448K), 0.0001950 secs] 10176K->9796K(1048512K), 0.0002520 secs] [Times: user=0.00 sys=0.00, real=0.01 secs] 
20.011: [GC20.011: [DefNew: 417K->33K(448K), 0.0001720 secs] 10180K->9800K(1048512K), 0.0002100 secs] [Times: user=0.00 sys=0.00, real=0.00 secs] 
20.020: [GC20.020: [DefNew: 417K->33K(448K), 0.0001680 secs] 10184K->9804K(1048512K), 0.0002030 secs] [Times: user=0.00 sys=0.00, real=0.00 secs] 
20.029: [GC20.029: [DefNew: 417K->33K(448K), 0.0001710 secs] 10188K->9808K(1048512K), 0.0002110 secs] [Times: user=0.00 sys=0.00, real=0.00 secs] 
20.038: [GC20.038: [DefNew: 417K->33K(448K), 0.0001800 secs] 10192K->9812K(1048512K), 0.0002240 secs] [Times: user=0.00 sys=0.00, real=0.00 secs] 
20.048: [GC20.048: [DefNew: 417K->33K(448K), 0.0001840 secs] 10196K->9816K(1048512K), 0.0002310 secs] [Times: user=0.00 sys=0.00, real=0.00 secs] 
20.057: [GC20.057: [DefNew: 417K->34K(448K), 0.0001850 secs] 10200K->9821K(1048512K), 0.0002280 secs] [Times: user=0.00 sys=0.00, real=0.00 secs] 
20.066: [GC20.066: [DefNew: 418K->33K(448K), 0.0001770 secs] 10205K->9825K(1048512K), 0.0002170 secs] [Times: user=0.00 sys=0.00, real=0.00 secs] 
20.076: [GC20.076: [DefNew: 417K->33K(448K), 0.0001730 secs] 10209K->9829K(1048512K), 0.0002230 secs] [Times: user=0.00 sys=0.00, real=0.00 secs] 
20.085: [GC20.085: [DefNew: 417K->34K(448K), 0.0001760 secs] 10213K->9833K(1048512K), 0.0002210 secs] [Times: user=0.00 sys=0.00, real=0.00 secs] 
20.094: [GC20.094: [DefNew: 418K->34K(448K), 0.0001880 secs] 10217K->9837K(1048512K), 0.0002370 secs] [Times: user=0.00 sys=0.00, real=0.00 secs] 
20.103: [GC20.103: [DefNew: 418K->34K(448K), 0.0001830 secs] 10221K->9841K(1048512K), 0.0002250 secs] [Times: user=0.00 sys=0.00, real=0.00 secs] 
20.112: [GC20.112: [DefNew: 418K->33K(448K), 0.0001690 secs] 10225K->9845K(1048512K), 0.0002070 secs] [Times: user=0.00 sys=0.00, real=0.00 secs] 
20.121: [GC20.121: [DefNew: 417K->33K(448K), 0.0001720 secs] 10229K->9850K(1048512K), 0.0002110 secs] [Times: user=0.00 sys=0.00, real=0.00 secs] 
20.130: [GC20.130: [DefNew: 417K->33K(448K), 0.0001650 secs] 10234K->9854K(1048512K), 0.0001990 secs] [Times: user=0.00 sys=0.00, real=0.00 secs] 
20.139: [GC20.139: [DefNew: 417K->33K(448K), 0.0001830 secs] 10238K->9858K(1048512K), 0.0002420 secs] [Times: user=0.00 sys=0.00, real=0.00 secs] 
20.149: [GC20.149: [DefNew: 417K->33K(448K), 0.0002040 secs] 10242K->9862K(1048512K), 0.0002530 secs] [Times: user=0.00 sys=0.00, real=0.00 secs] 
20.158: [GC20.158: [DefNew: 417K->33K(448K), 0.0003620 secs] 10246K->9866K(1048512K), 0.0004550 secs] [Times: user=0.00 sys=0.00, real=0.00 secs] 
20.168: [GC20.168: [DefNew: 417K->34K(448K), 0.0001510 secs] 10250K->9871K(1048512K), 0.0001960 secs] [Times: user=0.00 sys=0.00, real=0.00 secs] 
20.177: [GC20.177: [DefNew: 418K->34K(448K), 0.0001510 secs] 10255K->9875K(1048512K), 0.0001890 secs] [Times: user=0.00 sys=0.00, real=0.00 secs] 
20.187: [GC20.187: [DefNew: 418K->34K(448K), 0.0002000 secs] 10259K->9880K(1048512K), 0.0002480 secs] [Times: user=0.00 sys=0.00, real=0.00 secs] 
20.196: [GC20.196: [DefNew: 418K->35K(448K), 0.0001800 secs] 10264K->9885K(1048512K), 0.0002190 secs] [Times: user=0.01 sys=0.00, real=0.00 secs] 
20.206: [GC20.206: [DefNew: 419K->35K(448K), 0.0001610 secs] 10269K->9889K(1048512K), 0.0002020 secs] [Times: user=0.00 sys=0.00, real=0.00 secs] 
20.214: [GC20.214: [DefNew: 419K->34K(448K), 0.0001530 secs] 10273K->9892K(1048512K), 0.0001910 secs] [Times: user=0.00 sys=0.00, real=0.00 secs] 
20.223: [GC20.223: [DefNew: 418K->34K(448K), 0.0001540 secs] 10276K->9896K(1048512K), 0.0001910 secs] [Times: user=0.00 sys=0.00, real=0.00 secs] 
20.232: [GC20.232: [DefNew: 418K->33K(448K), 0.0001540 secs] 10280K->9900K(1048512K), 0.0001920 secs] [Times: user=0.00 sys=0.00, real=0.01 secs] 
20.242: [GC20.242: [DefNew: 417K->34K(448K), 0.0001710 secs] 10284K->9905K(1048512K), 0.0002120 secs] [Times: user=0.00 sys=0.00, real=0.00 secs] 
20.251: [GC20.251: [DefNew: 418K->33K(448K), 0.0001920 secs] 10289K->9909K(1048512K), 0.0002430 secs] [Times: user=0.00 sys=0.00, real=0.00 secs] 
20.260: [GC20.260: [DefNew: 417K->33K(448K), 0.0001630 secs] 10293K->9913K(1048512K), 0.0002090 secs] [Times: user=0.00 sys=0.00, real=0.00 secs] 
20.269: [GC20.269: [DefNew: 417K->33K(448K), 0.0001770 secs] 10297K->9918K(1048512K), 0.0002170 secs] [Times: user=0.00 sys=0.00, real=0.00 secs] 
20.279: [GC20.279: [DefNew: 417K->34K(448K), 0.0001610 secs] 10302K->9922K(1048512K), 0.0002020 secs] [Times: user=0.00 sys=0.00, real=0.00 secs] 
20.288: [GC20.288: [DefNew: 418K->34K(448K), 0.0001780 secs] 10306K->9926K(1048512K), 0.0002230 secs] [Times: user=0.00 sys=0.00, real=0.00 secs] 
20.298: [GC20.298: [DefNew: 418K->34K(448K), 0.0001890 secs] 10310K->9930K(1048512K), 0.0002380 secs] [Times: user=0.00 sys=0.00, real=0.00 secs] 
20.307: [GC20.307: [DefNew: 418K->34K(448K), 0.0001740 secs] 10314K->9935K(1048512K), 0.0002250 secs] [Times: user=0.00 sys=0.00, real=0.00 secs] 
20.315: [GC20.315: [DefNew: 418K->33K(448K), 0.0001660 secs] 10319K->9938K(1048512K), 0.0002140 secs] [Times: user=0.00 sys=0.00, real=0.00 secs] 
20.324: [GC20.324: [DefNew: 417K->33K(448K), 0.0001980 secs] 10322K->9942K(1048512K), 0.0002520 secs] [Times: user=0.00 sys=0.00, real=0.00 secs] 
20.333: [GC20.333: [DefNew: 417K->33K(448K), 0.0001590 secs] 10326K->9946K(1048512K), 0.0002040 secs] [Times: user=0.00 sys=0.01, real=0.00 secs] 
20.342: [GC20.343: [DefNew: 417K->32K(448K), 0.0001500 secs] 10330K->9950K(1048512K), 0.0001950 secs] [Times: user=0.00 sys=0.00, real=0.01 secs] 
20.352: [GC20.352: [DefNew: 416K->33K(448K), 0.0001830 secs] 10334K->9955K(1048512K), 0.0002240 secs] [Times: user=0.00 sys=0.00, real=0.00 secs] 
20.361: [GC20.361: [DefNew: 416K->33K(448K), 0.0002790 secs] 10338K->9959K(1048512K), 0.0003580 secs] [Times: user=0.00 sys=0.00, real=0.00 secs] 
20.370: [GC20.370: [DefNew: 416K->32K(448K), 0.0002130 secs] 10342K->9963K(1048512K), 0.0002960 secs] [Times: user=0.00 sys=0.00, real=0.00 secs] 
20.380: [GC20.380: [DefNew: 416K->33K(448K), 0.0001490 secs] 10347K->9967K(1048512K), 0.0002020 secs] [Times: user=0.00 sys=0.00, real=0.00 secs] 
20.389: [GC20.389: [DefNew: 417K->33K(448K), 0.0001550 secs] 10351K->9971K(1048512K), 0.0001960 secs] [Times: user=0.00 sys=0.00, real=0.00 secs] 
20.398: [GC20.398: [DefNew: 417K->33K(448K), 0.0002000 secs] 10355K->9975K(1048512K), 0.0002430 secs] [Times: user=0.00 sys=0.00, real=0.00 secs] 
20.407: [GC20.407: [DefNew: 417K->33K(448K), 0.0001730 secs] 10359K->9979K(1048512K), 0.0002100 secs] [Times: user=0.01 sys=0.00, real=0.00 secs] 
20.416: [GC20.416: [DefNew: 417K->33K(448K), 0.0001740 secs] 10363K->9983K(1048512K), 0.0002110 secs] [Times: user=0.00 sys=0.00, real=0.00 secs] 
20.425: [GC20.425: [DefNew: 417K->33K(448K), 0.0001760 secs] 10367K->9988K(1048512K), 0.0002180 secs] [Times: user=0.00 sys=0.00, real=0.00 secs] 
20.434: [GC20.434: [DefNew: 417K->33K(448K), 0.0001870 secs] 10372K->9992K(1048512K), 0.0002320 secs] [Times: user=0.00 sys=0.00, real=0.00 secs] 
20.443: [GC20.443: [DefNew: 417K->33K(448K), 0.0001870 secs] 10376K->9996K(1048512K), 0.0002310 secs] [Times: user=0.00 sys=0.00, real=0.00 secs] 
20.453: [GC20.453: [DefNew: 417K->34K(448K), 0.0001880 secs] 10380K->10001K(1048512K), 0.0002320 secs] [Times: user=0.00 sys=0.00, real=0.00 secs] 
20.462: [GC20.462: [DefNew: 418K->34K(448K), 0.0001670 secs] 10385K->10005K(1048512K), 0.0002030 secs] [Times: user=0.00 sys=0.00, real=0.00 secs] 
20.471: [GC20.471: [DefNew: 417K->34K(448K), 0.0001720 secs] 10388K->10009K(1048512K), 0.0002110 secs] [Times: user=0.00 sys=0.00, real=0.00 secs] 
20.481: [GC20.481: [DefNew: 417K->34K(448K), 0.0001760 secs] 10392K->10013K(1048512K), 0.0002150 secs] [Times: user=0.00 sys=0.00, real=0.00 secs] 
20.489: [GC20.489: [DefNew: 418K->35K(448K), 0.0001710 secs] 10397K->10019K(1048512K), 0.0002080 secs] [Times: user=0.00 sys=0.00, real=0.00 secs] 
20.499: [GC20.499: [DefNew: 419K->35K(448K), 0.0002100 secs] 10403K->10023K(1048512K), 0.0002670 secs] [Times: user=0.00 sys=0.00, real=0.00 secs] 
20.508: [GC20.508: [DefNew: 419K->35K(448K), 0.0001580 secs] 10407K->10027K(1048512K), 0.0001980 secs] [Times: user=0.00 sys=0.00, real=0.00 secs] 
20.517: [GC20.517: [DefNew: 419K->35K(448K), 0.0001630 secs] 10411K->10031K(1048512K), 0.0002060 secs] [Times: user=0.00 sys=0.00, real=0.00 secs] 
20.526: [GC20.526: [DefNew: 419K->34K(448K), 0.0001910 secs] 10415K->10035K(1048512K), 0.0002460 secs] [Times: user=0.00 sys=0.00, real=0.00 secs] 
20.535: [GC20.535: [DefNew: 418K->34K(448K), 0.0001750 secs] 10419K->10039K(1048512K), 0.0002150 secs] [Times: user=0.00 sys=0.00, real=0.00 secs] 
20.545: [GC20.545: [DefNew: 418K->34K(448K), 0.0001790 secs] 10423K->10043K(1048512K), 0.0002220 secs] [Times: user=0.00 sys=0.00, real=0.00 secs] 
20.554: [GC20.554: [DefNew: 418K->34K(448K), 0.0001480 secs] 10427K->10048K(1048512K), 0.0001930 secs] [Times: user=0.00 sys=0.00, real=0.00 secs] 
20.563: [GC20.563: [DefNew: 418K->33K(448K), 0.0001730 secs] 10432K->10052K(1048512K), 0.0002090 secs] [Times: user=0.00 sys=0.00, real=0.00 secs] 
20.572: [GC20.573: [DefNew: 417K->33K(448K), 0.0002220 secs] 10436K->10056K(1048512K), 0.0003270 secs] [Times: user=0.00 sys=0.00, real=0.01 secs] 
20.582: [GC20.582: [DefNew: 417K->33K(448K), 0.0001480 secs] 10440K->10061K(1048512K), 0.0001850 secs] [Times: user=0.00 sys=0.00, real=0.00 secs] 
20.591: [GC20.591: [DefNew: 417K->34K(448K), 0.0001530 secs] 10445K->10065K(1048512K), 0.0001990 secs] [Times: user=0.00 sys=0.00, real=0.00 secs] 
20.600: [GC20.600: [DefNew: 418K->34K(448K), 0.0001530 secs] 10449K->10069K(1048512K), 0.0002000 secs] [Times: user=0.00 sys=0.00, real=0.00 secs] 
20.610: [GC20.610: [DefNew: 418K->34K(448K), 0.0001510 secs] 10453K->10073K(1048512K), 0.0001890 secs] [Times: user=0.00 sys=0.00, real=0.00 secs] 
20.618: [GC20.618: [DefNew: 418K->33K(448K), 0.0001640 secs] 10457K->10077K(1048512K), 0.0002080 secs] [Times: user=0.00 sys=0.00, real=0.00 secs] 
20.627: [GC20.627: [DefNew: 417K->33K(448K), 0.0001920 secs] 10461K->10081K(1048512K), 0.0002390 secs] [Times: user=0.00 sys=0.00, real=0.00 secs] 
20.636: [GC20.636: [DefNew: 417K->33K(448K), 0.0001700 secs] 10465K->10085K(1048512K), 0.0002080 secs] [Times: user=0.00 sys=0.00, real=0.00 secs] 
20.646: [GC20.646: [DefNew: 417K->32K(448K), 0.0001550 secs] 10469K->10089K(1048512K), 0.0001930 secs] [Times: user=0.00 sys=0.00, real=0.00 secs] 
20.655: [GC20.655: [DefNew: 416K->33K(448K), 0.0001640 secs] 10473K->10093K(1048512K), 0.0001990 secs] [Times: user=0.00 sys=0.00, real=0.00 secs] 
20.664: [GC20.664: [DefNew: 417K->33K(448K), 0.0001630 secs] 10477K->10097K(1048512K), 0.0001970 secs] [Times: user=0.00 sys=0.00, real=0.00 secs] 
20.673: [GC20.673: [DefNew: 416K->33K(448K), 0.0002740 secs] 10481K->10101K(1048512K), 0.0003430 secs] [Times: user=0.00 sys=0.00, real=0.00 secs] 
20.683: [GC20.683: [DefNew: 417K->33K(448K), 0.0001890 secs] 10485K->10106K(1048512K), 0.0002350 secs] [Times: user=0.00 sys=0.00, real=0.00 secs] 
20.692: [GC20.692: [DefNew: 417K->34K(448K), 0.0001830 secs] 10490K->10110K(1048512K), 0.0002290 secs] [Times: user=0.00 sys=0.00, real=0.00 secs] 
20.702: [GC20.702: [DefNew: 418K->34K(448K), 0.0001710 secs] 10494K->10114K(1048512K), 0.0002110 secs] [Times: user=0.00 sys=0.00, real=0.00 secs] 
20.711: [GC20.711: [DefNew: 418K->34K(448K), 0.0001740 secs] 10498K->10118K(1048512K), 0.0002110 secs] [Times: user=0.00 sys=0.00, real=0.00 secs] 
20.719: [GC20.719: [DefNew: 418K->34K(448K), 0.0001730 secs] 10502K->10122K(1048512K), 0.0002100 secs] [Times: user=0.00 sys=0.00, real=0.00 secs] 
20.728: [GC20.728: [DefNew: 418K->33K(448K), 0.0001540 secs] 10506K->10126K(1048512K), 0.0001990 secs] [Times: user=0.00 sys=0.00, real=0.00 secs] 
20.738: [GC20.738: [DefNew: 417K->34K(448K), 0.0001670 secs] 10510K->10131K(1048512K), 0.0002070 secs] [Times: user=0.00 sys=0.00, real=0.00 secs] 
20.747: [GC20.747: [DefNew: 418K->33K(448K), 0.0001680 secs] 10515K->10135K(1048512K), 0.0002050 secs] [Times: user=0.00 sys=0.00, real=0.00 secs] 
20.756: [GC20.756: [DefNew: 417K->33K(448K), 0.0001640 secs] 10519K->10139K(1048512K), 0.0002010 secs] [Times: user=0.00 sys=0.00, real=0.00 secs] 
20.765: [GC20.765: [DefNew: 417K->33K(448K), 0.0001790 secs] 10523K->10143K(1048512K), 0.0002260 secs] [Times: user=0.00 sys=0.00, real=0.00 secs] 
20.775: [GC20.775: [DefNew: 417K->33K(448K), 0.0001720 secs] 10527K->10147K(1048512K), 0.0002150 secs] [Times: user=0.00 sys=0.00, real=0.00 secs] 
20.784: [GC20.784: [DefNew: 417K->33K(448K), 0.0001870 secs] 10531K->10151K(1048512K), 0.0002480 secs] [Times: user=0.00 sys=0.00, real=0.00 secs] 
20.793: [GC20.793: [DefNew: 416K->33K(448K), 0.0001770 secs] 10535K->10155K(1048512K), 0.0002380 secs] [Times: user=0.00 sys=0.00, real=0.00 secs] 
20.803: [GC20.803: [DefNew: 417K->33K(448K), 0.0001500 secs] 10539K->10160K(1048512K), 0.0001900 secs] [Times: user=0.00 sys=0.00, real=0.00 secs] 
20.812: [GC20.812: [DefNew: 417K->33K(448K), 0.0001520 secs] 10544K->10164K(1048512K), 0.0001970 secs] [Times: user=0.00 sys=0.00, real=0.00 secs] 
20.820: [GC20.820: [DefNew: 417K->33K(448K), 0.0001410 secs] 10548K->10167K(1048512K), 0.0001770 secs] [Times: user=0.00 sys=0.00, real=0.00 secs] 
20.830: [GC20.830: [DefNew: 417K->33K(448K), 0.0001560 secs] 10551K->10172K(1048512K), 0.0002000 secs] [Times: user=0.00 sys=0.00, real=0.00 secs] 
20.839: [GC20.839: [DefNew: 417K->33K(448K), 0.0001420 secs] 10556K->10176K(1048512K), 0.0001750 secs] [Times: user=0.01 sys=0.00, real=0.00 secs] 
20.848: [GC20.848: [DefNew: 417K->33K(448K), 0.0001980 secs] 10560K->10180K(1048512K), 0.0002450 secs] [Times: user=0.00 sys=0.00, real=0.00 secs] 
20.857: [GC20.857: [DefNew: 417K->33K(448K), 0.0001670 secs] 10564K->10185K(1048512K), 0.0002160 secs] [Times: user=0.00 sys=0.00, real=0.00 secs] 
20.867: [GC20.867: [DefNew: 417K->33K(448K), 0.0001720 secs] 10569K->10189K(1048512K), 0.0002140 secs] [Times: user=0.00 sys=0.00, real=0.00 secs] 
20.876: [GC20.876: [DefNew: 417K->33K(448K), 0.0001780 secs] 10573K->10193K(1048512K), 0.0002220 secs] [Times: user=0.00 sys=0.00, real=0.00 secs] 
20.885: [GC20.885: [DefNew: 417K->33K(448K), 0.0001640 secs] 10577K->10197K(1048512K), 0.0002070 secs] [Times: user=0.00 sys=0.01, real=0.00 secs] 
20.895: [GC20.895: [DefNew: 417K->34K(448K), 0.0001830 secs] 10581K->10202K(1048512K), 0.0002290 secs] [Times: user=0.00 sys=0.00, real=0.00 secs] 
20.904: [GC20.904: [DefNew: 418K->34K(448K), 0.0001530 secs] 10586K->10206K(1048512K), 0.0001890 secs] [Times: user=0.00 sys=0.00, real=0.00 secs] 
20.914: [GC20.914: [DefNew: 418K->34K(448K), 0.0002100 secs] 10590K->10210K(1048512K), 0.0002730 secs] [Times: user=0.00 sys=0.00, real=0.00 secs] 
20.922: [GC20.922: [DefNew: 418K->33K(448K), 0.0001740 secs] 10594K->10214K(1048512K), 0.0002210 secs] [Times: user=0.00 sys=0.00, real=0.00 secs] 
20.931: [GC20.931: [DefNew: 417K->33K(448K), 0.0001450 secs] 10598K->10218K(1048512K), 0.0001820 secs] [Times: user=0.00 sys=0.00, real=0.00 secs] 
20.940: [GC20.940: [DefNew: 417K->33K(448K), 0.0001820 secs] 10602K->10222K(1048512K), 0.0002370 secs] [Times: user=0.00 sys=0.00, real=0.00 secs] 
20.950: [GC20.950: [DefNew: 417K->33K(448K), 0.0001740 secs] 10606K->10226K(1048512K), 0.0002120 secs] [Times: user=0.00 sys=0.00, real=0.00 secs] 
20.959: [GC20.959: [DefNew: 417K->33K(448K), 0.0001830 secs] 10610K->10231K(1048512K), 0.0002330 secs] [Times: user=0.00 sys=0.00, real=0.00 secs] 
20.969: [GC20.969: [DefNew: 417K->33K(448K), 0.0001760 secs] 10615K->10235K(1048512K), 0.0002200 secs] [Times: user=0.00 sys=0.00, real=0.00 secs] 
20.978: [GC20.978: [DefNew: 417K->33K(448K), 0.0001720 secs] 10619K->10239K(1048512K), 0.0002110 secs] [Times: user=0.00 sys=0.00, real=0.00 secs] 
20.987: [GC20.987: [DefNew: 417K->33K(448K), 0.0001880 secs] 10623K->10243K(1048512K), 0.0002470 secs] [Times: user=0.00 sys=0.00, real=0.00 secs] 
20.997: [GC20.997: [DefNew: 417K->34K(448K), 0.0001570 secs] 10627K->10247K(1048512K), 0.0002020 secs] [Times: user=0.00 sys=0.00, real=0.00 secs] 
21.006: [GC21.006: [DefNew: 418K->34K(448K), 0.0001400 secs] 10631K->10252K(1048512K), 0.0001820 secs] [Times: user=0.00 sys=0.00, real=0.00 secs] 
21.015: [GC21.015: [DefNew: 418K->34K(448K), 0.0001850 secs] 10636K->10256K(1048512K), 0.0002290 secs] [Times: user=0.00 sys=0.00, real=0.00 secs] 
21.023: [GC21.023: [DefNew: 418K->34K(448K), 0.0001730 secs] 10640K->10260K(1048512K), 0.0002120 secs] [Times: user=0.00 sys=0.00, real=0.00 secs] 
21.032: [GC21.032: [DefNew: 418K->33K(448K), 0.0001670 secs] 10644K->10264K(1048512K), 0.0002150 secs] [Times: user=0.00 sys=0.00, real=0.00 secs] 
21.041: [GC21.041: [DefNew: 417K->33K(448K), 0.0001800 secs] 10648K->10268K(1048512K), 0.0002200 secs] [Times: user=0.00 sys=0.00, real=0.00 secs] 
21.050: [GC21.050: [DefNew: 417K->33K(448K), 0.0001790 secs] 10652K->10272K(1048512K), 0.0002220 secs] [Times: user=0.00 sys=0.00, real=0.00 secs] 
21.059: [GC21.059: [DefNew: 417K->33K(448K), 0.0001770 secs] 10656K->10276K(1048512K), 0.0002150 secs] [Times: user=0.00 sys=0.00, real=0.00 secs] 
21.068: [GC21.069: [DefNew: 417K->32K(448K), 0.0001870 secs] 10660K->10280K(1048512K), 0.0002310 secs] [Times: user=0.00 sys=0.00, real=0.00 secs] 
21.078: [GC21.078: [DefNew: 416K->32K(448K), 0.0001710 secs] 10664K->10284K(1048512K), 0.0002070 secs] [Times: user=0.00 sys=0.00, real=0.00 secs] 
21.087: [GC21.087: [DefNew: 416K->32K(448K), 0.0001720 secs] 10668K->10288K(1048512K), 0.0002100 secs] [Times: user=0.00 sys=0.00, real=0.00 secs] 
21.096: [GC21.096: [DefNew: 415K->33K(448K), 0.0001600 secs] 10672K->10293K(1048512K), 0.0002000 secs] [Times: user=0.00 sys=0.00, real=0.00 secs] 
21.105: [GC21.105: [DefNew: 417K->34K(448K), 0.0001710 secs] 10677K->10297K(1048512K), 0.0002090 secs] [Times: user=0.00 sys=0.00, real=0.00 secs] 
21.114: [GC21.114: [DefNew: 418K->33K(448K), 0.0001770 secs] 10681K->10301K(1048512K), 0.0002350 secs] [Times: user=0.00 sys=0.00, real=0.00 secs] 
21.123: [GC21.123: [DefNew: 417K->33K(448K), 0.0001690 secs] 10685K->10305K(1048512K), 0.0002050 secs] [Times: user=0.00 sys=0.00, real=0.01 secs] 
21.132: [GC21.132: [DefNew: 417K->34K(448K), 0.0001880 secs] 10689K->10309K(1048512K), 0.0002380 secs] [Times: user=0.00 sys=0.00, real=0.00 secs] 
21.141: [GC21.141: [DefNew: 418K->33K(448K), 0.0001860 secs] 10693K->10313K(1048512K), 0.0002260 secs] [Times: user=0.00 sys=0.00, real=0.00 secs] 
21.150: [GC21.150: [DefNew: 417K->33K(448K), 0.0001700 secs] 10697K->10317K(1048512K), 0.0002050 secs] [Times: user=0.00 sys=0.00, real=0.00 secs] 
21.160: [GC21.160: [DefNew: 417K->34K(448K), 0.0001670 secs] 10701K->10322K(1048512K), 0.0002020 secs] [Times: user=0.00 sys=0.00, real=0.00 secs] 
21.169: [GC21.169: [DefNew: 418K->33K(448K), 0.0001580 secs] 10706K->10326K(1048512K), 0.0001940 secs] [Times: user=0.00 sys=0.00, real=0.00 secs] 
21.178: [GC21.179: [DefNew: 417K->33K(448K), 0.0001800 secs] 10710K->10330K(1048512K), 0.0002200 secs] [Times: user=0.00 sys=0.00, real=0.00 secs] 
21.188: [GC21.188: [DefNew: 417K->33K(448K), 0.0001560 secs] 10714K->10335K(1048512K), 0.0001910 secs] [Times: user=0.00 sys=0.00, real=0.00 secs] 
21.197: [GC21.197: [DefNew: 417K->33K(448K), 0.0002020 secs] 10718K->10339K(1048512K), 0.0002560 secs] [Times: user=0.00 sys=0.00, real=0.00 secs] 
21.206: [GC21.206: [DefNew: 417K->33K(448K), 0.0002030 secs] 10722K->10343K(1048512K), 0.0002970 secs] [Times: user=0.00 sys=0.00, real=0.00 secs] 
21.215: [GC21.215: [DefNew: 417K->34K(448K), 0.0001570 secs] 10726K->10347K(1048512K), 0.0002000 secs] [Times: user=0.00 sys=0.00, real=0.00 secs] 
21.223: [GC21.224: [DefNew: 417K->33K(448K), 0.0001650 secs] 10731K->10351K(1048512K), 0.0002070 secs] [Times: user=0.00 sys=0.00, real=0.00 secs] 
21.233: [GC21.233: [DefNew: 417K->34K(448K), 0.0001820 secs] 10735K->10356K(1048512K), 0.0002230 secs] [Times: user=0.00 sys=0.00, real=0.00 secs] 
21.242: [GC21.242: [DefNew: 417K->34K(448K), 0.0001800 secs] 10739K->10360K(1048512K), 0.0002330 secs] [Times: user=0.00 sys=0.00, real=0.00 secs] 
21.251: [GC21.251: [DefNew: 417K->33K(448K), 0.0001520 secs] 10743K->10364K(1048512K), 0.0001890 secs] [Times: user=0.00 sys=0.00, real=0.00 secs] 
21.261: [GC21.261: [DefNew: 417K->34K(448K), 0.0001520 secs] 10748K->10368K(1048512K), 0.0001940 secs] [Times: user=0.00 sys=0.00, real=0.00 secs] 
21.270: [GC21.270: [DefNew: 418K->34K(448K), 0.0001740 secs] 10752K->10372K(1048512K), 0.0002160 secs] [Times: user=0.01 sys=0.00, real=0.00 secs] 
21.279: [GC21.279: [DefNew: 418K->34K(448K), 0.0001560 secs] 10756K->10376K(1048512K), 0.0001950 secs] [Times: user=0.00 sys=0.00, real=0.00 secs] 
21.288: [GC21.289: [DefNew: 418K->33K(448K), 0.0002150 secs] 10760K->10381K(1048512K), 0.0002700 secs] [Times: user=0.00 sys=0.00, real=0.00 secs] 
21.298: [GC21.298: [DefNew: 417K->34K(448K), 0.0001870 secs] 10765K->10385K(1048512K), 0.0002300 secs] [Times: user=0.00 sys=0.00, real=0.00 secs] 
21.307: [GC21.307: [DefNew: 417K->34K(448K), 0.0001670 secs] 10769K->10389K(1048512K), 0.0002130 secs] [Times: user=0.00 sys=0.00, real=0.00 secs] 
21.317: [GC21.317: [DefNew: 418K->35K(448K), 0.0001930 secs] 10773K->10394K(1048512K), 0.0002480 secs] [Times: user=0.00 sys=0.00, real=0.00 secs] 
21.326: [GC21.326: [DefNew: 419K->35K(448K), 0.0001830 secs] 10778K->10399K(1048512K), 0.0002340 secs] [Times: user=0.00 sys=0.00, real=0.00 secs] 
21.334: [GC21.334: [DefNew: 419K->34K(448K), 0.0001530 secs] 10783K->10402K(1048512K), 0.0001950 secs] [Times: user=0.00 sys=0.00, real=0.00 secs] 
21.343: [GC21.343: [DefNew: 418K->34K(448K), 0.0001480 secs] 10786K->10406K(1048512K), 0.0001870 secs] [Times: user=0.00 sys=0.00, real=0.00 secs] 
21.352: [GC21.352: [DefNew: 418K->34K(448K), 0.0001810 secs] 10790K->10410K(1048512K), 0.0002200 secs] [Times: user=0.00 sys=0.00, real=0.01 secs] 
21.362: [GC21.362: [DefNew: 418K->34K(448K), 0.0001660 secs] 10794K->10415K(1048512K), 0.0002110 secs] [Times: user=0.00 sys=0.00, real=0.00 secs] 
21.371: [GC21.371: [DefNew: 418K->34K(448K), 0.0001690 secs] 10799K->10419K(1048512K), 0.0002060 secs] [Times: user=0.00 sys=0.00, real=0.00 secs] 
21.380: [GC21.380: [DefNew: 418K->33K(448K), 0.0001810 secs] 10803K->10423K(1048512K), 0.0002260 secs] [Times: user=0.00 sys=0.00, real=0.00 secs] 
21.390: [GC21.390: [DefNew: 417K->33K(448K), 0.0001840 secs] 10807K->10427K(1048512K), 0.0002310 secs] [Times: user=0.00 sys=0.00, real=0.00 secs] 
21.399: [GC21.399: [DefNew: 417K->33K(448K), 0.0001830 secs] 10811K->10431K(1048512K), 0.0002280 secs] [Times: user=0.00 sys=0.00, real=0.00 secs] 
21.408: [GC21.408: [DefNew: 416K->34K(448K), 0.0002070 secs] 10815K->10436K(1048512K), 0.0002660 secs] [Times: user=0.00 sys=0.00, real=0.00 secs] 
21.418: [GC21.418: [DefNew: 417K->34K(448K), 0.0001460 secs] 10820K->10441K(1048512K), 0.0001810 secs] [Times: user=0.00 sys=0.00, real=0.00 secs] 
21.427: [GC21.427: [DefNew: 418K->34K(448K), 0.0001710 secs] 10824K->10445K(1048512K), 0.0002210 secs] [Times: user=0.00 sys=0.00, real=0.00 secs] 
21.435: [GC21.435: [DefNew: 417K->33K(448K), 0.0001490 secs] 10828K->10448K(1048512K), 0.0001870 secs] [Times: user=0.00 sys=0.00, real=0.00 secs] 
21.444: [GC21.444: [DefNew: 417K->33K(448K), 0.0001740 secs] 10832K->10452K(1048512K), 0.0002190 secs] [Times: user=0.00 sys=0.00, real=0.00 secs] 
21.453: [GC21.453: [DefNew: 417K->33K(448K), 0.0001780 secs] 10836K->10456K(1048512K), 0.0002160 secs] [Times: user=0.00 sys=0.00, real=0.00 secs] 
21.463: [GC21.463: [DefNew: 417K->33K(448K), 0.0001640 secs] 10840K->10461K(1048512K), 0.0002040 secs] [Times: user=0.00 sys=0.01, real=0.00 secs] 
21.472: [GC21.472: [DefNew: 417K->33K(448K), 0.0001690 secs] 10845K->10465K(1048512K), 0.0002220 secs] [Times: user=0.00 sys=0.00, real=0.00 secs] 
21.482: [GC21.482: [DefNew: 417K->32K(448K), 0.0001920 secs] 10849K->10469K(1048512K), 0.0002360 secs] [Times: user=0.01 sys=0.00, real=0.00 secs] 
21.491: [GC21.491: [DefNew: 416K->33K(448K), 0.0001860 secs] 10853K->10473K(1048512K), 0.0002340 secs] [Times: user=0.00 sys=0.00, real=0.00 secs] 
21.499: [GC21.518: [DefNew: 417K->33K(448K), 0.0002560 secs] 10857K->10477K(1048512K), 0.0189230 secs] [Times: user=0.00 sys=0.00, real=0.02 secs] 
21.527: [GC21.527: [DefNew: 417K->34K(448K), 0.0002010 secs] 10861K->10482K(1048512K), 0.0002600 secs] [Times: user=0.00 sys=0.00, real=0.00 secs] 
21.536: [GC21.536: [DefNew: 418K->34K(448K), 0.0001510 secs] 10866K->10486K(1048512K), 0.0001950 secs] [Times: user=0.00 sys=0.00, real=0.00 secs] 
21.545: [GC21.545: [DefNew: 418K->33K(448K), 0.0002520 secs] 10870K->10490K(1048512K), 0.0003200 secs] [Times: user=0.00 sys=0.00, real=0.00 secs] 
21.553: [GC21.553: [DefNew: 417K->33K(448K), 0.0001790 secs] 10874K->10494K(1048512K), 0.0002240 secs] [Times: user=0.00 sys=0.00, real=0.00 secs] 
21.562: [GC21.562: [DefNew: 417K->33K(448K), 0.0001670 secs] 10878K->10498K(1048512K), 0.0002180 secs] [Times: user=0.00 sys=0.00, real=0.00 secs] 
21.571: [GC21.571: [DefNew: 417K->33K(448K), 0.0002050 secs] 10882K->10502K(1048512K), 0.0002860 secs] [Times: user=0.00 sys=0.00, real=0.00 secs] 
21.580: [GC21.580: [DefNew: 417K->34K(448K), 0.0001980 secs] 10886K->10507K(1048512K), 0.0002580 secs] [Times: user=0.00 sys=0.00, real=0.00 secs] 
21.589: [GC21.589: [DefNew: 418K->34K(448K), 0.0001660 secs] 10891K->10512K(1048512K), 0.0002210 secs] [Times: user=0.00 sys=0.00, real=0.00 secs] 
21.599: [GC21.599: [DefNew: 418K->35K(448K), 0.0002370 secs] 10896K->10516K(1048512K), 0.0003200 secs] [Times: user=0.00 sys=0.00, real=0.00 secs] 
21.608: [GC21.608: [DefNew: 419K->35K(448K), 0.0001630 secs] 10900K->10521K(1048512K), 0.0002130 secs] [Times: user=0.00 sys=0.00, real=0.00 secs] 
21.617: [GC21.617: [DefNew: 419K->35K(448K), 0.0007690 secs] 10905K->10525K(1048512K), 0.0010250 secs] [Times: user=0.00 sys=0.00, real=0.00 secs] 
21.627: [GC21.628: [DefNew: 419K->37K(448K), 0.0003210 secs] 10909K->10530K(1048512K), 0.0003920 secs] [Times: user=0.00 sys=0.00, real=0.00 secs] 
21.637: [GC21.637: [DefNew: 421K->32K(448K), 0.0003060 secs] 10914K->10535K(1048512K), 0.0003800 secs] [Times: user=0.00 sys=0.00, real=0.00 secs] 
21.645: [GC21.654: [DefNew: 416K->32K(448K), 0.0001740 secs] 10919K->10539K(1048512K), 0.0093200 secs] [Times: user=0.00 sys=0.00, real=0.01 secs] 
21.663: [GC21.663: [DefNew: 416K->31K(448K), 0.0001570 secs] 10923K->10543K(1048512K), 0.0002000 secs] [Times: user=0.00 sys=0.00, real=0.00 secs] 
21.672: [GC21.672: [DefNew: 415K->35K(448K), 0.0001950 secs] 10927K->10547K(1048512K), 0.0002480 secs] [Times: user=0.00 sys=0.00, real=0.00 secs] 
21.681: [GC21.681: [DefNew: 419K->35K(448K), 0.0001780 secs] 10931K->10551K(1048512K), 0.0002390 secs] [Times: user=0.00 sys=0.00, real=0.00 secs] 
21.690: [GC21.690: [DefNew: 419K->35K(448K), 0.0001740 secs] 10935K->10556K(1048512K), 0.0002250 secs] [Times: user=0.01 sys=0.00, real=0.00 secs] 
21.699: [GC21.699: [DefNew: 419K->34K(448K), 0.0001770 secs] 10940K->10560K(1048512K), 0.0002270 secs] [Times: user=0.00 sys=0.00, real=0.00 secs] 
21.708: [GC21.708: [DefNew: 418K->34K(448K), 0.0002010 secs] 10944K->10564K(1048512K), 0.0002610 secs] [Times: user=0.00 sys=0.00, real=0.00 secs] 
21.718: [GC21.718: [DefNew: 418K->34K(448K), 0.0001680 secs] 10948K->10569K(1048512K), 0.0002110 secs] [Times: user=0.00 sys=0.00, real=0.00 secs] 
21.727: [GC21.727: [DefNew: 418K->34K(448K), 0.0002030 secs] 10953K->10573K(1048512K), 0.0002640 secs] [Times: user=0.00 sys=0.00, real=0.00 secs] 
21.736: [GC21.736: [DefNew: 418K->34K(448K), 0.0001780 secs] 10957K->10577K(1048512K), 0.0002340 secs] [Times: user=0.00 sys=0.00, real=0.00 secs] 
21.745: [GC21.745: [DefNew: 418K->35K(448K), 0.0002130 secs] 10961K->10582K(1048512K), 0.0002860 secs] [Times: user=0.00 sys=0.00, real=0.00 secs] 
21.754: [GC21.754: [DefNew: 419K->35K(448K), 0.0001910 secs] 10966K->10587K(1048512K), 0.0002370 secs] [Times: user=0.00 sys=0.00, real=0.00 secs] 
21.762: [GC21.762: [DefNew: 419K->35K(448K), 0.0002030 secs] 10971K->10591K(1048512K), 0.0002630 secs] [Times: user=0.00 sys=0.00, real=0.00 secs] 
21.771: [GC21.771: [DefNew: 419K->34K(448K), 0.0001530 secs] 10975K->10595K(1048512K), 0.0001990 secs] [Times: user=0.00 sys=0.00, real=0.00 secs] 
21.780: [GC21.781: [DefNew: 418K->34K(448K), 0.0001830 secs] 10979K->10599K(1048512K), 0.0002460 secs] [Times: user=0.00 sys=0.00, real=0.00 secs] 
21.790: [GC21.790: [DefNew: 418K->34K(448K), 0.0002510 secs] 10983K->10604K(1048512K), 0.0003440 secs] [Times: user=0.00 sys=0.00, real=0.00 secs] 
21.799: [GC21.799: [DefNew: 418K->34K(448K), 0.0001620 secs] 10988K->10608K(1048512K), 0.0002080 secs] [Times: user=0.00 sys=0.00, real=0.00 secs] 
21.808: [GC21.808: [DefNew: 418K->34K(448K), 0.0001760 secs] 10992K->10612K(1048512K), 0.0002280 secs] [Times: user=0.00 sys=0.00, real=0.00 secs] 
21.817: [GC21.818: [DefNew: 418K->34K(448K), 0.0002100 secs] 10996K->10617K(1048512K), 0.0002730 secs] [Times: user=0.00 sys=0.00, real=0.00 secs] 
21.827: [GC21.827: [DefNew: 418K->34K(448K), 0.0001740 secs] 11001K->10621K(1048512K), 0.0002280 secs] [Times: user=0.00 sys=0.00, real=0.00 secs] 
21.836: [GC21.836: [DefNew: 418K->35K(448K), 0.0001570 secs] 11005K->10625K(1048512K), 0.0002080 secs] [Times: user=0.00 sys=0.00, real=0.00 secs] 
21.846: [GC21.846: [DefNew: 418K->35K(448K), 0.0002700 secs] 11009K->10630K(1048512K), 0.0003640 secs] [Times: user=0.00 sys=0.00, real=0.00 secs] 
21.855: [GC21.855: [DefNew: 418K->34K(448K), 0.0001390 secs] 11013K->10634K(1048512K), 0.0001910 secs] [Times: user=0.00 sys=0.00, real=0.00 secs] 
21.863: [GC21.863: [DefNew: 418K->34K(448K), 0.0001560 secs] 11017K->10637K(1048512K), 0.0002040 secs] [Times: user=0.00 sys=0.00, real=0.00 secs] 
21.872: [GC21.872: [DefNew: 417K->33K(448K), 0.0001720 secs] 11021K->10641K(1048512K), 0.0002210 secs] [Times: user=0.00 sys=0.00, real=0.00 secs] 
21.882: [GC21.882: [DefNew: 417K->33K(448K), 0.0001950 secs] 11025K->10645K(1048512K), 0.0002710 secs] [Times: user=0.00 sys=0.00, real=0.00 secs] 
21.891: [GC21.891: [DefNew: 417K->33K(448K), 0.0002100 secs] 11029K->10650K(1048512K), 0.0002780 secs] [Times: user=0.01 sys=0.00, real=0.00 secs] 
21.900: [GC21.900: [DefNew: 417K->33K(448K), 0.0001800 secs] 11034K->10654K(1048512K), 0.0002380 secs] [Times: user=0.00 sys=0.00, real=0.00 secs] 
21.909: [GC21.909: [DefNew: 417K->33K(448K), 0.0002050 secs] 11038K->10658K(1048512K), 0.0002730 secs] [Times: user=0.00 sys=0.00, real=0.00 secs] 
21.918: [GC21.918: [DefNew: 417K->33K(448K), 0.0002100 secs] 11042K->10662K(1048512K), 0.0002720 secs] [Times: user=0.00 sys=0.00, real=0.00 secs] 
21.927: [GC21.927: [DefNew: 417K->33K(448K), 0.0002280 secs] 11046K->10666K(1048512K), 0.0002870 secs] [Times: user=0.00 sys=0.00, real=0.00 secs] 
21.937: [GC21.937: [DefNew: 417K->34K(448K), 0.0001760 secs] 11050K->10671K(1048512K), 0.0002230 secs] [Times: user=0.00 sys=0.00, real=0.00 secs] 
21.946: [GC21.946: [DefNew: 418K->34K(448K), 0.0002110 secs] 11055K->10675K(1048512K), 0.0002770 secs] [Times: user=0.00 sys=0.00, real=0.00 secs] 
21.955: [GC21.955: [DefNew: 418K->33K(448K), 0.0002060 secs] 11059K->10679K(1048512K), 0.0002610 secs] [Times: user=0.00 sys=0.00, real=0.00 secs] 
21.963: [GC21.963: [DefNew: 417K->33K(448K), 0.0001820 secs] 11063K->10683K(1048512K), 0.0002570 secs] [Times: user=0.00 sys=0.00, real=0.00 secs] 
21.973: [GC21.973: [DefNew: 417K->34K(448K), 0.0002080 secs] 11067K->10688K(1048512K), 0.0002600 secs] [Times: user=0.00 sys=0.00, real=0.00 secs] 
21.982: [GC21.982: [DefNew: 418K->33K(448K), 0.0001960 secs] 11072K->10692K(1048512K), 0.0002460 secs] [Times: user=0.00 sys=0.00, real=0.00 secs] 
21.991: [GC21.991: [DefNew: 417K->34K(448K), 0.0002050 secs] 11076K->10696K(1048512K), 0.0002690 secs] [Times: user=0.00 sys=0.00, real=0.00 secs] 
22.001: [GC22.001: [DefNew: 418K->34K(448K), 0.0001840 secs] 11080K->10701K(1048512K), 0.0002270 secs] [Times: user=0.00 sys=0.00, real=0.00 secs] 
22.010: [GC22.010: [DefNew: 418K->34K(448K), 0.0001880 secs] 11085K->10705K(1048512K), 0.0002540 secs] [Times: user=0.00 sys=0.00, real=0.00 secs] 
22.019: [GC22.019: [DefNew: 418K->35K(448K), 0.0001890 secs] 11089K->10710K(1048512K), 0.0002420 secs] [Times: user=0.00 sys=0.00, real=0.00 secs] 
22.028: [GC22.028: [DefNew: 419K->34K(448K), 0.0002010 secs] 11094K->10714K(1048512K), 0.0002580 secs] [Times: user=0.00 sys=0.00, real=0.00 secs] 
22.038: [GC22.038: [DefNew: 418K->35K(448K), 0.0002140 secs] 11098K->10718K(1048512K), 0.0002810 secs] [Times: user=0.00 sys=0.00, real=0.00 secs] 
22.046: [GC22.047: [DefNew: 419K->35K(448K), 0.0001890 secs] 11102K->10723K(1048512K), 0.0002440 secs] [Times: user=0.00 sys=0.00, real=0.00 secs] 
22.056: [GC22.056: [DefNew: 419K->36K(448K), 0.0001550 secs] 11107K->10727K(1048512K), 0.0002040 secs] [Times: user=0.00 sys=0.00, real=0.00 secs] 
22.063: [GC22.063: [DefNew: 420K->35K(448K), 0.0001610 secs] 11111K->10731K(1048512K), 0.0002110 secs] [Times: user=0.00 sys=0.00, real=0.00 secs] 
22.072: [GC22.072: [DefNew: 419K->34K(448K), 0.0001630 secs] 11115K->10735K(1048512K), 0.0002090 secs] [Times: user=0.00 sys=0.00, real=0.01 secs] 
22.082: [GC22.082: [DefNew: 418K->34K(448K), 0.0001450 secs] 11119K->10740K(1048512K), 0.0001890 secs] [Times: user=0.00 sys=0.00, real=0.00 secs] 
22.091: [GC22.091: [DefNew: 418K->34K(448K), 0.0002220 secs] 11124K->10744K(1048512K), 0.0003200 secs] [Times: user=0.01 sys=0.00, real=0.00 secs] 
22.100: [GC22.100: [DefNew: 418K->34K(448K), 0.0001740 secs] 11128K->10748K(1048512K), 0.0002110 secs] [Times: user=0.00 sys=0.00, real=0.00 secs] 
22.110: [GC22.110: [DefNew: 418K->34K(448K), 0.0002020 secs] 11132K->10753K(1048512K), 0.0002510 secs] [Times: user=0.00 sys=0.00, real=0.00 secs] 
22.119: [GC22.119: [DefNew: 418K->33K(448K), 0.0001800 secs] 11137K->10757K(1048512K), 0.0002250 secs] [Times: user=0.00 sys=0.00, real=0.00 secs] 
22.128: [GC22.128: [DefNew: 417K->33K(448K), 0.0002060 secs] 11141K->10761K(1048512K), 0.0002740 secs] [Times: user=0.00 sys=0.00, real=0.00 secs] 
22.138: [GC22.138: [DefNew: 417K->34K(448K), 0.0001940 secs] 11145K->10766K(1048512K), 0.0002460 secs] [Times: user=0.00 sys=0.00, real=0.00 secs] 
22.147: [GC22.147: [DefNew: 418K->34K(448K), 0.0001780 secs] 11149K->10770K(1048512K), 0.0002370 secs] [Times: user=0.00 sys=0.00, real=0.00 secs] 
22.157: [GC22.157: [DefNew: 417K->34K(448K), 0.0001860 secs] 11153K->10774K(1048512K), 0.0002350 secs] [Times: user=0.00 sys=0.00, real=0.00 secs] 
22.165: [GC22.165: [DefNew: 418K->34K(448K), 0.0001810 secs] 11158K->10778K(1048512K), 0.0002280 secs] [Times: user=0.00 sys=0.00, real=0.00 secs] 
22.174: [GC22.174: [DefNew: 417K->34K(448K), 0.0001700 secs] 11161K->10782K(1048512K), 0.0002100 secs] [Times: user=0.00 sys=0.00, real=0.00 secs] 
22.183: [GC22.183: [DefNew: 418K->34K(448K), 0.0001880 secs] 11166K->10786K(1048512K), 0.0002340 secs] [Times: user=0.00 sys=0.00, real=0.00 secs] 
22.192: [GC22.192: [DefNew: 417K->34K(448K), 0.0001710 secs] 11170K->10790K(1048512K), 0.0002150 secs] [Times: user=0.00 sys=0.00, real=0.00 secs] 
22.202: [GC22.202: [DefNew: 418K->34K(448K), 0.0001710 secs] 11174K->10795K(1048512K), 0.0002140 secs] [Times: user=0.00 sys=0.00, real=0.00 secs] 
22.211: [GC22.211: [DefNew: 418K->33K(448K), 0.0001790 secs] 11179K->10799K(1048512K), 0.0002250 secs] [Times: user=0.00 sys=0.00, real=0.00 secs] 
22.220: [GC22.220: [DefNew: 417K->33K(448K), 0.0001880 secs] 11183K->10803K(1048512K), 0.0002320 secs] [Times: user=0.00 sys=0.00, real=0.00 secs] 
22.229: [GC22.229: [DefNew: 417K->33K(448K), 0.0001890 secs] 11187K->10807K(1048512K), 0.0002390 secs] [Times: user=0.00 sys=0.00, real=0.00 secs] 
22.239: [GC22.239: [DefNew: 417K->33K(448K), 0.0001650 secs] 11191K->10811K(1048512K), 0.0002060 secs] [Times: user=0.00 sys=0.00, real=0.00 secs] 
22.248: [GC22.248: [DefNew: 417K->33K(448K), 0.0002410 secs] 11195K->10815K(1048512K), 0.0003180 secs] [Times: user=0.00 sys=0.00, real=0.00 secs] 
22.258: [GC22.258: [DefNew: 417K->34K(448K), 0.0001850 secs] 11199K->10820K(1048512K), 0.0002320 secs] [Times: user=0.00 sys=0.00, real=0.00 secs] 
22.267: [GC22.267: [DefNew: 417K->34K(448K), 0.0001570 secs] 11203K->10824K(1048512K), 0.0002050 secs] [Times: user=0.00 sys=0.00, real=0.00 secs] 
22.275: [GC22.275: [DefNew: 417K->33K(448K), 0.0001610 secs] 11207K->10827K(1048512K), 0.0002020 secs] [Times: user=0.00 sys=0.00, real=0.00 secs] 
22.284: [GC22.284: [DefNew: 416K->33K(448K), 0.0001760 secs] 11211K->10831K(1048512K), 0.0002190 secs] [Times: user=0.00 sys=0.00, real=0.00 secs] 
22.294: [GC22.294: [DefNew: 416K->33K(448K), 0.0001880 secs] 11215K->10836K(1048512K), 0.0002410 secs] [Times: user=0.00 sys=0.00, real=0.00 secs] 
22.303: [GC22.303: [DefNew: 417K->33K(448K), 0.0001820 secs] 11220K->10840K(1048512K), 0.0002310 secs] [Times: user=0.00 sys=0.00, real=0.00 secs] 
22.312: [GC22.313: [DefNew: 417K->33K(448K), 0.0002110 secs] 11224K->10844K(1048512K), 0.0002760 secs] [Times: user=0.01 sys=0.00, real=0.01 secs] 
22.323: [GC22.323: [DefNew: 417K->33K(448K), 0.0003440 secs] 11228K->10849K(1048512K), 0.0004400 secs] [Times: user=0.00 sys=0.00, real=0.01 secs] 
22.332: [GC22.332: [DefNew: 417K->34K(448K), 0.0001600 secs] 11233K->10854K(1048512K), 0.0002080 secs] [Times: user=0.00 sys=0.00, real=0.00 secs] 
22.341: [GC22.341: [DefNew: 418K->34K(448K), 0.0001520 secs] 11238K->10858K(1048512K), 0.0001950 secs] [Times: user=0.00 sys=0.00, real=0.00 secs] 
22.351: [GC22.351: [DefNew: 418K->35K(448K), 0.0001770 secs] 11242K->10862K(1048512K), 0.0002210 secs] [Times: user=0.00 sys=0.00, real=0.00 secs] 
22.360: [GC22.360: [DefNew: 419K->34K(448K), 0.0001850 secs] 11246K->10866K(1048512K), 0.0002310 secs] [Times: user=0.00 sys=0.00, real=0.00 secs] 
22.369: [GC22.369: [DefNew: 418K->34K(448K), 0.0001930 secs] 11250K->10870K(1048512K), 0.0002550 secs] [Times: user=0.00 sys=0.00, real=0.00 secs] 
22.379: [GC22.379: [DefNew: 418K->34K(448K), 0.0001740 secs] 11254K->10875K(1048512K), 0.0002180 secs] [Times: user=0.00 sys=0.00, real=0.00 secs] 
22.387: [GC22.387: [DefNew: 418K->33K(448K), 0.0001760 secs] 11259K->10878K(1048512K), 0.0002190 secs] [Times: user=0.00 sys=0.01, real=0.00 secs] 
22.396: [GC22.396: [DefNew: 417K->33K(448K), 0.0001790 secs] 11262K->10882K(1048512K), 0.0002290 secs] [Times: user=0.00 sys=0.00, real=0.00 secs] 
22.406: [GC22.406: [DefNew: 417K->33K(448K), 0.0002020 secs] 11266K->10887K(1048512K), 0.0002570 secs] [Times: user=0.00 sys=0.00, real=0.00 secs] 
22.415: [GC22.415: [DefNew: 417K->33K(448K), 0.0001910 secs] 11271K->10891K(1048512K), 0.0002520 secs] [Times: user=0.00 sys=0.00, real=0.00 secs] 
22.424: [GC22.424: [DefNew: 417K->33K(448K), 0.0001640 secs] 11275K->10895K(1048512K), 0.0002060 secs] [Times: user=0.00 sys=0.00, real=0.00 secs] 
22.433: [GC22.433: [DefNew: 417K->33K(448K), 0.0001750 secs] 11279K->10899K(1048512K), 0.0002200 secs] [Times: user=0.00 sys=0.00, real=0.00 secs] 
22.442: [GC22.442: [DefNew: 417K->33K(448K), 0.0001960 secs] 11283K->10903K(1048512K), 0.0002460 secs] [Times: user=0.00 sys=0.00, real=0.01 secs] 
22.451: [GC22.451: [DefNew: 417K->33K(448K), 0.0001960 secs] 11287K->10908K(1048512K), 0.0002570 secs] [Times: user=0.00 sys=0.00, real=0.00 secs] 
22.461: [GC22.461: [DefNew: 417K->35K(448K), 0.0002010 secs] 11292K->10913K(1048512K), 0.0002550 secs] [Times: user=0.00 sys=0.00, real=0.00 secs] 
22.470: [GC22.470: [DefNew: 419K->35K(448K), 0.0001610 secs] 11297K->10917K(1048512K), 0.0002010 secs] [Times: user=0.00 sys=0.00, real=0.00 secs] 
22.478: [GC22.478: [DefNew: 419K->34K(448K), 0.0001530 secs] 11301K->10921K(1048512K), 0.0002000 secs] [Times: user=0.00 sys=0.00, real=0.00 secs] 
22.487: [GC22.487: [DefNew: 418K->34K(448K), 0.0001770 secs] 11305K->10925K(1048512K), 0.0002210 secs] [Times: user=0.00 sys=0.00, real=0.00 secs] 
22.496: [GC22.496: [DefNew: 418K->34K(448K), 0.0001940 secs] 11309K->10929K(1048512K), 0.0002440 secs] [Times: user=0.00 sys=0.00, real=0.00 secs] 
22.506: [GC22.506: [DefNew: 418K->34K(448K), 0.0001720 secs] 11313K->10933K(1048512K), 0.0002150 secs] [Times: user=0.00 sys=0.00, real=0.00 secs] 
22.515: [GC22.515: [DefNew: 418K->33K(448K), 0.0001790 secs] 11317K->10937K(1048512K), 0.0002250 secs] [Times: user=0.00 sys=0.00, real=0.00 secs] 
22.524: [GC22.524: [DefNew: 417K->33K(448K), 0.0002450 secs] 11321K->10941K(1048512K), 0.0003110 secs] [Times: user=0.00 sys=0.00, real=0.00 secs] 
22.534: [GC22.534: [DefNew: 417K->33K(448K), 0.0001750 secs] 11325K->10945K(1048512K), 0.0002220 secs] [Times: user=0.00 sys=0.00, real=0.00 secs] 
22.543: [GC22.543: [DefNew: 417K->33K(448K), 0.0002020 secs] 11329K->10950K(1048512K), 0.0002570 secs] [Times: user=0.00 sys=0.00, real=0.00 secs] 
22.552: [GC22.552: [DefNew: 417K->34K(448K), 0.0001440 secs] 11334K->10955K(1048512K), 0.0001830 secs] [Times: user=0.00 sys=0.00, real=0.00 secs] 
22.561: [GC22.561: [DefNew: 418K->34K(448K), 0.0001870 secs] 11339K->10959K(1048512K), 0.0002340 secs] [Times: user=0.00 sys=0.00, real=0.00 secs] 
22.570: [GC22.570: [DefNew: 418K->35K(448K), 0.0001900 secs] 11343K->10964K(1048512K), 0.0002410 secs] [Times: user=0.00 sys=0.00, real=0.00 secs] 
22.578: [GC22.579: [DefNew: 419K->35K(448K), 0.0001870 secs] 11348K->10968K(1048512K), 0.0002390 secs] [Times: user=0.00 sys=0.00, real=0.00 secs] 
22.588: [GC22.588: [DefNew: 419K->35K(448K), 0.0001830 secs] 11352K->10972K(1048512K), 0.0002350 secs] [Times: user=0.00 sys=0.00, real=0.00 secs] 
22.597: [GC22.597: [DefNew: 419K->35K(448K), 0.0001760 secs] 11356K->10976K(1048512K), 0.0002210 secs] [Times: user=0.00 sys=0.00, real=0.00 secs] 
22.607: [GC22.607: [DefNew: 419K->35K(448K), 0.0001710 secs] 11360K->10981K(1048512K), 0.0002150 secs] [Times: user=0.00 sys=0.00, real=0.00 secs] 
22.616: [GC22.616: [DefNew: 419K->34K(448K), 0.0001630 secs] 11365K->10985K(1048512K), 0.0002080 secs] [Times: user=0.00 sys=0.00, real=0.00 secs] 
22.625: [GC22.625: [DefNew: 418K->34K(448K), 0.0001740 secs] 11369K->10989K(1048512K), 0.0002170 secs] [Times: user=0.00 sys=0.00, real=0.00 secs] 
22.634: [GC22.634: [DefNew: 418K->34K(448K), 0.0001580 secs] 11373K->10993K(1048512K), 0.0002010 secs] [Times: user=0.00 sys=0.00, real=0.00 secs] 
22.644: [GC22.644: [DefNew: 418K->33K(448K), 0.0001500 secs] 11377K->10997K(1048512K), 0.0001880 secs] [Times: user=0.00 sys=0.00, real=0.00 secs] 
22.653: [GC22.653: [DefNew: 417K->33K(448K), 0.0001870 secs] 11381K->11001K(1048512K), 0.0002400 secs] [Times: user=0.00 sys=0.00, real=0.00 secs] 
22.662: [GC22.663: [DefNew: 417K->33K(448K), 0.0003680 secs] 11385K->11005K(1048512K), 0.0004550 secs] [Times: user=0.00 sys=0.00, real=0.01 secs] 
22.672: [GC22.672: [DefNew: 417K->33K(448K), 0.0001690 secs] 11389K->11010K(1048512K), 0.0002430 secs] [Times: user=0.00 sys=0.00, real=0.00 secs] 
22.680: [GC22.680: [DefNew: 417K->33K(448K), 0.0001570 secs] 11394K->11013K(1048512K), 0.0002070 secs] [Times: user=0.00 sys=0.00, real=0.00 secs] 
22.689: [GC22.689: [DefNew: 417K->33K(448K), 0.0001470 secs] 11397K->11017K(1048512K), 0.0001880 secs] [Times: user=0.00 sys=0.00, real=0.00 secs] 
22.698: [GC22.698: [DefNew: 417K->33K(448K), 0.0001780 secs] 11401K->11022K(1048512K), 0.0002200 secs] [Times: user=0.00 sys=0.00, real=0.00 secs] 
22.707: [GC22.707: [DefNew: 417K->33K(448K), 0.0001580 secs] 11406K->11026K(1048512K), 0.0002060 secs] [Times: user=0.00 sys=0.00, real=0.00 secs] 
22.717: [GC22.717: [DefNew: 417K->33K(448K), 0.0001820 secs] 11410K->11030K(1048512K), 0.0002270 secs] [Times: user=0.00 sys=0.00, real=0.00 secs] 
22.726: [GC22.726: [DefNew: 417K->33K(448K), 0.0001510 secs] 11414K->11034K(1048512K), 0.0001900 secs] [Times: user=0.00 sys=0.00, real=0.00 secs] 
22.735: [GC22.735: [DefNew: 417K->33K(448K), 0.0001690 secs] 11418K->11038K(1048512K), 0.0002100 secs] [Times: user=0.00 sys=0.00, real=0.00 secs] 
22.745: [GC22.745: [DefNew: 417K->33K(448K), 0.0001860 secs] 11422K->11043K(1048512K), 0.0002390 secs] [Times: user=0.00 sys=0.00, real=0.00 secs] 
22.754: [GC22.754: [DefNew: 417K->34K(448K), 0.0001600 secs] 11427K->11047K(1048512K), 0.0002080 secs] [Times: user=0.00 sys=0.00, real=0.00 secs] 
22.763: [GC22.764: [DefNew: 418K->33K(448K), 0.0002170 secs] 11431K->11051K(1048512K), 0.0002690 secs] [Times: user=0.00 sys=0.00, real=0.00 secs] 
22.773: [GC22.773: [DefNew: 417K->34K(448K), 0.0001710 secs] 11435K->11055K(1048512K), 0.0002240 secs] [Times: user=0.00 sys=0.00, real=0.00 secs] 
22.781: [GC22.781: [DefNew: 418K->33K(448K), 0.0001780 secs] 11439K->11059K(1048512K), 0.0002240 secs] [Times: user=0.00 sys=0.00, real=0.00 secs] 
22.790: [GC22.790: [DefNew: 417K->33K(448K), 0.0001610 secs] 11443K->11063K(1048512K), 0.0002060 secs] [Times: user=0.00 sys=0.00, real=0.00 secs] 
22.799: [GC22.799: [DefNew: 417K->33K(448K), 0.0001550 secs] 11447K->11067K(1048512K), 0.0002080 secs] [Times: user=0.00 sys=0.00, real=0.00 secs] 
22.808: [GC22.808: [DefNew: 417K->33K(448K), 0.0001620 secs] 11451K->11071K(1048512K), 0.0002020 secs] [Times: user=0.00 sys=0.00, real=0.00 secs] 
22.818: [GC22.818: [DefNew: 417K->33K(448K), 0.0001880 secs] 11455K->11076K(1048512K), 0.0002450 secs] [Times: user=0.00 sys=0.00, real=0.00 secs] 
22.827: [GC22.827: [DefNew: 417K->33K(448K), 0.0001580 secs] 11460K->11080K(1048512K), 0.0002190 secs] [Times: user=0.00 sys=0.00, real=0.00 secs] 
22.836: [GC22.836: [DefNew: 417K->33K(448K), 0.0001390 secs] 11464K->11084K(1048512K), 0.0001880 secs] [Times: user=0.00 sys=0.00, real=0.00 secs] 
22.845: [GC22.846: [DefNew: 417K->33K(448K), 0.0002010 secs] 11468K->11088K(1048512K), 0.0002520 secs] [Times: user=0.00 sys=0.00, real=0.00 secs] 
22.855: [GC22.855: [DefNew: 417K->34K(448K), 0.0001790 secs] 11472K->11093K(1048512K), 0.0002250 secs] [Times: user=0.00 sys=0.00, real=0.00 secs] 
22.864: [GC22.864: [DefNew: 418K->34K(448K), 0.0001700 secs] 11477K->11097K(1048512K), 0.0002120 secs] [Times: user=0.00 sys=0.00, real=0.00 secs] 
22.872: [GC22.872: [DefNew: 418K->34K(448K), 0.0002010 secs] 11481K->11100K(1048512K), 0.0002620 secs] [Times: user=0.00 sys=0.00, real=0.00 secs] 
22.881: [GC22.881: [DefNew: 417K->33K(448K), 0.0001620 secs] 11484K->11105K(1048512K), 0.0002140 secs] [Times: user=0.00 sys=0.00, real=0.00 secs] 
22.890: [GC22.890: [DefNew: 417K->34K(448K), 0.0001490 secs] 11489K->11110K(1048512K), 0.0001920 secs] [Times: user=0.00 sys=0.00, real=0.00 secs] 
22.899: [GC22.899: [DefNew: 418K->34K(448K), 0.0001750 secs] 11494K->11114K(1048512K), 0.0002400 secs] [Times: user=0.00 sys=0.00, real=0.00 secs] 
22.909: [GC22.909: [DefNew: 418K->35K(448K), 0.0002020 secs] 11498K->11119K(1048512K), 0.0002580 secs] [Times: user=0.00 sys=0.00, real=0.00 secs] 
22.918: [GC22.918: [DefNew: 419K->34K(448K), 0.0002060 secs] 11503K->11123K(1048512K), 0.0002610 secs] [Times: user=0.00 sys=0.00, real=0.00 secs] 
22.927: [GC22.927: [DefNew: 418K->34K(448K), 0.0001290 secs] 11507K->11127K(1048512K), 0.0001800 secs] [Times: user=0.00 sys=0.00, real=0.00 secs] 
22.936: [GC22.936: [DefNew: 418K->34K(448K), 0.0001920 secs] 11511K->11131K(1048512K), 0.0002430 secs] [Times: user=0.00 sys=0.00, real=0.00 secs] 
22.946: [GC22.946: [DefNew: 418K->35K(448K), 0.0001960 secs] 11515K->11136K(1048512K), 0.0002480 secs] [Times: user=0.01 sys=0.00, real=0.00 secs] 
22.955: [GC22.955: [DefNew: 419K->34K(448K), 0.0001790 secs] 11520K->11140K(1048512K), 0.0002230 secs] [Times: user=0.00 sys=0.00, real=0.00 secs] 
22.964: [GC22.964: [DefNew: 418K->34K(448K), 0.0001900 secs] 11524K->11144K(1048512K), 0.0002380 secs] [Times: user=0.00 sys=0.00, real=0.00 secs] 
22.973: [GC22.973: [DefNew: 418K->33K(448K), 0.0001550 secs] 11527K->11148K(1048512K), 0.0001970 secs] [Times: user=0.00 sys=0.00, real=0.00 secs] 
22.981: [GC22.981: [DefNew: 417K->33K(448K), 0.0001830 secs] 11531K->11152K(1048512K), 0.0002250 secs] [Times: user=0.00 sys=0.00, real=0.00 secs] 
22.991: [GC22.991: [DefNew: 416K->33K(448K), 0.0001880 secs] 11535K->11156K(1048512K), 0.0002330 secs] [Times: user=0.00 sys=0.00, real=0.00 secs] 
23.000: [GC23.000: [DefNew: 417K->33K(448K), 0.0001730 secs] 11540K->11160K(1048512K), 0.0002170 secs] [Times: user=0.00 sys=0.00, real=0.00 secs] 
23.009: [GC23.009: [DefNew: 417K->33K(448K), 0.0001820 secs] 11544K->11164K(1048512K), 0.0002260 secs] [Times: user=0.00 sys=0.00, real=0.00 secs] 
23.018: [GC23.018: [DefNew: 416K->33K(448K), 0.0001800 secs] 11548K->11169K(1048512K), 0.0002310 secs] [Times: user=0.00 sys=0.00, real=0.00 secs] 
23.028: [GC23.028: [DefNew: 417K->34K(448K), 0.0001750 secs] 11553K->11173K(1048512K), 0.0002190 secs] [Times: user=0.00 sys=0.00, real=0.00 secs] 
23.037: [GC23.037: [DefNew: 418K->34K(448K), 0.0001770 secs] 11557K->11177K(1048512K), 0.0002230 secs] [Times: user=0.00 sys=0.00, real=0.00 secs] 
23.047: [GC23.047: [DefNew: 418K->34K(448K), 0.0001770 secs] 11561K->11182K(1048512K), 0.0002220 secs] [Times: user=0.00 sys=0.00, real=0.00 secs] 
23.056: [GC23.056: [DefNew: 418K->34K(448K), 0.0001830 secs] 11566K->11186K(1048512K), 0.0002300 secs] [Times: user=0.00 sys=0.00, real=0.00 secs] 
23.065: [GC23.066: [DefNew: 418K->34K(448K), 0.0001870 secs] 11570K->11190K(1048512K), 0.0002350 secs] [Times: user=0.00 sys=0.00, real=0.00 secs] 
23.075: [GC23.075: [DefNew: 418K->34K(448K), 0.0001680 secs] 11574K->11195K(1048512K), 0.0002080 secs] [Times: user=0.00 sys=0.00, real=0.00 secs] 
23.084: [GC23.084: [DefNew: 418K->34K(448K), 0.0001930 secs] 11578K->11199K(1048512K), 0.0002540 secs] [Times: user=0.00 sys=0.00, real=0.00 secs] 
23.092: [GC23.092: [DefNew: 418K->34K(448K), 0.0001750 secs] 11583K->11203K(1048512K), 0.0002290 secs] [Times: user=0.00 sys=0.00, real=0.00 secs] 
23.101: [GC23.101: [DefNew: 417K->34K(448K), 0.0001560 secs] 11587K->11207K(1048512K), 0.0002040 secs] [Times: user=0.00 sys=0.00, real=0.00 secs] 
23.111: [GC23.111: [DefNew: 417K->33K(448K), 0.0001500 secs] 11591K->11211K(1048512K), 0.0001900 secs] [Times: user=0.00 sys=0.00, real=0.00 secs] 
23.120: [GC23.120: [DefNew: 417K->34K(448K), 0.0001950 secs] 11595K->11216K(1048512K), 0.0002480 secs] [Times: user=0.00 sys=0.00, real=0.00 secs] 
23.129: [GC23.129: [DefNew: 418K->34K(448K), 0.0001900 secs] 11600K->11220K(1048512K), 0.0002330 secs] [Times: user=0.00 sys=0.00, real=0.00 secs] 
23.139: [GC23.139: [DefNew: 418K->34K(448K), 0.0001760 secs] 11604K->11224K(1048512K), 0.0002200 secs] [Times: user=0.00 sys=0.00, real=0.00 secs] 
23.148: [GC23.148: [DefNew: 418K->34K(448K), 0.0001590 secs] 11608K->11228K(1048512K), 0.0002030 secs] [Times: user=0.00 sys=0.00, real=0.00 secs] 
23.157: [GC23.157: [DefNew: 418K->33K(448K), 0.0002060 secs] 11612K->11232K(1048512K), 0.0002570 secs] [Times: user=0.00 sys=0.00, real=0.00 secs] 
23.167: [GC23.167: [DefNew: 417K->34K(448K), 0.0001450 secs] 11616K->11237K(1048512K), 0.0001910 secs] [Times: user=0.00 sys=0.00, real=0.00 secs] 
23.176: [GC23.176: [DefNew: 418K->34K(448K), 0.0001710 secs] 11621K->11241K(1048512K), 0.0002170 secs] [Times: user=0.00 sys=0.00, real=0.00 secs] 
23.185: [GC23.186: [DefNew: 417K->34K(448K), 0.0001650 secs] 11624K->11245K(1048512K), 0.0002280 secs] [Times: user=0.00 sys=0.00, real=0.00 secs] 
23.195: [GC23.195: [DefNew: 417K->34K(448K), 0.0001640 secs] 11629K->11249K(1048512K), 0.0002060 secs] [Times: user=0.00 sys=0.00, real=0.00 secs] 
23.203: [GC23.203: [DefNew: 417K->33K(448K), 0.0001850 secs] 11633K->11253K(1048512K), 0.0002400 secs] [Times: user=0.00 sys=0.00, real=0.00 secs] 
23.212: [GC23.212: [DefNew: 417K->33K(448K), 0.0001560 secs] 11637K->11257K(1048512K), 0.0001990 secs] [Times: user=0.00 sys=0.00, real=0.00 secs] 
23.221: [GC23.222: [DefNew: 417K->33K(448K), 0.0001730 secs] 11641K->11261K(1048512K), 0.0002170 secs] [Times: user=0.00 sys=0.00, real=0.00 secs] 
23.231: [GC23.231: [DefNew: 417K->33K(448K), 0.0001690 secs] 11645K->11266K(1048512K), 0.0002120 secs] [Times: user=0.00 sys=0.00, real=0.00 secs] 
23.240: [GC23.240: [DefNew: 417K->33K(448K), 0.0001650 secs] 11650K->11270K(1048512K), 0.0002060 secs] [Times: user=0.00 sys=0.00, real=0.00 secs] 
23.249: [GC23.249: [DefNew: 417K->33K(448K), 0.0001600 secs] 11654K->11274K(1048512K), 0.0002140 secs] [Times: user=0.00 sys=0.00, real=0.00 secs] 
23.259: [GC23.259: [DefNew: 417K->33K(448K), 0.0001650 secs] 11658K->11278K(1048512K), 0.0002080 secs] [Times: user=0.00 sys=0.00, real=0.00 secs] 
23.268: [GC23.268: [DefNew: 417K->33K(448K), 0.0001760 secs] 11662K->11282K(1048512K), 0.0002410 secs] [Times: user=0.00 sys=0.00, real=0.00 secs] 
23.277: [GC23.277: [DefNew: 417K->33K(448K), 0.0001710 secs] 11666K->11286K(1048512K), 0.0002190 secs] [Times: user=0.00 sys=0.00, real=0.00 secs] 
23.287: [GC23.287: [DefNew: 416K->34K(448K), 0.0002660 secs] 11669K->11291K(1048512K), 0.0003600 secs] [Times: user=0.00 sys=0.00, real=0.00 secs] 
23.296: [GC23.296: [DefNew: 418K->34K(448K), 0.0001640 secs] 11675K->11296K(1048512K), 0.0002160 secs] [Times: user=0.00 sys=0.00, real=0.00 secs] 
23.304: [GC23.304: [DefNew: 418K->34K(448K), 0.0001460 secs] 11680K->11300K(1048512K), 0.0001860 secs] [Times: user=0.00 sys=0.00, real=0.00 secs] 
23.313: [GC23.313: [DefNew: 418K->34K(448K), 0.0001530 secs] 11684K->11303K(1048512K), 0.0001950 secs] [Times: user=0.00 sys=0.00, real=0.00 secs] 
23.323: [GC23.323: [DefNew: 418K->34K(448K), 0.0002080 secs] 11687K->11308K(1048512K), 0.0002750 secs] [Times: user=0.00 sys=0.00, real=0.00 secs] 
23.332: [GC23.332: [DefNew: 418K->34K(448K), 0.0001730 secs] 11692K->11312K(1048512K), 0.0002270 secs] [Times: user=0.00 sys=0.00, real=0.00 secs] 
23.341: [GC23.341: [DefNew: 418K->34K(448K), 0.0001520 secs] 11696K->11316K(1048512K), 0.0001940 secs] [Times: user=0.00 sys=0.00, real=0.00 secs] 
23.351: [GC23.351: [DefNew: 418K->34K(448K), 0.0001840 secs] 11700K->11321K(1048512K), 0.0002250 secs] [Times: user=0.00 sys=0.00, real=0.00 secs] 
23.360: [GC23.360: [DefNew: 418K->33K(448K), 0.0001860 secs] 11705K->11325K(1048512K), 0.0002380 secs] [Times: user=0.00 sys=0.00, real=0.00 secs] 
23.369: [GC23.369: [DefNew: 417K->33K(448K), 0.0001790 secs] 11709K->11329K(1048512K), 0.0002250 secs] [Times: user=0.00 sys=0.00, real=0.00 secs] 
23.378: [GC23.378: [DefNew: 417K->33K(448K), 0.0001900 secs] 11713K->11333K(1048512K), 0.0002490 secs] [Times: user=0.01 sys=0.00, real=0.00 secs] 
23.388: [GC23.388: [DefNew: 417K->33K(448K), 0.0001780 secs] 11717K->11337K(1048512K), 0.0002230 secs] [Times: user=0.00 sys=0.00, real=0.00 secs] 
23.397: [GC23.397: [DefNew: 417K->33K(448K), 0.0001790 secs] 11721K->11341K(1048512K), 0.0002230 secs] [Times: user=0.00 sys=0.00, real=0.00 secs] 
23.405: [GC23.405: [DefNew: 417K->33K(448K), 0.0001880 secs] 11725K->11345K(1048512K), 0.0002340 secs] [Times: user=0.00 sys=0.00, real=0.00 secs] 
23.415: [GC23.415: [DefNew: 417K->33K(448K), 0.0001700 secs] 11729K->11350K(1048512K), 0.0002130 secs] [Times: user=0.00 sys=0.00, real=0.00 secs] 
23.424: [GC23.424: [DefNew: 417K->34K(448K), 0.0001640 secs] 11733K->11354K(1048512K), 0.0002050 secs] [Times: user=0.00 sys=0.01, real=0.00 secs] 
23.433: [GC23.433: [DefNew: 417K->34K(448K), 0.0001660 secs] 11738K->11358K(1048512K), 0.0002090 secs] [Times: user=0.00 sys=0.00, real=0.00 secs] 
23.443: [GC23.443: [DefNew: 417K->35K(448K), 0.0001720 secs] 11742K->11363K(1048512K), 0.0002120 secs] [Times: user=0.00 sys=0.00, real=0.00 secs] 
23.452: [GC23.452: [DefNew: 419K->35K(448K), 0.0001860 secs] 11747K->11369K(1048512K), 0.0002380 secs] [Times: user=0.00 sys=0.00, real=0.00 secs] 
23.461: [GC23.461: [DefNew: 419K->36K(448K), 0.0001690 secs] 11753K->11373K(1048512K), 0.0002110 secs] [Times: user=0.00 sys=0.00, real=0.00 secs] 
23.470: [GC23.470: [DefNew: 420K->35K(448K), 0.0001800 secs] 11757K->11377K(1048512K), 0.0002260 secs] [Times: user=0.00 sys=0.00, real=0.00 secs] 
23.480: [GC23.480: [DefNew: 419K->36K(448K), 0.0001660 secs] 11761K->11382K(1048512K), 0.0002120 secs] [Times: user=0.00 sys=0.00, real=0.00 secs] 
23.489: [GC23.489: [DefNew: 420K->36K(448K), 0.0001720 secs] 11766K->11386K(1048512K), 0.0002160 secs] [Times: user=0.00 sys=0.00, real=0.00 secs] 
23.498: [GC23.498: [DefNew: 420K->31K(448K), 0.0001980 secs] 11770K->11390K(1048512K), 0.0002580 secs] [Times: user=0.00 sys=0.00, real=0.00 secs] 
23.507: [GC23.507: [DefNew: 415K->35K(448K), 0.0001620 secs] 11774K->11394K(1048512K), 0.0002130 secs] [Times: user=0.00 sys=0.00, real=0.00 secs] 
23.515: [GC23.515: [DefNew: 419K->34K(448K), 0.0001550 secs] 11778K->11398K(1048512K), 0.0002030 secs] [Times: user=0.00 sys=0.00, real=0.00 secs] 
23.525: [GC23.525: [DefNew: 417K->34K(448K), 0.0001850 secs] 11781K->11402K(1048512K), 0.0002510 secs] [Times: user=0.00 sys=0.00, real=0.00 secs] 
23.534: [GC23.534: [DefNew: 418K->34K(448K), 0.0002010 secs] 11786K->11407K(1048512K), 0.0002570 secs] [Times: user=0.00 sys=0.00, real=0.00 secs] 
23.543: [GC23.543: [DefNew: 418K->34K(448K), 0.0002110 secs] 11791K->11411K(1048512K), 0.0002720 secs] [Times: user=0.00 sys=0.00, real=0.00 secs] 
23.553: [GC23.553: [DefNew: 418K->34K(448K), 0.0001560 secs] 11795K->11416K(1048512K), 0.0002010 secs] [Times: user=0.00 sys=0.00, real=0.00 secs] 
23.562: [GC23.562: [DefNew: 418K->34K(448K), 0.0001850 secs] 11800K->11420K(1048512K), 0.0002320 secs] [Times: user=0.00 sys=0.00, real=0.01 secs] 
23.572: [GC23.572: [DefNew: 418K->34K(448K), 0.0001800 secs] 11804K->11424K(1048512K), 0.0002250 secs] [Times: user=0.00 sys=0.00, real=0.00 secs] 
23.581: [GC23.581: [DefNew: 418K->35K(448K), 0.0001760 secs] 11808K->11429K(1048512K), 0.0002180 secs] [Times: user=0.00 sys=0.00, real=0.00 secs] 
23.590: [GC23.590: [DefNew: 419K->35K(448K), 0.0001660 secs] 11813K->11433K(1048512K), 0.0002140 secs] [Times: user=0.00 sys=0.00, real=0.00 secs] 
23.599: [GC23.599: [DefNew: 419K->35K(448K), 0.0001580 secs] 11817K->11437K(1048512K), 0.0002110 secs] [Times: user=0.00 sys=0.00, real=0.00 secs] 
23.609: [GC23.609: [DefNew: 418K->34K(448K), 0.0001700 secs] 11820K->11441K(1048512K), 0.0002120 secs] [Times: user=0.00 sys=0.00, real=0.00 secs] 
23.618: [GC23.618: [DefNew: 417K->34K(448K), 0.0001740 secs] 11824K->11446K(1048512K), 0.0002190 secs] [Times: user=0.00 sys=0.00, real=0.00 secs] 
23.626: [GC23.626: [DefNew: 417K->33K(448K), 0.0001820 secs] 11829K->11449K(1048512K), 0.0002320 secs] [Times: user=0.00 sys=0.00, real=0.00 secs] 
23.635: [GC23.635: [DefNew: 417K->33K(448K), 0.0001830 secs] 11832K->11453K(1048512K), 0.0002300 secs] [Times: user=0.00 sys=0.00, real=0.00 secs] 
23.645: [GC23.645: [DefNew: 416K->33K(448K), 0.0001830 secs] 11836K->11457K(1048512K), 0.0002340 secs] [Times: user=0.00 sys=0.00, real=0.00 secs] 
23.654: [GC23.654: [DefNew: 416K->33K(448K), 0.0001790 secs] 11840K->11461K(1048512K), 0.0002250 secs] [Times: user=0.00 sys=0.00, real=0.00 secs] 
23.663: [GC23.663: [DefNew: 416K->33K(448K), 0.0001730 secs] 11845K->11465K(1048512K), 0.0002160 secs] [Times: user=0.00 sys=0.00, real=0.00 secs] 
23.672: [GC23.672: [DefNew: 416K->33K(448K), 0.0001790 secs] 11849K->11469K(1048512K), 0.0002250 secs] [Times: user=0.00 sys=0.00, real=0.01 secs] 
23.682: [GC23.682: [DefNew: 417K->33K(448K), 0.0001590 secs] 11853K->11474K(1048512K), 0.0002020 secs] [Times: user=0.00 sys=0.00, real=0.00 secs] 
23.691: [GC23.691: [DefNew: 417K->33K(448K), 0.0001690 secs] 11858K->11479K(1048512K), 0.0002130 secs] [Times: user=0.00 sys=0.00, real=0.00 secs] 
23.700: [GC23.700: [DefNew: 417K->34K(448K), 0.0001750 secs] 11863K->11483K(1048512K), 0.0002210 secs] [Times: user=0.00 sys=0.00, real=0.00 secs] 
23.710: [GC23.710: [DefNew: 418K->34K(448K), 0.0003390 secs] 11867K->11487K(1048512K), 0.0004150 secs] [Times: user=0.00 sys=0.00, real=0.00 secs] 
23.719: [GC23.719: [DefNew: 418K->34K(448K), 0.0001620 secs] 11871K->11492K(1048512K), 0.0002110 secs] [Times: user=0.00 sys=0.00, real=0.00 secs] 
23.729: [GC23.729: [DefNew: 418K->35K(448K), 0.0001510 secs] 11876K->11496K(1048512K), 0.0001920 secs] [Times: user=0.00 sys=0.00, real=0.00 secs] 
23.737: [GC23.737: [DefNew: 419K->34K(448K), 0.0001800 secs] 11880K->11500K(1048512K), 0.0002250 secs] [Times: user=0.00 sys=0.00, real=0.00 secs] 
23.746: [GC23.746: [DefNew: 418K->34K(448K), 0.0001640 secs] 11884K->11504K(1048512K), 0.0002170 secs] [Times: user=0.00 sys=0.00, real=0.00 secs] 
23.755: [GC23.755: [DefNew: 418K->34K(448K), 0.0001680 secs] 11888K->11508K(1048512K), 0.0002080 secs] [Times: user=0.00 sys=0.00, real=0.00 secs] 
23.765: [GC23.765: [DefNew: 418K->34K(448K), 0.0001740 secs] 11892K->11513K(1048512K), 0.0002180 secs] [Times: user=0.00 sys=0.00, real=0.00 secs] 
23.774: [GC23.774: [DefNew: 418K->34K(448K), 0.0001740 secs] 11897K->11517K(1048512K), 0.0002200 secs] [Times: user=0.00 sys=0.00, real=0.00 secs] 
23.784: [GC23.784: [DefNew: 418K->34K(448K), 0.0001640 secs] 11901K->11521K(1048512K), 0.0002050 secs] [Times: user=0.00 sys=0.00, real=0.00 secs] 
23.793: [GC23.793: [DefNew: 418K->33K(448K), 0.0001940 secs] 11905K->11525K(1048512K), 0.0002450 secs] [Times: user=0.00 sys=0.00, real=0.00 secs] 
23.802: [GC23.802: [DefNew: 417K->33K(448K), 0.0001610 secs] 11909K->11529K(1048512K), 0.0002060 secs] [Times: user=0.00 sys=0.00, real=0.01 secs] 
23.812: [GC23.812: [DefNew: 417K->34K(448K), 0.0001740 secs] 11913K->11533K(1048512K), 0.0002250 secs] [Times: user=0.01 sys=0.00, real=0.00 secs] 
23.821: [GC23.821: [DefNew: 418K->33K(448K), 0.0002050 secs] 11917K->11537K(1048512K), 0.0002690 secs] [Times: user=0.00 sys=0.00, real=0.00 secs] 
23.830: [GC23.831: [DefNew: 417K->33K(448K), 0.0001560 secs] 11921K->11542K(1048512K), 0.0002020 secs] [Times: user=0.00 sys=0.00, real=0.00 secs] 
23.838: [GC23.838: [DefNew: 417K->33K(448K), 0.0001450 secs] 11926K->11546K(1048512K), 0.0001840 secs] [Times: user=0.00 sys=0.00, real=0.00 secs] 
23.848: [GC23.848: [DefNew: 417K->34K(448K), 0.0001860 secs] 11930K->11550K(1048512K), 0.0002340 secs] [Times: user=0.00 sys=0.00, real=0.00 secs] 
23.857: [GC23.857: [DefNew: 418K->34K(448K), 0.0001670 secs] 11934K->11554K(1048512K), 0.0002080 secs] [Times: user=0.00 sys=0.00, real=0.00 secs] 
23.866: [GC23.866: [DefNew: 418K->34K(448K), 0.0001800 secs] 11938K->11559K(1048512K), 0.0002260 secs] [Times: user=0.00 sys=0.00, real=0.00 secs] 
23.876: [GC23.876: [DefNew: 418K->34K(448K), 0.0001670 secs] 11943K->11563K(1048512K), 0.0002080 secs] [Times: user=0.00 sys=0.00, real=0.00 secs] 
23.885: [GC23.885: [DefNew: 418K->34K(448K), 0.0001670 secs] 11947K->11568K(1048512K), 0.0002090 secs] [Times: user=0.00 sys=0.00, real=0.00 secs] 
23.894: [GC23.894: [DefNew: 418K->34K(448K), 0.0001790 secs] 11952K->11572K(1048512K), 0.0002260 secs] [Times: user=0.00 sys=0.00, real=0.00 secs] 
23.904: [GC23.904: [DefNew: 418K->34K(448K), 0.0001740 secs] 11956K->11576K(1048512K), 0.0002200 secs] [Times: user=0.00 sys=0.00, real=0.00 secs] 
23.913: [GC23.913: [DefNew: 418K->34K(448K), 0.0002080 secs] 11960K->11581K(1048512K), 0.0002720 secs] [Times: user=0.00 sys=0.00, real=0.00 secs] 
23.922: [GC23.922: [DefNew: 418K->34K(448K), 0.0001840 secs] 11965K->11585K(1048512K), 0.0002370 secs] [Times: user=0.00 sys=0.00, real=0.01 secs] 
23.931: [GC23.931: [DefNew: 418K->34K(448K), 0.0001580 secs] 11969K->11589K(1048512K), 0.0002040 secs] [Times: user=0.00 sys=0.00, real=0.00 secs] 
23.940: [GC23.940: [DefNew: 418K->34K(448K), 0.0001370 secs] 11973K->11593K(1048512K), 0.0001870 secs] [Times: user=0.00 sys=0.00, real=0.00 secs] 
23.949: [GC23.949: [DefNew: 418K->34K(448K), 0.0001680 secs] 11977K->11597K(1048512K), 0.0002230 secs] [Times: user=0.00 sys=0.00, real=0.00 secs] 
23.959: [GC23.959: [DefNew: 418K->34K(448K), 0.0001990 secs] 11981K->11602K(1048512K), 0.0002440 secs] [Times: user=0.00 sys=0.00, real=0.00 secs] 
23.968: [GC23.968: [DefNew: 418K->34K(448K), 0.0001710 secs] 11986K->11606K(1048512K), 0.0002290 secs] [Times: user=0.00 sys=0.00, real=0.00 secs] 
23.977: [GC23.977: [DefNew: 418K->33K(448K), 0.0001410 secs] 11990K->11610K(1048512K), 0.0001920 secs] [Times: user=0.00 sys=0.00, real=0.00 secs] 
23.987: [GC23.987: [DefNew: 417K->34K(448K), 0.0001810 secs] 11994K->11614K(1048512K), 0.0002320 secs] [Times: user=0.00 sys=0.00, real=0.00 secs] 
23.996: [GC23.996: [DefNew: 418K->33K(448K), 0.0001750 secs] 11998K->11618K(1048512K), 0.0002200 secs] [Times: user=0.00 sys=0.00, real=0.00 secs] 
24.005: [GC24.005: [DefNew: 417K->33K(448K), 0.0001930 secs] 12002K->11622K(1048512K), 0.0002560 secs] [Times: user=0.00 sys=0.00, real=0.00 secs] 
24.015: [GC24.015: [DefNew: 417K->34K(448K), 0.0001550 secs] 12006K->11627K(1048512K), 0.0002050 secs] [Times: user=0.00 sys=0.00, real=0.00 secs] 
24.024: [GC24.024: [DefNew: 417K->33K(448K), 0.0001680 secs] 12010K->11631K(1048512K), 0.0002110 secs] [Times: user=0.00 sys=0.00, real=0.00 secs] 
24.032: [GC24.032: [DefNew: 417K->33K(448K), 0.0001390 secs] 12014K->11634K(1048512K), 0.0001880 secs] [Times: user=0.00 sys=0.00, real=0.00 secs] 
24.042: [GC24.042: [DefNew: 416K->33K(448K), 0.0001490 secs] 12018K->11638K(1048512K), 0.0001870 secs] [Times: user=0.00 sys=0.00, real=0.00 secs] 
24.051: [GC24.051: [DefNew: 416K->33K(448K), 0.0001660 secs] 12022K->11643K(1048512K), 0.0002070 secs] [Times: user=0.00 sys=0.00, real=0.00 secs] 
24.060: [GC24.060: [DefNew: 416K->33K(448K), 0.0001690 secs] 12026K->11647K(1048512K), 0.0002130 secs] [Times: user=0.00 sys=0.00, real=0.00 secs] 
24.070: [GC24.070: [DefNew: 416K->33K(448K), 0.0001750 secs] 12030K->11651K(1048512K), 0.0002190 secs] [Times: user=0.00 sys=0.00, real=0.00 secs] 
24.079: [GC24.079: [DefNew: 417K->33K(448K), 0.0001710 secs] 12035K->11655K(1048512K), 0.0002160 secs] [Times: user=0.00 sys=0.00, real=0.00 secs] 
24.088: [GC24.088: [DefNew: 417K->33K(448K), 0.0001660 secs] 12039K->11659K(1048512K), 0.0002090 secs] [Times: user=0.00 sys=0.00, real=0.00 secs] 
24.097: [GC24.097: [DefNew: 417K->33K(448K), 0.0001660 secs] 12043K->11663K(1048512K), 0.0002100 secs] [Times: user=0.00 sys=0.00, real=0.00 secs] 
24.107: [GC24.107: [DefNew: 417K->33K(448K), 0.0001700 secs] 12047K->11667K(1048512K), 0.0002120 secs] [Times: user=0.00 sys=0.00, real=0.00 secs] 
24.116: [GC24.116: [DefNew: 417K->33K(448K), 0.0001670 secs] 12051K->11672K(1048512K), 0.0002070 secs] [Times: user=0.00 sys=0.00, real=0.00 secs] 
24.124: [GC24.125: [DefNew: 417K->33K(448K), 0.0002070 secs] 12055K->11676K(1048512K), 0.0002700 secs] [Times: user=0.00 sys=0.00, real=0.00 secs] 
24.134: [GC24.134: [DefNew: 417K->34K(448K), 0.0001450 secs] 12060K->11680K(1048512K), 0.0001910 secs] [Times: user=0.00 sys=0.00, real=0.00 secs] 
24.142: [GC24.142: [DefNew: 418K->33K(448K), 0.0001630 secs] 12064K->11684K(1048512K), 0.0002170 secs] [Times: user=0.00 sys=0.00, real=0.00 secs] 
24.151: [GC24.151: [DefNew: 417K->33K(448K), 0.0001550 secs] 12068K->11688K(1048512K), 0.0002020 secs] [Times: user=0.00 sys=0.00, real=0.00 secs] 
24.161: [GC24.161: [DefNew: 417K->33K(448K), 0.0001870 secs] 12072K->11692K(1048512K), 0.0002390 secs] [Times: user=0.00 sys=0.00, real=0.00 secs] 
24.170: [GC24.170: [DefNew: 417K->33K(448K), 0.0001840 secs] 12076K->11696K(1048512K), 0.0002300 secs] [Times: user=0.00 sys=0.00, real=0.00 secs] 
24.179: [GC24.179: [DefNew: 417K->33K(448K), 0.0001880 secs] 12080K->11700K(1048512K), 0.0002350 secs] [Times: user=0.00 sys=0.00, real=0.00 secs] 
24.189: [GC24.189: [DefNew: 417K->33K(448K), 0.0001480 secs] 12084K->11705K(1048512K), 0.0001990 secs] [Times: user=0.00 sys=0.00, real=0.00 secs] 
24.198: [GC24.198: [DefNew: 417K->33K(448K), 0.0001680 secs] 12089K->11709K(1048512K), 0.0002080 secs] [Times: user=0.00 sys=0.00, real=0.00 secs] 
24.208: [GC24.208: [DefNew: 417K->33K(448K), 0.0001710 secs] 12093K->11713K(1048512K), 0.0002150 secs] [Times: user=0.00 sys=0.00, real=0.00 secs] 
24.217: [GC24.217: [DefNew: 417K->34K(448K), 0.0001560 secs] 12097K->11718K(1048512K), 0.0001970 secs] [Times: user=0.00 sys=0.00, real=0.00 secs] 
24.226: [GC24.226: [DefNew: 417K->34K(448K), 0.0001950 secs] 12101K->11722K(1048512K), 0.0002530 secs] [Times: user=0.00 sys=0.00, real=0.00 secs] 
24.235: [GC24.235: [DefNew: 417K->33K(448K), 0.0001930 secs] 12105K->11726K(1048512K), 0.0002460 secs] [Times: user=0.00 sys=0.00, real=0.00 secs] 
24.243: [GC24.243: [DefNew: 417K->33K(448K), 0.0001610 secs] 12109K->11730K(1048512K), 0.0002150 secs] [Times: user=0.01 sys=0.00, real=0.00 secs] 
24.253: [GC24.253: [DefNew: 417K->33K(448K), 0.0002940 secs] 12113K->11734K(1048512K), 0.0003740 secs] [Times: user=0.00 sys=0.00, real=0.00 secs] 
24.262: [GC24.262: [DefNew: 417K->33K(448K), 0.0001530 secs] 12118K->11738K(1048512K), 0.0001980 secs] [Times: user=0.00 sys=0.00, real=0.01 secs] 
24.272: [GC24.272: [DefNew: 417K->34K(448K), 0.0001440 secs] 12122K->11743K(1048512K), 0.0001980 secs] [Times: user=0.00 sys=0.00, real=0.00 secs] 
24.281: [GC24.281: [DefNew: 417K->33K(448K), 0.0002990 secs] 12126K->11747K(1048512K), 0.0003960 secs] [Times: user=0.00 sys=0.00, real=0.00 secs] 
24.290: [GC24.290: [DefNew: 417K->34K(448K), 0.0001580 secs] 12130K->11751K(1048512K), 0.0002060 secs] [Times: user=0.00 sys=0.00, real=0.00 secs] 
24.300: [GC24.300: [DefNew: 418K->34K(448K), 0.0001490 secs] 12135K->11756K(1048512K), 0.0001890 secs] [Times: user=0.00 sys=0.00, real=0.00 secs] 
24.309: [GC24.309: [DefNew: 418K->34K(448K), 0.0001780 secs] 12140K->11760K(1048512K), 0.0002230 secs] [Times: user=0.00 sys=0.00, real=0.00 secs] 
24.318: [GC24.318: [DefNew: 418K->34K(448K), 0.0005180 secs] 12144K->11764K(1048512K), 0.0006340 secs] [Times: user=0.00 sys=0.00, real=0.00 secs] 
24.328: [GC24.328: [DefNew: 418K->35K(448K), 0.0003350 secs] 12148K->11769K(1048512K), 0.0004220 secs] [Times: user=0.00 sys=0.00, real=0.00 secs] 
24.338: [GC24.338: [DefNew: 419K->35K(448K), 0.0001620 secs] 12153K->11773K(1048512K), 0.0002290 secs] [Times: user=0.00 sys=0.00, real=0.00 secs] 
24.347: [GC24.347: [DefNew: 419K->35K(448K), 0.0001630 secs] 12157K->11777K(1048512K), 0.0002160 secs] [Times: user=0.00 sys=0.00, real=0.00 secs] 
24.355: [GC24.355: [DefNew: 419K->34K(448K), 0.0001590 secs] 12161K->11781K(1048512K), 0.0002040 secs] [Times: user=0.00 sys=0.00, real=0.00 secs] 
24.364: [GC24.364: [DefNew: 418K->33K(448K), 0.0001820 secs] 12165K->11785K(1048512K), 0.0002280 secs] [Times: user=0.00 sys=0.00, real=0.00 secs] 
24.373: [GC24.373: [DefNew: 417K->34K(448K), 0.0001730 secs] 12169K->11789K(1048512K), 0.0002270 secs] [Times: user=0.00 sys=0.00, real=0.00 secs] 
24.383: [GC24.383: [DefNew: 418K->34K(448K), 0.0001840 secs] 12173K->11794K(1048512K), 0.0002320 secs] [Times: user=0.00 sys=0.00, real=0.00 secs] 
24.392: [GC24.392: [DefNew: 418K->33K(448K), 0.0001680 secs] 12178K->11798K(1048512K), 0.0002100 secs] [Times: user=0.00 sys=0.00, real=0.00 secs] 
24.402: [GC24.402: [DefNew: 417K->33K(448K), 0.0001750 secs] 12182K->11802K(1048512K), 0.0002230 secs] [Times: user=0.00 sys=0.00, real=0.00 secs] 
24.411: [GC24.411: [DefNew: 417K->33K(448K), 0.0001900 secs] 12186K->11807K(1048512K), 0.0002460 secs] [Times: user=0.00 sys=0.00, real=0.00 secs] 
24.420: [GC24.420: [DefNew: 417K->33K(448K), 0.0001890 secs] 12191K->11811K(1048512K), 0.0002390 secs] [Times: user=0.00 sys=0.00, real=0.00 secs] 
24.430: [GC24.430: [DefNew: 417K->34K(448K), 0.0001980 secs] 12195K->11815K(1048512K), 0.0002590 secs] [Times: user=0.00 sys=0.00, real=0.00 secs] 
24.439: [GC24.439: [DefNew: 418K->35K(448K), 0.0001950 secs] 12199K->11820K(1048512K), 0.0002480 secs] [Times: user=0.00 sys=0.00, real=0.00 secs] 
24.448: [GC24.448: [DefNew: 419K->34K(448K), 0.0001830 secs] 12204K->11824K(1048512K), 0.0002280 secs] [Times: user=0.00 sys=0.00, real=0.00 secs] 
24.456: [GC24.456: [DefNew: 418K->34K(448K), 0.0001770 secs] 12208K->11828K(1048512K), 0.0002220 secs] [Times: user=0.00 sys=0.00, real=0.00 secs] 
24.465: [GC24.465: [DefNew: 418K->34K(448K), 0.0001730 secs] 12212K->11832K(1048512K), 0.0002150 secs] [Times: user=0.00 sys=0.00, real=0.00 secs] 
24.475: [GC24.475: [DefNew: 418K->34K(448K), 0.0001720 secs] 12216K->11837K(1048512K), 0.0002220 secs] [Times: user=0.00 sys=0.00, real=0.00 secs] 
24.484: [GC24.484: [DefNew: 418K->34K(448K), 0.0002260 secs] 12221K->11841K(1048512K), 0.0002840 secs] [Times: user=0.00 sys=0.00, real=0.00 secs] 
24.493: [GC24.493: [DefNew: 418K->34K(448K), 0.0001750 secs] 12225K->11845K(1048512K), 0.0002210 secs] [Times: user=0.00 sys=0.00, real=0.00 secs] 
24.502: [GC24.502: [DefNew: 418K->33K(448K), 0.0001750 secs] 12229K->11849K(1048512K), 0.0002230 secs] [Times: user=0.00 sys=0.00, real=0.00 secs] 
24.511: [GC24.511: [DefNew: 417K->33K(448K), 0.0001680 secs] 12233K->11853K(1048512K), 0.0002130 secs] [Times: user=0.00 sys=0.00, real=0.00 secs] 
24.521: [GC24.521: [DefNew: 417K->33K(448K), 0.0002040 secs] 12237K->11857K(1048512K), 0.0002570 secs] [Times: user=0.00 sys=0.00, real=0.00 secs] 
24.530: [GC24.530: [DefNew: 417K->34K(448K), 0.0001790 secs] 12241K->11861K(1048512K), 0.0002340 secs] [Times: user=0.00 sys=0.00, real=0.00 secs] 
24.539: [GC24.540: [DefNew: 418K->33K(448K), 0.0004160 secs] 12245K->11866K(1048512K), 0.0005700 secs] [Times: user=0.00 sys=0.00, real=0.00 secs] 
24.549: [GC24.549: [DefNew: 417K->34K(448K), 0.0001590 secs] 12250K->11870K(1048512K), 0.0002080 secs] [Times: user=0.00 sys=0.00, real=0.00 secs] 
24.557: [GC24.557: [DefNew: 418K->34K(448K), 0.0001710 secs] 12254K->11874K(1048512K), 0.0002200 secs] [Times: user=0.00 sys=0.00, real=0.00 secs] 
24.566: [GC24.566: [DefNew: 418K->34K(448K), 0.0001450 secs] 12258K->11878K(1048512K), 0.0002010 secs] [Times: user=0.00 sys=0.00, real=0.00 secs] 
24.575: [GC24.575: [DefNew: 418K->34K(448K), 0.0001450 secs] 12262K->11882K(1048512K), 0.0001840 secs] [Times: user=0.00 sys=0.00, real=0.00 secs] 
24.585: [GC24.585: [DefNew: 418K->33K(448K), 0.0001870 secs] 12266K->11886K(1048512K), 0.0002350 secs] [Times: user=0.00 sys=0.00, real=0.00 secs] 
24.594: [GC24.594: [DefNew: 417K->33K(448K), 0.0001720 secs] 12270K->11890K(1048512K), 0.0002150 secs] [Times: user=0.00 sys=0.00, real=0.00 secs] 
24.603: [GC24.603: [DefNew: 417K->33K(448K), 0.0001750 secs] 12274K->11894K(1048512K), 0.0002340 secs] [Times: user=0.00 sys=0.00, real=0.00 secs] 
24.612: [GC24.612: [DefNew: 417K->32K(448K), 0.0001890 secs] 12278K->11898K(1048512K), 0.0002490 secs] [Times: user=0.00 sys=0.00, real=0.01 secs] 
24.622: [GC24.622: [DefNew: 416K->32K(448K), 0.0001870 secs] 12282K->11903K(1048512K), 0.0002320 secs] [Times: user=0.00 sys=0.00, real=0.00 secs] 
24.631: [GC24.631: [DefNew: 416K->33K(448K), 0.0001700 secs] 12287K->11907K(1048512K), 0.0002120 secs] [Times: user=0.00 sys=0.00, real=0.00 secs] 
24.640: [GC24.640: [DefNew: 417K->33K(448K), 0.0001710 secs] 12291K->11911K(1048512K), 0.0002130 secs] [Times: user=0.01 sys=0.00, real=0.00 secs] 
24.648: [GC24.648: [DefNew: 417K->33K(448K), 0.0001570 secs] 12295K->11915K(1048512K), 0.0002010 secs] [Times: user=0.00 sys=0.00, real=0.00 secs] 
24.658: [GC24.658: [DefNew: 417K->33K(448K), 0.0001810 secs] 12299K->11919K(1048512K), 0.0002360 secs] [Times: user=0.00 sys=0.00, real=0.00 secs] 
24.667: [GC24.667: [DefNew: 417K->34K(448K), 0.0001780 secs] 12303K->11924K(1048512K), 0.0002450 secs] [Times: user=0.00 sys=0.00, real=0.00 secs] 
24.676: [GC24.676: [DefNew: 418K->34K(448K), 0.0001910 secs] 12308K->11928K(1048512K), 0.0002400 secs] [Times: user=0.00 sys=0.00, real=0.00 secs] 
24.685: [GC24.685: [DefNew: 418K->34K(448K), 0.0001580 secs] 12312K->11933K(1048512K), 0.0002080 secs] [Times: user=0.00 sys=0.00, real=0.00 secs] 
24.695: [GC24.695: [DefNew: 418K->34K(448K), 0.0001940 secs] 12317K->11937K(1048512K), 0.0002500 secs] [Times: user=0.00 sys=0.00, real=0.00 secs] 
24.704: [GC24.704: [DefNew: 418K->34K(448K), 0.0001920 secs] 12321K->11941K(1048512K), 0.0002380 secs] [Times: user=0.00 sys=0.00, real=0.00 secs] 
24.714: [GC24.714: [DefNew: 418K->34K(448K), 0.0001730 secs] 12325K->11946K(1048512K), 0.0002220 secs] [Times: user=0.00 sys=0.00, real=0.00 secs] 
24.723: [GC24.723: [DefNew: 418K->35K(448K), 0.0001670 secs] 12330K->11950K(1048512K), 0.0002080 secs] [Times: user=0.00 sys=0.00, real=0.00 secs] 
24.732: [GC24.732: [DefNew: 419K->34K(448K), 0.0001690 secs] 12334K->11954K(1048512K), 0.0002100 secs] [Times: user=0.00 sys=0.00, real=0.00 secs] 
24.741: [GC24.742: [DefNew: 418K->35K(448K), 0.0001730 secs] 12338K->11959K(1048512K), 0.0002160 secs] [Times: user=0.00 sys=0.00, real=0.00 secs] 
24.749: [GC24.749: [DefNew: 419K->36K(448K), 0.0003360 secs] 12343K->11964K(1048512K), 0.0004060 secs] [Times: user=0.00 sys=0.00, real=0.00 secs] 
24.759: [GC24.759: [DefNew: 420K->36K(448K), 0.0001890 secs] 12348K->11969K(1048512K), 0.0002550 secs] [Times: user=0.00 sys=0.00, real=0.00 secs] 
24.768: [GC24.768: [DefNew: 420K->31K(448K), 0.0001500 secs] 12353K->11973K(1048512K), 0.0001990 secs] [Times: user=0.00 sys=0.00, real=0.00 secs] 
24.777: [GC24.777: [DefNew: 415K->35K(448K), 0.0001360 secs] 12357K->11977K(1048512K), 0.0001760 secs] [Times: user=0.00 sys=0.00, real=0.00 secs] 
24.787: [GC24.787: [DefNew: 419K->35K(448K), 0.0001900 secs] 12361K->11982K(1048512K), 0.0002410 secs] [Times: user=0.00 sys=0.00, real=0.00 secs] 
24.796: [GC24.796: [DefNew: 419K->36K(448K), 0.0001820 secs] 12366K->11986K(1048512K), 0.0002260 secs] [Times: user=0.00 sys=0.00, real=0.00 secs] 
24.805: [GC24.805: [DefNew: 420K->35K(448K), 0.0001710 secs] 12370K->11990K(1048512K), 0.0002130 secs] [Times: user=0.00 sys=0.00, real=0.00 secs] 
24.815: [GC24.815: [DefNew: 419K->35K(448K), 0.0001640 secs] 12374K->11995K(1048512K), 0.0002180 secs] [Times: user=0.00 sys=0.00, real=0.00 secs] 
24.824: [GC24.824: [DefNew: 419K->34K(448K), 0.0002380 secs] 12379K->11999K(1048512K), 0.0003080 secs] [Times: user=0.00 sys=0.00, real=0.00 secs] 
24.833: [GC24.833: [DefNew: 418K->34K(448K), 0.0001530 secs] 12383K->12003K(1048512K), 0.0001980 secs] [Times: user=0.00 sys=0.00, real=0.00 secs] 
24.843: [GC24.843: [DefNew: 418K->34K(448K), 0.0001470 secs] 12387K->12007K(1048512K), 0.0001880 secs] [Times: user=0.00 sys=0.00, real=0.00 secs] 
24.851: [GC24.851: [DefNew: 418K->33K(448K), 0.0001830 secs] 12391K->12011K(1048512K), 0.0002300 secs] [Times: user=0.00 sys=0.00, real=0.00 secs] 
24.860: [GC24.860: [DefNew: 417K->33K(448K), 0.0001760 secs] 12395K->12015K(1048512K), 0.0002270 secs] [Times: user=0.00 sys=0.00, real=0.00 secs] 
24.870: [GC24.870: [DefNew: 417K->34K(448K), 0.0001740 secs] 12399K->12020K(1048512K), 0.0002180 secs] [Times: user=0.00 sys=0.00, real=0.00 secs] 
24.879: [GC24.879: [DefNew: 418K->34K(448K), 0.0001740 secs] 12404K->12024K(1048512K), 0.0002290 secs] [Times: user=0.00 sys=0.00, real=0.00 secs] 
24.888: [GC24.888: [DefNew: 418K->34K(448K), 0.0001810 secs] 12408K->12028K(1048512K), 0.0002250 secs] [Times: user=0.00 sys=0.00, real=0.00 secs] 
24.897: [GC24.897: [DefNew: 418K->34K(448K), 0.0001730 secs] 12412K->12032K(1048512K), 0.0002180 secs] [Times: user=0.00 sys=0.00, real=0.00 secs] 
24.907: [GC24.907: [DefNew: 418K->34K(448K), 0.0001840 secs] 12416K->12037K(1048512K), 0.0002350 secs] [Times: user=0.00 sys=0.00, real=0.00 secs] 
24.916: [GC24.916: [DefNew: 418K->34K(448K), 0.0001940 secs] 12421K->12041K(1048512K), 0.0002510 secs] [Times: user=0.00 sys=0.00, real=0.00 secs] 
24.925: [GC24.925: [DefNew: 418K->35K(448K), 0.0001640 secs] 12425K->12045K(1048512K), 0.0002160 secs] [Times: user=0.00 sys=0.00, real=0.00 secs] 
24.935: [GC24.935: [DefNew: 419K->35K(448K), 0.0002010 secs] 12429K->12051K(1048512K), 0.0002550 secs] [Times: user=0.00 sys=0.00, real=0.00 secs] 
24.944: [GC24.944: [DefNew: 419K->35K(448K), 0.0001920 secs] 12435K->12055K(1048512K), 0.0002440 secs] [Times: user=0.00 sys=0.00, real=0.00 secs] 
24.952: [GC24.952: [DefNew: 419K->34K(448K), 0.0001830 secs] 12439K->12059K(1048512K), 0.0002320 secs] [Times: user=0.00 sys=0.00, real=0.01 secs] 
24.962: [GC24.962: [DefNew: 418K->35K(448K), 0.0001830 secs] 12443K->12063K(1048512K), 0.0002440 secs] [Times: user=0.00 sys=0.00, real=0.00 secs] 
24.971: [GC24.971: [DefNew: 419K->34K(448K), 0.0001450 secs] 12447K->12067K(1048512K), 0.0001890 secs] [Times: user=0.00 sys=0.00, real=0.00 secs] 
24.980: [GC24.980: [DefNew: 418K->34K(448K), 0.0001480 secs] 12451K->12071K(1048512K), 0.0002120 secs] [Times: user=0.00 sys=0.00, real=0.00 secs] 
24.990: [GC24.990: [DefNew: 418K->34K(448K), 0.0001460 secs] 12455K->12076K(1048512K), 0.0001870 secs] [Times: user=0.00 sys=0.00, real=0.00 secs] 
24.999: [GC24.999: [DefNew: 418K->34K(448K), 0.0001900 secs] 12460K->12080K(1048512K), 0.0002370 secs] [Times: user=0.00 sys=0.00, real=0.00 secs] 
25.009: [GC25.009: [DefNew: 418K->33K(448K), 0.0001740 secs] 12464K->12084K(1048512K), 0.0002190 secs] [Times: user=0.00 sys=0.00, real=0.00 secs] 
25.018: [GC25.018: [DefNew: 417K->33K(448K), 0.0001620 secs] 12468K->12088K(1048512K), 0.0002140 secs] [Times: user=0.00 sys=0.00, real=0.00 secs] 
25.027: [GC25.027: [DefNew: 417K->34K(448K), 0.0002020 secs] 12472K->12093K(1048512K), 0.0002620 secs] [Times: user=0.00 sys=0.00, real=0.00 secs] 
25.036: [GC25.036: [DefNew: 418K->34K(448K), 0.0001670 secs] 12477K->12097K(1048512K), 0.0002090 secs] [Times: user=0.00 sys=0.00, real=0.00 secs] 
25.045: [GC25.045: [DefNew: 418K->34K(448K), 0.0001780 secs] 12481K->12101K(1048512K), 0.0002270 secs] [Times: user=0.00 sys=0.00, real=0.00 secs] 
25.054: [GC25.054: [DefNew: 418K->34K(448K), 0.0001720 secs] 12485K->12106K(1048512K), 0.0002210 secs] [Times: user=0.00 sys=0.00, real=0.00 secs] 
25.063: [GC25.063: [DefNew: 418K->35K(448K), 0.0001710 secs] 12490K->12110K(1048512K), 0.0002140 secs] [Times: user=0.00 sys=0.00, real=0.00 secs] 
25.072: [GC25.072: [DefNew: 419K->35K(448K), 0.0001700 secs] 12494K->12114K(1048512K), 0.0002140 secs] [Times: user=0.00 sys=0.00, real=0.00 secs] 
25.082: [GC25.082: [DefNew: 419K->34K(448K), 0.0001540 secs] 12498K->12118K(1048512K), 0.0001960 secs] [Times: user=0.00 sys=0.00, real=0.00 secs] 
25.091: [GC25.091: [DefNew: 418K->35K(448K), 0.0001650 secs] 12502K->12123K(1048512K), 0.0002150 secs] [Times: user=0.00 sys=0.00, real=0.00 secs] 
25.100: [GC25.100: [DefNew: 419K->34K(448K), 0.0001590 secs] 12507K->12127K(1048512K), 0.0002130 secs] [Times: user=0.00 sys=0.00, real=0.00 secs] 
25.110: [GC25.110: [DefNew: 418K->34K(448K), 0.0001660 secs] 12511K->12132K(1048512K), 0.0002070 secs] [Times: user=0.00 sys=0.00, real=0.00 secs] 
25.119: [GC25.119: [DefNew: 418K->34K(448K), 0.0001670 secs] 12516K->12136K(1048512K), 0.0002090 secs] [Times: user=0.00 sys=0.00, real=0.00 secs] 
25.128: [GC25.128: [DefNew: 418K->33K(448K), 0.0001730 secs] 12520K->12140K(1048512K), 0.0002210 secs] [Times: user=0.00 sys=0.00, real=0.00 secs] 
25.138: [GC25.138: [DefNew: 417K->34K(448K), 0.0001760 secs] 12524K->12144K(1048512K), 0.0002270 secs] [Times: user=0.00 sys=0.00, real=0.00 secs] 
25.146: [GC25.146: [DefNew: 418K->33K(448K), 0.0001700 secs] 12528K->12148K(1048512K), 0.0002150 secs] [Times: user=0.00 sys=0.00, real=0.00 secs] 
25.155: [GC25.155: [DefNew: 417K->33K(448K), 0.0001830 secs] 12532K->12152K(1048512K), 0.0002310 secs] [Times: user=0.00 sys=0.00, real=0.00 secs] 
25.164: [GC25.164: [DefNew: 417K->33K(448K), 0.0002470 secs] 12536K->12156K(1048512K), 0.0003320 secs] [Times: user=0.00 sys=0.00, real=0.00 secs] 
25.173: [GC25.174: [DefNew: 417K->33K(448K), 0.0001590 secs] 12540K->12160K(1048512K), 0.0002220 secs] [Times: user=0.00 sys=0.00, real=0.00 secs] 
25.183: [GC25.183: [DefNew: 417K->33K(448K), 0.0001460 secs] 12544K->12165K(1048512K), 0.0002030 secs] [Times: user=0.00 sys=0.00, real=0.00 secs] 
25.192: [GC25.192: [DefNew: 417K->33K(448K), 0.0001470 secs] 12549K->12169K(1048512K), 0.0001870 secs] [Times: user=0.00 sys=0.00, real=0.00 secs] 
25.201: [GC25.201: [DefNew: 417K->33K(448K), 0.0001760 secs] 12553K->12173K(1048512K), 0.0002250 secs] [Times: user=0.00 sys=0.00, real=0.00 secs] 
25.211: [GC25.211: [DefNew: 417K->34K(448K), 0.0001680 secs] 12557K->12178K(1048512K), 0.0002050 secs] [Times: user=0.00 sys=0.00, real=0.00 secs] 
25.220: [GC25.220: [DefNew: 418K->34K(448K), 0.0001690 secs] 12562K->12182K(1048512K), 0.0002100 secs] [Times: user=0.00 sys=0.00, real=0.00 secs] 
25.230: [GC25.230: [DefNew: 418K->35K(448K), 0.0001700 secs] 12566K->12186K(1048512K), 0.0002060 secs] [Times: user=0.00 sys=0.00, real=0.00 secs] 
25.239: [GC25.239: [DefNew: 419K->34K(448K), 0.0001700 secs] 12570K->12190K(1048512K), 0.0002050 secs] [Times: user=0.00 sys=0.00, real=0.00 secs] 
25.247: [GC25.247: [DefNew: 418K->33K(448K), 0.0001690 secs] 12574K->12194K(1048512K), 0.0002120 secs] [Times: user=0.00 sys=0.00, real=0.00 secs] 
25.257: [GC25.257: [DefNew: 417K->34K(448K), 0.0001400 secs] 12578K->12198K(1048512K), 0.0001720 secs] [Times: user=0.00 sys=0.00, real=0.00 secs] 
25.266: [GC25.266: [DefNew: 418K->34K(448K), 0.0001410 secs] 12582K->12202K(1048512K), 0.0001770 secs] [Times: user=0.00 sys=0.00, real=0.00 secs] 
25.275: [GC25.275: [DefNew: 417K->33K(448K), 0.0001550 secs] 12586K->12206K(1048512K), 0.0001880 secs] [Times: user=0.00 sys=0.00, real=0.00 secs] 
25.284: [GC25.284: [DefNew: 416K->33K(448K), 0.0001730 secs] 12590K->12211K(1048512K), 0.0002140 secs] [Times: user=0.00 sys=0.00, real=0.00 secs] 
25.294: [GC25.294: [DefNew: 417K->34K(448K), 0.0001790 secs] 12595K->12215K(1048512K), 0.0002350 secs] [Times: user=0.00 sys=0.00, real=0.00 secs] 
25.303: [GC25.303: [DefNew: 418K->33K(448K), 0.0001730 secs] 12599K->12219K(1048512K), 0.0002100 secs] [Times: user=0.00 sys=0.00, real=0.00 secs] 
25.313: [GC25.313: [DefNew: 417K->33K(448K), 0.0001520 secs] 12603K->12223K(1048512K), 0.0001890 secs] [Times: user=0.00 sys=0.00, real=0.00 secs] 
25.322: [GC25.322: [DefNew: 417K->34K(448K), 0.0002350 secs] 12607K->12228K(1048512K), 0.0003030 secs] [Times: user=0.00 sys=0.00, real=0.00 secs] 
25.331: [GC25.331: [DefNew: 418K->34K(448K), 0.0001810 secs] 12612K->12233K(1048512K), 0.0002290 secs] [Times: user=0.00 sys=0.00, real=0.00 secs] 
25.340: [GC25.340: [DefNew: 418K->34K(448K), 0.0001670 secs] 12617K->12237K(1048512K), 0.0002110 secs] [Times: user=0.00 sys=0.00, real=0.00 secs] 
25.349: [GC25.349: [DefNew: 418K->34K(448K), 0.0001640 secs] 12621K->12241K(1048512K), 0.0002120 secs] [Times: user=0.00 sys=0.00, real=0.00 secs] 
25.358: [GC25.358: [DefNew: 418K->33K(448K), 0.0001450 secs] 12625K->12245K(1048512K), 0.0001810 secs] [Times: user=0.00 sys=0.00, real=0.00 secs] 
25.367: [GC25.367: [DefNew: 417K->33K(448K), 0.0001520 secs] 12629K->12249K(1048512K), 0.0001900 secs] [Times: user=0.00 sys=0.00, real=0.00 secs] 
25.376: [GC25.376: [DefNew: 417K->33K(448K), 0.0001980 secs] 12632K->12252K(1048512K), 0.0002640 secs] [Times: user=0.00 sys=0.00, real=0.00 secs] 
25.385: [GC25.385: [DefNew: 417K->33K(448K), 0.0001550 secs] 12636K->12256K(1048512K), 0.0001980 secs] [Times: user=0.00 sys=0.00, real=0.00 secs] 
25.394: [GC25.395: [DefNew: 416K->33K(448K), 0.0001770 secs] 12640K->12261K(1048512K), 0.0002250 secs] [Times: user=0.00 sys=0.00, real=0.00 secs] 
25.404: [GC25.404: [DefNew: 417K->33K(448K), 0.0001580 secs] 12645K->12266K(1048512K), 0.0001970 secs] [Times: user=0.00 sys=0.00, real=0.00 secs] 
25.413: [GC25.413: [DefNew: 417K->33K(448K), 0.0001980 secs] 12650K->12270K(1048512K), 0.0002410 secs] [Times: user=0.00 sys=0.00, real=0.00 secs] 
25.422: [GC25.422: [DefNew: 417K->33K(448K), 0.0002070 secs] 12654K->12274K(1048512K), 0.0002550 secs] [Times: user=0.00 sys=0.00, real=0.01 secs] 
25.432: [GC25.432: [DefNew: 417K->34K(448K), 0.0001710 secs] 12658K->12278K(1048512K), 0.0002080 secs] [Times: user=0.00 sys=0.00, real=0.00 secs] 
25.441: [GC25.441: [DefNew: 418K->34K(448K), 0.0001610 secs] 12662K->12282K(1048512K), 0.0001970 secs] [Times: user=0.00 sys=0.00, real=0.00 secs] 
25.449: [GC25.449: [DefNew: 418K->33K(448K), 0.0001580 secs] 12666K->12286K(1048512K), 0.0001950 secs] [Times: user=0.00 sys=0.00, real=0.00 secs] 
25.458: [GC25.458: [DefNew: 417K->33K(448K), 0.0001780 secs] 12670K->12290K(1048512K), 0.0002240 secs] [Times: user=0.00 sys=0.00, real=0.00 secs] 
25.467: [GC25.467: [DefNew: 417K->33K(448K), 0.0001730 secs] 12674K->12295K(1048512K), 0.0002140 secs] [Times: user=0.00 sys=0.00, real=0.00 secs] 
25.477: [GC25.477: [DefNew: 417K->34K(448K), 0.0001760 secs] 12679K->12299K(1048512K), 0.0002160 secs] [Times: user=0.00 sys=0.00, real=0.00 secs] 
25.486: [GC25.486: [DefNew: 417K->34K(448K), 0.0001660 secs] 12683K->12303K(1048512K), 0.0002120 secs] [Times: user=0.00 sys=0.00, real=0.00 secs] 
25.495: [GC25.495: [DefNew: 417K->33K(448K), 0.0001960 secs] 12687K->12307K(1048512K), 0.0002400 secs] [Times: user=0.00 sys=0.00, real=0.00 secs] 
25.504: [GC25.504: [DefNew: 417K->34K(448K), 0.0001490 secs] 12691K->12312K(1048512K), 0.0001830 secs] [Times: user=0.00 sys=0.00, real=0.00 secs] 
25.513: [GC25.513: [DefNew: 418K->34K(448K), 0.0001690 secs] 12696K->12316K(1048512K), 0.0002070 secs] [Times: user=0.00 sys=0.00, real=0.00 secs] 
25.523: [GC25.523: [DefNew: 418K->35K(448K), 0.0001510 secs] 12700K->12321K(1048512K), 0.0002040 secs] [Times: user=0.01 sys=0.00, real=0.00 secs] 
25.532: [GC25.532: [DefNew: 419K->35K(448K), 0.0001440 secs] 12705K->12325K(1048512K), 0.0001840 secs] [Times: user=0.00 sys=0.00, real=0.00 secs] 
25.541: [GC25.541: [DefNew: 419K->34K(448K), 0.0005670 secs] 12709K->12329K(1048512K), 0.0006690 secs] [Times: user=0.00 sys=0.00, real=0.00 secs] 
25.550: [GC25.550: [DefNew: 418K->34K(448K), 0.0001380 secs] 12713K->12333K(1048512K), 0.0001820 secs] [Times: user=0.00 sys=0.00, real=0.00 secs] 
25.559: [GC25.559: [DefNew: 418K->34K(448K), 0.0001780 secs] 12717K->12337K(1048512K), 0.0002200 secs] [Times: user=0.00 sys=0.00, real=0.00 secs] 
25.568: [GC25.568: [DefNew: 418K->34K(448K), 0.0001890 secs] 12721K->12341K(1048512K), 0.0002320 secs] [Times: user=0.00 sys=0.00, real=0.00 secs] 
25.578: [GC25.578: [DefNew: 418K->34K(448K), 0.0001560 secs] 12725K->12346K(1048512K), 0.0001940 secs] [Times: user=0.00 sys=0.00, real=0.00 secs] 
25.587: [GC25.587: [DefNew: 418K->33K(448K), 0.0001800 secs] 12730K->12350K(1048512K), 0.0002350 secs] [Times: user=0.00 sys=0.00, real=0.00 secs] 
25.596: [GC25.596: [DefNew: 417K->34K(448K), 0.0001720 secs] 12734K->12355K(1048512K), 0.0002320 secs] [Times: user=0.00 sys=0.00, real=0.00 secs] 
25.606: [GC25.606: [DefNew: 418K->34K(448K), 0.0001520 secs] 12739K->12359K(1048512K), 0.0001900 secs] [Times: user=0.00 sys=0.00, real=0.00 secs] 
25.615: [GC25.615: [DefNew: 418K->34K(448K), 0.0001740 secs] 12743K->12363K(1048512K), 0.0002140 secs] [Times: user=0.00 sys=0.00, real=0.00 secs] 
25.624: [GC25.624: [DefNew: 418K->34K(448K), 0.0001500 secs] 12747K->12367K(1048512K), 0.0001850 secs] [Times: user=0.00 sys=0.00, real=0.00 secs] 
25.633: [GC25.633: [DefNew: 418K->35K(448K), 0.0001940 secs] 12751K->12372K(1048512K), 0.0002410 secs] [Times: user=0.00 sys=0.00, real=0.00 secs] 
25.643: [GC25.643: [DefNew: 419K->35K(448K), 0.0001830 secs] 12756K->12377K(1048512K), 0.0002250 secs] [Times: user=0.00 sys=0.00, real=0.00 secs] 
25.651: [GC25.651: [DefNew: 419K->34K(448K), 0.0001710 secs] 12761K->12380K(1048512K), 0.0002130 secs] [Times: user=0.00 sys=0.00, real=0.00 secs] 
25.660: [GC25.660: [DefNew: 418K->34K(448K), 0.0001690 secs] 12764K->12384K(1048512K), 0.0002090 secs] [Times: user=0.00 sys=0.00, real=0.00 secs] 
25.669: [GC25.669: [DefNew: 418K->33K(448K), 0.0001730 secs] 12768K->12388K(1048512K), 0.0002140 secs] [Times: user=0.00 sys=0.00, real=0.00 secs] 
25.678: [GC25.678: [DefNew: 417K->33K(448K), 0.0001520 secs] 12772K->12392K(1048512K), 0.0001890 secs] [Times: user=0.00 sys=0.00, real=0.00 secs] 
25.688: [GC25.688: [DefNew: 417K->34K(448K), 0.0001650 secs] 12776K->12397K(1048512K), 0.0002030 secs] [Times: user=0.00 sys=0.00, real=0.00 secs] 
25.697: [GC25.697: [DefNew: 417K->34K(448K), 0.0001750 secs] 12780K->12401K(1048512K), 0.0002190 secs] [Times: user=0.00 sys=0.00, real=0.00 secs] 
25.706: [GC25.706: [DefNew: 417K->32K(448K), 0.0001670 secs] 12784K->12405K(1048512K), 0.0002020 secs] [Times: user=0.00 sys=0.00, real=0.00 secs] 
25.716: [GC25.716: [DefNew: 416K->33K(448K), 0.0001720 secs] 12789K->12409K(1048512K), 0.0002110 secs] [Times: user=0.00 sys=0.00, real=0.00 secs] 
25.725: [GC25.725: [DefNew: 417K->34K(448K), 0.0001630 secs] 12793K->12414K(1048512K), 0.0002070 secs] [Times: user=0.00 sys=0.00, real=0.00 secs] 
25.734: [GC25.734: [DefNew: 418K->34K(448K), 0.0001690 secs] 12798K->12418K(1048512K), 0.0002070 secs] [Times: user=0.01 sys=0.00, real=0.00 secs] 
25.743: [GC25.743: [DefNew: 418K->34K(448K), 0.0001820 secs] 12802K->12422K(1048512K), 0.0002290 secs] [Times: user=0.00 sys=0.00, real=0.00 secs] 
25.751: [GC25.751: [DefNew: 418K->33K(448K), 0.0001660 secs] 12806K->12426K(1048512K), 0.0002010 secs] [Times: user=0.00 sys=0.00, real=0.00 secs] 
25.761: [GC25.761: [DefNew: 417K->34K(448K), 0.0001570 secs] 12810K->12430K(1048512K), 0.0001970 secs] [Times: user=0.00 sys=0.00, real=0.00 secs] 
25.770: [GC25.770: [DefNew: 418K->34K(448K), 0.0001570 secs] 12814K->12435K(1048512K), 0.0002020 secs] [Times: user=0.00 sys=0.00, real=0.00 secs] 
25.779: [GC25.779: [DefNew: 418K->34K(448K), 0.0001810 secs] 12819K->12439K(1048512K), 0.0002170 secs] [Times: user=0.00 sys=0.00, real=0.00 secs] 
25.789: [GC25.789: [DefNew: 418K->34K(448K), 0.0001520 secs] 12823K->12444K(1048512K), 0.0001880 secs] [Times: user=0.00 sys=0.00, real=0.00 secs] 
25.798: [GC25.798: [DefNew: 417K->34K(448K), 0.0001880 secs] 12827K->12448K(1048512K), 0.0002430 secs] [Times: user=0.00 sys=0.00, real=0.00 secs] 
25.807: [GC25.807: [DefNew: 417K->34K(448K), 0.0001520 secs] 12831K->12452K(1048512K), 0.0001970 secs] [Times: user=0.00 sys=0.00, real=0.00 secs] 
25.816: [GC25.816: [DefNew: 417K->33K(448K), 0.0001400 secs] 12835K->12456K(1048512K), 0.0001840 secs] [Times: user=0.00 sys=0.00, real=0.00 secs] 
25.825: [GC25.825: [DefNew: 417K->34K(448K), 0.0001980 secs] 12839K->12460K(1048512K), 0.0002480 secs] [Times: user=0.00 sys=0.00, real=0.00 secs] 
25.835: [GC25.835: [DefNew: 418K->34K(448K), 0.0001590 secs] 12844K->12465K(1048512K), 0.0002050 secs] [Times: user=0.00 sys=0.00, real=0.00 secs] 
25.844: [GC25.844: [DefNew: 418K->34K(448K), 0.0002390 secs] 12849K->12469K(1048512K), 0.0003010 secs] [Times: user=0.00 sys=0.00, real=0.00 secs] 
25.854: [GC25.854: [DefNew: 418K->34K(448K), 0.0001410 secs] 12853K->12473K(1048512K), 0.0001770 secs] [Times: user=0.00 sys=0.00, real=0.00 secs] 
25.862: [GC25.862: [DefNew: 418K->33K(448K), 0.0001740 secs] 12857K->12477K(1048512K), 0.0002100 secs] [Times: user=0.00 sys=0.00, real=0.00 secs] 
25.871: [GC25.871: [DefNew: 417K->33K(448K), 0.0001730 secs] 12861K->12481K(1048512K), 0.0002140 secs] [Times: user=0.00 sys=0.00, real=0.00 secs] 
25.881: [GC25.881: [DefNew: 417K->34K(448K), 0.0001610 secs] 12865K->12485K(1048512K), 0.0002100 secs] [Times: user=0.00 sys=0.00, real=0.00 secs] 
25.890: [GC25.890: [DefNew: 418K->33K(448K), 0.0001760 secs] 12869K->12489K(1048512K), 0.0002170 secs] [Times: user=0.00 sys=0.00, real=0.00 secs] 
25.899: [GC25.899: [DefNew: 417K->33K(448K), 0.0001630 secs] 12873K->12493K(1048512K), 0.0002080 secs] [Times: user=0.00 sys=0.00, real=0.00 secs] 
25.909: [GC25.909: [DefNew: 416K->33K(448K), 0.0002250 secs] 12877K->12498K(1048512K), 0.0002920 secs] [Times: user=0.00 sys=0.00, real=0.00 secs] 
25.918: [GC25.918: [DefNew: 417K->33K(448K), 0.0001960 secs] 12881K->12502K(1048512K), 0.0002520 secs] [Times: user=0.00 sys=0.00, real=0.00 secs] 
25.927: [GC25.927: [DefNew: 416K->33K(448K), 0.0001710 secs] 12885K->12506K(1048512K), 0.0002160 secs] [Times: user=0.00 sys=0.00, real=0.00 secs] 
25.937: [GC25.937: [DefNew: 417K->34K(448K), 0.0001710 secs] 12890K->12510K(1048512K), 0.0002090 secs] [Times: user=0.00 sys=0.00, real=0.00 secs] 
25.946: [GC25.946: [DefNew: 418K->33K(448K), 0.0001720 secs] 12894K->12514K(1048512K), 0.0002140 secs] [Times: user=0.00 sys=0.00, real=0.00 secs] 
25.955: [GC25.956: [DefNew: 417K->33K(448K), 0.0001780 secs] 12898K->12518K(1048512K), 0.0002420 secs] [Times: user=0.00 sys=0.00, real=0.00 secs] 
25.965: [GC25.965: [DefNew: 417K->33K(448K), 0.0001490 secs] 12902K->12522K(1048512K), 0.0001840 secs] [Times: user=0.00 sys=0.00, real=0.00 secs] 
25.973: [GC25.973: [DefNew: 417K->33K(448K), 0.0001670 secs] 12906K->12527K(1048512K), 0.0002020 secs] [Times: user=0.00 sys=0.00, real=0.00 secs] 
25.982: [GC25.982: [DefNew: 417K->33K(448K), 0.0001770 secs] 12911K->12531K(1048512K), 0.0002360 secs] [Times: user=0.00 sys=0.00, real=0.00 secs] 
25.992: [GC25.992: [DefNew: 417K->33K(448K), 0.0001830 secs] 12915K->12535K(1048512K), 0.0002280 secs] [Times: user=0.00 sys=0.00, real=0.00 secs] 
26.001: [GC26.001: [DefNew: 417K->33K(448K), 0.0001660 secs] 12919K->12539K(1048512K), 0.0002050 secs] [Times: user=0.00 sys=0.00, real=0.00 secs] 
26.010: [GC26.010: [DefNew: 416K->33K(448K), 0.0002050 secs] 12922K->12543K(1048512K), 0.0002610 secs] [Times: user=0.00 sys=0.00, real=0.00 secs] 
26.020: [GC26.020: [DefNew: 417K->33K(448K), 0.0001450 secs] 12927K->12547K(1048512K), 0.0001800 secs] [Times: user=0.00 sys=0.00, real=0.00 secs] 
26.029: [GC26.029: [DefNew: 417K->33K(448K), 0.0001590 secs] 12931K->12551K(1048512K), 0.0002050 secs] [Times: user=0.00 sys=0.00, real=0.00 secs] 
26.038: [GC26.038: [DefNew: 417K->33K(448K), 0.0001360 secs] 12935K->12555K(1048512K), 0.0001710 secs] [Times: user=0.00 sys=0.00, real=0.00 secs] 
26.048: [GC26.048: [DefNew: 417K->33K(448K), 0.0001710 secs] 12939K->12559K(1048512K), 0.0002070 secs] [Times: user=0.00 sys=0.00, real=0.00 secs] 
26.057: [GC26.057: [DefNew: 417K->33K(448K), 0.0001670 secs] 12943K->12564K(1048512K), 0.0002040 secs] [Times: user=0.00 sys=0.00, real=0.00 secs] 
26.065: [GC26.065: [DefNew: 417K->33K(448K), 0.0001620 secs] 12948K->12567K(1048512K), 0.0001950 secs] [Times: user=0.00 sys=0.00, real=0.00 secs] 
26.074: [GC26.074: [DefNew: 417K->33K(448K), 0.0001820 secs] 12951K->12572K(1048512K), 0.0002300 secs] [Times: user=0.00 sys=0.01, real=0.00 secs] 
26.084: [GC26.084: [DefNew: 417K->33K(448K), 0.0001740 secs] 12956K->12576K(1048512K), 0.0002260 secs] [Times: user=0.00 sys=0.00, real=0.00 secs] 
26.093: [GC26.093: [DefNew: 417K->33K(448K), 0.0001660 secs] 12960K->12580K(1048512K), 0.0002030 secs] [Times: user=0.00 sys=0.00, real=0.00 secs] 
26.102: [GC26.102: [DefNew: 417K->33K(448K), 0.0001750 secs] 12964K->12584K(1048512K), 0.0002180 secs] [Times: user=0.00 sys=0.00, real=0.01 secs] 
26.112: [GC26.112: [DefNew: 417K->33K(448K), 0.0001540 secs] 12968K->12588K(1048512K), 0.0002000 secs] [Times: user=0.00 sys=0.00, real=0.00 secs] 
26.121: [GC26.121: [DefNew: 417K->33K(448K), 0.0001650 secs] 12972K->12592K(1048512K), 0.0001990 secs] [Times: user=0.00 sys=0.00, real=0.00 secs] 
26.130: [GC26.130: [DefNew: 417K->33K(448K), 0.0001700 secs] 12976K->12597K(1048512K), 0.0002150 secs] [Times: user=0.00 sys=0.00, real=0.00 secs] 
26.139: [GC26.139: [DefNew: 417K->34K(448K), 0.0001590 secs] 12981K->12601K(1048512K), 0.0001940 secs] [Times: user=0.00 sys=0.00, real=0.00 secs] 
26.148: [GC26.148: [DefNew: 418K->34K(448K), 0.0001610 secs] 12985K->12606K(1048512K), 0.0001970 secs] [Times: user=0.00 sys=0.00, real=0.00 secs] 
26.157: [GC26.157: [DefNew: 418K->34K(448K), 0.0001640 secs] 12990K->12610K(1048512K), 0.0002000 secs] [Times: user=0.00 sys=0.00, real=0.00 secs] 
26.165: [GC26.165: [DefNew: 418K->34K(448K), 0.0001830 secs] 12994K->12614K(1048512K), 0.0002270 secs] [Times: user=0.00 sys=0.00, real=0.00 secs] 
26.175: [GC26.175: [DefNew: 418K->34K(448K), 0.0001700 secs] 12998K->12618K(1048512K), 0.0002090 secs] [Times: user=0.00 sys=0.00, real=0.00 secs] 
26.184: [GC26.184: [DefNew: 418K->34K(448K), 0.0001800 secs] 13002K->12622K(1048512K), 0.0002290 secs] [Times: user=0.00 sys=0.00, real=0.00 secs] 
26.193: [GC26.193: [DefNew: 418K->33K(448K), 0.0001740 secs] 13006K->12626K(1048512K), 0.0002140 secs] [Times: user=0.00 sys=0.00, real=0.00 secs] 
26.202: [GC26.202: [DefNew: 417K->34K(448K), 0.0001620 secs] 13010K->12631K(1048512K), 0.0001980 secs] [Times: user=0.00 sys=0.00, real=0.00 secs] 
26.211: [GC26.211: [DefNew: 417K->34K(448K), 0.0002430 secs] 13014K->12635K(1048512K), 0.0003190 secs] [Times: user=0.00 sys=0.00, real=0.00 secs] 
26.221: [GC26.221: [DefNew: 417K->34K(448K), 0.0001550 secs] 13018K->12639K(1048512K), 0.0002000 secs] [Times: user=0.00 sys=0.00, real=0.00 secs] 
26.230: [GC26.230: [DefNew: 417K->33K(448K), 0.0001580 secs] 13023K->12643K(1048512K), 0.0002020 secs] [Times: user=0.00 sys=0.00, real=0.00 secs] 
26.239: [GC26.239: [DefNew: 417K->33K(448K), 0.0001430 secs] 13027K->12647K(1048512K), 0.0001780 secs] [Times: user=0.00 sys=0.00, real=0.00 secs] 
26.249: [GC26.249: [DefNew: 417K->34K(448K), 0.0001800 secs] 13031K->12652K(1048512K), 0.0002220 secs] [Times: user=0.00 sys=0.00, real=0.00 secs] 
26.258: [GC26.258: [DefNew: 418K->35K(448K), 0.0001850 secs] 13036K->12657K(1048512K), 0.0002300 secs] [Times: user=0.00 sys=0.00, real=0.00 secs] 
26.267: [GC26.267: [DefNew: 419K->35K(448K), 0.0001780 secs] 13041K->12661K(1048512K), 0.0002180 secs] [Times: user=0.00 sys=0.00, real=0.00 secs] 
26.275: [GC26.275: [DefNew: 419K->35K(448K), 0.0001800 secs] 13045K->12665K(1048512K), 0.0002260 secs] [Times: user=0.00 sys=0.00, real=0.00 secs] 
26.284: [GC26.284: [DefNew: 419K->34K(448K), 0.0001690 secs] 13049K->12669K(1048512K), 0.0002040 secs] [Times: user=0.00 sys=0.00, real=0.00 secs] 
26.294: [GC26.294: [DefNew: 418K->35K(448K), 0.0001680 secs] 13053K->12674K(1048512K), 0.0002040 secs] [Times: user=0.00 sys=0.00, real=0.00 secs] 
26.303: [GC26.303: [DefNew: 419K->35K(448K), 0.0001840 secs] 13058K->12678K(1048512K), 0.0002210 secs] [Times: user=0.00 sys=0.00, real=0.00 secs] 
26.313: [GC26.313: [DefNew: 419K->34K(448K), 0.0001630 secs] 13062K->12682K(1048512K), 0.0001960 secs] [Times: user=0.00 sys=0.00, real=0.00 secs] 
26.322: [GC26.322: [DefNew: 418K->34K(448K), 0.0001640 secs] 13065K->12687K(1048512K), 0.0001980 secs] [Times: user=0.00 sys=0.00, real=0.00 secs] 
26.331: [GC26.331: [DefNew: 417K->34K(448K), 0.0002120 secs] 13070K->12690K(1048512K), 0.0002770 secs] [Times: user=0.00 sys=0.00, real=0.00 secs] 
26.340: [GC26.340: [DefNew: 417K->34K(448K), 0.0001800 secs] 13074K->12695K(1048512K), 0.0002310 secs] [Times: user=0.00 sys=0.00, real=0.00 secs] 
26.349: [GC26.349: [DefNew: 417K->34K(448K), 0.0001540 secs] 13079K->12699K(1048512K), 0.0001990 secs] [Times: user=0.00 sys=0.00, real=0.00 secs] 
26.359: [GC26.359: [DefNew: 417K->34K(448K), 0.0001590 secs] 13083K->12704K(1048512K), 0.0001950 secs] [Times: user=0.00 sys=0.00, real=0.00 secs] 
26.368: [GC26.368: [DefNew: 417K->34K(448K), 0.0001890 secs] 13087K->12708K(1048512K), 0.0002290 secs] [Times: user=0.00 sys=0.00, real=0.00 secs] 
26.377: [GC26.377: [DefNew: 417K->34K(448K), 0.0001690 secs] 13091K->12712K(1048512K), 0.0002050 secs] [Times: user=0.00 sys=0.00, real=0.00 secs] 
26.385: [GC26.385: [DefNew: 417K->34K(448K), 0.0001790 secs] 13095K->12716K(1048512K), 0.0002290 secs] [Times: user=0.00 sys=0.00, real=0.00 secs] 
26.395: [GC26.395: [DefNew: 417K->34K(448K), 0.0001650 secs] 13099K->12720K(1048512K), 0.0001990 secs] [Times: user=0.00 sys=0.00, real=0.00 secs] 
26.404: [GC26.404: [DefNew: 417K->34K(448K), 0.0001690 secs] 13104K->12725K(1048512K), 0.0002080 secs] [Times: user=0.00 sys=0.00, real=0.00 secs] 
26.413: [GC26.413: [DefNew: 418K->34K(448K), 0.0001720 secs] 13108K->12729K(1048512K), 0.0002080 secs] [Times: user=0.00 sys=0.00, real=0.00 secs] 
26.423: [GC26.423: [DefNew: 418K->33K(448K), 0.0003590 secs] 13113K->12733K(1048512K), 0.0004420 secs] [Times: user=0.00 sys=0.00, real=0.00 secs] 
26.432: [GC26.432: [DefNew: 417K->34K(448K), 0.0001720 secs] 13116K->12737K(1048512K), 0.0002200 secs] [Times: user=0.00 sys=0.00, real=0.00 secs] 
26.441: [GC26.441: [DefNew: 418K->34K(448K), 0.0001460 secs] 13121K->12742K(1048512K), 0.0001810 secs] [Times: user=0.00 sys=0.00, real=0.00 secs] 
26.450: [GC26.450: [DefNew: 418K->34K(448K), 0.0001870 secs] 13126K->12746K(1048512K), 0.0002270 secs] [Times: user=0.00 sys=0.00, real=0.00 secs] 
26.459: [GC26.459: [DefNew: 418K->35K(448K), 0.0001680 secs] 13130K->12751K(1048512K), 0.0002110 secs] [Times: user=0.00 sys=0.00, real=0.00 secs] 
26.469: [GC26.469: [DefNew: 419K->35K(448K), 0.0001740 secs] 13135K->12756K(1048512K), 0.0002100 secs] [Times: user=0.00 sys=0.00, real=0.00 secs] 
26.478: [GC26.478: [DefNew: 419K->35K(448K), 0.0001740 secs] 13140K->12760K(1048512K), 0.0002210 secs] [Times: user=0.00 sys=0.00, real=0.00 secs] 
26.487: [GC26.487: [DefNew: 419K->35K(448K), 0.0001690 secs] 13144K->12763K(1048512K), 0.0002070 secs] [Times: user=0.00 sys=0.00, real=0.00 secs] 
26.496: [GC26.496: [DefNew: 419K->34K(448K), 0.0001690 secs] 13147K->12767K(1048512K), 0.0002080 secs] [Times: user=0.00 sys=0.00, real=0.00 secs] 
26.505: [GC26.505: [DefNew: 418K->34K(448K), 0.0001640 secs] 13151K->12772K(1048512K), 0.0002000 secs] [Times: user=0.00 sys=0.00, real=0.00 secs] 
26.514: [GC26.514: [DefNew: 418K->34K(448K), 0.0001500 secs] 13156K->12776K(1048512K), 0.0002060 secs] [Times: user=0.00 sys=0.00, real=0.00 secs] 
26.523: [GC26.523: [DefNew: 418K->34K(448K), 0.0001830 secs] 13160K->12780K(1048512K), 0.0002260 secs] [Times: user=0.00 sys=0.00, real=0.00 secs] 
26.532: [GC26.532: [DefNew: 417K->33K(448K), 0.0001920 secs] 13164K->12784K(1048512K), 0.0002460 secs] [Times: user=0.00 sys=0.00, real=0.01 secs] 
26.542: [GC26.542: [DefNew: 416K->33K(448K), 0.0001680 secs] 13168K->12789K(1048512K), 0.0002180 secs] [Times: user=0.00 sys=0.00, real=0.00 secs] 
26.551: [GC26.551: [DefNew: 417K->33K(448K), 0.0001470 secs] 13172K->12793K(1048512K), 0.0001830 secs] [Times: user=0.00 sys=0.00, real=0.00 secs] 
26.561: [GC26.561: [DefNew: 417K->33K(448K), 0.0001820 secs] 13176K->12797K(1048512K), 0.0002340 secs] [Times: user=0.00 sys=0.00, real=0.00 secs] 
26.570: [GC26.570: [DefNew: 417K->33K(448K), 0.0001700 secs] 13181K->12801K(1048512K), 0.0002090 secs] [Times: user=0.00 sys=0.00, real=0.00 secs] 
26.580: [GC26.580: [DefNew: 417K->33K(448K), 0.0001690 secs] 13185K->12805K(1048512K), 0.0002070 secs] [Times: user=0.00 sys=0.00, real=0.00 secs] 
26.589: [GC26.589: [DefNew: 417K->34K(448K), 0.0001640 secs] 13189K->12810K(1048512K), 0.0002050 secs] [Times: user=0.01 sys=0.00, real=0.00 secs] 
26.598: [GC26.598: [DefNew: 418K->34K(448K), 0.0001740 secs] 13194K->12814K(1048512K), 0.0002160 secs] [Times: user=0.00 sys=0.00, real=0.00 secs] 
26.606: [GC26.606: [DefNew: 418K->33K(448K), 0.0001930 secs] 13198K->12817K(1048512K), 0.0002550 secs] [Times: user=0.00 sys=0.00, real=0.00 secs] 
26.615: [GC26.615: [DefNew: 417K->33K(448K), 0.0001680 secs] 13201K->12822K(1048512K), 0.0002040 secs] [Times: user=0.00 sys=0.00, real=0.00 secs] 
26.625: [GC26.625: [DefNew: 417K->33K(448K), 0.0002080 secs] 13206K->12826K(1048512K), 0.0002660 secs] [Times: user=0.00 sys=0.00, real=0.00 secs] 
26.634: [GC26.634: [DefNew: 417K->33K(448K), 0.0001880 secs] 13210K->12830K(1048512K), 0.0002490 secs] [Times: user=0.00 sys=0.01, real=0.00 secs] 
26.643: [GC26.643: [DefNew: 417K->34K(448K), 0.0002080 secs] 13214K->12835K(1048512K), 0.0002620 secs] [Times: user=0.00 sys=0.00, real=0.00 secs] 
26.652: [GC26.652: [DefNew: 417K->33K(448K), 0.0001500 secs] 13218K->12839K(1048512K), 0.0002120 secs] [Times: user=0.00 sys=0.00, real=0.00 secs] 
26.662: [GC26.662: [DefNew: 417K->33K(448K), 0.0001960 secs] 13222K->12843K(1048512K), 0.0002400 secs] [Times: user=0.00 sys=0.00, real=0.00 secs] 
26.671: [GC26.671: [DefNew: 417K->33K(448K), 0.0001770 secs] 13226K->12847K(1048512K), 0.0002160 secs] [Times: user=0.00 sys=0.00, real=0.00 secs] 
26.680: [GC26.680: [DefNew: 417K->34K(448K), 0.0001870 secs] 13230K->12851K(1048512K), 0.0002350 secs] [Times: user=0.00 sys=0.00, real=0.00 secs] 
26.690: [GC26.690: [DefNew: 418K->33K(448K), 0.0001800 secs] 13235K->12855K(1048512K), 0.0002230 secs] [Times: user=0.00 sys=0.00, real=0.00 secs] 
26.699: [GC26.699: [DefNew: 417K->33K(448K), 0.0002170 secs] 13239K->12859K(1048512K), 0.0002850 secs] [Times: user=0.00 sys=0.00, real=0.00 secs] 
26.708: [GC26.708: [DefNew: 417K->33K(448K), 0.0002010 secs] 13243K->12863K(1048512K), 0.0002590 secs] [Times: user=0.00 sys=0.00, real=0.00 secs] 
26.716: [GC26.716: [DefNew: 417K->32K(448K), 0.0002030 secs] 13247K->12867K(1048512K), 0.0002650 secs] [Times: user=0.00 sys=0.00, real=0.00 secs] 
26.726: [GC26.726: [DefNew: 416K->33K(448K), 0.0002030 secs] 13251K->12871K(1048512K), 0.0002500 secs] [Times: user=0.00 sys=0.00, real=0.00 secs] 
26.734: [GC26.734: [DefNew: 416K->33K(448K), 0.0002270 secs] 13255K->12875K(1048512K), 0.0002950 secs] [Times: user=0.00 sys=0.00, real=0.00 secs] 
26.743: [GC26.743: [DefNew: 416K->33K(448K), 0.0002030 secs] 13259K->12879K(1048512K), 0.0002580 secs] [Times: user=0.00 sys=0.00, real=0.00 secs] 
26.752: [GC26.752: [DefNew: 416K->33K(448K), 0.0001880 secs] 13263K->12884K(1048512K), 0.0002420 secs] [Times: user=0.00 sys=0.00, real=0.00 secs] 
26.761: [GC26.761: [DefNew: 416K->33K(448K), 0.0001910 secs] 13267K->12888K(1048512K), 0.0002400 secs] [Times: user=0.00 sys=0.00, real=0.00 secs] 
26.770: [GC26.770: [DefNew: 416K->33K(448K), 0.0001570 secs] 13271K->12892K(1048512K), 0.0001950 secs] [Times: user=0.00 sys=0.00, real=0.00 secs] 
26.779: [GC26.779: [DefNew: 416K->33K(448K), 0.0002090 secs] 13275K->12896K(1048512K), 0.0002720 secs] [Times: user=0.00 sys=0.00, real=0.00 secs] 
26.788: [GC26.788: [DefNew: 417K->34K(448K), 0.0002100 secs] 13280K->12901K(1048512K), 0.0002690 secs] [Times: user=0.00 sys=0.00, real=0.00 secs] 
26.798: [GC26.798: [DefNew: 418K->34K(448K), 0.0001470 secs] 13285K->12906K(1048512K), 0.0001870 secs] [Times: user=0.00 sys=0.00, real=0.00 secs] 
26.807: [GC26.807: [DefNew: 418K->34K(448K), 0.0001560 secs] 13290K->12909K(1048512K), 0.0001990 secs] [Times: user=0.00 sys=0.00, real=0.00 secs] 
26.816: [GC26.816: [DefNew: 418K->34K(448K), 0.0001660 secs] 13293K->12913K(1048512K), 0.0002090 secs] [Times: user=0.00 sys=0.00, real=0.00 secs] 
26.823: [GC26.823: [DefNew: 418K->34K(448K), 0.0002040 secs] 13297K->12917K(1048512K), 0.0002540 secs] [Times: user=0.00 sys=0.00, real=0.00 secs] 
26.833: [GC26.833: [DefNew: 418K->34K(448K), 0.0002430 secs] 13301K->12921K(1048512K), 0.0003080 secs] [Times: user=0.00 sys=0.00, real=0.00 secs] 
26.841: [GC26.842: [DefNew: 418K->34K(448K), 0.0003390 secs] 13305K->12926K(1048512K), 0.0004340 secs] [Times: user=0.00 sys=0.00, real=0.00 secs] 
26.850: [GC26.850: [DefNew: 418K->35K(448K), 0.0002210 secs] 13310K->12931K(1048512K), 0.0002810 secs] [Times: user=0.00 sys=0.00, real=0.00 secs] 
26.860: [GC26.860: [DefNew: 419K->34K(448K), 0.0001970 secs] 13315K->12936K(1048512K), 0.0002420 secs] [Times: user=0.00 sys=0.00, real=0.00 secs] 
26.868: [GC26.869: [DefNew: 418K->34K(448K), 0.0001340 secs] 13320K->12940K(1048512K), 0.0001870 secs] [Times: user=0.00 sys=0.00, real=0.00 secs] 
26.878: [GC26.878: [DefNew: 418K->35K(448K), 0.0001570 secs] 13324K->12944K(1048512K), 0.0002000 secs] [Times: user=0.00 sys=0.00, real=0.00 secs] 
26.887: [GC26.887: [DefNew: 419K->34K(448K), 0.0001560 secs] 13328K->12948K(1048512K), 0.0001980 secs] [Times: user=0.00 sys=0.00, real=0.00 secs] 
26.896: [GC26.896: [DefNew: 418K->35K(448K), 0.0001650 secs] 13332K->12952K(1048512K), 0.0002080 secs] [Times: user=0.00 sys=0.00, real=0.00 secs] 
26.905: [GC26.905: [DefNew: 419K->34K(448K), 0.0002210 secs] 13336K->12956K(1048512K), 0.0002850 secs] [Times: user=0.00 sys=0.00, real=0.00 secs] 
26.914: [GC26.914: [DefNew: 418K->34K(448K), 0.0001930 secs] 13340K->12960K(1048512K), 0.0002420 secs] [Times: user=0.00 sys=0.00, real=0.00 secs] 
26.922: [GC26.922: [DefNew: 418K->33K(448K), 0.0001570 secs] 13344K->12964K(1048512K), 0.0001960 secs] [Times: user=0.00 sys=0.00, real=0.00 secs] 
26.931: [GC26.931: [DefNew: 417K->33K(448K), 0.0002080 secs] 13348K->12968K(1048512K), 0.0002880 secs] [Times: user=0.00 sys=0.00, real=0.00 secs] 
26.940: [GC26.940: [DefNew: 417K->32K(448K), 0.0001810 secs] 13352K->12972K(1048512K), 0.0002210 secs] [Times: user=0.00 sys=0.00, real=0.00 secs] 
26.949: [GC26.949: [DefNew: 416K->32K(448K), 0.0001920 secs] 13356K->12976K(1048512K), 0.0002400 secs] [Times: user=0.00 sys=0.00, real=0.00 secs] 
26.958: [GC26.958: [DefNew: 415K->33K(448K), 0.0001750 secs] 13360K->12981K(1048512K), 0.0002210 secs] [Times: user=0.00 sys=0.00, real=0.00 secs] 
26.968: [GC26.968: [DefNew: 417K->33K(448K), 0.0002140 secs] 13365K->12985K(1048512K), 0.0002690 secs] [Times: user=0.00 sys=0.00, real=0.00 secs] 
26.977: [GC26.977: [DefNew: 417K->34K(448K), 0.0002060 secs] 13369K->12990K(1048512K), 0.0002670 secs] [Times: user=0.00 sys=0.00, real=0.00 secs] 
26.986: [GC26.986: [DefNew: 418K->34K(448K), 0.0002000 secs] 13374K->12994K(1048512K), 0.0002480 secs] [Times: user=0.00 sys=0.00, real=0.00 secs] 
26.995: [GC26.995: [DefNew: 418K->34K(448K), 0.0001630 secs] 13378K->12998K(1048512K), 0.0002060 secs] [Times: user=0.00 sys=0.00, real=0.00 secs] 
27.004: [GC27.004: [DefNew: 418K->34K(448K), 0.0001980 secs] 13382K->13002K(1048512K), 0.0002530 secs] [Times: user=0.00 sys=0.00, real=0.00 secs] 
27.013: [GC27.013: [DefNew: 418K->34K(448K), 0.0001980 secs] 13386K->13006K(1048512K), 0.0002510 secs] [Times: user=0.00 sys=0.00, real=0.00 secs] 
27.021: [GC27.021: [DefNew: 418K->33K(448K), 0.0001970 secs] 13390K->13010K(1048512K), 0.0002430 secs] [Times: user=0.00 sys=0.00, real=0.00 secs] 
27.030: [GC27.030: [DefNew: 417K->33K(448K), 0.0001730 secs] 13394K->13014K(1048512K), 0.0002260 secs] [Times: user=0.00 sys=0.00, real=0.00 secs] 
27.039: [GC27.039: [DefNew: 417K->32K(448K), 0.0002060 secs] 13398K->13018K(1048512K), 0.0002650 secs] [Times: user=0.00 sys=0.00, real=0.00 secs] 
27.048: [GC27.048: [DefNew: 416K->31K(448K), 0.0003490 secs] 13402K->13022K(1048512K), 0.0004450 secs] [Times: user=0.00 sys=0.00, real=0.00 secs] 
27.057: [GC27.057: [DefNew: 415K->35K(448K), 0.0001650 secs] 13405K->13026K(1048512K), 0.0002100 secs] [Times: user=0.00 sys=0.00, real=0.00 secs] 
27.066: [GC27.066: [DefNew: 419K->36K(448K), 0.0001410 secs] 13410K->13030K(1048512K), 0.0001920 secs] [Times: user=0.00 sys=0.00, real=0.00 secs] 
27.075: [GC27.075: [DefNew: 420K->32K(448K), 0.0001460 secs] 13414K->13034K(1048512K), 0.0001850 secs] [Times: user=0.00 sys=0.00, real=0.00 secs] 
27.084: [GC27.084: [DefNew: 416K->32K(448K), 0.0002960 secs] 13418K->13038K(1048512K), 0.0003780 secs] [Times: user=0.00 sys=0.00, real=0.00 secs] 
27.094: [GC27.094: [DefNew: 416K->33K(448K), 0.0002060 secs] 13422K->13043K(1048512K), 0.0002570 secs] [Times: user=0.00 sys=0.00, real=0.00 secs] 
27.103: [GC27.103: [DefNew: 417K->34K(448K), 0.0001800 secs] 13427K->13048K(1048512K), 0.0002170 secs] [Times: user=0.00 sys=0.00, real=0.00 secs] 
27.113: [GC27.113: [DefNew: 418K->34K(448K), 0.0001890 secs] 13432K->13052K(1048512K), 0.0002360 secs] [Times: user=0.00 sys=0.00, real=0.00 secs] 
27.121: [GC27.121: [DefNew: 418K->34K(448K), 0.0001740 secs] 13436K->13055K(1048512K), 0.0002140 secs] [Times: user=0.00 sys=0.00, real=0.00 secs] 
27.130: [GC27.130: [DefNew: 418K->33K(448K), 0.0001690 secs] 13439K->13059K(1048512K), 0.0002060 secs] [Times: user=0.00 sys=0.00, real=0.00 secs] 
27.140: [GC27.140: [DefNew: 417K->33K(448K), 0.0001740 secs] 13443K->13063K(1048512K), 0.0002220 secs] [Times: user=0.00 sys=0.00, real=0.00 secs] 
27.149: [GC27.149: [DefNew: 417K->34K(448K), 0.0001690 secs] 13447K->13068K(1048512K), 0.0002070 secs] [Times: user=0.00 sys=0.00, real=0.00 secs] 
27.158: [GC27.158: [DefNew: 417K->33K(448K), 0.0001660 secs] 13452K->13072K(1048512K), 0.0002020 secs] [Times: user=0.00 sys=0.00, real=0.00 secs] 
27.167: [GC27.167: [DefNew: 417K->33K(448K), 0.0001710 secs] 13456K->13076K(1048512K), 0.0002090 secs] [Times: user=0.00 sys=0.00, real=0.00 secs] 
27.176: [GC27.176: [DefNew: 417K->33K(448K), 0.0002000 secs] 13460K->13080K(1048512K), 0.0002490 secs] [Times: user=0.00 sys=0.00, real=0.00 secs] 
27.185: [GC27.185: [DefNew: 416K->33K(448K), 0.0001750 secs] 13464K->13084K(1048512K), 0.0002140 secs] [Times: user=0.00 sys=0.01, real=0.00 secs] 
27.195: [GC27.195: [DefNew: 417K->33K(448K), 0.0001820 secs] 13468K->13089K(1048512K), 0.0002220 secs] [Times: user=0.00 sys=0.00, real=0.00 secs] 
27.204: [GC27.204: [DefNew: 417K->33K(448K), 0.0001820 secs] 13473K->13093K(1048512K), 0.0002230 secs] [Times: user=0.00 sys=0.00, real=0.00 secs] 
27.213: [GC27.213: [DefNew: 417K->33K(448K), 0.0001810 secs] 13477K->13097K(1048512K), 0.0002230 secs] [Times: user=0.00 sys=0.00, real=0.00 secs] 
27.222: [GC27.222: [DefNew: 417K->33K(448K), 0.0001820 secs] 13481K->13101K(1048512K), 0.0002200 secs] [Times: user=0.00 sys=0.00, real=0.00 secs] 
27.231: [GC27.231: [DefNew: 417K->34K(448K), 0.0001690 secs] 13485K->13106K(1048512K), 0.0002060 secs] [Times: user=0.00 sys=0.00, real=0.00 secs] 
27.240: [GC27.240: [DefNew: 418K->34K(448K), 0.0001690 secs] 13490K->13110K(1048512K), 0.0002040 secs] [Times: user=0.00 sys=0.00, real=0.00 secs] 
27.249: [GC27.249: [DefNew: 418K->34K(448K), 0.0001430 secs] 13494K->13114K(1048512K), 0.0001790 secs] [Times: user=0.00 sys=0.00, real=0.00 secs] 
27.259: [GC27.259: [DefNew: 418K->34K(448K), 0.0002030 secs] 13498K->13119K(1048512K), 0.0002720 secs] [Times: user=0.00 sys=0.00, real=0.00 secs] 
27.268: [GC27.268: [DefNew: 418K->34K(448K), 0.0001580 secs] 13502K->13123K(1048512K), 0.0001970 secs] [Times: user=0.00 sys=0.00, real=0.00 secs] 
27.277: [GC27.277: [DefNew: 418K->34K(448K), 0.0001690 secs] 13506K->13127K(1048512K), 0.0002150 secs] [Times: user=0.00 sys=0.00, real=0.00 secs] 
27.287: [GC27.287: [DefNew: 418K->34K(448K), 0.0001510 secs] 13511K->13131K(1048512K), 0.0001900 secs] [Times: user=0.00 sys=0.00, real=0.00 secs] 
27.296: [GC27.296: [DefNew: 418K->34K(448K), 0.0001920 secs] 13515K->13135K(1048512K), 0.0002380 secs] [Times: user=0.00 sys=0.00, real=0.00 secs] 
27.305: [GC27.305: [DefNew: 418K->34K(448K), 0.0001930 secs] 13519K->13139K(1048512K), 0.0002380 secs] [Times: user=0.00 sys=0.00, real=0.00 secs] 
27.315: [GC27.315: [DefNew: 418K->33K(448K), 0.0001740 secs] 13523K->13143K(1048512K), 0.0002230 secs] [Times: user=0.00 sys=0.00, real=0.00 secs] 
27.324: [GC27.324: [DefNew: 417K->33K(448K), 0.0001730 secs] 13527K->13147K(1048512K), 0.0002090 secs] [Times: user=0.00 sys=0.00, real=0.00 secs] 
27.331: [GC27.332: [DefNew: 417K->33K(448K), 0.0002250 secs] 13531K->13151K(1048512K), 0.0002810 secs] [Times: user=0.00 sys=0.00, real=0.00 secs] 
27.341: [GC27.341: [DefNew: 417K->33K(448K), 0.0001840 secs] 13535K->13156K(1048512K), 0.0002370 secs] [Times: user=0.00 sys=0.00, real=0.00 secs] 
27.350: [GC27.350: [DefNew: 417K->33K(448K), 0.0001380 secs] 13540K->13160K(1048512K), 0.0001930 secs] [Times: user=0.00 sys=0.00, real=0.00 secs] 
27.358: [GC27.359: [DefNew: 417K->33K(448K), 0.0001490 secs] 13544K->13164K(1048512K), 0.0001900 secs] [Times: user=0.00 sys=0.00, real=0.00 secs] 
27.368: [GC27.368: [DefNew: 417K->34K(448K), 0.0001720 secs] 13548K->13169K(1048512K), 0.0002190 secs] [Times: user=0.00 sys=0.00, real=0.00 secs] 
27.377: [GC27.377: [DefNew: 418K->34K(448K), 0.0001750 secs] 13553K->13173K(1048512K), 0.0002300 secs] [Times: user=0.00 sys=0.00, real=0.00 secs] 
27.386: [GC27.386: [DefNew: 418K->33K(448K), 0.0001840 secs] 13557K->13177K(1048512K), 0.0002280 secs] [Times: user=0.00 sys=0.00, real=0.00 secs] 
27.395: [GC27.395: [DefNew: 417K->33K(448K), 0.0001950 secs] 13561K->13181K(1048512K), 0.0002680 secs] [Times: user=0.00 sys=0.00, real=0.00 secs] 
27.404: [GC27.404: [DefNew: 417K->33K(448K), 0.0001660 secs] 13565K->13185K(1048512K), 0.0002150 secs] [Times: user=0.00 sys=0.00, real=0.00 secs] 
27.414: [GC27.414: [DefNew: 417K->34K(448K), 0.0001910 secs] 13569K->13190K(1048512K), 0.0002350 secs] [Times: user=0.00 sys=0.00, real=0.00 secs] 
27.422: [GC27.422: [DefNew: 418K->33K(448K), 0.0001830 secs] 13574K->13193K(1048512K), 0.0002210 secs] [Times: user=0.00 sys=0.00, real=0.00 secs] 
27.431: [GC27.431: [DefNew: 417K->32K(448K), 0.0001930 secs] 13577K->13197K(1048512K), 0.0002330 secs] [Times: user=0.00 sys=0.00, real=0.00 secs] 
27.440: [GC27.440: [DefNew: 416K->32K(448K), 0.0001790 secs] 13581K->13201K(1048512K), 0.0002360 secs] [Times: user=0.00 sys=0.00, real=0.00 secs] 
27.449: [GC27.449: [DefNew: 416K->32K(448K), 0.0002100 secs] 13585K->13205K(1048512K), 0.0002730 secs] [Times: user=0.00 sys=0.00, real=0.00 secs] 
27.458: [GC27.458: [DefNew: 416K->32K(448K), 0.0001700 secs] 13589K->13209K(1048512K), 0.0002160 secs] [Times: user=0.00 sys=0.00, real=0.00 secs] 
27.467: [GC27.468: [DefNew: 416K->33K(448K), 0.0003590 secs] 13593K->13213K(1048512K), 0.0004340 secs] [Times: user=0.00 sys=0.00, real=0.00 secs] 
27.477: [GC27.477: [DefNew: 417K->33K(448K), 0.0001730 secs] 13597K->13218K(1048512K), 0.0002450 secs] [Times: user=0.00 sys=0.00, real=0.00 secs] 
27.486: [GC27.486: [DefNew: 417K->33K(448K), 0.0001450 secs] 13602K->13222K(1048512K), 0.0001890 secs] [Times: user=0.00 sys=0.00, real=0.00 secs] 
27.496: [GC27.496: [DefNew: 417K->34K(448K), 0.0001480 secs] 13606K->13227K(1048512K), 0.0001830 secs] [Times: user=0.00 sys=0.00, real=0.00 secs] 
27.505: [GC27.505: [DefNew: 418K->34K(448K), 0.0001440 secs] 13611K->13231K(1048512K), 0.0001900 secs] [Times: user=0.00 sys=0.00, real=0.00 secs] 
27.514: [GC27.514: [DefNew: 418K->34K(448K), 0.0001950 secs] 13615K->13235K(1048512K), 0.0002390 secs] [Times: user=0.00 sys=0.00, real=0.00 secs] 
27.522: [GC27.522: [DefNew: 418K->34K(448K), 0.0001710 secs] 13619K->13239K(1048512K), 0.0002430 secs] [Times: user=0.00 sys=0.00, real=0.00 secs] 
27.531: [GC27.531: [DefNew: 418K->34K(448K), 0.0001830 secs] 13623K->13243K(1048512K), 0.0002400 secs] [Times: user=0.00 sys=0.00, real=0.00 secs] 
27.541: [GC27.541: [DefNew: 418K->34K(448K), 0.0004870 secs] 13627K->13248K(1048512K), 0.0005980 secs] [Times: user=0.00 sys=0.00, real=0.00 secs] 
27.550: [GC27.550: [DefNew: 418K->34K(448K), 0.0001440 secs] 13632K->13252K(1048512K), 0.0001880 secs] [Times: user=0.00 sys=0.00, real=0.00 secs] 
27.559: [GC27.559: [DefNew: 418K->34K(448K), 0.0001570 secs] 13636K->13257K(1048512K), 0.0001990 secs] [Times: user=0.00 sys=0.00, real=0.00 secs] 
27.568: [GC27.568: [DefNew: 418K->34K(448K), 0.0001620 secs] 13641K->13261K(1048512K), 0.0002000 secs] [Times: user=0.00 sys=0.00, real=0.00 secs] 
27.577: [GC27.577: [DefNew: 417K->34K(448K), 0.0001600 secs] 13644K->13265K(1048512K), 0.0001980 secs] [Times: user=0.01 sys=0.00, real=0.00 secs] 
27.586: [GC27.586: [DefNew: 418K->35K(448K), 0.0001830 secs] 13649K->13270K(1048512K), 0.0002310 secs] [Times: user=0.00 sys=0.00, real=0.00 secs] 
27.594: [GC27.594: [DefNew: 418K->35K(448K), 0.0001780 secs] 13653K->13274K(1048512K), 0.0002180 secs] [Times: user=0.00 sys=0.00, real=0.00 secs] 
27.603: [GC27.603: [DefNew: 418K->35K(448K), 0.0001870 secs] 13657K->13278K(1048512K), 0.0002290 secs] [Times: user=0.00 sys=0.00, real=0.00 secs] 
27.612: [GC27.612: [DefNew: 419K->34K(448K), 0.0001610 secs] 13662K->13282K(1048512K), 0.0001960 secs] [Times: user=0.00 sys=0.00, real=0.00 secs] 
27.622: [GC27.622: [DefNew: 418K->34K(448K), 0.0001850 secs] 13666K->13286K(1048512K), 0.0002320 secs] [Times: user=0.00 sys=0.00, real=0.00 secs] 
27.630: [GC27.630: [DefNew: 418K->34K(448K), 0.0001760 secs] 13670K->13291K(1048512K), 0.0002160 secs] [Times: user=0.00 sys=0.00, real=0.00 secs] 
27.639: [GC27.639: [DefNew: 418K->34K(448K), 0.0002250 secs] 13675K->13295K(1048512K), 0.0002790 secs] [Times: user=0.00 sys=0.00, real=0.00 secs] 
27.648: [GC27.648: [DefNew: 418K->33K(448K), 0.0001640 secs] 13679K->13299K(1048512K), 0.0002050 secs] [Times: user=0.00 sys=0.00, real=0.00 secs] 
27.657: [GC27.657: [DefNew: 417K->33K(448K), 0.0001580 secs] 13683K->13303K(1048512K), 0.0001920 secs] [Times: user=0.00 sys=0.00, real=0.00 secs] 
27.666: [GC27.666: [DefNew: 417K->33K(448K), 0.0001520 secs] 13687K->13307K(1048512K), 0.0001880 secs] [Times: user=0.00 sys=0.00, real=0.00 secs] 
27.676: [GC27.676: [DefNew: 417K->33K(448K), 0.0002060 secs] 13691K->13312K(1048512K), 0.0002600 secs] [Times: user=0.00 sys=0.00, real=0.00 secs] 
27.685: [GC27.685: [DefNew: 417K->33K(448K), 0.0001600 secs] 13696K->13316K(1048512K), 0.0002000 secs] [Times: user=0.00 sys=0.00, real=0.00 secs] 
27.694: [GC27.694: [DefNew: 417K->33K(448K), 0.0001680 secs] 13700K->13320K(1048512K), 0.0002160 secs] [Times: user=0.00 sys=0.00, real=0.00 secs] 
27.703: [GC27.703: [DefNew: 417K->33K(448K), 0.0001470 secs] 13704K->13324K(1048512K), 0.0002010 secs] [Times: user=0.00 sys=0.00, real=0.00 secs] 
27.712: [GC27.712: [DefNew: 417K->33K(448K), 0.0001460 secs] 13708K->13328K(1048512K), 0.0001920 secs] [Times: user=0.00 sys=0.00, real=0.00 secs] 
27.721: [GC27.721: [DefNew: 417K->32K(448K), 0.0001930 secs] 13712K->13331K(1048512K), 0.0002470 secs] [Times: user=0.00 sys=0.00, real=0.00 secs] 
27.729: [GC27.729: [DefNew: 416K->32K(448K), 0.0001800 secs] 13715K->13335K(1048512K), 0.0002410 secs] [Times: user=0.00 sys=0.00, real=0.00 secs] 
27.738: [GC27.739: [DefNew: 416K->33K(448K), 0.0001790 secs] 13719K->13340K(1048512K), 0.0002200 secs] [Times: user=0.00 sys=0.00, real=0.00 secs] 
27.748: [GC27.748: [DefNew: 417K->33K(448K), 0.0001760 secs] 13724K->13345K(1048512K), 0.0002150 secs] [Times: user=0.00 sys=0.00, real=0.00 secs] 
27.757: [GC27.757: [DefNew: 417K->33K(448K), 0.0001740 secs] 13729K->13349K(1048512K), 0.0002120 secs] [Times: user=0.00 sys=0.00, real=0.00 secs] 
27.766: [GC27.766: [DefNew: 417K->33K(448K), 0.0002640 secs] 13733K->13353K(1048512K), 0.0003180 secs] [Times: user=0.00 sys=0.00, real=0.00 secs] 
27.776: [GC27.776: [DefNew: 417K->34K(448K), 0.0001610 secs] 13737K->13357K(1048512K), 0.0001980 secs] [Times: user=0.00 sys=0.00, real=0.00 secs] 
27.785: [GC27.785: [DefNew: 417K->34K(448K), 0.0001630 secs] 13741K->13361K(1048512K), 0.0001980 secs] [Times: user=0.00 sys=0.00, real=0.00 secs] 
27.795: [GC27.795: [DefNew: 417K->34K(448K), 0.0001670 secs] 13745K->13365K(1048512K), 0.0002030 secs] [Times: user=0.01 sys=0.00, real=0.00 secs] 
27.804: [GC27.804: [DefNew: 417K->34K(448K), 0.0002160 secs] 13749K->13369K(1048512K), 0.0002940 secs] [Times: user=0.00 sys=0.00, real=0.00 secs] 
27.813: [GC27.813: [DefNew: 417K->33K(448K), 0.0001880 secs] 13753K->13373K(1048512K), 0.0002480 secs] [Times: user=0.00 sys=0.00, real=0.00 secs] 
27.823: [GC27.823: [DefNew: 417K->33K(448K), 0.0001940 secs] 13757K->13378K(1048512K), 0.0002450 secs] [Times: user=0.00 sys=0.00, real=0.00 secs] 
27.831: [GC27.831: [DefNew: 417K->33K(448K), 0.0002650 secs] 13762K->13381K(1048512K), 0.0005220 secs] [Times: user=0.00 sys=0.00, real=0.00 secs] 
27.840: [GC27.840: [DefNew: 417K->33K(448K), 0.0001690 secs] 13765K->13386K(1048512K), 0.0002220 secs] [Times: user=0.00 sys=0.00, real=0.00 secs] 
27.849: [GC27.849: [DefNew: 417K->33K(448K), 0.0001540 secs] 13770K->13390K(1048512K), 0.0001940 secs] [Times: user=0.00 sys=0.00, real=0.00 secs] 
27.858: [GC27.858: [DefNew: 417K->33K(448K), 0.0001500 secs] 13774K->13394K(1048512K), 0.0001880 secs] [Times: user=0.00 sys=0.00, real=0.00 secs] 
27.867: [GC27.867: [DefNew: 417K->33K(448K), 0.0001820 secs] 13778K->13398K(1048512K), 0.0002200 secs] [Times: user=0.00 sys=0.00, real=0.00 secs] 
27.876: [GC27.876: [DefNew: 417K->33K(448K), 0.0001610 secs] 13782K->13402K(1048512K), 0.0002010 secs] [Times: user=0.00 sys=0.00, real=0.00 secs] 
27.885: [GC27.885: [DefNew: 416K->33K(448K), 0.0001740 secs] 13785K->13406K(1048512K), 0.0002270 secs] [Times: user=0.00 sys=0.00, real=0.00 secs] 
27.895: [GC27.895: [DefNew: 416K->33K(448K), 0.0001740 secs] 13790K->13411K(1048512K), 0.0002240 secs] [Times: user=0.00 sys=0.00, real=0.00 secs] 
27.904: [GC27.904: [DefNew: 417K->33K(448K), 0.0001500 secs] 13794K->13415K(1048512K), 0.0001890 secs] [Times: user=0.00 sys=0.00, real=0.00 secs] 
27.913: [GC27.913: [DefNew: 417K->34K(448K), 0.0001540 secs] 13798K->13419K(1048512K), 0.0001980 secs] [Times: user=0.00 sys=0.00, real=0.00 secs] 
27.923: [GC27.923: [DefNew: 417K->34K(448K), 0.0001920 secs] 13803K->13423K(1048512K), 0.0002520 secs] [Times: user=0.00 sys=0.00, real=0.00 secs] 
27.932: [GC27.932: [DefNew: 417K->34K(448K), 0.0001890 secs] 13807K->13427K(1048512K), 0.0002330 secs] [Times: user=0.00 sys=0.00, real=0.00 secs] 
27.940: [GC27.940: [DefNew: 417K->33K(448K), 0.0001730 secs] 13811K->13431K(1048512K), 0.0002090 secs] [Times: user=0.00 sys=0.00, real=0.00 secs] 
27.949: [GC27.949: [DefNew: 417K->33K(448K), 0.0001740 secs] 13814K->13435K(1048512K), 0.0002120 secs] [Times: user=0.00 sys=0.00, real=0.00 secs] 
27.959: [GC27.959: [DefNew: 417K->33K(448K), 0.0001770 secs] 13818K->13439K(1048512K), 0.0002170 secs] [Times: user=0.00 sys=0.00, real=0.00 secs] 
27.968: [GC27.968: [DefNew: 417K->33K(448K), 0.0001730 secs] 13823K->13444K(1048512K), 0.0002140 secs] [Times: user=0.00 sys=0.00, real=0.00 secs] 
27.977: [GC27.977: [DefNew: 417K->33K(448K), 0.0001800 secs] 13828K->13448K(1048512K), 0.0002160 secs] [Times: user=0.00 sys=0.00, real=0.00 secs] 
27.986: [GC27.986: [DefNew: 417K->33K(448K), 0.0001820 secs] 13832K->13452K(1048512K), 0.0002260 secs] [Times: user=0.00 sys=0.00, real=0.00 secs] 
27.996: [GC27.996: [DefNew: 417K->33K(448K), 0.0001960 secs] 13836K->13456K(1048512K), 0.0002510 secs] [Times: user=0.01 sys=0.00, real=0.00 secs] 
28.005: [GC28.005: [DefNew: 417K->33K(448K), 0.0001760 secs] 13840K->13460K(1048512K), 0.0002150 secs] [Times: user=0.00 sys=0.00, real=0.00 secs] 
28.014: [GC28.014: [DefNew: 417K->34K(448K), 0.0001840 secs] 13844K->13464K(1048512K), 0.0002290 secs] [Times: user=0.00 sys=0.00, real=0.00 secs] 
28.024: [GC28.024: [DefNew: 418K->34K(448K), 0.0001650 secs] 13848K->13469K(1048512K), 0.0002120 secs] [Times: user=0.00 sys=0.00, real=0.00 secs] 
28.033: [GC28.033: [DefNew: 418K->33K(448K), 0.0002130 secs] 13853K->13473K(1048512K), 0.0002610 secs] [Times: user=0.00 sys=0.00, real=0.00 secs] 
28.041: [GC28.041: [DefNew: 417K->33K(448K), 0.0001700 secs] 13857K->13476K(1048512K), 0.0002070 secs] [Times: user=0.00 sys=0.00, real=0.00 secs] 
28.050: [GC28.050: [DefNew: 417K->33K(448K), 0.0001750 secs] 13860K->13480K(1048512K), 0.0002170 secs] [Times: user=0.00 sys=0.00, real=0.00 secs] 
28.059: [GC28.059: [DefNew: 417K->33K(448K), 0.0001880 secs] 13864K->13485K(1048512K), 0.0002310 secs] [Times: user=0.00 sys=0.00, real=0.00 secs] 
28.068: [GC28.068: [DefNew: 417K->33K(448K), 0.0001930 secs] 13869K->13489K(1048512K), 0.0002340 secs] [Times: user=0.00 sys=0.00, real=0.00 secs] 
28.078: [GC28.078: [DefNew: 417K->33K(448K), 0.0002060 secs] 13873K->13493K(1048512K), 0.0002750 secs] [Times: user=0.00 sys=0.00, real=0.00 secs] 
28.087: [GC28.087: [DefNew: 417K->33K(448K), 0.0001760 secs] 13877K->13497K(1048512K), 0.0002170 secs] [Times: user=0.00 sys=0.00, real=0.00 secs] 
28.097: [GC28.097: [DefNew: 417K->33K(448K), 0.0001800 secs] 13881K->13502K(1048512K), 0.0002370 secs] [Times: user=0.00 sys=0.00, real=0.00 secs] 
28.106: [GC28.106: [DefNew: 417K->33K(448K), 0.0001780 secs] 13886K->13506K(1048512K), 0.0002230 secs] [Times: user=0.00 sys=0.00, real=0.00 secs] 
28.115: [GC28.115: [DefNew: 417K->34K(448K), 0.0001670 secs] 13890K->13510K(1048512K), 0.0002120 secs] [Times: user=0.00 sys=0.00, real=0.00 secs] 
28.124: [GC28.124: [DefNew: 418K->33K(448K), 0.0001490 secs] 13894K->13514K(1048512K), 0.0001850 secs] [Times: user=0.00 sys=0.00, real=0.00 secs] 
28.134: [GC28.134: [DefNew: 417K->33K(448K), 0.0001960 secs] 13898K->13518K(1048512K), 0.0002420 secs] [Times: user=0.00 sys=0.00, real=0.00 secs] 
28.142: [GC28.142: [DefNew: 417K->32K(448K), 0.0001860 secs] 13902K->13521K(1048512K), 0.0002300 secs] [Times: user=0.00 sys=0.00, real=0.00 secs] 
28.151: [GC28.151: [DefNew: 416K->33K(448K), 0.0001760 secs] 13905K->13526K(1048512K), 0.0002170 secs] [Times: user=0.00 sys=0.00, real=0.00 secs] 
28.160: [GC28.160: [DefNew: 417K->32K(448K), 0.0001780 secs] 13910K->13530K(1048512K), 0.0002150 secs] [Times: user=0.00 sys=0.00, real=0.00 secs] 
28.169: [GC28.169: [DefNew: 416K->32K(448K), 0.0001770 secs] 13914K->13534K(1048512K), 0.0002200 secs] [Times: user=0.00 sys=0.00, real=0.00 secs] 
28.179: [GC28.179: [DefNew: 416K->33K(448K), 0.0001800 secs] 13918K->13539K(1048512K), 0.0002240 secs] [Times: user=0.00 sys=0.00, real=0.00 secs] 
28.188: [GC28.188: [DefNew: 417K->33K(448K), 0.0002170 secs] 13923K->13543K(1048512K), 0.0002700 secs] [Times: user=0.00 sys=0.00, real=0.00 secs] 
28.197: [GC28.197: [DefNew: 416K->33K(448K), 0.0001810 secs] 13926K->13547K(1048512K), 0.0002180 secs] [Times: user=0.00 sys=0.00, real=0.00 secs] 
28.207: [GC28.207: [DefNew: 416K->33K(448K), 0.0001720 secs] 13930K->13551K(1048512K), 0.0002100 secs] [Times: user=0.00 sys=0.00, real=0.00 secs] 
28.216: [GC28.216: [DefNew: 417K->34K(448K), 0.0001750 secs] 13935K->13555K(1048512K), 0.0002130 secs] [Times: user=0.00 sys=0.00, real=0.00 secs] 
28.225: [GC28.225: [DefNew: 417K->34K(448K), 0.0001610 secs] 13939K->13560K(1048512K), 0.0001940 secs] [Times: user=0.00 sys=0.00, real=0.00 secs] 
28.234: [GC28.234: [DefNew: 418K->34K(448K), 0.0001650 secs] 13944K->13564K(1048512K), 0.0002020 secs] [Times: user=0.00 sys=0.00, real=0.00 secs] 
28.244: [GC28.244: [DefNew: 418K->34K(448K), 0.0001830 secs] 13948K->13569K(1048512K), 0.0002200 secs] [Times: user=0.00 sys=0.00, real=0.00 secs] 
28.252: [GC28.252: [DefNew: 418K->34K(448K), 0.0001810 secs] 13953K->13572K(1048512K), 0.0002250 secs] [Times: user=0.00 sys=0.00, real=0.00 secs] 
28.261: [GC28.261: [DefNew: 418K->34K(448K), 0.0001790 secs] 13956K->13576K(1048512K), 0.0002190 secs] [Times: user=0.00 sys=0.00, real=0.00 secs] 
28.270: [GC28.270: [DefNew: 418K->33K(448K), 0.0001690 secs] 13960K->13580K(1048512K), 0.0002070 secs] [Times: user=0.00 sys=0.00, real=0.00 secs] 
28.279: [GC28.279: [DefNew: 417K->34K(448K), 0.0001740 secs] 13964K->13585K(1048512K), 0.0002150 secs] [Times: user=0.00 sys=0.00, real=0.00 secs] 
28.289: [GC28.289: [DefNew: 418K->34K(448K), 0.0001690 secs] 13969K->13589K(1048512K), 0.0002140 secs] [Times: user=0.00 sys=0.00, real=0.00 secs] 
28.298: [GC28.298: [DefNew: 418K->33K(448K), 0.0001710 secs] 13973K->13593K(1048512K), 0.0002150 secs] [Times: user=0.00 sys=0.00, real=0.00 secs] 
28.307: [GC28.307: [DefNew: 417K->33K(448K), 0.0001950 secs] 13977K->13597K(1048512K), 0.0002480 secs] [Times: user=0.00 sys=0.00, real=0.00 secs] 
28.316: [GC28.316: [DefNew: 416K->33K(448K), 0.0001540 secs] 13981K->13601K(1048512K), 0.0001940 secs] [Times: user=0.00 sys=0.00, real=0.00 secs] 
28.326: [GC28.326: [DefNew: 416K->34K(448K), 0.0001490 secs] 13985K->13606K(1048512K), 0.0001860 secs] [Times: user=0.00 sys=0.00, real=0.00 secs] 
28.335: [GC28.335: [DefNew: 417K->34K(448K), 0.0001780 secs] 13989K->13610K(1048512K), 0.0002320 secs] [Times: user=0.00 sys=0.00, real=0.00 secs] 
28.344: [GC28.344: [DefNew: 417K->34K(448K), 0.0002710 secs] 13993K->13614K(1048512K), 0.0003480 secs] [Times: user=0.00 sys=0.01, real=0.00 secs] 
28.352: [GC28.352: [DefNew: 417K->33K(448K), 0.0001550 secs] 13997K->13618K(1048512K), 0.0001960 secs] [Times: user=0.00 sys=0.00, real=0.01 secs] 
28.361: [GC28.362: [DefNew: 416K->33K(448K), 0.0001650 secs] 14001K->13622K(1048512K), 0.0002210 secs] [Times: user=0.00 sys=0.00, real=0.00 secs] 
28.371: [GC28.371: [DefNew: 417K->34K(448K), 0.0001660 secs] 14006K->13627K(1048512K), 0.0002060 secs] [Times: user=0.00 sys=0.00, real=0.00 secs] 
28.380: [GC28.380: [DefNew: 417K->34K(448K), 0.0001460 secs] 14010K->13631K(1048512K), 0.0001800 secs] [Times: user=0.00 sys=0.00, real=0.00 secs] 
28.390: [GC28.390: [DefNew: 417K->34K(448K), 0.0001910 secs] 14014K->13636K(1048512K), 0.0002350 secs] [Times: user=0.00 sys=0.00, real=0.00 secs] 
28.399: [GC28.399: [DefNew: 417K->34K(448K), 0.0001590 secs] 14019K->13639K(1048512K), 0.0001990 secs] [Times: user=0.00 sys=0.00, real=0.00 secs] 
28.408: [GC28.408: [DefNew: 417K->34K(448K), 0.0002030 secs] 14023K->13643K(1048512K), 0.0002640 secs] [Times: user=0.00 sys=0.00, real=0.00 secs] 
28.417: [GC28.417: [DefNew: 418K->34K(448K), 0.0001590 secs] 14027K->13648K(1048512K), 0.0002130 secs] [Times: user=0.00 sys=0.00, real=0.00 secs] 
28.426: [GC28.426: [DefNew: 418K->34K(448K), 0.0001500 secs] 14032K->13652K(1048512K), 0.0001880 secs] [Times: user=0.01 sys=0.00, real=0.00 secs] 
28.435: [GC28.435: [DefNew: 418K->33K(448K), 0.0001880 secs] 14036K->13656K(1048512K), 0.0002410 secs] [Times: user=0.00 sys=0.00, real=0.00 secs] 
28.445: [GC28.445: [DefNew: 417K->34K(448K), 0.0001790 secs] 14040K->13661K(1048512K), 0.0002220 secs] [Times: user=0.00 sys=0.00, real=0.00 secs] 
28.454: [GC28.454: [DefNew: 418K->33K(448K), 0.0001960 secs] 14045K->13665K(1048512K), 0.0002540 secs] [Times: user=0.00 sys=0.00, real=0.00 secs] 
28.463: [GC28.463: [DefNew: 417K->33K(448K), 0.0001760 secs] 14049K->13669K(1048512K), 0.0002630 secs] [Times: user=0.00 sys=0.00, real=0.00 secs] 
28.471: [GC28.471: [DefNew: 417K->33K(448K), 0.0001860 secs] 14053K->13672K(1048512K), 0.0002300 secs] [Times: user=0.00 sys=0.00, real=0.00 secs] 
28.480: [GC28.480: [DefNew: 417K->33K(448K), 0.0001930 secs] 14056K->13676K(1048512K), 0.0002450 secs] [Times: user=0.00 sys=0.00, real=0.00 secs] 
28.490: [GC28.490: [DefNew: 417K->33K(448K), 0.0001820 secs] 14060K->13681K(1048512K), 0.0002270 secs] [Times: user=0.00 sys=0.00, real=0.00 secs] 
28.499: [GC28.499: [DefNew: 417K->33K(448K), 0.0001940 secs] 14065K->13685K(1048512K), 0.0002450 secs] [Times: user=0.00 sys=0.00, real=0.00 secs] 
28.508: [GC28.508: [DefNew: 417K->32K(448K), 0.0002850 secs] 14069K->13689K(1048512K), 0.0003500 secs] [Times: user=0.00 sys=0.00, real=0.00 secs] 
28.518: [GC28.518: [DefNew: 416K->33K(448K), 0.0001790 secs] 14073K->13693K(1048512K), 0.0002400 secs] [Times: user=0.00 sys=0.00, real=0.00 secs] 
28.527: [GC28.527: [DefNew: 417K->33K(448K), 0.0001800 secs] 14077K->13698K(1048512K), 0.0002330 secs] [Times: user=0.00 sys=0.00, real=0.00 secs] 
28.536: [GC28.536: [DefNew: 417K->33K(448K), 0.0001690 secs] 14082K->13702K(1048512K), 0.0002220 secs] [Times: user=0.00 sys=0.00, real=0.00 secs] 
28.545: [GC28.545: [DefNew: 417K->34K(448K), 0.0001580 secs] 14086K->13706K(1048512K), 0.0002040 secs] [Times: user=0.00 sys=0.00, real=0.00 secs] 
28.553: [GC28.553: [DefNew: 418K->33K(448K), 0.0001400 secs] 14090K->13710K(1048512K), 0.0001880 secs] [Times: user=0.00 sys=0.00, real=0.00 secs] 
28.561: [GC28.561: [DefNew: 417K->33K(448K), 0.0001880 secs] 14094K->13714K(1048512K), 0.0002290 secs] [Times: user=0.00 sys=0.00, real=0.00 secs] 
28.570: [GC28.571: [DefNew: 417K->34K(448K), 0.0001920 secs] 14098K->13718K(1048512K), 0.0002410 secs] [Times: user=0.00 sys=0.00, real=0.00 secs] 
28.580: [GC28.580: [DefNew: 418K->34K(448K), 0.0001920 secs] 14102K->13723K(1048512K), 0.0002450 secs] [Times: user=0.00 sys=0.00, real=0.00 secs] 
28.589: [GC28.589: [DefNew: 418K->34K(448K), 0.0001690 secs] 14107K->13727K(1048512K), 0.0002070 secs] [Times: user=0.00 sys=0.00, real=0.00 secs] 
28.598: [GC28.599: [DefNew: 418K->34K(448K), 0.0001710 secs] 14111K->13731K(1048512K), 0.0002090 secs] [Times: user=0.00 sys=0.00, real=0.00 secs] 
28.608: [GC28.608: [DefNew: 418K->34K(448K), 0.0001820 secs] 14115K->13736K(1048512K), 0.0002360 secs] [Times: user=0.00 sys=0.00, real=0.00 secs] 
28.617: [GC28.617: [DefNew: 418K->34K(448K), 0.0001890 secs] 14119K->13740K(1048512K), 0.0002360 secs] [Times: user=0.00 sys=0.00, real=0.00 secs] 
28.626: [GC28.626: [DefNew: 418K->34K(448K), 0.0001860 secs] 14123K->13744K(1048512K), 0.0002370 secs] [Times: user=0.00 sys=0.00, real=0.00 secs] 
28.635: [GC28.635: [DefNew: 417K->34K(448K), 0.0001770 secs] 14127K->13748K(1048512K), 0.0002190 secs] [Times: user=0.00 sys=0.00, real=0.00 secs] 
28.645: [GC28.645: [DefNew: 417K->33K(448K), 0.0001790 secs] 14131K->13752K(1048512K), 0.0002290 secs] [Times: user=0.00 sys=0.00, real=0.00 secs] 
28.654: [GC28.654: [DefNew: 417K->33K(448K), 0.0001800 secs] 14135K->13756K(1048512K), 0.0002180 secs] [Times: user=0.00 sys=0.00, real=0.00 secs] 
28.663: [GC28.663: [DefNew: 417K->33K(448K), 0.0001660 secs] 14139K->13760K(1048512K), 0.0002060 secs] [Times: user=0.00 sys=0.00, real=0.00 secs] 
28.671: [GC28.671: [DefNew: 416K->31K(448K), 0.0001500 secs] 14143K->13763K(1048512K), 0.0001950 secs] [Times: user=0.00 sys=0.00, real=0.00 secs] 
28.681: [GC28.681: [DefNew: 415K->37K(448K), 0.0001600 secs] 14147K->13768K(1048512K), 0.0001980 secs] [Times: user=0.00 sys=0.00, real=0.00 secs] 
28.690: [GC28.690: [DefNew: 421K->33K(448K), 0.0002130 secs] 14152K->13772K(1048512K), 0.0002740 secs] [Times: user=0.00 sys=0.00, real=0.00 secs] 
28.699: [GC28.699: [DefNew: 417K->33K(448K), 0.0001880 secs] 14156K->13776K(1048512K), 0.0002370 secs] [Times: user=0.00 sys=0.00, real=0.00 secs] 
28.709: [GC28.709: [DefNew: 417K->33K(448K), 0.0001890 secs] 14160K->13780K(1048512K), 0.0002340 secs] [Times: user=0.00 sys=0.00, real=0.00 secs] 
28.718: [GC28.718: [DefNew: 416K->33K(448K), 0.0002940 secs] 14164K->13784K(1048512K), 0.0003900 secs] [Times: user=0.00 sys=0.00, real=0.00 secs] 
28.727: [GC28.727: [DefNew: 417K->33K(448K), 0.0001920 secs] 14168K->13789K(1048512K), 0.0002440 secs] [Times: user=0.00 sys=0.00, real=0.00 secs] 
28.736: [GC28.736: [DefNew: 417K->33K(448K), 0.0001590 secs] 14173K->13793K(1048512K), 0.0002030 secs] [Times: user=0.00 sys=0.00, real=0.00 secs] 
28.746: [GC28.746: [DefNew: 417K->34K(448K), 0.0001520 secs] 14177K->13797K(1048512K), 0.0001910 secs] [Times: user=0.00 sys=0.00, real=0.00 secs] 
28.755: [GC28.755: [DefNew: 418K->33K(448K), 0.0001790 secs] 14181K->13801K(1048512K), 0.0002190 secs] [Times: user=0.00 sys=0.00, real=0.00 secs] 
28.765: [GC28.765: [DefNew: 417K->33K(448K), 0.0001750 secs] 14185K->13805K(1048512K), 0.0002130 secs] [Times: user=0.00 sys=0.00, real=0.00 secs] 
28.773: [GC28.773: [DefNew: 417K->33K(448K), 0.0001680 secs] 14189K->13809K(1048512K), 0.0002030 secs] [Times: user=0.00 sys=0.00, real=0.00 secs] 
28.782: [GC28.782: [DefNew: 417K->33K(448K), 0.0001640 secs] 14193K->13813K(1048512K), 0.0001990 secs] [Times: user=0.00 sys=0.00, real=0.00 secs] 
28.791: [GC28.791: [DefNew: 417K->33K(448K), 0.0001930 secs] 14197K->13817K(1048512K), 0.0002460 secs] [Times: user=0.00 sys=0.00, real=0.00 secs] 
28.800: [GC28.800: [DefNew: 417K->33K(448K), 0.0001980 secs] 14201K->13821K(1048512K), 0.0002510 secs] [Times: user=0.00 sys=0.00, real=0.00 secs] 
28.809: [GC28.810: [DefNew: 417K->32K(448K), 0.0001700 secs] 14205K->13825K(1048512K), 0.0002100 secs] [Times: user=0.00 sys=0.00, real=0.00 secs] 
28.819: [GC28.819: [DefNew: 416K->33K(448K), 0.0001760 secs] 14209K->13830K(1048512K), 0.0002190 secs] [Times: user=0.00 sys=0.00, real=0.00 secs] 
28.828: [GC28.828: [DefNew: 417K->33K(448K), 0.0001660 secs] 14214K->13834K(1048512K), 0.0002010 secs] [Times: user=0.00 sys=0.00, real=0.00 secs] 
28.838: [GC28.838: [DefNew: 417K->33K(448K), 0.0001920 secs] 14218K->13838K(1048512K), 0.0002470 secs] [Times: user=0.00 sys=0.00, real=0.00 secs] 
28.847: [GC28.847: [DefNew: 417K->34K(448K), 0.0001710 secs] 14222K->13843K(1048512K), 0.0002170 secs] [Times: user=0.00 sys=0.00, real=0.00 secs] 
28.856: [GC28.856: [DefNew: 418K->34K(448K), 0.0001480 secs] 14227K->13847K(1048512K), 0.0001880 secs] [Times: user=0.00 sys=0.00, real=0.00 secs] 
28.865: [GC28.865: [DefNew: 418K->33K(448K), 0.0001970 secs] 14231K->13851K(1048512K), 0.0002470 secs] [Times: user=0.00 sys=0.00, real=0.00 secs] 
28.873: [GC28.873: [DefNew: 417K->33K(448K), 0.0001740 secs] 14235K->13855K(1048512K), 0.0002110 secs] [Times: user=0.00 sys=0.00, real=0.00 secs] 
28.883: [GC28.883: [DefNew: 417K->33K(448K), 0.0001900 secs] 14239K->13859K(1048512K), 0.0002380 secs] [Times: user=0.00 sys=0.00, real=0.00 secs] 
28.892: [GC28.892: [DefNew: 417K->33K(448K), 0.0001960 secs] 14243K->13863K(1048512K), 0.0002470 secs] [Times: user=0.00 sys=0.00, real=0.00 secs] 
28.902: [GC28.902: [DefNew: 417K->33K(448K), 0.0001920 secs] 14247K->13867K(1048512K), 0.0002430 secs] [Times: user=0.00 sys=0.01, real=0.00 secs] 
28.911: [GC28.911: [DefNew: 417K->33K(448K), 0.0001920 secs] 14251K->13871K(1048512K), 0.0002510 secs] [Times: user=0.00 sys=0.00, real=0.00 secs] 
28.920: [GC28.920: [DefNew: 417K->33K(448K), 0.0001840 secs] 14255K->13875K(1048512K), 0.0002300 secs] [Times: user=0.00 sys=0.00, real=0.00 secs] 
28.929: [GC28.929: [DefNew: 416K->33K(448K), 0.0001800 secs] 14259K->13879K(1048512K), 0.0002200 secs] [Times: user=0.00 sys=0.00, real=0.00 secs] 
28.938: [GC28.938: [DefNew: 416K->33K(448K), 0.0001850 secs] 14263K->13883K(1048512K), 0.0002280 secs] [Times: user=0.00 sys=0.00, real=0.00 secs] 
28.948: [GC28.948: [DefNew: 417K->33K(448K), 0.0001810 secs] 14267K->13888K(1048512K), 0.0002230 secs] [Times: user=0.00 sys=0.00, real=0.00 secs] 
28.957: [GC28.957: [DefNew: 417K->33K(448K), 0.0001700 secs] 14272K->13892K(1048512K), 0.0002070 secs] [Times: user=0.00 sys=0.00, real=0.00 secs] 
28.967: [GC28.967: [DefNew: 417K->33K(448K), 0.0001790 secs] 14276K->13896K(1048512K), 0.0002330 secs] [Times: user=0.00 sys=0.00, real=0.00 secs] 
28.975: [GC28.975: [DefNew: 417K->32K(448K), 0.0001960 secs] 14280K->13899K(1048512K), 0.0002460 secs] [Times: user=0.00 sys=0.00, real=0.00 secs] 
28.984: [GC28.984: [DefNew: 416K->32K(448K), 0.0001850 secs] 14283K->13903K(1048512K), 0.0002270 secs] [Times: user=0.00 sys=0.00, real=0.00 secs] 
28.993: [GC28.993: [DefNew: 416K->33K(448K), 0.0001910 secs] 14287K->13908K(1048512K), 0.0002400 secs] [Times: user=0.00 sys=0.00, real=0.00 secs] 
29.002: [GC29.002: [DefNew: 417K->33K(448K), 0.0001780 secs] 14292K->13912K(1048512K), 0.0002150 secs] [Times: user=0.00 sys=0.00, real=0.01 secs] 
29.012: [GC29.012: [DefNew: 417K->33K(448K), 0.0001570 secs] 14296K->13916K(1048512K), 0.0002020 secs] [Times: user=0.00 sys=0.00, real=0.00 secs] 
29.021: [GC29.021: [DefNew: 417K->33K(448K), 0.0002700 secs] 14300K->13920K(1048512K), 0.0003470 secs] [Times: user=0.00 sys=0.00, real=0.00 secs] 
29.031: [GC29.031: [DefNew: 416K->33K(448K), 0.0001520 secs] 14304K->13924K(1048512K), 0.0001900 secs] [Times: user=0.00 sys=0.00, real=0.00 secs] 
29.040: [GC29.040: [DefNew: 416K->33K(448K), 0.0001580 secs] 14308K->13928K(1048512K), 0.0001980 secs] [Times: user=0.00 sys=0.00, real=0.00 secs] 
29.049: [GC29.049: [DefNew: 416K->33K(448K), 0.0001510 secs] 14312K->13932K(1048512K), 0.0001900 secs] [Times: user=0.00 sys=0.00, real=0.00 secs] 
29.058: [GC29.058: [DefNew: 417K->33K(448K), 0.0001500 secs] 14316K->13936K(1048512K), 0.0001870 secs] [Times: user=0.01 sys=0.00, real=0.00 secs] 
29.067: [GC29.067: [DefNew: 417K->33K(448K), 0.0002010 secs] 14320K->13941K(1048512K), 0.0002490 secs] [Times: user=0.00 sys=0.00, real=0.00 secs] 
29.077: [GC29.077: [DefNew: 417K->33K(448K), 0.0001860 secs] 14325K->13945K(1048512K), 0.0002290 secs] [Times: user=0.00 sys=0.00, real=0.00 secs] 
29.085: [GC29.085: [DefNew: 417K->33K(448K), 0.0001650 secs] 14329K->13949K(1048512K), 0.0002050 secs] [Times: user=0.00 sys=0.00, real=0.00 secs] 
29.094: [GC29.094: [DefNew: 417K->33K(448K), 0.0001490 secs] 14333K->13953K(1048512K), 0.0001820 secs] [Times: user=0.00 sys=0.00, real=0.00 secs] 
29.103: [GC29.103: [DefNew: 417K->33K(448K), 0.0001520 secs] 14337K->13957K(1048512K), 0.0001860 secs] [Times: user=0.00 sys=0.00, real=0.00 secs] 
29.112: [GC29.113: [DefNew: 417K->33K(448K), 0.0001560 secs] 14341K->13961K(1048512K), 0.0001900 secs] [Times: user=0.00 sys=0.00, real=0.01 secs] 
29.122: [GC29.122: [DefNew: 417K->33K(448K), 0.0001560 secs] 14345K->13965K(1048512K), 0.0001910 secs] [Times: user=0.00 sys=0.00, real=0.00 secs] 
29.131: [GC29.131: [DefNew: 417K->33K(448K), 0.0001520 secs] 14349K->13969K(1048512K), 0.0001850 secs] [Times: user=0.00 sys=0.00, real=0.00 secs] 
29.140: [GC29.140: [DefNew: 417K->33K(448K), 0.0001690 secs] 14353K->13974K(1048512K), 0.0002090 secs] [Times: user=0.00 sys=0.00, real=0.00 secs] 
29.149: [GC29.149: [DefNew: 416K->33K(448K), 0.0001570 secs] 14357K->13978K(1048512K), 0.0002050 secs] [Times: user=0.00 sys=0.00, real=0.00 secs] 
29.159: [GC29.159: [DefNew: 416K->34K(448K), 0.0001540 secs] 14361K->13982K(1048512K), 0.0002020 secs] [Times: user=0.00 sys=0.00, real=0.00 secs] 
29.168: [GC29.168: [DefNew: 417K->34K(448K), 0.0001780 secs] 14366K->13986K(1048512K), 0.0002250 secs] [Times: user=0.00 sys=0.00, real=0.00 secs] 
29.177: [GC29.177: [DefNew: 417K->34K(448K), 0.0001640 secs] 14370K->13990K(1048512K), 0.0002140 secs] [Times: user=0.00 sys=0.00, real=0.00 secs] 
29.186: [GC29.186: [DefNew: 418K->34K(448K), 0.0001640 secs] 14374K->13995K(1048512K), 0.0002000 secs] [Times: user=0.00 sys=0.00, real=0.00 secs] 
29.194: [GC29.194: [DefNew: 418K->34K(448K), 0.0001670 secs] 14379K->13999K(1048512K), 0.0002060 secs] [Times: user=0.00 sys=0.00, real=0.00 secs] 
29.203: [GC29.203: [DefNew: 418K->34K(448K), 0.0001600 secs] 14383K->14003K(1048512K), 0.0001950 secs] [Times: user=0.00 sys=0.00, real=0.00 secs] 
29.212: [GC29.212: [DefNew: 418K->34K(448K), 0.0001580 secs] 14387K->14008K(1048512K), 0.0001940 secs] [Times: user=0.00 sys=0.00, real=0.01 secs] 
29.222: [GC29.222: [DefNew: 418K->34K(448K), 0.0001610 secs] 14392K->14012K(1048512K), 0.0001950 secs] [Times: user=0.00 sys=0.00, real=0.00 secs] 
29.231: [GC29.231: [DefNew: 418K->34K(448K), 0.0001930 secs] 14396K->14016K(1048512K), 0.0002430 secs] [Times: user=0.00 sys=0.00, real=0.00 secs] 
29.240: [GC29.240: [DefNew: 418K->34K(448K), 0.0002350 secs] 14400K->14020K(1048512K), 0.0003000 secs] [Times: user=0.00 sys=0.00, real=0.00 secs] 
29.250: [GC29.250: [DefNew: 418K->34K(448K), 0.0001490 secs] 14404K->14024K(1048512K), 0.0002130 secs] [Times: user=0.00 sys=0.00, real=0.00 secs] 
29.259: [GC29.259: [DefNew: 418K->34K(448K), 0.0001450 secs] 14408K->14029K(1048512K), 0.0001930 secs] [Times: user=0.00 sys=0.00, real=0.00 secs] 
29.268: [GC29.268: [DefNew: 418K->34K(448K), 0.0001900 secs] 14413K->14033K(1048512K), 0.0002290 secs] [Times: user=0.00 sys=0.00, real=0.00 secs] 
29.278: [GC29.278: [DefNew: 418K->34K(448K), 0.0001740 secs] 14417K->14038K(1048512K), 0.0002130 secs] [Times: user=0.01 sys=0.00, real=0.00 secs] 
29.287: [GC29.287: [DefNew: 418K->34K(448K), 0.0001850 secs] 14422K->14042K(1048512K), 0.0002210 secs] [Times: user=0.00 sys=0.00, real=0.00 secs] 
29.295: [GC29.295: [DefNew: 418K->33K(448K), 0.0001650 secs] 14426K->14046K(1048512K), 0.0002000 secs] [Times: user=0.00 sys=0.00, real=0.00 secs] 
29.304: [GC29.304: [DefNew: 417K->33K(448K), 0.0001640 secs] 14430K->14050K(1048512K), 0.0002030 secs] [Times: user=0.00 sys=0.00, real=0.00 secs] 
29.313: [GC29.314: [DefNew: 417K->33K(448K), 0.0002180 secs] 14434K->14054K(1048512K), 0.0002560 secs] [Times: user=0.00 sys=0.00, real=0.00 secs] 
29.323: [GC29.323: [DefNew: 417K->33K(448K), 0.0001950 secs] 14438K->14058K(1048512K), 0.0002410 secs] [Times: user=0.00 sys=0.00, real=0.00 secs] 
29.332: [GC29.332: [DefNew: 417K->33K(448K), 0.0002510 secs] 14442K->14062K(1048512K), 0.0003120 secs] [Times: user=0.00 sys=0.00, real=0.01 secs] 
29.341: [GC29.341: [DefNew: 417K->34K(448K), 0.0003300 secs] 14446K->14067K(1048512K), 0.0003840 secs] [Times: user=0.00 sys=0.00, real=0.00 secs] 
29.351: [GC29.351: [DefNew: 418K->34K(448K), 0.0001560 secs] 14451K->14071K(1048512K), 0.0001980 secs] [Times: user=0.00 sys=0.00, real=0.00 secs] 
29.360: [GC29.360: [DefNew: 418K->33K(448K), 0.0001530 secs] 14455K->14075K(1048512K), 0.0001900 secs] [Times: user=0.00 sys=0.00, real=0.00 secs] 
29.369: [GC29.369: [DefNew: 417K->34K(448K), 0.0001800 secs] 14459K->14079K(1048512K), 0.0002230 secs] [Times: user=0.00 sys=0.00, real=0.00 secs] 
29.379: [GC29.379: [DefNew: 418K->35K(448K), 0.0001680 secs] 14463K->14084K(1048512K), 0.0002050 secs] [Times: user=0.00 sys=0.00, real=0.00 secs] 
29.388: [GC29.388: [DefNew: 419K->34K(448K), 0.0001690 secs] 14468K->14088K(1048512K), 0.0002040 secs] [Times: user=0.00 sys=0.00, real=0.00 secs] 
29.396: [GC29.396: [DefNew: 418K->34K(448K), 0.0001650 secs] 14472K->14092K(1048512K), 0.0002000 secs] [Times: user=0.00 sys=0.00, real=0.00 secs] 
29.405: [GC29.405: [DefNew: 418K->33K(448K), 0.0001810 secs] 14476K->14096K(1048512K), 0.0002190 secs] [Times: user=0.00 sys=0.00, real=0.00 secs] 
29.414: [GC29.414: [DefNew: 417K->33K(448K), 0.0001860 secs] 14480K->14100K(1048512K), 0.0002350 secs] [Times: user=0.00 sys=0.00, real=0.00 secs] 
29.423: [GC29.423: [DefNew: 417K->33K(448K), 0.0001680 secs] 14484K->14104K(1048512K), 0.0002060 secs] [Times: user=0.00 sys=0.00, real=0.00 secs] 
29.433: [GC29.433: [DefNew: 417K->33K(448K), 0.0001770 secs] 14488K->14108K(1048512K), 0.0002190 secs] [Times: user=0.00 sys=0.00, real=0.01 secs] 
29.442: [GC29.442: [DefNew: 417K->34K(448K), 0.0001670 secs] 14492K->14113K(1048512K), 0.0002040 secs] [Times: user=0.00 sys=0.00, real=0.00 secs] 
29.451: [GC29.451: [DefNew: 418K->33K(448K), 0.0001830 secs] 14497K->14117K(1048512K), 0.0002210 secs] [Times: user=0.00 sys=0.00, real=0.00 secs] 
29.460: [GC29.461: [DefNew: 417K->33K(448K), 0.0001710 secs] 14501K->14121K(1048512K), 0.0002100 secs] [Times: user=0.00 sys=0.00, real=0.00 secs] 
29.470: [GC29.470: [DefNew: 417K->34K(448K), 0.0001470 secs] 14505K->14126K(1048512K), 0.0001910 secs] [Times: user=0.00 sys=0.00, real=0.00 secs] 
29.479: [GC29.479: [DefNew: 418K->34K(448K), 0.0001700 secs] 14510K->14130K(1048512K), 0.0002100 secs] [Times: user=0.00 sys=0.01, real=0.00 secs] 
29.488: [GC29.489: [DefNew: 418K->34K(448K), 0.0001730 secs] 14514K->14135K(1048512K), 0.0002100 secs] [Times: user=0.00 sys=0.00, real=0.00 secs] 
29.497: [GC29.497: [DefNew: 418K->34K(448K), 0.0001880 secs] 14519K->14139K(1048512K), 0.0002340 secs] [Times: user=0.00 sys=0.00, real=0.00 secs] 
29.506: [GC29.506: [DefNew: 418K->34K(448K), 0.0001680 secs] 14523K->14143K(1048512K), 0.0002090 secs] [Times: user=0.00 sys=0.00, real=0.00 secs] 
29.515: [GC29.515: [DefNew: 418K->34K(448K), 0.0001690 secs] 14527K->14147K(1048512K), 0.0002060 secs] [Times: user=0.00 sys=0.00, real=0.00 secs] 
29.525: [GC29.525: [DefNew: 418K->35K(448K), 0.0002010 secs] 14531K->14152K(1048512K), 0.0002520 secs] [Times: user=0.00 sys=0.00, real=0.00 secs] 
29.534: [GC29.534: [DefNew: 419K->34K(448K), 0.0001700 secs] 14536K->14156K(1048512K), 0.0002070 secs] [Times: user=0.00 sys=0.00, real=0.00 secs] 
29.543: [GC29.543: [DefNew: 418K->34K(448K), 0.0002630 secs] 14540K->14160K(1048512K), 0.0003240 secs] [Times: user=0.00 sys=0.00, real=0.00 secs] 
29.552: [GC29.552: [DefNew: 418K->34K(448K), 0.0001480 secs] 14544K->14164K(1048512K), 0.0001870 secs] [Times: user=0.00 sys=0.00, real=0.00 secs] 
29.561: [GC29.561: [DefNew: 417K->33K(448K), 0.0001360 secs] 14548K->14168K(1048512K), 0.0001820 secs] [Times: user=0.00 sys=0.00, real=0.00 secs] 
29.570: [GC29.570: [DefNew: 417K->34K(448K), 0.0001560 secs] 14552K->14173K(1048512K), 0.0002010 secs] [Times: user=0.00 sys=0.00, real=0.00 secs] 
29.579: [GC29.579: [DefNew: 418K->34K(448K), 0.0001730 secs] 14557K->14177K(1048512K), 0.0002200 secs] [Times: user=0.00 sys=0.00, real=0.00 secs] 
29.589: [GC29.589: [DefNew: 418K->34K(448K), 0.0001860 secs] 14561K->14181K(1048512K), 0.0002330 secs] [Times: user=0.00 sys=0.00, real=0.00 secs] 
29.597: [GC29.597: [DefNew: 418K->33K(448K), 0.0001830 secs] 14565K->14185K(1048512K), 0.0002270 secs] [Times: user=0.00 sys=0.00, real=0.00 secs] 
29.606: [GC29.606: [DefNew: 417K->33K(448K), 0.0001760 secs] 14569K->14189K(1048512K), 0.0002180 secs] [Times: user=0.00 sys=0.00, real=0.00 secs] 
29.615: [GC29.615: [DefNew: 417K->33K(448K), 0.0001670 secs] 14573K->14193K(1048512K), 0.0002090 secs] [Times: user=0.00 sys=0.00, real=0.00 secs] 
29.624: [GC29.624: [DefNew: 417K->33K(448K), 0.0001510 secs] 14577K->14197K(1048512K), 0.0001960 secs] [Times: user=0.00 sys=0.00, real=0.00 secs] 
29.634: [GC29.634: [DefNew: 417K->33K(448K), 0.0001690 secs] 14581K->14201K(1048512K), 0.0002080 secs] [Times: user=0.00 sys=0.00, real=0.00 secs] 
29.643: [GC29.643: [DefNew: 417K->32K(448K), 0.0001590 secs] 14585K->14205K(1048512K), 0.0001940 secs] [Times: user=0.00 sys=0.00, real=0.00 secs] 
29.652: [GC29.652: [DefNew: 415K->31K(448K), 0.0001660 secs] 14588K->14209K(1048512K), 0.0002020 secs] [Times: user=0.00 sys=0.00, real=0.00 secs] 
29.661: [GC29.661: [DefNew: 415K->35K(448K), 0.0001390 secs] 14592K->14213K(1048512K), 0.0001750 secs] [Times: user=0.00 sys=0.00, real=0.00 secs] 
29.670: [GC29.670: [DefNew: 419K->35K(448K), 0.0002380 secs] 14596K->14217K(1048512K), 0.0003020 secs] [Times: user=0.00 sys=0.00, real=0.00 secs] 
29.680: [GC29.680: [DefNew: 419K->33K(448K), 0.0001660 secs] 14600K->14221K(1048512K), 0.0002140 secs] [Times: user=0.00 sys=0.00, real=0.00 secs] 
29.689: [GC29.689: [DefNew: 417K->33K(448K), 0.0001780 secs] 14605K->14226K(1048512K), 0.0002200 secs] [Times: user=0.00 sys=0.00, real=0.00 secs] 
29.697: [GC29.697: [DefNew: 417K->33K(448K), 0.0001610 secs] 14610K->14229K(1048512K), 0.0002070 secs] [Times: user=0.00 sys=0.00, real=0.00 secs] 
29.706: [GC29.706: [DefNew: 417K->33K(448K), 0.0001750 secs] 14613K->14233K(1048512K), 0.0002140 secs] [Times: user=0.01 sys=0.00, real=0.00 secs] 
29.716: [GC29.716: [DefNew: 417K->33K(448K), 0.0001590 secs] 14617K->14238K(1048512K), 0.0001940 secs] [Times: user=0.00 sys=0.00, real=0.00 secs] 
29.725: [GC29.725: [DefNew: 417K->33K(448K), 0.0001670 secs] 14622K->14242K(1048512K), 0.0002050 secs] [Times: user=0.00 sys=0.00, real=0.00 secs] 
29.734: [GC29.734: [DefNew: 417K->33K(448K), 0.0001650 secs] 14626K->14246K(1048512K), 0.0002000 secs] [Times: user=0.00 sys=0.00, real=0.00 secs] 
29.743: [GC29.743: [DefNew: 417K->33K(448K), 0.0001630 secs] 14630K->14250K(1048512K), 0.0001980 secs] [Times: user=0.00 sys=0.00, real=0.00 secs] 
29.752: [GC29.752: [DefNew: 417K->33K(448K), 0.0001870 secs] 14634K->14254K(1048512K), 0.0002450 secs] [Times: user=0.00 sys=0.00, real=0.01 secs] 
29.762: [GC29.762: [DefNew: 417K->33K(448K), 0.0002190 secs] 14638K->14259K(1048512K), 0.0002850 secs] [Times: user=0.00 sys=0.00, real=0.00 secs] 
29.771: [GC29.771: [DefNew: 417K->34K(448K), 0.0001400 secs] 14643K->14263K(1048512K), 0.0001770 secs] [Times: user=0.00 sys=0.00, real=0.00 secs] 
29.780: [GC29.780: [DefNew: 418K->34K(448K), 0.0002110 secs] 14647K->14267K(1048512K), 0.0002600 secs] [Times: user=0.00 sys=0.00, real=0.00 secs] 
29.789: [GC29.789: [DefNew: 418K->34K(448K), 0.0001720 secs] 14651K->14271K(1048512K), 0.0002150 secs] [Times: user=0.00 sys=0.00, real=0.00 secs] 
29.797: [GC29.797: [DefNew: 418K->33K(448K), 0.0001700 secs] 14655K->14275K(1048512K), 0.0002060 secs] [Times: user=0.00 sys=0.00, real=0.00 secs] 
29.807: [GC29.807: [DefNew: 417K->34K(448K), 0.0001730 secs] 14659K->14279K(1048512K), 0.0002100 secs] [Times: user=0.00 sys=0.00, real=0.00 secs] 
29.816: [GC29.816: [DefNew: 418K->33K(448K), 0.0001730 secs] 14663K->14283K(1048512K), 0.0002100 secs] [Times: user=0.00 sys=0.00, real=0.00 secs] 
29.825: [GC29.825: [DefNew: 417K->33K(448K), 0.0001660 secs] 14667K->14287K(1048512K), 0.0002030 secs] [Times: user=0.00 sys=0.00, real=0.00 secs] 
29.834: [GC29.834: [DefNew: 417K->33K(448K), 0.0001970 secs] 14671K->14292K(1048512K), 0.0002670 secs] [Times: user=0.00 sys=0.00, real=0.00 secs] 
29.843: [GC29.843: [DefNew: 417K->33K(448K), 0.0002220 secs] 14676K->14296K(1048512K), 0.0002700 secs] [Times: user=0.00 sys=0.00, real=0.00 secs] 
29.853: [GC29.853: [DefNew: 417K->34K(448K), 0.0001550 secs] 14680K->14301K(1048512K), 0.0001960 secs] [Times: user=0.00 sys=0.00, real=0.00 secs] 
29.862: [GC29.862: [DefNew: 417K->34K(448K), 0.0001930 secs] 14685K->14305K(1048512K), 0.0002420 secs] [Times: user=0.00 sys=0.00, real=0.00 secs] 
29.871: [GC29.871: [DefNew: 417K->34K(448K), 0.0001870 secs] 14689K->14309K(1048512K), 0.0002320 secs] [Times: user=0.00 sys=0.00, real=0.00 secs] 
29.881: [GC29.881: [DefNew: 417K->34K(448K), 0.0001670 secs] 14693K->14314K(1048512K), 0.0002020 secs] [Times: user=0.00 sys=0.00, real=0.00 secs] 
29.890: [GC29.890: [DefNew: 418K->34K(448K), 0.0001650 secs] 14697K->14318K(1048512K), 0.0001990 secs] [Times: user=0.00 sys=0.00, real=0.00 secs] 
29.900: [GC29.900: [DefNew: 418K->33K(448K), 0.0001850 secs] 14701K->14321K(1048512K), 0.0002470 secs] [Times: user=0.00 sys=0.00, real=0.00 secs] 
29.908: [GC29.908: [DefNew: 417K->33K(448K), 0.0001920 secs] 14705K->14326K(1048512K), 0.0002360 secs] [Times: user=0.00 sys=0.00, real=0.00 secs] 
29.917: [GC29.917: [DefNew: 417K->33K(448K), 0.0001800 secs] 14710K->14330K(1048512K), 0.0002340 secs] [Times: user=0.00 sys=0.00, real=0.00 secs] 
29.926: [GC29.926: [DefNew: 417K->33K(448K), 0.0001710 secs] 14714K->14334K(1048512K), 0.0002100 secs] [Times: user=0.00 sys=0.00, real=0.00 secs] 
29.935: [GC29.935: [DefNew: 417K->33K(448K), 0.0001880 secs] 14718K->14338K(1048512K), 0.0002360 secs] [Times: user=0.00 sys=0.00, real=0.00 secs] 
29.945: [GC29.945: [DefNew: 417K->33K(448K), 0.0001610 secs] 14722K->14343K(1048512K), 0.0002060 secs] [Times: user=0.00 sys=0.00, real=0.00 secs] 
29.954: [GC29.954: [DefNew: 417K->33K(448K), 0.0001810 secs] 14727K->14347K(1048512K), 0.0002250 secs] [Times: user=0.00 sys=0.00, real=0.00 secs] 
29.963: [GC29.963: [DefNew: 417K->33K(448K), 0.0001840 secs] 14730K->14351K(1048512K), 0.0002360 secs] [Times: user=0.00 sys=0.00, real=0.00 secs] 
29.973: [GC29.973: [DefNew: 417K->35K(448K), 0.0001370 secs] 14735K->14356K(1048512K), 0.0001740 secs] [Times: user=0.00 sys=0.00, real=0.00 secs] 
29.981: [GC29.981: [DefNew: 419K->35K(448K), 0.0001520 secs] 14740K->14361K(1048512K), 0.0001980 secs] [Times: user=0.00 sys=0.00, real=0.00 secs] 
29.990: [GC29.990: [DefNew: 419K->35K(448K), 0.0001380 secs] 14745K->14366K(1048512K), 0.0001820 secs] [Times: user=0.00 sys=0.00, real=0.00 secs] 
30.000: [GC30.000: [DefNew: 419K->36K(448K), 0.0001870 secs] 14750K->14370K(1048512K), 0.0002300 secs] [Times: user=0.00 sys=0.00, real=0.00 secs] 
30.008: [GC30.008: [DefNew: 420K->35K(448K), 0.0001910 secs] 14754K->14373K(1048512K), 0.0002320 secs] [Times: user=0.00 sys=0.00, real=0.00 secs] 
30.017: [GC30.017: [DefNew: 419K->35K(448K), 0.0001710 secs] 14757K->14377K(1048512K), 0.0002050 secs] [Times: user=0.00 sys=0.00, real=0.00 secs] 
30.026: [GC30.026: [DefNew: 419K->35K(448K), 0.0001820 secs] 14761K->14382K(1048512K), 0.0002250 secs] [Times: user=0.00 sys=0.00, real=0.00 secs] 
30.035: [GC30.035: [DefNew: 419K->35K(448K), 0.0001620 secs] 14766K->14386K(1048512K), 0.0001970 secs] [Times: user=0.00 sys=0.00, real=0.00 secs] 
30.045: [GC30.045: [DefNew: 419K->34K(448K), 0.0001850 secs] 14770K->14391K(1048512K), 0.0002320 secs] [Times: user=0.00 sys=0.00, real=0.00 secs] 
30.054: [GC30.054: [DefNew: 418K->33K(448K), 0.0001640 secs] 14775K->14395K(1048512K), 0.0002020 secs] [Times: user=0.00 sys=0.00, real=0.00 secs] 
30.063: [GC30.063: [DefNew: 417K->33K(448K), 0.0001450 secs] 14779K->14399K(1048512K), 0.0001840 secs] [Times: user=0.00 sys=0.00, real=0.00 secs] 
30.073: [GC30.073: [DefNew: 417K->33K(448K), 0.0001660 secs] 14783K->14403K(1048512K), 0.0002030 secs] [Times: user=0.00 sys=0.00, real=0.00 secs] 
30.082: [GC30.082: [DefNew: 417K->34K(448K), 0.0001700 secs] 14787K->14407K(1048512K), 0.0002060 secs] [Times: user=0.00 sys=0.00, real=0.00 secs] 
30.091: [GC30.091: [DefNew: 418K->33K(448K), 0.0001700 secs] 14791K->14411K(1048512K), 0.0002070 secs] [Times: user=0.00 sys=0.00, real=0.00 secs] 
30.099: [GC30.099: [DefNew: 417K->33K(448K), 0.0001610 secs] 14795K->14415K(1048512K), 0.0002000 secs] [Times: user=0.00 sys=0.00, real=0.00 secs] 
30.108: [GC30.108: [DefNew: 417K->32K(448K), 0.0001820 secs] 14799K->14419K(1048512K), 0.0002290 secs] [Times: user=0.00 sys=0.00, real=0.00 secs] 
30.118: [GC30.118: [DefNew: 416K->32K(448K), 0.0001610 secs] 14803K->14423K(1048512K), 0.0001970 secs] [Times: user=0.00 sys=0.00, real=0.00 secs] 
30.127: [GC30.127: [DefNew: 416K->33K(448K), 0.0001730 secs] 14807K->14427K(1048512K), 0.0002130 secs] [Times: user=0.00 sys=0.00, real=0.00 secs] 
30.136: [GC30.136: [DefNew: 417K->32K(448K), 0.0001930 secs] 14811K->14431K(1048512K), 0.0002360 secs] [Times: user=0.00 sys=0.00, real=0.00 secs] 
30.146: [GC30.146: [DefNew: 416K->32K(448K), 0.0001630 secs] 14815K->14435K(1048512K), 0.0001970 secs] [Times: user=0.00 sys=0.00, real=0.00 secs] 
30.155: [GC30.155: [DefNew: 416K->32K(448K), 0.0001860 secs] 14819K->14439K(1048512K), 0.0002190 secs] [Times: user=0.00 sys=0.00, real=0.00 secs] 
30.164: [GC30.164: [DefNew: 416K->32K(448K), 0.0001670 secs] 14823K->14443K(1048512K), 0.0002020 secs] [Times: user=0.00 sys=0.00, real=0.00 secs] 
30.173: [GC30.173: [DefNew: 415K->33K(448K), 0.0001820 secs] 14827K->14448K(1048512K), 0.0002400 secs] [Times: user=0.00 sys=0.00, real=0.00 secs] 
30.182: [GC30.182: [DefNew: 417K->33K(448K), 0.0001640 secs] 14831K->14452K(1048512K), 0.0002110 secs] [Times: user=0.00 sys=0.00, real=0.00 secs] 
30.192: [GC30.192: [DefNew: 417K->33K(448K), 0.0001440 secs] 14835K->14456K(1048512K), 0.0001780 secs] [Times: user=0.00 sys=0.00, real=0.00 secs] 
30.201: [GC30.201: [DefNew: 416K->33K(448K), 0.0001770 secs] 14839K->14460K(1048512K), 0.0002200 secs] [Times: user=0.00 sys=0.00, real=0.00 secs] 
30.209: [GC30.209: [DefNew: 417K->33K(448K), 0.0001950 secs] 14844K->14464K(1048512K), 0.0002400 secs] [Times: user=0.00 sys=0.00, real=0.00 secs] 
30.218: [GC30.218: [DefNew: 416K->33K(448K), 0.0001790 secs] 14847K->14468K(1048512K), 0.0002190 secs] [Times: user=0.00 sys=0.00, real=0.00 secs] 
30.227: [GC30.227: [DefNew: 416K->33K(448K), 0.0001700 secs] 14851K->14472K(1048512K), 0.0002110 secs] [Times: user=0.00 sys=0.00, real=0.00 secs] 
30.236: [GC30.236: [DefNew: 416K->33K(448K), 0.0001850 secs] 14855K->14476K(1048512K), 0.0002230 secs] [Times: user=0.00 sys=0.00, real=0.00 secs] 
30.246: [GC30.246: [DefNew: 417K->33K(448K), 0.0001870 secs] 14860K->14480K(1048512K), 0.0002370 secs] [Times: user=0.00 sys=0.00, real=0.00 secs] 
30.255: [GC30.255: [DefNew: 417K->33K(448K), 0.0002090 secs] 14864K->14484K(1048512K), 0.0002670 secs] [Times: user=0.00 sys=0.00, real=0.00 secs] 
30.264: [GC30.264: [DefNew: 417K->33K(448K), 0.0001960 secs] 14868K->14489K(1048512K), 0.0002630 secs] [Times: user=0.00 sys=0.00, real=0.00 secs] 
30.273: [GC30.273: [DefNew: 417K->33K(448K), 0.0002220 secs] 14873K->14493K(1048512K), 0.0002800 secs] [Times: user=0.00 sys=0.00, real=0.00 secs] 
30.282: [GC30.282: [DefNew: 417K->34K(448K), 0.0001800 secs] 14877K->14497K(1048512K), 0.0002280 secs] [Times: user=0.00 sys=0.00, real=0.01 secs] 
30.292: [GC30.292: [DefNew: 418K->34K(448K), 0.0001620 secs] 14881K->14502K(1048512K), 0.0002080 secs] [Times: user=0.00 sys=0.00, real=0.00 secs] 
30.301: [GC30.301: [DefNew: 418K->34K(448K), 0.0002020 secs] 14886K->14506K(1048512K), 0.0002630 secs] [Times: user=0.00 sys=0.00, real=0.00 secs] 
30.309: [GC30.309: [DefNew: 418K->33K(448K), 0.0002290 secs] 14890K->14509K(1048512K), 0.0002910 secs] [Times: user=0.00 sys=0.00, real=0.00 secs] 
30.318: [GC30.318: [DefNew: 417K->33K(448K), 0.0001560 secs] 14893K->14513K(1048512K), 0.0001940 secs] [Times: user=0.00 sys=0.00, real=0.00 secs] 
30.327: [GC30.327: [DefNew: 417K->33K(448K), 0.0002400 secs] 14897K->14517K(1048512K), 0.0002980 secs] [Times: user=0.00 sys=0.00, real=0.00 secs] 
30.337: [GC30.337: [DefNew: 417K->33K(448K), 0.0003100 secs] 14901K->14521K(1048512K), 0.0004340 secs] [Times: user=0.00 sys=0.00, real=0.00 secs] 
30.346: [GC30.346: [DefNew: 417K->33K(448K), 0.0003740 secs] 14905K->14526K(1048512K), 0.0004570 secs] [Times: user=0.00 sys=0.00, real=0.00 secs] 
30.356: [GC30.356: [DefNew: 417K->33K(448K), 0.0001460 secs] 14910K->14530K(1048512K), 0.0001900 secs] [Times: user=0.00 sys=0.00, real=0.00 secs] 
30.365: [GC30.365: [DefNew: 417K->33K(448K), 0.0001570 secs] 14914K->14534K(1048512K), 0.0002000 secs] [Times: user=0.00 sys=0.00, real=0.00 secs] 
30.374: [GC30.374: [DefNew: 417K->33K(448K), 0.0001620 secs] 14918K->14538K(1048512K), 0.0002060 secs] [Times: user=0.00 sys=0.00, real=0.00 secs] 
30.383: [GC30.383: [DefNew: 416K->33K(448K), 0.0001860 secs] 14922K->14542K(1048512K), 0.0002410 secs] [Times: user=0.00 sys=0.00, real=0.00 secs] 
30.391: [GC30.391: [DefNew: 417K->34K(448K), 0.0001890 secs] 14926K->14547K(1048512K), 0.0002380 secs] [Times: user=0.00 sys=0.00, real=0.00 secs] 
30.401: [GC30.401: [DefNew: 418K->34K(448K), 0.0001600 secs] 14931K->14551K(1048512K), 0.0002060 secs] [Times: user=0.00 sys=0.00, real=0.00 secs] 
30.408: [GC30.408: [DefNew: 418K->33K(448K), 0.0001600 secs] 14935K->14555K(1048512K), 0.0002030 secs] [Times: user=0.00 sys=0.00, real=0.00 secs] 
30.417: [GC30.417: [DefNew: 417K->33K(448K), 0.0002000 secs] 14939K->14559K(1048512K), 0.0002570 secs] [Times: user=0.00 sys=0.00, real=0.00 secs] 
30.427: [GC30.427: [DefNew: 417K->33K(448K), 0.0001710 secs] 14943K->14563K(1048512K), 0.0002080 secs] [Times: user=0.00 sys=0.00, real=0.00 secs] 
30.436: [GC30.436: [DefNew: 417K->33K(448K), 0.0001850 secs] 14947K->14567K(1048512K), 0.0002290 secs] [Times: user=0.00 sys=0.00, real=0.00 secs] 
30.445: [GC30.445: [DefNew: 417K->33K(448K), 0.0001800 secs] 14951K->14571K(1048512K), 0.0002200 secs] [Times: user=0.00 sys=0.00, real=0.00 secs] 
30.455: [GC30.455: [DefNew: 417K->33K(448K), 0.0001690 secs] 14955K->14575K(1048512K), 0.0002200 secs] [Times: user=0.00 sys=0.00, real=0.00 secs] 
30.464: [GC30.464: [DefNew: 417K->32K(448K), 0.0002000 secs] 14959K->14579K(1048512K), 0.0002490 secs] [Times: user=0.00 sys=0.00, real=0.00 secs] 
30.473: [GC30.473: [DefNew: 416K->32K(448K), 0.0001600 secs] 14963K->14583K(1048512K), 0.0002050 secs] [Times: user=0.00 sys=0.00, real=0.00 secs] 
30.482: [GC30.482: [DefNew: 416K->33K(448K), 0.0001700 secs] 14967K->14587K(1048512K), 0.0002190 secs] [Times: user=0.00 sys=0.00, real=0.00 secs] 
30.491: [GC30.491: [DefNew: 416K->32K(448K), 0.0001770 secs] 14971K->14591K(1048512K), 0.0002190 secs] [Times: user=0.00 sys=0.00, real=0.00 secs] 
30.500: [GC30.500: [DefNew: 416K->32K(448K), 0.0001720 secs] 14975K->14595K(1048512K), 0.0002390 secs] [Times: user=0.00 sys=0.00, real=0.00 secs] 
30.509: [GC30.509: [DefNew: 415K->32K(448K), 0.0002200 secs] 14979K->14599K(1048512K), 0.0002690 secs] [Times: user=0.00 sys=0.00, real=0.00 secs] 
30.518: [GC30.518: [DefNew: 415K->33K(448K), 0.0001890 secs] 14983K->14604K(1048512K), 0.0002430 secs] [Times: user=0.00 sys=0.00, real=0.00 secs] 
30.527: [GC30.527: [DefNew: 416K->33K(448K), 0.0001790 secs] 14987K->14608K(1048512K), 0.0002230 secs] [Times: user=0.00 sys=0.00, real=0.00 secs] 
30.536: [GC30.536: [DefNew: 417K->34K(448K), 0.0001770 secs] 14992K->14613K(1048512K), 0.0002290 secs] [Times: user=0.00 sys=0.00, real=0.00 secs] 
30.545: [GC30.545: [DefNew: 418K->34K(448K), 0.0001750 secs] 14997K->14617K(1048512K), 0.0002170 secs] [Times: user=0.00 sys=0.00, real=0.00 secs] 
30.555: [GC30.555: [DefNew: 418K->34K(448K), 0.0001510 secs] 15001K->14622K(1048512K), 0.0001890 secs] [Times: user=0.00 sys=0.00, real=0.00 secs] 
30.564: [GC30.564: [DefNew: 418K->34K(448K), 0.0001890 secs] 15006K->14626K(1048512K), 0.0002490 secs] [Times: user=0.00 sys=0.00, real=0.00 secs] 
30.573: [GC30.573: [DefNew: 418K->34K(448K), 0.0001680 secs] 15010K->14630K(1048512K), 0.0002100 secs] [Times: user=0.00 sys=0.00, real=0.00 secs] 
30.582: [GC30.582: [DefNew: 418K->34K(448K), 0.0001800 secs] 15014K->14634K(1048512K), 0.0002200 secs] [Times: user=0.00 sys=0.00, real=0.00 secs] 
30.592: [GC30.592: [DefNew: 418K->35K(448K), 0.0002460 secs] 15018K->14639K(1048512K), 0.0003080 secs] [Times: user=0.00 sys=0.00, real=0.00 secs] 
30.601: [GC30.601: [DefNew: 419K->35K(448K), 0.0001630 secs] 15023K->14643K(1048512K), 0.0002080 secs] [Times: user=0.00 sys=0.00, real=0.00 secs] 
30.610: [GC30.610: [DefNew: 419K->35K(448K), 0.0001580 secs] 15027K->14648K(1048512K), 0.0001930 secs] [Times: user=0.00 sys=0.00, real=0.00 secs] 
30.618: [GC30.618: [DefNew: 419K->34K(448K), 0.0001850 secs] 15032K->14651K(1048512K), 0.0002250 secs] [Times: user=0.00 sys=0.00, real=0.00 secs] 
30.627: [GC30.627: [DefNew: 418K->34K(448K), 0.0001780 secs] 15035K->14656K(1048512K), 0.0002180 secs] [Times: user=0.00 sys=0.00, real=0.00 secs] 
30.636: [GC30.636: [DefNew: 418K->34K(448K), 0.0001590 secs] 15040K->14660K(1048512K), 0.0002050 secs] [Times: user=0.00 sys=0.00, real=0.00 secs] 
30.646: [GC30.646: [DefNew: 418K->34K(448K), 0.0002160 secs] 15044K->14664K(1048512K), 0.0002660 secs] [Times: user=0.00 sys=0.00, real=0.00 secs] 
30.655: [GC30.655: [DefNew: 418K->34K(448K), 0.0001740 secs] 15048K->14668K(1048512K), 0.0002150 secs] [Times: user=0.00 sys=0.00, real=0.00 secs] 
30.664: [GC30.664: [DefNew: 418K->33K(448K), 0.0001620 secs] 15052K->14672K(1048512K), 0.0002110 secs] [Times: user=0.00 sys=0.00, real=0.00 secs] 
30.674: [GC30.674: [DefNew: 417K->34K(448K), 0.0001820 secs] 15056K->14677K(1048512K), 0.0002250 secs] [Times: user=0.00 sys=0.00, real=0.00 secs] 
30.683: [GC30.683: [DefNew: 418K->33K(448K), 0.0001750 secs] 15061K->14681K(1048512K), 0.0002140 secs] [Times: user=0.00 sys=0.00, real=0.00 secs] 
30.692: [GC30.692: [DefNew: 417K->34K(448K), 0.0002100 secs] 15064K->14685K(1048512K), 0.0002740 secs] [Times: user=0.00 sys=0.00, real=0.00 secs] 
30.701: [GC30.702: [DefNew: 417K->33K(448K), 0.0001740 secs] 15068K->14689K(1048512K), 0.0002140 secs] [Times: user=0.00 sys=0.00, real=0.00 secs] 
30.711: [GC30.711: [DefNew: 417K->33K(448K), 0.0001600 secs] 15072K->14693K(1048512K), 0.0002110 secs] [Times: user=0.00 sys=0.00, real=0.00 secs] 
30.719: [GC30.719: [DefNew: 417K->33K(448K), 0.0001700 secs] 15077K->14697K(1048512K), 0.0002070 secs] [Times: user=0.00 sys=0.00, real=0.00 secs] 
30.728: [GC30.728: [DefNew: 417K->33K(448K), 0.0001740 secs] 15081K->14701K(1048512K), 0.0002100 secs] [Times: user=0.00 sys=0.00, real=0.00 secs] 
30.737: [GC30.737: [DefNew: 417K->33K(448K), 0.0001710 secs] 15085K->14705K(1048512K), 0.0002120 secs] [Times: user=0.00 sys=0.00, real=0.00 secs] 
30.747: [GC30.747: [DefNew: 417K->33K(448K), 0.0001610 secs] 15089K->14710K(1048512K), 0.0002050 secs] [Times: user=0.00 sys=0.00, real=0.00 secs] 
30.756: [GC30.756: [DefNew: 417K->33K(448K), 0.0001730 secs] 15094K->14714K(1048512K), 0.0002110 secs] [Times: user=0.01 sys=0.00, real=0.00 secs] 
30.766: [GC30.766: [DefNew: 417K->33K(448K), 0.0001670 secs] 15098K->14718K(1048512K), 0.0002060 secs] [Times: user=0.00 sys=0.00, real=0.00 secs] 
30.775: [GC30.775: [DefNew: 417K->33K(448K), 0.0001620 secs] 15102K->14723K(1048512K), 0.0001970 secs] [Times: user=0.00 sys=0.00, real=0.00 secs] 
30.784: [GC30.784: [DefNew: 417K->33K(448K), 0.0001460 secs] 15107K->14727K(1048512K), 0.0001820 secs] [Times: user=0.00 sys=0.00, real=0.00 secs] 
30.794: [GC30.794: [DefNew: 417K->33K(448K), 0.0001870 secs] 15110K->14731K(1048512K), 0.0002480 secs] [Times: user=0.00 sys=0.00, real=0.00 secs] 
30.803: [GC30.803: [DefNew: 417K->33K(448K), 0.0001520 secs] 15114K->14734K(1048512K), 0.0001900 secs] [Times: user=0.00 sys=0.00, real=0.00 secs] 
30.812: [GC30.812: [DefNew: 417K->33K(448K), 0.0001740 secs] 15118K->14738K(1048512K), 0.0002210 secs] [Times: user=0.00 sys=0.00, real=0.00 secs] 
30.821: [GC30.821: [DefNew: 416K->33K(448K), 0.0001540 secs] 15122K->14742K(1048512K), 0.0001960 secs] [Times: user=0.00 sys=0.00, real=0.00 secs] 
30.829: [GC30.829: [DefNew: 416K->32K(448K), 0.0001800 secs] 15126K->14746K(1048512K), 0.0002290 secs] [Times: user=0.00 sys=0.00, real=0.00 secs] 
30.838: [GC30.839: [DefNew: 415K->32K(448K), 0.0003920 secs] 15129K->14750K(1048512K), 0.0004510 secs] [Times: user=0.00 sys=0.00, real=0.00 secs] 
30.848: [GC30.848: [DefNew: 416K->33K(448K), 0.0001400 secs] 15134K->14756K(1048512K), 0.0001880 secs] [Times: user=0.00 sys=0.00, real=0.00 secs] 
30.857: [GC30.857: [DefNew: 417K->33K(448K), 0.0001880 secs] 15140K->14760K(1048512K), 0.0002330 secs] [Times: user=0.00 sys=0.00, real=0.00 secs] 
30.866: [GC30.866: [DefNew: 417K->33K(448K), 0.0001640 secs] 15144K->14764K(1048512K), 0.0002050 secs] [Times: user=0.00 sys=0.00, real=0.00 secs] 
30.876: [GC30.876: [DefNew: 417K->34K(448K), 0.0001420 secs] 15148K->14768K(1048512K), 0.0001800 secs] [Times: user=0.00 sys=0.00, real=0.00 secs] 
30.885: [GC30.885: [DefNew: 418K->34K(448K), 0.0001850 secs] 15152K->14772K(1048512K), 0.0002280 secs] [Times: user=0.00 sys=0.00, real=0.00 secs] 
30.894: [GC30.894: [DefNew: 418K->34K(448K), 0.0001710 secs] 15156K->14776K(1048512K), 0.0002090 secs] [Times: user=0.00 sys=0.00, real=0.00 secs] 
30.904: [GC30.904: [DefNew: 418K->35K(448K), 0.0001870 secs] 15160K->14781K(1048512K), 0.0002290 secs] [Times: user=0.00 sys=0.00, real=0.00 secs] 
30.913: [GC30.913: [DefNew: 419K->34K(448K), 0.0002130 secs] 15165K->14785K(1048512K), 0.0002790 secs] [Times: user=0.00 sys=0.00, real=0.00 secs] 
30.922: [GC30.922: [DefNew: 418K->34K(448K), 0.0001910 secs] 15169K->14789K(1048512K), 0.0002360 secs] [Times: user=0.00 sys=0.00, real=0.01 secs] 
30.931: [GC30.931: [DefNew: 418K->34K(448K), 0.0001740 secs] 15173K->14793K(1048512K), 0.0002270 secs] [Times: user=0.00 sys=0.00, real=0.00 secs] 
30.940: [GC30.940: [DefNew: 418K->34K(448K), 0.0001900 secs] 15177K->14798K(1048512K), 0.0002320 secs] [Times: user=0.00 sys=0.00, real=0.00 secs] 
30.949: [GC30.949: [DefNew: 418K->34K(448K), 0.0001680 secs] 15182K->14802K(1048512K), 0.0002050 secs] [Times: user=0.00 sys=0.00, real=0.00 secs] 
30.958: [GC30.958: [DefNew: 418K->34K(448K), 0.0001630 secs] 15186K->14806K(1048512K), 0.0001980 secs] [Times: user=0.00 sys=0.00, real=0.00 secs] 
30.967: [GC30.967: [DefNew: 418K->34K(448K), 0.0001730 secs] 15190K->14810K(1048512K), 0.0002130 secs] [Times: user=0.01 sys=0.00, real=0.00 secs] 
30.977: [GC30.977: [DefNew: 418K->34K(448K), 0.0001700 secs] 15194K->14815K(1048512K), 0.0002090 secs] [Times: user=0.00 sys=0.00, real=0.00 secs] 
30.986: [GC30.986: [DefNew: 418K->34K(448K), 0.0001680 secs] 15199K->14819K(1048512K), 0.0002050 secs] [Times: user=0.00 sys=0.00, real=0.00 secs] 
30.995: [GC30.995: [DefNew: 418K->33K(448K), 0.0001780 secs] 15203K->14823K(1048512K), 0.0002220 secs] [Times: user=0.00 sys=0.00, real=0.00 secs] 
31.004: [GC31.004: [DefNew: 417K->34K(448K), 0.0001980 secs] 15207K->14827K(1048512K), 0.0002560 secs] [Times: user=0.00 sys=0.00, real=0.00 secs] 
31.014: [GC31.014: [DefNew: 418K->34K(448K), 0.0001490 secs] 15211K->14832K(1048512K), 0.0001950 secs] [Times: user=0.00 sys=0.00, real=0.00 secs] 
31.023: [GC31.023: [DefNew: 418K->34K(448K), 0.0001460 secs] 15216K->14836K(1048512K), 0.0001840 secs] [Times: user=0.00 sys=0.00, real=0.00 secs] 
31.031: [GC31.031: [DefNew: 418K->34K(448K), 0.0001960 secs] 15220K->14840K(1048512K), 0.0002680 secs] [Times: user=0.00 sys=0.00, real=0.00 secs] 
31.041: [GC31.041: [DefNew: 418K->34K(448K), 0.0002050 secs] 15224K->14845K(1048512K), 0.0002550 secs] [Times: user=0.00 sys=0.00, real=0.00 secs] 
31.050: [GC31.050: [DefNew: 418K->34K(448K), 0.0001660 secs] 15229K->14849K(1048512K), 0.0002000 secs] [Times: user=0.00 sys=0.00, real=0.00 secs] 
31.060: [GC31.060: [DefNew: 418K->34K(448K), 0.0001680 secs] 15233K->14853K(1048512K), 0.0002060 secs] [Times: user=0.00 sys=0.00, real=0.00 secs] 
31.069: [GC31.069: [DefNew: 418K->34K(448K), 0.0001660 secs] 15237K->14858K(1048512K), 0.0002010 secs] [Times: user=0.00 sys=0.00, real=0.00 secs] 
31.078: [GC31.078: [DefNew: 418K->34K(448K), 0.0001680 secs] 15242K->14862K(1048512K), 0.0002030 secs] [Times: user=0.00 sys=0.00, real=0.00 secs] 
31.087: [GC31.087: [DefNew: 418K->34K(448K), 0.0001680 secs] 15246K->14866K(1048512K), 0.0002090 secs] [Times: user=0.00 sys=0.00, real=0.00 secs] 
31.096: [GC31.096: [DefNew: 418K->34K(448K), 0.0001680 secs] 15250K->14870K(1048512K), 0.0002130 secs] [Times: user=0.00 sys=0.00, real=0.00 secs] 
31.106: [GC31.106: [DefNew: 418K->34K(448K), 0.0001950 secs] 15254K->14874K(1048512K), 0.0002490 secs] [Times: user=0.00 sys=0.00, real=0.00 secs] 
31.115: [GC31.115: [DefNew: 418K->34K(448K), 0.0001840 secs] 15258K->14879K(1048512K), 0.0002270 secs] [Times: user=0.00 sys=0.00, real=0.00 secs] 
31.124: [GC31.124: [DefNew: 418K->34K(448K), 0.0001870 secs] 15263K->14883K(1048512K), 0.0002300 secs] [Times: user=0.00 sys=0.00, real=0.00 secs] 
31.132: [GC31.132: [DefNew: 418K->33K(448K), 0.0001550 secs] 15267K->14886K(1048512K), 0.0001910 secs] [Times: user=0.00 sys=0.00, real=0.00 secs] 
31.142: [GC31.142: [DefNew: 417K->33K(448K), 0.0001730 secs] 15270K->14891K(1048512K), 0.0002140 secs] [Times: user=0.00 sys=0.00, real=0.00 secs] 
31.151: [GC31.151: [DefNew: 417K->33K(448K), 0.0001660 secs] 15275K->14895K(1048512K), 0.0002010 secs] [Times: user=0.00 sys=0.00, real=0.00 secs] 
31.160: [GC31.160: [DefNew: 417K->33K(448K), 0.0001800 secs] 15279K->14899K(1048512K), 0.0002170 secs] [Times: user=0.00 sys=0.00, real=0.00 secs] 
31.170: [GC31.170: [DefNew: 417K->33K(448K), 0.0001770 secs] 15283K->14903K(1048512K), 0.0002230 secs] [Times: user=0.00 sys=0.00, real=0.00 secs] 
31.179: [GC31.179: [DefNew: 417K->33K(448K), 0.0001710 secs] 15287K->14908K(1048512K), 0.0002120 secs] [Times: user=0.00 sys=0.00, real=0.00 secs] 
31.189: [GC31.189: [DefNew: 417K->33K(448K), 0.0001730 secs] 15292K->14912K(1048512K), 0.0002150 secs] [Times: user=0.01 sys=0.00, real=0.00 secs] 
31.198: [GC31.198: [DefNew: 417K->34K(448K), 0.0001880 secs] 15296K->14916K(1048512K), 0.0002290 secs] [Times: user=0.00 sys=0.00, real=0.00 secs] 
31.207: [GC31.207: [DefNew: 417K->34K(448K), 0.0002680 secs] 15300K->14920K(1048512K), 0.0003410 secs] [Times: user=0.00 sys=0.00, real=0.00 secs] 
31.216: [GC31.216: [DefNew: 417K->34K(448K), 0.0001500 secs] 15304K->14924K(1048512K), 0.0001980 secs] [Times: user=0.00 sys=0.00, real=0.00 secs] 
31.225: [GC31.225: [DefNew: 417K->34K(448K), 0.0001720 secs] 15308K->14928K(1048512K), 0.0002240 secs] [Times: user=0.00 sys=0.00, real=0.00 secs] 
31.233: [GC31.233: [DefNew: 417K->33K(448K), 0.0001550 secs] 15312K->14932K(1048512K), 0.0001970 secs] [Times: user=0.00 sys=0.00, real=0.00 secs] 
31.243: [GC31.243: [DefNew: 416K->33K(448K), 0.0001440 secs] 15315K->14936K(1048512K), 0.0001790 secs] [Times: user=0.00 sys=0.00, real=0.00 secs] 
31.252: [GC31.252: [DefNew: 417K->33K(448K), 0.0001820 secs] 15320K->14940K(1048512K), 0.0002210 secs] [Times: user=0.00 sys=0.00, real=0.00 secs] 
31.261: [GC31.261: [DefNew: 416K->32K(448K), 0.0002230 secs] 15324K->14944K(1048512K), 0.0002750 secs] [Times: user=0.00 sys=0.00, real=0.00 secs] 
31.270: [GC31.270: [DefNew: 416K->32K(448K), 0.0001700 secs] 15328K->14948K(1048512K), 0.0002050 secs] [Times: user=0.00 sys=0.00, real=0.00 secs] 
31.280: [GC31.280: [DefNew: 416K->33K(448K), 0.0001800 secs] 15332K->14953K(1048512K), 0.0002200 secs] [Times: user=0.00 sys=0.00, real=0.00 secs] 
31.289: [GC31.289: [DefNew: 417K->33K(448K), 0.0001690 secs] 15337K->14957K(1048512K), 0.0002040 secs] [Times: user=0.00 sys=0.00, real=0.00 secs] 
31.298: [GC31.298: [DefNew: 417K->33K(448K), 0.0001880 secs] 15341K->14961K(1048512K), 0.0002280 secs] [Times: user=0.00 sys=0.00, real=0.00 secs] 
31.308: [GC31.308: [DefNew: 417K->34K(448K), 0.0001880 secs] 15345K->14966K(1048512K), 0.0002310 secs] [Times: user=0.00 sys=0.00, real=0.00 secs] 
31.317: [GC31.317: [DefNew: 417K->34K(448K), 0.0001600 secs] 15350K->14970K(1048512K), 0.0001950 secs] [Times: user=0.00 sys=0.00, real=0.00 secs] 
31.326: [GC31.326: [DefNew: 417K->34K(448K), 0.0001690 secs] 15354K->14974K(1048512K), 0.0002080 secs] [Times: user=0.00 sys=0.00, real=0.00 secs] 
31.336: [GC31.336: [DefNew: 418K->34K(448K), 0.0001740 secs] 15358K->14979K(1048512K), 0.0002120 secs] [Times: user=0.00 sys=0.00, real=0.00 secs] 
31.344: [GC31.344: [DefNew: 418K->33K(448K), 0.0002140 secs] 15363K->14982K(1048512K), 0.0002730 secs] [Times: user=0.00 sys=0.00, real=0.00 secs] 
31.353: [GC31.353: [DefNew: 417K->34K(448K), 0.0001470 secs] 15366K->14987K(1048512K), 0.0001810 secs] [Times: user=0.00 sys=0.00, real=0.00 secs] 
31.362: [GC31.362: [DefNew: 418K->34K(448K), 0.0001690 secs] 15371K->14991K(1048512K), 0.0002190 secs] [Times: user=0.00 sys=0.00, real=0.00 secs] 
31.372: [GC31.372: [DefNew: 418K->34K(448K), 0.0001410 secs] 15375K->14996K(1048512K), 0.0001820 secs] [Times: user=0.00 sys=0.00, real=0.00 secs] 
31.381: [GC31.381: [DefNew: 418K->34K(448K), 0.0001520 secs] 15380K->15000K(1048512K), 0.0001920 secs] [Times: user=0.00 sys=0.00, real=0.00 secs] 
31.390: [GC31.390: [DefNew: 418K->34K(448K), 0.0001560 secs] 15384K->15004K(1048512K), 0.0001940 secs] [Times: user=0.00 sys=0.00, real=0.00 secs] 
31.400: [GC31.400: [DefNew: 418K->33K(448K), 0.0001790 secs] 15388K->15008K(1048512K), 0.0002200 secs] [Times: user=0.00 sys=0.00, real=0.00 secs] 
31.409: [GC31.409: [DefNew: 417K->33K(448K), 0.0001900 secs] 15392K->15012K(1048512K), 0.0002360 secs] [Times: user=0.00 sys=0.00, real=0.00 secs] 
31.418: [GC31.418: [DefNew: 417K->34K(448K), 0.0001870 secs] 15395K->15016K(1048512K), 0.0002380 secs] [Times: user=0.00 sys=0.00, real=0.00 secs] 
31.427: [GC31.428: [DefNew: 417K->33K(448K), 0.0001880 secs] 15399K->15020K(1048512K), 0.0002430 secs] [Times: user=0.00 sys=0.00, real=0.00 secs] 
31.437: [GC31.437: [DefNew: 417K->33K(448K), 0.0001460 secs] 15404K->15024K(1048512K), 0.0001980 secs] [Times: user=0.00 sys=0.00, real=0.00 secs] 
31.445: [GC31.445: [DefNew: 417K->32K(448K), 0.0001410 secs] 15408K->15028K(1048512K), 0.0001760 secs] [Times: user=0.00 sys=0.00, real=0.00 secs] 
31.454: [GC31.454: [DefNew: 416K->32K(448K), 0.0001750 secs] 15412K->15032K(1048512K), 0.0002250 secs] [Times: user=0.00 sys=0.00, real=0.00 secs] 
31.463: [GC31.463: [DefNew: 416K->33K(448K), 0.0001800 secs] 15416K->15036K(1048512K), 0.0002230 secs] [Times: user=0.00 sys=0.00, real=0.00 secs] 
31.468: [GC31.468: [DefNew: 417K->31K(448K), 0.0027110 secs] 15420K->15294K(1048512K), 0.0027550 secs] [Times: user=0.00 sys=0.00, real=0.00 secs] 
31.480: [GC31.480: [DefNew: 415K->35K(448K), 0.0001570 secs] 15678K->15298K(1048512K), 0.0002070 secs] [Times: user=0.00 sys=0.00, real=0.00 secs] 
31.490: [GC31.490: [DefNew: 419K->35K(448K), 0.0001720 secs] 15682K->15303K(1048512K), 0.0002100 secs] [Times: user=0.00 sys=0.00, real=0.00 secs] 
31.499: [GC31.499: [DefNew: 419K->35K(448K), 0.0001530 secs] 15687K->15307K(1048512K), 0.0001890 secs] [Times: user=0.00 sys=0.00, real=0.00 secs] 
31.508: [GC31.508: [DefNew: 419K->35K(448K), 0.0001550 secs] 15691K->15311K(1048512K), 0.0002050 secs] [Times: user=0.00 sys=0.00, real=0.00 secs] 
31.516: [GC31.516: [DefNew: 419K->35K(448K), 0.0002300 secs] 15695K->15315K(1048512K), 0.0002690 secs] [Times: user=0.00 sys=0.00, real=0.00 secs] 
31.526: [GC31.526: [DefNew: 419K->36K(448K), 0.0001640 secs] 15699K->15320K(1048512K), 0.0002210 secs] [Times: user=0.00 sys=0.00, real=0.00 secs] 
31.535: [GC31.535: [DefNew: 420K->31K(448K), 0.0001980 secs] 15704K->15324K(1048512K), 0.0002450 secs] [Times: user=0.00 sys=0.00, real=0.00 secs] 
31.544: [GC31.544: [DefNew: 415K->35K(448K), 0.0001870 secs] 15708K->15328K(1048512K), 0.0002440 secs] [Times: user=0.00 sys=0.00, real=0.00 secs] 
31.554: [GC31.554: [DefNew: 419K->33K(448K), 0.0001500 secs] 15712K->15332K(1048512K), 0.0001860 secs] [Times: user=0.00 sys=0.00, real=0.00 secs] 
31.563: [GC31.563: [DefNew: 417K->34K(448K), 0.0001630 secs] 15716K->15337K(1048512K), 0.0002040 secs] [Times: user=0.00 sys=0.00, real=0.00 secs] 
31.572: [GC31.572: [DefNew: 418K->33K(448K), 0.0001570 secs] 15721K->15340K(1048512K), 0.0001930 secs] [Times: user=0.00 sys=0.00, real=0.00 secs] 
31.582: [GC31.582: [DefNew: 417K->34K(448K), 0.0001600 secs] 15724K->15345K(1048512K), 0.0001970 secs] [Times: user=0.00 sys=0.00, real=0.00 secs] 
31.591: [GC31.591: [DefNew: 418K->33K(448K), 0.0001590 secs] 15729K->15349K(1048512K), 0.0001970 secs] [Times: user=0.00 sys=0.00, real=0.00 secs] 
31.600: [GC31.600: [DefNew: 417K->34K(448K), 0.0001550 secs] 15733K->15353K(1048512K), 0.0001900 secs] [Times: user=0.00 sys=0.00, real=0.00 secs] 
31.609: [GC31.609: [DefNew: 418K->33K(448K), 0.0002100 secs] 15737K->15357K(1048512K), 0.0002970 secs] [Times: user=0.00 sys=0.00, real=0.00 secs] 
31.619: [GC31.619: [DefNew: 417K->33K(448K), 0.0001590 secs] 15741K->15361K(1048512K), 0.0001970 secs] [Times: user=0.00 sys=0.00, real=0.00 secs] 
31.628: [GC31.628: [DefNew: 417K->33K(448K), 0.0001950 secs] 15745K->15365K(1048512K), 0.0002550 secs] [Times: user=0.00 sys=0.00, real=0.00 secs] 
31.637: [GC31.637: [DefNew: 417K->34K(448K), 0.0001690 secs] 15749K->15370K(1048512K), 0.0002100 secs] [Times: user=0.00 sys=0.00, real=0.00 secs] 
31.647: [GC31.647: [DefNew: 418K->34K(448K), 0.0001570 secs] 15754K->15374K(1048512K), 0.0002000 secs] [Times: user=0.00 sys=0.00, real=0.00 secs] 
31.656: [GC31.656: [DefNew: 418K->34K(448K), 0.0001570 secs] 15758K->15378K(1048512K), 0.0002020 secs] [Times: user=0.00 sys=0.00, real=0.00 secs] 
31.665: [GC31.665: [DefNew: 418K->33K(448K), 0.0001910 secs] 15762K->15382K(1048512K), 0.0002370 secs] [Times: user=0.00 sys=0.00, real=0.00 secs] 
31.674: [GC31.674: [DefNew: 417K->34K(448K), 0.0001780 secs] 15766K->15386K(1048512K), 0.0002190 secs] [Times: user=0.00 sys=0.00, real=0.00 secs] 
31.684: [GC31.684: [DefNew: 418K->33K(448K), 0.0001750 secs] 15770K->15390K(1048512K), 0.0002110 secs] [Times: user=0.00 sys=0.00, real=0.00 secs] 
31.693: [GC31.693: [DefNew: 417K->33K(448K), 0.0001700 secs] 15774K->15394K(1048512K), 0.0002050 secs] [Times: user=0.00 sys=0.00, real=0.00 secs] 
31.702: [GC31.702: [DefNew: 417K->33K(448K), 0.0001700 secs] 15778K->15398K(1048512K), 0.0002160 secs] [Times: user=0.00 sys=0.00, real=0.00 secs] 
31.710: [GC31.710: [DefNew: 417K->32K(448K), 0.0001720 secs] 15782K->15402K(1048512K), 0.0002100 secs] [Times: user=0.00 sys=0.00, real=0.00 secs] 
31.720: [GC31.720: [DefNew: 416K->33K(448K), 0.0001870 secs] 15786K->15406K(1048512K), 0.0002460 secs] [Times: user=0.00 sys=0.00, real=0.00 secs] 
31.729: [GC31.729: [DefNew: 417K->33K(448K), 0.0001770 secs] 15790K->15410K(1048512K), 0.0002160 secs] [Times: user=0.00 sys=0.00, real=0.00 secs] 
31.738: [GC31.738: [DefNew: 417K->33K(448K), 0.0001790 secs] 15794K->15415K(1048512K), 0.0002200 secs] [Times: user=0.00 sys=0.00, real=0.00 secs] 
31.748: [GC31.748: [DefNew: 417K->33K(448K), 0.0001710 secs] 15799K->15419K(1048512K), 0.0002060 secs] [Times: user=0.00 sys=0.01, real=0.00 secs] 
31.757: [GC31.757: [DefNew: 417K->33K(448K), 0.0001940 secs] 15803K->15423K(1048512K), 0.0002450 secs] [Times: user=0.00 sys=0.00, real=0.00 secs] 
31.767: [GC31.767: [DefNew: 417K->33K(448K), 0.0001420 secs] 15807K->15427K(1048512K), 0.0001880 secs] [Times: user=0.00 sys=0.00, real=0.00 secs] 
31.776: [GC31.776: [DefNew: 417K->33K(448K), 0.0001510 secs] 15811K->15431K(1048512K), 0.0001860 secs] [Times: user=0.00 sys=0.00, real=0.00 secs] 
31.785: [GC31.785: [DefNew: 417K->34K(448K), 0.0001820 secs] 15815K->15436K(1048512K), 0.0002260 secs] [Times: user=0.00 sys=0.00, real=0.00 secs] 
31.794: [GC31.794: [DefNew: 418K->33K(448K), 0.0002360 secs] 15820K->15439K(1048512K), 0.0003070 secs] [Times: user=0.00 sys=0.00, real=0.00 secs] 
31.803: [GC31.803: [DefNew: 417K->34K(448K), 0.0002320 secs] 15823K->15444K(1048512K), 0.0002910 secs] [Times: user=0.00 sys=0.00, real=0.00 secs] 
31.812: [GC31.812: [DefNew: 418K->33K(448K), 0.0001900 secs] 15828K->15447K(1048512K), 0.0002400 secs] [Times: user=0.00 sys=0.00, real=0.01 secs] 
31.822: [GC31.822: [DefNew: 417K->33K(448K), 0.0001770 secs] 15831K->15452K(1048512K), 0.0002130 secs] [Times: user=0.00 sys=0.00, real=0.00 secs] 
31.831: [GC31.831: [DefNew: 417K->34K(448K), 0.0002580 secs] 15836K->15456K(1048512K), 0.0003190 secs] [Times: user=0.00 sys=0.00, real=0.00 secs] 
31.840: [GC31.840: [DefNew: 418K->33K(448K), 0.0001670 secs] 15840K->15460K(1048512K), 0.0002310 secs] [Times: user=0.00 sys=0.00, real=0.00 secs] 
31.850: [GC31.850: [DefNew: 417K->33K(448K), 0.0001640 secs] 15844K->15464K(1048512K), 0.0002110 secs] [Times: user=0.00 sys=0.00, real=0.00 secs] 
31.859: [GC31.859: [DefNew: 417K->34K(448K), 0.0002350 secs] 15848K->15469K(1048512K), 0.0002970 secs] [Times: user=0.00 sys=0.00, real=0.00 secs] 
31.869: [GC31.869: [DefNew: 418K->33K(448K), 0.0001560 secs] 15853K->15472K(1048512K), 0.0002000 secs] [Times: user=0.00 sys=0.00, real=0.00 secs] 
31.878: [GC31.878: [DefNew: 417K->34K(448K), 0.0001660 secs] 15856K->15477K(1048512K), 0.0002060 secs] [Times: user=0.00 sys=0.00, real=0.00 secs] 
31.887: [GC31.887: [DefNew: 418K->33K(448K), 0.0001880 secs] 15861K->15481K(1048512K), 0.0002300 secs] [Times: user=0.00 sys=0.00, real=0.00 secs] 
31.895: [GC31.895: [DefNew: 417K->33K(448K), 0.0001770 secs] 15865K->15485K(1048512K), 0.0002180 secs] [Times: user=0.00 sys=0.00, real=0.00 secs] 
31.904: [GC31.904: [DefNew: 417K->33K(448K), 0.0001890 secs] 15869K->15488K(1048512K), 0.0002360 secs] [Times: user=0.00 sys=0.00, real=0.00 secs] 
31.913: [GC31.913: [DefNew: 417K->33K(448K), 0.0001980 secs] 15872K->15493K(1048512K), 0.0002550 secs] [Times: user=0.00 sys=0.00, real=0.00 secs] 
31.923: [GC31.923: [DefNew: 417K->33K(448K), 0.0002010 secs] 15877K->15498K(1048512K), 0.0002520 secs] [Times: user=0.00 sys=0.00, real=0.00 secs] 
31.932: [GC31.932: [DefNew: 417K->34K(448K), 0.0001640 secs] 15882K->15502K(1048512K), 0.0002020 secs] [Times: user=0.00 sys=0.00, real=0.01 secs] 
31.942: [GC31.942: [DefNew: 418K->33K(448K), 0.0001720 secs] 15886K->15506K(1048512K), 0.0002100 secs] [Times: user=0.00 sys=0.00, real=0.00 secs] 
31.951: [GC31.951: [DefNew: 417K->34K(448K), 0.0001580 secs] 15890K->15511K(1048512K), 0.0001940 secs] [Times: user=0.00 sys=0.00, real=0.00 secs] 
31.960: [GC31.960: [DefNew: 418K->34K(448K), 0.0001530 secs] 15895K->15515K(1048512K), 0.0001880 secs] [Times: user=0.00 sys=0.00, real=0.00 secs] 
31.969: [GC31.969: [DefNew: 418K->35K(448K), 0.0001830 secs] 15899K->15519K(1048512K), 0.0002480 secs] [Times: user=0.00 sys=0.00, real=0.00 secs] 
31.979: [GC31.979: [DefNew: 419K->34K(448K), 0.0001700 secs] 15903K->15523K(1048512K), 0.0002060 secs] [Times: user=0.00 sys=0.00, real=0.00 secs] 
31.988: [GC31.988: [DefNew: 418K->34K(448K), 0.0001880 secs] 15907K->15528K(1048512K), 0.0002330 secs] [Times: user=0.00 sys=0.00, real=0.00 secs] 
31.997: [GC31.997: [DefNew: 418K->34K(448K), 0.0001740 secs] 15912K->15531K(1048512K), 0.0002130 secs] [Times: user=0.00 sys=0.00, real=0.00 secs] 
32.006: [GC32.006: [DefNew: 418K->34K(448K), 0.0001710 secs] 15915K->15536K(1048512K), 0.0002070 secs] [Times: user=0.00 sys=0.00, real=0.00 secs] 
32.016: [GC32.016: [DefNew: 418K->34K(448K), 0.0001630 secs] 15920K->15540K(1048512K), 0.0002090 secs] [Times: user=0.00 sys=0.00, real=0.00 secs] 
32.025: [GC32.025: [DefNew: 418K->34K(448K), 0.0001670 secs] 15924K->15544K(1048512K), 0.0002020 secs] [Times: user=0.00 sys=0.00, real=0.00 secs] 
32.034: [GC32.034: [DefNew: 418K->33K(448K), 0.0001770 secs] 15928K->15548K(1048512K), 0.0002160 secs] [Times: user=0.00 sys=0.00, real=0.00 secs] 
32.044: [GC32.044: [DefNew: 417K->34K(448K), 0.0001830 secs] 15932K->15552K(1048512K), 0.0002380 secs] [Times: user=0.00 sys=0.00, real=0.00 secs] 
32.053: [GC32.053: [DefNew: 418K->34K(448K), 0.0001500 secs] 15936K->15557K(1048512K), 0.0001870 secs] [Times: user=0.00 sys=0.00, real=0.00 secs] 
32.062: [GC32.062: [DefNew: 418K->33K(448K), 0.0001660 secs] 15941K->15560K(1048512K), 0.0002230 secs] [Times: user=0.00 sys=0.00, real=0.00 secs] 
32.071: [GC32.071: [DefNew: 417K->34K(448K), 0.0001470 secs] 15944K->15565K(1048512K), 0.0001840 secs] [Times: user=0.00 sys=0.00, real=0.00 secs] 
32.079: [GC32.079: [DefNew: 418K->33K(448K), 0.0001790 secs] 15949K->15569K(1048512K), 0.0002340 secs] [Times: user=0.00 sys=0.00, real=0.00 secs] 
32.089: [GC32.089: [DefNew: 417K->33K(448K), 0.0001750 secs] 15953K->15573K(1048512K), 0.0002170 secs] [Times: user=0.00 sys=0.00, real=0.00 secs] 
32.098: [GC32.098: [DefNew: 417K->33K(448K), 0.0001840 secs] 15957K->15577K(1048512K), 0.0002230 secs] [Times: user=0.00 sys=0.00, real=0.00 secs] 
32.107: [GC32.108: [DefNew: 417K->33K(448K), 0.0001700 secs] 15961K->15581K(1048512K), 0.0002060 secs] [Times: user=0.00 sys=0.00, real=0.00 secs] 
32.117: [GC32.117: [DefNew: 417K->33K(448K), 0.0001650 secs] 15965K->15585K(1048512K), 0.0002000 secs] [Times: user=0.00 sys=0.00, real=0.00 secs] 
32.126: [GC32.126: [DefNew: 417K->34K(448K), 0.0001650 secs] 15969K->15590K(1048512K), 0.0001990 secs] [Times: user=0.00 sys=0.00, real=0.00 secs] 
32.135: [GC32.135: [DefNew: 418K->33K(448K), 0.0001620 secs] 15974K->15593K(1048512K), 0.0001960 secs] [Times: user=0.00 sys=0.00, real=0.00 secs] 
32.144: [GC32.145: [DefNew: 417K->33K(448K), 0.0001790 secs] 15977K->15598K(1048512K), 0.0002240 secs] [Times: user=0.00 sys=0.00, real=0.00 secs] 
32.154: [GC32.154: [DefNew: 417K->33K(448K), 0.0001630 secs] 15982K->15602K(1048512K), 0.0001980 secs] [Times: user=0.00 sys=0.00, real=0.00 secs] 
32.163: [GC32.163: [DefNew: 417K->34K(448K), 0.0001790 secs] 15986K->15606K(1048512K), 0.0002240 secs] [Times: user=0.00 sys=0.00, real=0.00 secs] 
32.173: [GC32.173: [DefNew: 418K->34K(448K), 0.0001700 secs] 15990K->15610K(1048512K), 0.0002120 secs] [Times: user=0.00 sys=0.00, real=0.00 secs] 
32.182: [GC32.182: [DefNew: 418K->34K(448K), 0.0001730 secs] 15994K->15615K(1048512K), 0.0002130 secs] [Times: user=0.00 sys=0.00, real=0.00 secs] 
32.191: [GC32.191: [DefNew: 418K->34K(448K), 0.0001970 secs] 15999K->15619K(1048512K), 0.0002460 secs] [Times: user=0.00 sys=0.00, real=0.00 secs] 
32.200: [GC32.200: [DefNew: 418K->34K(448K), 0.0002100 secs] 16003K->15624K(1048512K), 0.0002560 secs] [Times: user=0.00 sys=0.00, real=0.00 secs] 
32.210: [GC32.210: [DefNew: 418K->34K(448K), 0.0001720 secs] 16008K->15628K(1048512K), 0.0002080 secs] [Times: user=0.00 sys=0.00, real=0.00 secs] 
32.219: [GC32.219: [DefNew: 418K->34K(448K), 0.0001650 secs] 16012K->15632K(1048512K), 0.0002080 secs] [Times: user=0.01 sys=0.00, real=0.00 secs] 
32.228: [GC32.228: [DefNew: 418K->34K(448K), 0.0001820 secs] 16016K->15636K(1048512K), 0.0002280 secs] [Times: user=0.00 sys=0.00, real=0.00 secs] 
32.238: [GC32.238: [DefNew: 418K->34K(448K), 0.0001830 secs] 16020K->15640K(1048512K), 0.0002230 secs] [Times: user=0.00 sys=0.00, real=0.00 secs] 
32.247: [GC32.247: [DefNew: 418K->34K(448K), 0.0002510 secs] 16024K->15645K(1048512K), 0.0003330 secs] [Times: user=0.00 sys=0.00, real=0.00 secs] 
32.257: [GC32.257: [DefNew: 418K->34K(448K), 0.0002000 secs] 16029K->15649K(1048512K), 0.0002500 secs] [Times: user=0.00 sys=0.00, real=0.00 secs] 
32.264: [GC32.264: [DefNew: 418K->34K(448K), 0.0001560 secs] 16033K->15653K(1048512K), 0.0002000 secs] [Times: user=0.00 sys=0.00, real=0.00 secs] 
32.274: [GC32.274: [DefNew: 418K->34K(448K), 0.0001520 secs] 16037K->15657K(1048512K), 0.0001890 secs] [Times: user=0.00 sys=0.00, real=0.00 secs] 
32.283: [GC32.283: [DefNew: 418K->34K(448K), 0.0002690 secs] 16041K->15661K(1048512K), 0.0003380 secs] [Times: user=0.00 sys=0.00, real=0.00 secs] 
32.292: [GC32.292: [DefNew: 418K->34K(448K), 0.0001630 secs] 16045K->15666K(1048512K), 0.0002020 secs] [Times: user=0.00 sys=0.00, real=0.00 secs] 
32.301: [GC32.301: [DefNew: 418K->34K(448K), 0.0001770 secs] 16050K->15670K(1048512K), 0.0002130 secs] [Times: user=0.00 sys=0.00, real=0.00 secs] 
32.311: [GC32.311: [DefNew: 418K->34K(448K), 0.0001810 secs] 16054K->15674K(1048512K), 0.0002290 secs] [Times: user=0.00 sys=0.00, real=0.00 secs] 
32.320: [GC32.320: [DefNew: 418K->34K(448K), 0.0001860 secs] 16058K->15679K(1048512K), 0.0002330 secs] [Times: user=0.00 sys=0.01, real=0.00 secs] 
32.330: [GC32.330: [DefNew: 418K->34K(448K), 0.0001950 secs] 16063K->15683K(1048512K), 0.0002420 secs] [Times: user=0.00 sys=0.00, real=0.00 secs] 
32.339: [GC32.339: [DefNew: 418K->34K(448K), 0.0001710 secs] 16067K->15687K(1048512K), 0.0002090 secs] [Times: user=0.00 sys=0.00, real=0.00 secs] 
32.348: [GC32.349: [DefNew: 418K->34K(448K), 0.0001960 secs] 16071K->15691K(1048512K), 0.0002540 secs] [Times: user=0.00 sys=0.00, real=0.00 secs] 
32.358: [GC32.358: [DefNew: 418K->34K(448K), 0.0001890 secs] 16075K->15695K(1048512K), 0.0002370 secs] [Times: user=0.00 sys=0.00, real=0.00 secs] 
32.367: [GC32.367: [DefNew: 418K->34K(448K), 0.0001550 secs] 16079K->15700K(1048512K), 0.0001980 secs] [Times: user=0.00 sys=0.00, real=0.00 secs] 
32.377: [GC32.377: [DefNew: 418K->34K(448K), 0.0001420 secs] 16084K->15704K(1048512K), 0.0001790 secs] [Times: user=0.00 sys=0.00, real=0.00 secs] 
32.386: [GC32.386: [DefNew: 418K->34K(448K), 0.0001730 secs] 16088K->15708K(1048512K), 0.0002100 secs] [Times: user=0.00 sys=0.00, real=0.00 secs] 
32.395: [GC32.395: [DefNew: 418K->33K(448K), 0.0001710 secs] 16092K->15712K(1048512K), 0.0002100 secs] [Times: user=0.00 sys=0.00, real=0.00 secs] 
32.405: [GC32.405: [DefNew: 417K->34K(448K), 0.0001870 secs] 16096K->15717K(1048512K), 0.0002390 secs] [Times: user=0.00 sys=0.00, real=0.00 secs] 
32.414: [GC32.414: [DefNew: 418K->34K(448K), 0.0001870 secs] 16101K->15721K(1048512K), 0.0002320 secs] [Times: user=0.00 sys=0.00, real=0.00 secs] 
32.423: [GC32.423: [DefNew: 418K->33K(448K), 0.0001750 secs] 16105K->15725K(1048512K), 0.0002250 secs] [Times: user=0.00 sys=0.00, real=0.00 secs] 
32.433: [GC32.433: [DefNew: 417K->34K(448K), 0.0001750 secs] 16109K->15729K(1048512K), 0.0002160 secs] [Times: user=0.01 sys=0.00, real=0.01 secs] 
32.441: [GC32.441: [DefNew: 418K->34K(448K), 0.0001810 secs] 16113K->15734K(1048512K), 0.0002350 secs] [Times: user=0.00 sys=0.00, real=0.00 secs] 
32.451: [GC32.451: [DefNew: 418K->34K(448K), 0.0001770 secs] 16118K->15738K(1048512K), 0.0002200 secs] [Times: user=0.00 sys=0.00, real=0.00 secs] 
32.459: [GC32.459: [DefNew: 418K->34K(448K), 0.0002050 secs] 16122K->15742K(1048512K), 0.0002650 secs] [Times: user=0.00 sys=0.00, real=0.00 secs] 
32.468: [GC32.468: [DefNew: 418K->34K(448K), 0.0001590 secs] 16126K->15746K(1048512K), 0.0002020 secs] [Times: user=0.00 sys=0.00, real=0.00 secs] 
32.477: [GC32.477: [DefNew: 418K->34K(448K), 0.0002160 secs] 16130K->15750K(1048512K), 0.0002740 secs] [Times: user=0.00 sys=0.00, real=0.00 secs] 
32.486: [GC32.486: [DefNew: 418K->34K(448K), 0.0001580 secs] 16134K->15755K(1048512K), 0.0001980 secs] [Times: user=0.00 sys=0.00, real=0.00 secs] 
32.495: [GC32.495: [DefNew: 418K->34K(448K), 0.0001520 secs] 16139K->15759K(1048512K), 0.0001880 secs] [Times: user=0.00 sys=0.00, real=0.00 secs] 
32.505: [GC32.505: [DefNew: 418K->34K(448K), 0.0001860 secs] 16143K->15763K(1048512K), 0.0002330 secs] [Times: user=0.00 sys=0.00, real=0.00 secs] 
32.514: [GC32.514: [DefNew: 418K->34K(448K), 0.0001710 secs] 16147K->15768K(1048512K), 0.0002090 secs] [Times: user=0.00 sys=0.00, real=0.00 secs] 
32.524: [GC32.524: [DefNew: 418K->33K(448K), 0.0002030 secs] 16152K->15771K(1048512K), 0.0002490 secs] [Times: user=0.00 sys=0.00, real=0.00 secs] 
32.533: [GC32.533: [DefNew: 417K->34K(448K), 0.0001940 secs] 16155K->15776K(1048512K), 0.0002370 secs] [Times: user=0.00 sys=0.00, real=0.00 secs] 
32.542: [GC32.542: [DefNew: 418K->34K(448K), 0.0005030 secs] 16160K->15780K(1048512K), 0.0005870 secs] [Times: user=0.00 sys=0.00, real=0.01 secs] 
32.552: [GC32.552: [DefNew: 418K->34K(448K), 0.0001550 secs] 16164K->15784K(1048512K), 0.0001930 secs] [Times: user=0.00 sys=0.00, real=0.00 secs] 
32.561: [GC32.561: [DefNew: 418K->34K(448K), 0.0001850 secs] 16168K->15789K(1048512K), 0.0002250 secs] [Times: user=0.00 sys=0.00, real=0.00 secs] 
32.570: [GC32.570: [DefNew: 418K->34K(448K), 0.0001660 secs] 16173K->15794K(1048512K), 0.0002050 secs] [Times: user=0.00 sys=0.00, real=0.00 secs] 
32.579: [GC32.579: [DefNew: 418K->35K(448K), 0.0001740 secs] 16178K->15799K(1048512K), 0.0002160 secs] [Times: user=0.00 sys=0.00, real=0.00 secs] 
32.589: [GC32.589: [DefNew: 419K->36K(448K), 0.0001780 secs] 16183K->15803K(1048512K), 0.0002220 secs] [Times: user=0.00 sys=0.00, real=0.00 secs] 
32.598: [GC32.598: [DefNew: 420K->36K(448K), 0.0001960 secs] 16187K->15808K(1048512K), 0.0002410 secs] [Times: user=0.00 sys=0.00, real=0.00 secs] 
32.608: [GC32.608: [DefNew: 420K->31K(448K), 0.0002000 secs] 16192K->15811K(1048512K), 0.0002400 secs] [Times: user=0.00 sys=0.00, real=0.00 secs] 
32.617: [GC32.617: [DefNew: 415K->35K(448K), 0.0001520 secs] 16195K->15816K(1048512K), 0.0001980 secs] [Times: user=0.00 sys=0.00, real=0.00 secs] 
32.626: [GC32.626: [DefNew: 419K->35K(448K), 0.0001650 secs] 16200K->15820K(1048512K), 0.0001990 secs] [Times: user=0.00 sys=0.00, real=0.00 secs] 
32.635: [GC32.635: [DefNew: 419K->35K(448K), 0.0001570 secs] 16204K->15824K(1048512K), 0.0001940 secs] [Times: user=0.00 sys=0.00, real=0.00 secs] 
32.643: [GC32.643: [DefNew: 419K->34K(448K), 0.0001810 secs] 16208K->15827K(1048512K), 0.0002220 secs] [Times: user=0.01 sys=0.00, real=0.00 secs] 
32.652: [GC32.652: [DefNew: 418K->33K(448K), 0.0001790 secs] 16211K->15831K(1048512K), 0.0002140 secs] [Times: user=0.00 sys=0.00, real=0.01 secs] 
32.662: [GC32.662: [DefNew: 417K->33K(448K), 0.0001610 secs] 16215K->15836K(1048512K), 0.0001970 secs] [Times: user=0.00 sys=0.00, real=0.00 secs] 
32.671: [GC32.671: [DefNew: 417K->33K(448K), 0.0001690 secs] 16220K->15840K(1048512K), 0.0002070 secs] [Times: user=0.00 sys=0.00, real=0.00 secs] 
32.680: [GC32.680: [DefNew: 417K->32K(448K), 0.0002100 secs] 16224K->15844K(1048512K), 0.0002560 secs] [Times: user=0.00 sys=0.00, real=0.00 secs] 
32.689: [GC32.689: [DefNew: 416K->33K(448K), 0.0001770 secs] 16228K->15848K(1048512K), 0.0002220 secs] [Times: user=0.00 sys=0.00, real=0.00 secs] 
32.698: [GC32.698: [DefNew: 417K->33K(448K), 0.0001740 secs] 16232K->15853K(1048512K), 0.0002110 secs] [Times: user=0.00 sys=0.00, real=0.00 secs] 
32.707: [GC32.707: [DefNew: 417K->34K(448K), 0.0001750 secs] 16237K->15857K(1048512K), 0.0002130 secs] [Times: user=0.00 sys=0.00, real=0.00 secs] 
32.717: [GC32.717: [DefNew: 418K->34K(448K), 0.0001550 secs] 16241K->15861K(1048512K), 0.0002020 secs] [Times: user=0.00 sys=0.00, real=0.00 secs] 
32.726: [GC32.726: [DefNew: 418K->34K(448K), 0.0002000 secs] 16245K->15866K(1048512K), 0.0002570 secs] [Times: user=0.00 sys=0.00, real=0.00 secs] 
32.735: [GC32.735: [DefNew: 418K->34K(448K), 0.0001740 secs] 16250K->15869K(1048512K), 0.0002290 secs] [Times: user=0.00 sys=0.00, real=0.00 secs] 
32.744: [GC32.744: [DefNew: 418K->34K(448K), 0.0001790 secs] 16253K->15874K(1048512K), 0.0002190 secs] [Times: user=0.00 sys=0.00, real=0.00 secs] 
32.754: [GC32.754: [DefNew: 418K->34K(448K), 0.0001910 secs] 16258K->15878K(1048512K), 0.0002290 secs] [Times: user=0.00 sys=0.00, real=0.00 secs] 
32.763: [GC32.763: [DefNew: 418K->34K(448K), 0.0001980 secs] 16262K->15882K(1048512K), 0.0002480 secs] [Times: user=0.00 sys=0.00, real=0.00 secs] 
32.772: [GC32.772: [DefNew: 418K->34K(448K), 0.0001920 secs] 16266K->15886K(1048512K), 0.0002480 secs] [Times: user=0.00 sys=0.00, real=0.01 secs] 
32.782: [GC32.782: [DefNew: 418K->34K(448K), 0.0002730 secs] 16270K->15891K(1048512K), 0.0003260 secs] [Times: user=0.00 sys=0.00, real=0.00 secs] 
32.791: [GC32.791: [DefNew: 418K->34K(448K), 0.0001500 secs] 16275K->15896K(1048512K), 0.0001880 secs] [Times: user=0.00 sys=0.00, real=0.00 secs] 
32.801: [GC32.801: [DefNew: 418K->34K(448K), 0.0001640 secs] 16280K->15900K(1048512K), 0.0002000 secs] [Times: user=0.00 sys=0.00, real=0.00 secs] 
32.810: [GC32.810: [DefNew: 418K->34K(448K), 0.0001670 secs] 16284K->15904K(1048512K), 0.0002070 secs] [Times: user=0.00 sys=0.00, real=0.00 secs] 
32.819: [GC32.819: [DefNew: 418K->34K(448K), 0.0001650 secs] 16288K->15908K(1048512K), 0.0002010 secs] [Times: user=0.00 sys=0.00, real=0.00 secs] 
32.827: [GC32.827: [DefNew: 418K->34K(448K), 0.0001580 secs] 16292K->15912K(1048512K), 0.0001910 secs] [Times: user=0.00 sys=0.00, real=0.00 secs] 
32.836: [GC32.836: [DefNew: 418K->33K(448K), 0.0001650 secs] 16296K->15915K(1048512K), 0.0002040 secs] [Times: user=0.00 sys=0.00, real=0.00 secs] 
32.846: [GC32.846: [DefNew: 417K->33K(448K), 0.0001980 secs] 16299K->15920K(1048512K), 0.0002560 secs] [Times: user=0.00 sys=0.00, real=0.00 secs] 
32.855: [GC32.855: [DefNew: 417K->33K(448K), 0.0001550 secs] 16304K->15924K(1048512K), 0.0001930 secs] [Times: user=0.00 sys=0.00, real=0.00 secs] 
32.864: [GC32.865: [DefNew: 417K->33K(448K), 0.0001570 secs] 16308K->15929K(1048512K), 0.0001990 secs] [Times: user=0.01 sys=0.00, real=0.00 secs] 
32.874: [GC32.874: [DefNew: 417K->33K(448K), 0.0001370 secs] 16313K->15933K(1048512K), 0.0001760 secs] [Times: user=0.00 sys=0.00, real=0.00 secs] 
32.883: [GC32.883: [DefNew: 417K->34K(448K), 0.0001650 secs] 16317K->15937K(1048512K), 0.0002060 secs] [Times: user=0.00 sys=0.00, real=0.00 secs] 
32.892: [GC32.892: [DefNew: 418K->33K(448K), 0.0001890 secs] 16321K->15941K(1048512K), 0.0002290 secs] [Times: user=0.00 sys=0.00, real=0.01 secs] 
32.902: [GC32.902: [DefNew: 417K->34K(448K), 0.0001750 secs] 16325K->15945K(1048512K), 0.0002150 secs] [Times: user=0.00 sys=0.00, real=0.00 secs] 
32.911: [GC32.911: [DefNew: 418K->35K(448K), 0.0001980 secs] 16329K->15950K(1048512K), 0.0002520 secs] [Times: user=0.00 sys=0.00, real=0.00 secs] 
32.920: [GC32.920: [DefNew: 419K->35K(448K), 0.0001810 secs] 16334K->15955K(1048512K), 0.0002200 secs] [Times: user=0.00 sys=0.00, real=0.00 secs] 
32.929: [GC32.929: [DefNew: 419K->34K(448K), 0.0001850 secs] 16339K->15958K(1048512K), 0.0002280 secs] [Times: user=0.00 sys=0.00, real=0.00 secs] 
32.938: [GC32.938: [DefNew: 418K->34K(448K), 0.0001800 secs] 16342K->15963K(1048512K), 0.0002210 secs] [Times: user=0.00 sys=0.00, real=0.00 secs] 
32.948: [GC32.948: [DefNew: 418K->34K(448K), 0.0001840 secs] 16347K->15966K(1048512K), 0.0002270 secs] [Times: user=0.00 sys=0.00, real=0.00 secs] 
32.957: [GC32.957: [DefNew: 418K->35K(448K), 0.0001890 secs] 16350K->15971K(1048512K), 0.0002290 secs] [Times: user=0.00 sys=0.00, real=0.00 secs] 
32.966: [GC32.966: [DefNew: 419K->35K(448K), 0.0001710 secs] 16355K->15976K(1048512K), 0.0002070 secs] [Times: user=0.00 sys=0.00, real=0.00 secs] 
32.975: [GC32.975: [DefNew: 419K->35K(448K), 0.0002260 secs] 16360K->15981K(1048512K), 0.0002820 secs] [Times: user=0.00 sys=0.00, real=0.00 secs] 
32.985: [GC32.985: [DefNew: 419K->35K(448K), 0.0001490 secs] 16365K->15985K(1048512K), 0.0001870 secs] [Times: user=0.00 sys=0.00, real=0.00 secs] 
32.994: [GC32.994: [DefNew: 419K->35K(448K), 0.0001760 secs] 16369K->15989K(1048512K), 0.0002290 secs] [Times: user=0.00 sys=0.00, real=0.00 secs] 
33.003: [GC33.003: [DefNew: 419K->35K(448K), 0.0001570 secs] 16373K->15993K(1048512K), 0.0001970 secs] [Times: user=0.00 sys=0.00, real=0.00 secs] 
33.011: [GC33.011: [DefNew: 419K->35K(448K), 0.0001710 secs] 16377K->15997K(1048512K), 0.0002090 secs] [Times: user=0.00 sys=0.00, real=0.00 secs] 
33.021: [GC33.021: [DefNew: 419K->34K(448K), 0.0001860 secs] 16381K->16001K(1048512K), 0.0002320 secs] [Times: user=0.00 sys=0.00, real=0.00 secs] 
33.030: [GC33.030: [DefNew: 418K->33K(448K), 0.0001800 secs] 16385K->16005K(1048512K), 0.0002210 secs] [Times: user=0.00 sys=0.00, real=0.00 secs] 
33.039: [GC33.039: [DefNew: 417K->33K(448K), 0.0001600 secs] 16389K->16009K(1048512K), 0.0002000 secs] [Times: user=0.00 sys=0.00, real=0.00 secs] 
33.048: [GC33.048: [DefNew: 417K->32K(448K), 0.0001810 secs] 16393K->16013K(1048512K), 0.0002220 secs] [Times: user=0.00 sys=0.00, real=0.00 secs] 
33.058: [GC33.058: [DefNew: 416K->31K(448K), 0.0001720 secs] 16397K->16017K(1048512K), 0.0002100 secs] [Times: user=0.00 sys=0.00, real=0.00 secs] 
33.067: [GC33.067: [DefNew: 415K->36K(448K), 0.0001590 secs] 16401K->16021K(1048512K), 0.0001950 secs] [Times: user=0.00 sys=0.00, real=0.00 secs] 
33.076: [GC33.076: [DefNew: 420K->31K(448K), 0.0001930 secs] 16405K->16024K(1048512K), 0.0002350 secs] [Times: user=0.00 sys=0.00, real=0.00 secs] 
33.086: [GC33.086: [DefNew: 415K->37K(448K), 0.0001530 secs] 16408K->16030K(1048512K), 0.0001860 secs] [Times: user=0.01 sys=0.00, real=0.00 secs] 
33.095: [GC33.095: [DefNew: 421K->34K(448K), 0.0001690 secs] 16414K->16035K(1048512K), 0.0002020 secs] [Times: user=0.00 sys=0.00, real=0.00 secs] 
33.104: [GC33.104: [DefNew: 418K->34K(448K), 0.0001850 secs] 16419K->16038K(1048512K), 0.0002330 secs] [Times: user=0.00 sys=0.00, real=0.00 secs] 
33.113: [GC33.113: [DefNew: 418K->34K(448K), 0.0001850 secs] 16422K->16043K(1048512K), 0.0002260 secs] [Times: user=0.00 sys=0.00, real=0.00 secs] 
33.123: [GC33.123: [DefNew: 418K->34K(448K), 0.0001770 secs] 16427K->16047K(1048512K), 0.0002160 secs] [Times: user=0.00 sys=0.00, real=0.00 secs] 
33.132: [GC33.132: [DefNew: 418K->35K(448K), 0.0001560 secs] 16431K->16051K(1048512K), 0.0001990 secs] [Times: user=0.00 sys=0.00, real=0.00 secs] 
33.141: [GC33.141: [DefNew: 419K->35K(448K), 0.0001530 secs] 16435K->16055K(1048512K), 0.0001970 secs] [Times: user=0.00 sys=0.00, real=0.00 secs] 
33.150: [GC33.150: [DefNew: 419K->35K(448K), 0.0001990 secs] 16439K->16060K(1048512K), 0.0002350 secs] [Times: user=0.00 sys=0.00, real=0.00 secs] 
33.160: [GC33.160: [DefNew: 419K->34K(448K), 0.0001540 secs] 16444K->16064K(1048512K), 0.0001980 secs] [Times: user=0.00 sys=0.00, real=0.00 secs] 
33.169: [GC33.169: [DefNew: 418K->34K(448K), 0.0001670 secs] 16448K->16068K(1048512K), 0.0002030 secs] [Times: user=0.00 sys=0.00, real=0.00 secs] 
33.178: [GC33.178: [DefNew: 418K->34K(448K), 0.0001790 secs] 16452K->16072K(1048512K), 0.0002510 secs] [Times: user=0.00 sys=0.00, real=0.00 secs] 
33.188: [GC33.188: [DefNew: 418K->34K(448K), 0.0001540 secs] 16456K->16076K(1048512K), 0.0001930 secs] [Times: user=0.00 sys=0.00, real=0.00 secs] 
33.196: [GC33.196: [DefNew: 418K->34K(448K), 0.0001850 secs] 16460K->16080K(1048512K), 0.0002390 secs] [Times: user=0.00 sys=0.00, real=0.00 secs] 
33.205: [GC33.205: [DefNew: 418K->33K(448K), 0.0001520 secs] 16464K->16084K(1048512K), 0.0001900 secs] [Times: user=0.00 sys=0.00, real=0.00 secs] 
33.214: [GC33.214: [DefNew: 417K->33K(448K), 0.0001850 secs] 16468K->16088K(1048512K), 0.0002340 secs] [Times: user=0.00 sys=0.00, real=0.00 secs] 
33.223: [GC33.223: [DefNew: 417K->32K(448K), 0.0001860 secs] 16472K->16092K(1048512K), 0.0002280 secs] [Times: user=0.00 sys=0.00, real=0.00 secs] 
33.232: [GC33.232: [DefNew: 416K->33K(448K), 0.0001720 secs] 16476K->16096K(1048512K), 0.0002100 secs] [Times: user=0.00 sys=0.00, real=0.00 secs] 
33.242: [GC33.242: [DefNew: 417K->33K(448K), 0.0001670 secs] 16480K->16101K(1048512K), 0.0002020 secs] [Times: user=0.00 sys=0.00, real=0.00 secs] 
33.251: [GC33.251: [DefNew: 417K->33K(448K), 0.0001810 secs] 16485K->16105K(1048512K), 0.0002230 secs] [Times: user=0.00 sys=0.00, real=0.00 secs] 
33.260: [GC33.260: [DefNew: 417K->33K(448K), 0.0001660 secs] 16489K->16109K(1048512K), 0.0002010 secs] [Times: user=0.00 sys=0.00, real=0.00 secs] 
33.270: [GC33.270: [DefNew: 417K->34K(448K), 0.0001600 secs] 16493K->16113K(1048512K), 0.0002110 secs] [Times: user=0.00 sys=0.00, real=0.00 secs] 
33.279: [GC33.279: [DefNew: 418K->34K(448K), 0.0001970 secs] 16497K->16117K(1048512K), 0.0002490 secs] [Times: user=0.00 sys=0.00, real=0.00 secs] 
33.287: [GC33.288: [DefNew: 418K->34K(448K), 0.0001890 secs] 16501K->16122K(1048512K), 0.0002390 secs] [Times: user=0.00 sys=0.00, real=0.00 secs] 
33.297: [GC33.297: [DefNew: 418K->34K(448K), 0.0001860 secs] 16506K->16127K(1048512K), 0.0002370 secs] [Times: user=0.00 sys=0.00, real=0.00 secs] 
33.306: [GC33.306: [DefNew: 418K->35K(448K), 0.0002070 secs] 16511K->16132K(1048512K), 0.0002700 secs] [Times: user=0.01 sys=0.00, real=0.00 secs] 
33.315: [GC33.315: [DefNew: 419K->35K(448K), 0.0002360 secs] 16516K->16136K(1048512K), 0.0002870 secs] [Times: user=0.00 sys=0.00, real=0.00 secs] 
33.324: [GC33.324: [DefNew: 419K->35K(448K), 0.0003010 secs] 16520K->16140K(1048512K), 0.0003610 secs] [Times: user=0.00 sys=0.00, real=0.00 secs] 
33.334: [GC33.334: [DefNew: 419K->35K(448K), 0.0001770 secs] 16524K->16144K(1048512K), 0.0002290 secs] [Times: user=0.00 sys=0.00, real=0.00 secs] 
33.343: [GC33.343: [DefNew: 419K->35K(448K), 0.0003060 secs] 16528K->16149K(1048512K), 0.0004220 secs] [Times: user=0.00 sys=0.00, real=0.00 secs] 
33.352: [GC33.352: [DefNew: 419K->35K(448K), 0.0003090 secs] 16533K->16153K(1048512K), 0.0003980 secs] [Times: user=0.00 sys=0.00, real=0.00 secs] 
33.361: [GC33.361: [DefNew: 419K->35K(448K), 0.0002180 secs] 16537K->16158K(1048512K), 0.0002760 secs] [Times: user=0.00 sys=0.00, real=0.00 secs] 
33.370: [GC33.370: [DefNew: 419K->36K(448K), 0.0001820 secs] 16542K->16163K(1048512K), 0.0002330 secs] [Times: user=0.00 sys=0.00, real=0.00 secs] 
33.380: [GC33.380: [DefNew: 420K->36K(448K), 0.0003570 secs] 16547K->16167K(1048512K), 0.0004490 secs] [Times: user=0.00 sys=0.00, real=0.00 secs] 
33.388: [GC33.388: [DefNew: 420K->35K(448K), 0.0005030 secs] 16551K->16170K(1048512K), 0.0005990 secs] [Times: user=0.00 sys=0.00, real=0.00 secs] 
33.398: [GC33.398: [DefNew: 419K->35K(448K), 0.0002930 secs] 16554K->16175K(1048512K), 0.0003700 secs] [Times: user=0.00 sys=0.00, real=0.00 secs] 
33.407: [GC33.407: [DefNew: 419K->35K(448K), 0.0004300 secs] 16559K->16180K(1048512K), 0.0005000 secs] [Times: user=0.00 sys=0.00, real=0.00 secs] 
33.416: [GC33.416: [DefNew: 419K->35K(448K), 0.0001720 secs] 16564K->16184K(1048512K), 0.0002200 secs] [Times: user=0.00 sys=0.00, real=0.00 secs] 
33.425: [GC33.425: [DefNew: 419K->35K(448K), 0.0002770 secs] 16568K->16188K(1048512K), 0.0003640 secs] [Times: user=0.00 sys=0.00, real=0.00 secs] 
33.434: [GC33.434: [DefNew: 419K->34K(448K), 0.0002020 secs] 16572K->16193K(1048512K), 0.0002610 secs] [Times: user=0.00 sys=0.00, real=0.00 secs] 
33.443: [GC33.443: [DefNew: 418K->33K(448K), 0.0002150 secs] 16577K->16196K(1048512K), 0.0002770 secs] [Times: user=0.00 sys=0.00, real=0.00 secs] 
33.452: [GC33.452: [DefNew: 417K->34K(448K), 0.0001630 secs] 16580K->16201K(1048512K), 0.0002080 secs] [Times: user=0.00 sys=0.00, real=0.00 secs] 
33.461: [GC33.461: [DefNew: 418K->33K(448K), 0.0006310 secs] 16585K->16204K(1048512K), 0.0007210 secs] [Times: user=0.01 sys=0.00, real=0.00 secs] 
33.471: [GC33.471: [DefNew: 417K->34K(448K), 0.0001640 secs] 16588K->16209K(1048512K), 0.0002230 secs] [Times: user=0.00 sys=0.00, real=0.00 secs] 
33.480: [GC33.480: [DefNew: 418K->34K(448K), 0.0003560 secs] 16593K->16213K(1048512K), 0.0004620 secs] [Times: user=0.00 sys=0.00, real=0.00 secs] 
33.489: [GC33.489: [DefNew: 418K->33K(448K), 0.0001900 secs] 16597K->16217K(1048512K), 0.0002580 secs] [Times: user=0.00 sys=0.00, real=0.00 secs] 
33.499: [GC33.499: [DefNew: 417K->33K(448K), 0.0002400 secs] 16601K->16221K(1048512K), 0.0003000 secs] [Times: user=0.00 sys=0.00, real=0.00 secs] 
33.508: [GC33.508: [DefNew: 417K->34K(448K), 0.0001930 secs] 16605K->16226K(1048512K), 0.0002640 secs] [Times: user=0.00 sys=0.00, real=0.00 secs] 
33.517: [GC33.517: [DefNew: 418K->33K(448K), 0.0001680 secs] 16610K->16229K(1048512K), 0.0002150 secs] [Times: user=0.00 sys=0.00, real=0.00 secs] 
33.526: [GC33.526: [DefNew: 417K->34K(448K), 0.0002510 secs] 16613K->16234K(1048512K), 0.0003220 secs] [Times: user=0.00 sys=0.00, real=0.00 secs] 
33.535: [GC33.535: [DefNew: 418K->33K(448K), 0.0001780 secs] 16618K->16238K(1048512K), 0.0002270 secs] [Times: user=0.00 sys=0.00, real=0.00 secs] 
33.544: [GC33.544: [DefNew: 417K->34K(448K), 0.0004850 secs] 16622K->16242K(1048512K), 0.0005950 secs] [Times: user=0.00 sys=0.00, real=0.00 secs] 
33.554: [GC33.554: [DefNew: 418K->34K(448K), 0.0001670 secs] 16626K->16247K(1048512K), 0.0002120 secs] [Times: user=0.00 sys=0.00, real=0.00 secs] 
33.563: [GC33.563: [DefNew: 418K->34K(448K), 0.0002460 secs] 16631K->16251K(1048512K), 0.0003100 secs] [Times: user=0.00 sys=0.00, real=0.00 secs] 
33.571: [GC33.571: [DefNew: 418K->34K(448K), 0.0002100 secs] 16635K->16255K(1048512K), 0.0002910 secs] [Times: user=0.00 sys=0.00, real=0.00 secs] 
33.580: [GC33.580: [DefNew: 418K->33K(448K), 0.0001750 secs] 16639K->16258K(1048512K), 0.0002250 secs] [Times: user=0.00 sys=0.00, real=0.00 secs] 
33.590: [GC33.590: [DefNew: 417K->34K(448K), 0.0002680 secs] 16642K->16263K(1048512K), 0.0003490 secs] [Times: user=0.00 sys=0.00, real=0.00 secs] 
33.599: [GC33.599: [DefNew: 418K->34K(448K), 0.0002390 secs] 16647K->16267K(1048512K), 0.0003130 secs] [Times: user=0.00 sys=0.00, real=0.00 secs] 
33.608: [GC33.609: [DefNew: 418K->34K(448K), 0.0003760 secs] 16651K->16272K(1048512K), 0.0004810 secs] [Times: user=0.00 sys=0.00, real=0.00 secs] 
33.618: [GC33.618: [DefNew: 418K->33K(448K), 0.0002150 secs] 16656K->16276K(1048512K), 0.0003090 secs] [Times: user=0.00 sys=0.00, real=0.00 secs] 
33.627: [GC33.627: [DefNew: 417K->34K(448K), 0.0003390 secs] 16660K->16281K(1048512K), 0.0004320 secs] [Times: user=0.00 sys=0.00, real=0.00 secs] 
33.637: [GC33.637: [DefNew: 418K->34K(448K), 0.0001680 secs] 16665K->16285K(1048512K), 0.0002170 secs] [Times: user=0.00 sys=0.00, real=0.00 secs] 
33.646: [GC33.646: [DefNew: 418K->35K(448K), 0.0002590 secs] 16669K->16290K(1048512K), 0.0003340 secs] [Times: user=0.00 sys=0.00, real=0.00 secs] 
33.655: [GC33.655: [DefNew: 419K->35K(448K), 0.0001780 secs] 16674K->16294K(1048512K), 0.0002320 secs] [Times: user=0.00 sys=0.00, real=0.00 secs] 
33.664: [GC33.664: [DefNew: 419K->35K(448K), 0.0002590 secs] 16678K->16298K(1048512K), 0.0003660 secs] [Times: user=0.00 sys=0.00, real=0.00 secs] 
33.673: [GC33.673: [DefNew: 419K->34K(448K), 0.0001650 secs] 16682K->16302K(1048512K), 0.0002100 secs] [Times: user=0.00 sys=0.00, real=0.00 secs] 
33.682: [GC33.682: [DefNew: 418K->34K(448K), 0.0001760 secs] 16686K->16306K(1048512K), 0.0002330 secs] [Times: user=0.00 sys=0.00, real=0.00 secs] 
33.691: [GC33.691: [DefNew: 418K->35K(448K), 0.0002050 secs] 16690K->16311K(1048512K), 0.0002670 secs] [Times: user=0.00 sys=0.00, real=0.00 secs] 
33.700: [GC33.700: [DefNew: 419K->34K(448K), 0.0001780 secs] 16695K->16315K(1048512K), 0.0002590 secs] [Times: user=0.00 sys=0.00, real=0.00 secs] 
33.709: [GC33.709: [DefNew: 418K->35K(448K), 0.0002670 secs] 16699K->16320K(1048512K), 0.0003470 secs] [Times: user=0.00 sys=0.00, real=0.00 secs] 
33.719: [GC33.719: [DefNew: 419K->34K(448K), 0.0002400 secs] 16704K->16324K(1048512K), 0.0003070 secs] [Times: user=0.00 sys=0.00, real=0.00 secs] 
33.728: [GC33.728: [DefNew: 418K->35K(448K), 0.0003370 secs] 16708K->16328K(1048512K), 0.0004260 secs] [Times: user=0.00 sys=0.00, real=0.00 secs] 
33.736: [GC33.736: [DefNew: 419K->35K(448K), 0.0001650 secs] 16712K->16333K(1048512K), 0.0002120 secs] [Times: user=0.00 sys=0.00, real=0.00 secs] 
33.745: [GC33.746: [DefNew: 419K->35K(448K), 0.0002180 secs] 16717K->16337K(1048512K), 0.0002790 secs] [Times: user=0.00 sys=0.00, real=0.00 secs] 
33.753: [GC33.753: [DefNew: 419K->34K(448K), 0.0001700 secs] 16721K->16341K(1048512K), 0.0002430 secs] [Times: user=0.00 sys=0.00, real=0.00 secs] 
33.762: [GC33.762: [DefNew: 418K->35K(448K), 0.0002370 secs] 16725K->16346K(1048512K), 0.0003060 secs] [Times: user=0.00 sys=0.00, real=0.01 secs] 
33.772: [GC33.772: [DefNew: 419K->35K(448K), 0.0002100 secs] 16730K->16350K(1048512K), 0.0002730 secs] [Times: user=0.00 sys=0.00, real=0.00 secs] 
33.781: [GC33.781: [DefNew: 419K->35K(448K), 0.0001860 secs] 16734K->16355K(1048512K), 0.0002520 secs] [Times: user=0.00 sys=0.00, real=0.00 secs] 
33.790: [GC33.790: [DefNew: 419K->34K(448K), 0.0001750 secs] 16739K->16359K(1048512K), 0.0002230 secs] [Times: user=0.01 sys=0.00, real=0.00 secs] 
33.799: [GC33.799: [DefNew: 418K->34K(448K), 0.0002290 secs] 16743K->16363K(1048512K), 0.0003010 secs] [Times: user=0.00 sys=0.00, real=0.00 secs] 
33.808: [GC33.808: [DefNew: 418K->34K(448K), 0.0001850 secs] 16747K->16367K(1048512K), 0.0002620 secs] [Times: user=0.00 sys=0.00, real=0.00 secs] 
33.818: [GC33.818: [DefNew: 418K->34K(448K), 0.0001690 secs] 16751K->16371K(1048512K), 0.0002170 secs] [Times: user=0.00 sys=0.00, real=0.00 secs] 
33.827: [GC33.827: [DefNew: 418K->35K(448K), 0.0003030 secs] 16755K->16376K(1048512K), 0.0004140 secs] [Times: user=0.00 sys=0.00, real=0.00 secs] 
33.836: [GC33.836: [DefNew: 419K->34K(448K), 0.0001610 secs] 16760K->16380K(1048512K), 0.0002070 secs] [Times: user=0.00 sys=0.00, real=0.00 secs] 
33.845: [GC33.846: [DefNew: 418K->35K(448K), 0.0006340 secs] 16764K->16385K(1048512K), 0.0007560 secs] [Times: user=0.00 sys=0.00, real=0.00 secs] 
33.855: [GC33.855: [DefNew: 419K->35K(448K), 0.0001820 secs] 16769K->16389K(1048512K), 0.0002340 secs] [Times: user=0.00 sys=0.00, real=0.00 secs] 
33.865: [GC33.865: [DefNew: 419K->35K(448K), 0.0004420 secs] 16773K->16394K(1048512K), 0.0005640 secs] [Times: user=0.00 sys=0.00, real=0.00 secs] 
33.875: [GC33.875: [DefNew: 419K->36K(448K), 0.0003210 secs] 16778K->16399K(1048512K), 0.0004010 secs] [Times: user=0.00 sys=0.00, real=0.00 secs] 
33.884: [GC33.884: [DefNew: 420K->36K(448K), 0.0001650 secs] 16783K->16403K(1048512K), 0.0002120 secs] [Times: user=0.00 sys=0.00, real=0.00 secs] 
33.893: [GC33.893: [DefNew: 420K->32K(448K), 0.0002810 secs] 16787K->16408K(1048512K), 0.0003630 secs] [Times: user=0.00 sys=0.00, real=0.00 secs] 
33.902: [GC33.902: [DefNew: 416K->31K(448K), 0.0001840 secs] 16792K->16412K(1048512K), 0.0002360 secs] [Times: user=0.00 sys=0.00, real=0.01 secs] 
33.912: [GC33.912: [DefNew: 415K->36K(448K), 0.0003650 secs] 16796K->16416K(1048512K), 0.0004840 secs] [Times: user=0.00 sys=0.00, real=0.01 secs] 
33.922: [GC33.922: [DefNew: 420K->35K(448K), 0.0003360 secs] 16800K->16421K(1048512K), 0.0004510 secs] [Times: user=0.00 sys=0.00, real=0.00 secs] 
33.931: [GC33.931: [DefNew: 419K->35K(448K), 0.0002280 secs] 16805K->16425K(1048512K), 0.0002920 secs] [Times: user=0.01 sys=0.00, real=0.00 secs] 
33.940: [GC33.940: [DefNew: 419K->34K(448K), 0.0001640 secs] 16809K->16429K(1048512K), 0.0002100 secs] [Times: user=0.00 sys=0.00, real=0.00 secs] 
33.948: [GC33.948: [DefNew: 418K->34K(448K), 0.0002040 secs] 16813K->16433K(1048512K), 0.0002610 secs] [Times: user=0.00 sys=0.00, real=0.00 secs] 
33.957: [GC33.957: [DefNew: 418K->35K(448K), 0.0001650 secs] 16817K->16438K(1048512K), 0.0002150 secs] [Times: user=0.00 sys=0.00, real=0.00 secs] 
33.967: [GC33.967: [DefNew: 419K->35K(448K), 0.0001620 secs] 16822K->16443K(1048512K), 0.0002140 secs] [Times: user=0.00 sys=0.00, real=0.00 secs] 
33.976: [GC33.976: [DefNew: 419K->35K(448K), 0.0004000 secs] 16827K->16448K(1048512K), 0.0005090 secs] [Times: user=0.00 sys=0.00, real=0.00 secs] 
33.986: [GC33.986: [DefNew: 419K->35K(448K), 0.0001580 secs] 16832K->16452K(1048512K), 0.0002190 secs] [Times: user=0.00 sys=0.00, real=0.00 secs] 
33.995: [GC33.995: [DefNew: 419K->35K(448K), 0.0001500 secs] 16836K->16456K(1048512K), 0.0001910 secs] [Times: user=0.00 sys=0.00, real=0.00 secs] 
34.004: [GC34.004: [DefNew: 419K->34K(448K), 0.0002380 secs] 16840K->16460K(1048512K), 0.0002940 secs] [Times: user=0.00 sys=0.00, real=0.00 secs] 
34.014: [GC34.014: [DefNew: 418K->35K(448K), 0.0002440 secs] 16844K->16464K(1048512K), 0.0003190 secs] [Times: user=0.00 sys=0.00, real=0.00 secs] 
34.023: [GC34.023: [DefNew: 419K->35K(448K), 0.0002460 secs] 16848K->16469K(1048512K), 0.0003080 secs] [Times: user=0.00 sys=0.00, real=0.00 secs] 
34.033: [GC34.033: [DefNew: 419K->34K(448K), 0.0001560 secs] 16853K->16473K(1048512K), 0.0002010 secs] [Times: user=0.00 sys=0.00, real=0.00 secs] 
34.042: [GC34.042: [DefNew: 418K->34K(448K), 0.0001540 secs] 16857K->16477K(1048512K), 0.0001930 secs] [Times: user=0.00 sys=0.00, real=0.01 secs] 
34.052: [GC34.052: [DefNew: 418K->34K(448K), 0.0001870 secs] 16861K->16481K(1048512K), 0.0002280 secs] [Times: user=0.00 sys=0.00, real=0.00 secs] 
34.061: [GC34.061: [DefNew: 418K->34K(448K), 0.0001870 secs] 16865K->16486K(1048512K), 0.0002360 secs] [Times: user=0.00 sys=0.00, real=0.00 secs] 
34.070: [GC34.071: [DefNew: 418K->34K(448K), 0.0001950 secs] 16870K->16490K(1048512K), 0.0002810 secs] [Times: user=0.00 sys=0.00, real=0.00 secs] 
34.080: [GC34.080: [DefNew: 418K->34K(448K), 0.0001950 secs] 16874K->16494K(1048512K), 0.0002440 secs] [Times: user=0.00 sys=0.00, real=0.00 secs] 
34.089: [GC34.089: [DefNew: 418K->35K(448K), 0.0001850 secs] 16878K->16499K(1048512K), 0.0002260 secs] [Times: user=0.00 sys=0.00, real=0.00 secs] 
34.098: [GC34.098: [DefNew: 419K->34K(448K), 0.0001730 secs] 16883K->16503K(1048512K), 0.0002100 secs] [Times: user=0.00 sys=0.00, real=0.00 secs] 
34.108: [GC34.108: [DefNew: 418K->34K(448K), 0.0001670 secs] 16887K->16507K(1048512K), 0.0002040 secs] [Times: user=0.00 sys=0.00, real=0.00 secs] 
34.117: [GC34.117: [DefNew: 418K->34K(448K), 0.0001830 secs] 16891K->16511K(1048512K), 0.0002640 secs] [Times: user=0.00 sys=0.00, real=0.00 secs] 
34.125: [GC34.125: [DefNew: 418K->34K(448K), 0.0001620 secs] 16895K->16515K(1048512K), 0.0001970 secs] [Times: user=0.00 sys=0.00, real=0.00 secs] 
34.134: [GC34.134: [DefNew: 418K->33K(448K), 0.0001570 secs] 16899K->16518K(1048512K), 0.0002040 secs] [Times: user=0.01 sys=0.00, real=0.00 secs] 
34.143: [GC34.143: [DefNew: 417K->32K(448K), 0.0001760 secs] 16902K->16522K(1048512K), 0.0002170 secs] [Times: user=0.00 sys=0.00, real=0.00 secs] 
34.153: [GC34.153: [DefNew: 416K->33K(448K), 0.0001980 secs] 16906K->16528K(1048512K), 0.0002420 secs] [Times: user=0.00 sys=0.00, real=0.00 secs] 
34.162: [GC34.162: [DefNew: 417K->34K(448K), 0.0001660 secs] 16912K->16532K(1048512K), 0.0002020 secs] [Times: user=0.00 sys=0.00, real=0.00 secs] 
34.172: [GC34.172: [DefNew: 418K->33K(448K), 0.0001780 secs] 16916K->16536K(1048512K), 0.0002250 secs] [Times: user=0.00 sys=0.00, real=0.00 secs] 
34.181: [GC34.181: [DefNew: 417K->34K(448K), 0.0001550 secs] 16920K->16541K(1048512K), 0.0002030 secs] [Times: user=0.00 sys=0.00, real=0.00 secs] 
34.190: [GC34.190: [DefNew: 418K->33K(448K), 0.0001720 secs] 16925K->16544K(1048512K), 0.0002110 secs] [Times: user=0.00 sys=0.00, real=0.00 secs] 
34.200: [GC34.200: [DefNew: 417K->34K(448K), 0.0001710 secs] 16928K->16549K(1048512K), 0.0002070 secs] [Times: user=0.00 sys=0.00, real=0.00 secs] 
34.209: [GC34.209: [DefNew: 418K->35K(448K), 0.0001740 secs] 16933K->16553K(1048512K), 0.0002120 secs] [Times: user=0.00 sys=0.00, real=0.00 secs] 
34.218: [GC34.218: [DefNew: 419K->35K(448K), 0.0001760 secs] 16937K->16558K(1048512K), 0.0002220 secs] [Times: user=0.00 sys=0.00, real=0.00 secs] 
34.226: [GC34.226: [DefNew: 419K->35K(448K), 0.0002440 secs] 16942K->16562K(1048512K), 0.0003010 secs] [Times: user=0.00 sys=0.00, real=0.00 secs] 
34.236: [GC34.236: [DefNew: 419K->35K(448K), 0.0001570 secs] 16946K->16567K(1048512K), 0.0002010 secs] [Times: user=0.00 sys=0.00, real=0.00 secs] 
34.245: [GC34.245: [DefNew: 419K->35K(448K), 0.0002330 secs] 16951K->16571K(1048512K), 0.0003140 secs] [Times: user=0.00 sys=0.00, real=0.00 secs] 
34.254: [GC34.254: [DefNew: 419K->35K(448K), 0.0001780 secs] 16955K->16575K(1048512K), 0.0002180 secs] [Times: user=0.00 sys=0.00, real=0.00 secs] 
34.264: [GC34.264: [DefNew: 419K->35K(448K), 0.0001720 secs] 16959K->16580K(1048512K), 0.0002090 secs] [Times: user=0.00 sys=0.00, real=0.00 secs] 
34.273: [GC34.273: [DefNew: 419K->35K(448K), 0.0001690 secs] 16964K->16585K(1048512K), 0.0002060 secs] [Times: user=0.00 sys=0.00, real=0.00 secs] 
34.282: [GC34.282: [DefNew: 419K->35K(448K), 0.0001740 secs] 16969K->16589K(1048512K), 0.0002130 secs] [Times: user=0.00 sys=0.00, real=0.00 secs] 
34.291: [GC34.291: [DefNew: 419K->35K(448K), 0.0004330 secs] 16973K->16593K(1048512K), 0.0005420 secs] [Times: user=0.00 sys=0.00, real=0.00 secs] 
34.301: [GC34.301: [DefNew: 419K->35K(448K), 0.0001640 secs] 16977K->16598K(1048512K), 0.0002110 secs] [Times: user=0.00 sys=0.00, real=0.00 secs] 
34.308: [GC34.308: [DefNew: 419K->35K(448K), 0.0002740 secs] 16982K->16602K(1048512K), 0.0003580 secs] [Times: user=0.00 sys=0.00, real=0.00 secs] 
34.317: [GC34.317: [DefNew: 419K->35K(448K), 0.0001590 secs] 16986K->16606K(1048512K), 0.0002060 secs] [Times: user=0.00 sys=0.00, real=0.00 secs] 
34.326: [GC34.326: [DefNew: 419K->34K(448K), 0.0003720 secs] 16990K->16610K(1048512K), 0.0004840 secs] [Times: user=0.01 sys=0.00, real=0.00 secs] 
34.336: [GC34.336: [DefNew: 418K->34K(448K), 0.0002110 secs] 16994K->16614K(1048512K), 0.0002770 secs] [Times: user=0.00 sys=0.00, real=0.00 secs] 
34.344: [GC34.344: [DefNew: 418K->34K(448K), 0.0002310 secs] 16998K->16619K(1048512K), 0.0002920 secs] [Times: user=0.00 sys=0.00, real=0.00 secs] 
34.354: [GC34.354: [DefNew: 418K->34K(448K), 0.0004960 secs] 17003K->16623K(1048512K), 0.0006350 secs] [Times: user=0.00 sys=0.00, real=0.00 secs] 
34.363: [GC34.363: [DefNew: 418K->34K(448K), 0.0003540 secs] 17007K->16627K(1048512K), 0.0004800 secs] [Times: user=0.00 sys=0.00, real=0.00 secs] 
34.373: [GC34.373: [DefNew: 418K->34K(448K), 0.0001760 secs] 17011K->16632K(1048512K), 0.0002250 secs] [Times: user=0.00 sys=0.00, real=0.00 secs] 
34.382: [GC34.382: [DefNew: 418K->35K(448K), 0.0001600 secs] 17016K->16636K(1048512K), 0.0002060 secs] [Times: user=0.00 sys=0.00, real=0.00 secs] 
34.391: [GC34.391: [DefNew: 419K->34K(448K), 0.0001860 secs] 17020K->16640K(1048512K), 0.0002370 secs] [Times: user=0.00 sys=0.00, real=0.00 secs] 
34.400: [GC34.400: [DefNew: 418K->34K(448K), 0.0001830 secs] 17024K->16644K(1048512K), 0.0002480 secs] [Times: user=0.00 sys=0.00, real=0.00 secs] 
34.409: [GC34.409: [DefNew: 418K->34K(448K), 0.0003460 secs] 17028K->16648K(1048512K), 0.0004360 secs] [Times: user=0.00 sys=0.00, real=0.00 secs] 
34.418: [GC34.418: [DefNew: 418K->33K(448K), 0.0001730 secs] 17032K->16652K(1048512K), 0.0002250 secs] [Times: user=0.00 sys=0.00, real=0.00 secs] 
34.428: [GC34.428: [DefNew: 417K->33K(448K), 0.0003040 secs] 17036K->16656K(1048512K), 0.0003980 secs] [Times: user=0.00 sys=0.00, real=0.00 secs] 
34.437: [GC34.437: [DefNew: 417K->33K(448K), 0.0001630 secs] 17040K->16661K(1048512K), 0.0002080 secs] [Times: user=0.00 sys=0.00, real=0.00 secs] 
34.446: [GC34.446: [DefNew: 417K->33K(448K), 0.0001770 secs] 17045K->16664K(1048512K), 0.0002300 secs] [Times: user=0.00 sys=0.00, real=0.00 secs] 
34.455: [GC34.455: [DefNew: 417K->33K(448K), 0.0001750 secs] 17048K->16669K(1048512K), 0.0002320 secs] [Times: user=0.00 sys=0.00, real=0.00 secs] 
34.464: [GC34.464: [DefNew: 417K->34K(448K), 0.0001610 secs] 17053K->16673K(1048512K), 0.0002070 secs] [Times: user=0.00 sys=0.00, real=0.00 secs] 
34.473: [GC34.473: [DefNew: 418K->33K(448K), 0.0001390 secs] 17057K->16677K(1048512K), 0.0001770 secs] [Times: user=0.00 sys=0.00, real=0.00 secs] 
34.482: [GC34.482: [DefNew: 417K->34K(448K), 0.0002410 secs] 17061K->16681K(1048512K), 0.0003140 secs] [Times: user=0.00 sys=0.00, real=0.00 secs] 
34.489: [GC34.489: [DefNew: 418K->33K(448K), 0.0002100 secs] 17065K->16685K(1048512K), 0.0002660 secs] [Times: user=0.00 sys=0.00, real=0.00 secs] 
34.499: [GC34.499: [DefNew: 417K->33K(448K), 0.0002300 secs] 17069K->16689K(1048512K), 0.0002900 secs] [Times: user=0.01 sys=0.00, real=0.00 secs] 
34.508: [GC34.508: [DefNew: 417K->33K(448K), 0.0001710 secs] 17073K->16693K(1048512K), 0.0002100 secs] [Times: user=0.00 sys=0.00, real=0.00 secs] 
34.517: [GC34.517: [DefNew: 417K->33K(448K), 0.0001510 secs] 17077K->16697K(1048512K), 0.0001870 secs] [Times: user=0.00 sys=0.00, real=0.00 secs] 
34.526: [GC34.526: [DefNew: 417K->33K(448K), 0.0001860 secs] 17081K->16701K(1048512K), 0.0002360 secs] [Times: user=0.00 sys=0.00, real=0.00 secs] 
34.536: [GC34.536: [DefNew: 417K->33K(448K), 0.0001950 secs] 17085K->16706K(1048512K), 0.0002450 secs] [Times: user=0.00 sys=0.00, real=0.00 secs] 
34.545: [GC34.545: [DefNew: 417K->34K(448K), 0.0001980 secs] 17090K->16711K(1048512K), 0.0002530 secs] [Times: user=0.00 sys=0.00, real=0.00 secs] 
34.555: [GC34.555: [DefNew: 418K->33K(448K), 0.0001690 secs] 17095K->16715K(1048512K), 0.0002070 secs] [Times: user=0.00 sys=0.00, real=0.00 secs] 
34.564: [GC34.564: [DefNew: 417K->34K(448K), 0.0002450 secs] 17099K->16719K(1048512K), 0.0003230 secs] [Times: user=0.00 sys=0.00, real=0.00 secs] 
34.573: [GC34.573: [DefNew: 418K->34K(448K), 0.0001750 secs] 17103K->16724K(1048512K), 0.0002170 secs] [Times: user=0.00 sys=0.00, real=0.00 secs] 
34.582: [GC34.582: [DefNew: 418K->35K(448K), 0.0001690 secs] 17108K->16728K(1048512K), 0.0002110 secs] [Times: user=0.00 sys=0.00, real=0.00 secs] 
34.592: [GC34.592: [DefNew: 419K->35K(448K), 0.0001880 secs] 17112K->16732K(1048512K), 0.0002320 secs] [Times: user=0.00 sys=0.00, real=0.00 secs] 
34.601: [GC34.601: [DefNew: 419K->35K(448K), 0.0001870 secs] 17116K->16737K(1048512K), 0.0002240 secs] [Times: user=0.00 sys=0.00, real=0.00 secs] 
34.610: [GC34.610: [DefNew: 419K->35K(448K), 0.0001740 secs] 17121K->16741K(1048512K), 0.0002130 secs] [Times: user=0.00 sys=0.00, real=0.00 secs] 
34.619: [GC34.619: [DefNew: 419K->34K(448K), 0.0002380 secs] 17125K->16745K(1048512K), 0.0003200 secs] [Times: user=0.00 sys=0.00, real=0.00 secs] 
34.628: [GC34.628: [DefNew: 418K->34K(448K), 0.0001670 secs] 17129K->16749K(1048512K), 0.0002210 secs] [Times: user=0.00 sys=0.00, real=0.00 secs] 
34.637: [GC34.637: [DefNew: 418K->34K(448K), 0.0001570 secs] 17133K->16754K(1048512K), 0.0002020 secs] [Times: user=0.00 sys=0.00, real=0.00 secs] 
34.646: [GC34.646: [DefNew: 418K->34K(448K), 0.0005190 secs] 17138K->16758K(1048512K), 0.0006350 secs] [Times: user=0.00 sys=0.00, real=0.00 secs] 
34.655: [GC34.655: [DefNew: 418K->34K(448K), 0.0002100 secs] 17142K->16762K(1048512K), 0.0002700 secs] [Times: user=0.00 sys=0.00, real=0.00 secs] 
34.664: [GC34.664: [DefNew: 418K->33K(448K), 0.0003020 secs] 17146K->16766K(1048512K), 0.0003970 secs] [Times: user=0.00 sys=0.00, real=0.00 secs] 
34.672: [GC34.672: [DefNew: 417K->33K(448K), 0.0001530 secs] 17150K->16770K(1048512K), 0.0001970 secs] [Times: user=0.00 sys=0.00, real=0.00 secs] 
34.681: [GC34.681: [DefNew: 417K->33K(448K), 0.0001620 secs] 17154K->16774K(1048512K), 0.0002130 secs] [Times: user=0.00 sys=0.00, real=0.00 secs] 
34.690: [GC34.690: [DefNew: 417K->34K(448K), 0.0003660 secs] 17158K->16778K(1048512K), 0.0004750 secs] [Times: user=0.01 sys=0.00, real=0.00 secs] 
34.699: [GC34.699: [DefNew: 418K->33K(448K), 0.0001860 secs] 17162K->16782K(1048512K), 0.0002370 secs] [Times: user=0.00 sys=0.00, real=0.00 secs] 
34.709: [GC34.709: [DefNew: 417K->33K(448K), 0.0001840 secs] 17166K->16787K(1048512K), 0.0002380 secs] [Times: user=0.00 sys=0.00, real=0.00 secs] 
34.718: [GC34.718: [DefNew: 417K->33K(448K), 0.0001650 secs] 17171K->16791K(1048512K), 0.0002130 secs] [Times: user=0.00 sys=0.00, real=0.00 secs] 
34.727: [GC34.727: [DefNew: 417K->34K(448K), 0.0003050 secs] 17175K->16796K(1048512K), 0.0003690 secs] [Times: user=0.00 sys=0.00, real=0.00 secs] 
34.736: [GC34.736: [DefNew: 418K->33K(448K), 0.0001560 secs] 17180K->16800K(1048512K), 0.0002000 secs] [Times: user=0.00 sys=0.00, real=0.00 secs] 
34.745: [GC34.745: [DefNew: 417K->34K(448K), 0.0002810 secs] 17184K->16804K(1048512K), 0.0003520 secs] [Times: user=0.00 sys=0.00, real=0.00 secs] 
34.755: [GC34.755: [DefNew: 418K->34K(448K), 0.0001740 secs] 17188K->16808K(1048512K), 0.0002210 secs] [Times: user=0.00 sys=0.00, real=0.00 secs] 
34.763: [GC34.763: [DefNew: 418K->34K(448K), 0.0001640 secs] 17192K->16813K(1048512K), 0.0002100 secs] [Times: user=0.00 sys=0.00, real=0.00 secs] 
34.772: [GC34.772: [DefNew: 418K->35K(448K), 0.0001960 secs] 17197K->16817K(1048512K), 0.0002460 secs] [Times: user=0.00 sys=0.00, real=0.01 secs] 
34.781: [GC34.781: [DefNew: 419K->35K(448K), 0.0001610 secs] 17201K->16822K(1048512K), 0.0002060 secs] [Times: user=0.00 sys=0.00, real=0.00 secs] 
34.791: [GC34.791: [DefNew: 419K->36K(448K), 0.0001940 secs] 17206K->16827K(1048512K), 0.0002520 secs] [Times: user=0.00 sys=0.00, real=0.00 secs] 
34.799: [GC34.800: [DefNew: 420K->35K(448K), 0.0001490 secs] 17211K->16831K(1048512K), 0.0002030 secs] [Times: user=0.00 sys=0.00, real=0.00 secs] 
34.808: [GC34.808: [DefNew: 419K->36K(448K), 0.0001800 secs] 17215K->16835K(1048512K), 0.0002200 secs] [Times: user=0.00 sys=0.00, real=0.00 secs] 
34.818: [GC34.818: [DefNew: 420K->36K(448K), 0.0001590 secs] 17219K->16840K(1048512K), 0.0001970 secs] [Times: user=0.00 sys=0.00, real=0.00 secs] 
34.827: [GC34.827: [DefNew: 420K->36K(448K), 0.0001870 secs] 17224K->16845K(1048512K), 0.0002510 secs] [Times: user=0.00 sys=0.00, real=0.00 secs] 
34.836: [GC34.836: [DefNew: 420K->36K(448K), 0.0002310 secs] 17229K->16849K(1048512K), 0.0002920 secs] [Times: user=0.00 sys=0.00, real=0.00 secs] 
34.845: [GC34.845: [DefNew: 420K->35K(448K), 0.0001870 secs] 17233K->16853K(1048512K), 0.0002470 secs] [Times: user=0.00 sys=0.00, real=0.00 secs] 
34.853: [GC34.853: [DefNew: 419K->35K(448K), 0.0001660 secs] 17237K->16857K(1048512K), 0.0002140 secs] [Times: user=0.00 sys=0.00, real=0.00 secs] 
34.863: [GC34.863: [DefNew: 419K->35K(448K), 0.0002950 secs] 17241K->16862K(1048512K), 0.0003740 secs] [Times: user=0.00 sys=0.00, real=0.00 secs] 
34.872: [GC34.872: [DefNew: 419K->34K(448K), 0.0001600 secs] 17246K->16866K(1048512K), 0.0002040 secs] [Times: user=0.00 sys=0.00, real=0.00 secs] 
34.881: [GC34.881: [DefNew: 418K->34K(448K), 0.0001880 secs] 17250K->16870K(1048512K), 0.0002290 secs] [Times: user=0.01 sys=0.00, real=0.00 secs] 
34.891: [GC34.891: [DefNew: 418K->33K(448K), 0.0001940 secs] 17254K->16874K(1048512K), 0.0002360 secs] [Times: user=0.00 sys=0.00, real=0.00 secs] 
34.900: [GC34.900: [DefNew: 417K->33K(448K), 0.0001570 secs] 17258K->16878K(1048512K), 0.0001950 secs] [Times: user=0.00 sys=0.00, real=0.00 secs] 
34.909: [GC34.909: [DefNew: 417K->34K(448K), 0.0001940 secs] 17262K->16883K(1048512K), 0.0002550 secs] [Times: user=0.00 sys=0.00, real=0.00 secs] 
34.918: [GC34.918: [DefNew: 418K->33K(448K), 0.0002220 secs] 17267K->16886K(1048512K), 0.0002890 secs] [Times: user=0.00 sys=0.00, real=0.00 secs] 
34.928: [GC34.928: [DefNew: 417K->33K(448K), 0.0001950 secs] 17270K->16891K(1048512K), 0.0002520 secs] [Times: user=0.00 sys=0.00, real=0.00 secs] 
34.937: [GC34.937: [DefNew: 417K->34K(448K), 0.0001980 secs] 17275K->16895K(1048512K), 0.0002520 secs] [Times: user=0.00 sys=0.00, real=0.00 secs] 
34.946: [GC34.946: [DefNew: 418K->34K(448K), 0.0002050 secs] 17279K->16899K(1048512K), 0.0002610 secs] [Times: user=0.00 sys=0.00, real=0.00 secs] 
34.955: [GC34.955: [DefNew: 418K->34K(448K), 0.0001470 secs] 17283K->16904K(1048512K), 0.0001960 secs] [Times: user=0.00 sys=0.00, real=0.00 secs] 
34.964: [GC34.964: [DefNew: 418K->34K(448K), 0.0001700 secs] 17288K->16908K(1048512K), 0.0002420 secs] [Times: user=0.00 sys=0.00, real=0.00 secs] 
34.973: [GC34.973: [DefNew: 418K->34K(448K), 0.0001890 secs] 17292K->16912K(1048512K), 0.0002340 secs] [Times: user=0.00 sys=0.00, real=0.00 secs] 
34.982: [GC34.982: [DefNew: 418K->34K(448K), 0.0001850 secs] 17296K->16916K(1048512K), 0.0002280 secs] [Times: user=0.00 sys=0.00, real=0.01 secs] 
34.992: [GC34.992: [DefNew: 418K->34K(448K), 0.0001820 secs] 17300K->16921K(1048512K), 0.0002270 secs] [Times: user=0.00 sys=0.00, real=0.00 secs] 
35.001: [GC35.001: [DefNew: 418K->34K(448K), 0.0001760 secs] 17305K->16926K(1048512K), 0.0002130 secs] [Times: user=0.00 sys=0.00, real=0.00 secs] 
35.010: [GC35.010: [DefNew: 418K->34K(448K), 0.0001750 secs] 17310K->16929K(1048512K), 0.0002300 secs] [Times: user=0.00 sys=0.00, real=0.00 secs] 
35.018: [GC35.018: [DefNew: 418K->34K(448K), 0.0002310 secs] 17313K->16934K(1048512K), 0.0003270 secs] [Times: user=0.00 sys=0.00, real=0.00 secs] 
35.028: [GC35.028: [DefNew: 418K->34K(448K), 0.0001810 secs] 17318K->16938K(1048512K), 0.0002370 secs] [Times: user=0.00 sys=0.00, real=0.00 secs] 
35.036: [GC35.036: [DefNew: 418K->34K(448K), 0.0001500 secs] 17322K->16942K(1048512K), 0.0001930 secs] [Times: user=0.00 sys=0.00, real=0.00 secs] 
35.045: [GC35.045: [DefNew: 418K->33K(448K), 0.0002580 secs] 17326K->16946K(1048512K), 0.0003580 secs] [Times: user=0.00 sys=0.00, real=0.00 secs] 
35.055: [GC35.055: [DefNew: 417K->33K(448K), 0.0002130 secs] 17330K->16950K(1048512K), 0.0002730 secs] [Times: user=0.00 sys=0.00, real=0.00 secs] 
35.064: [GC35.064: [DefNew: 417K->34K(448K), 0.0001610 secs] 17334K->16955K(1048512K), 0.0002080 secs] [Times: user=0.00 sys=0.00, real=0.00 secs] 
35.073: [GC35.073: [DefNew: 418K->33K(448K), 0.0001570 secs] 17339K->16958K(1048512K), 0.0001980 secs] [Times: user=0.00 sys=0.00, real=0.00 secs] 
35.082: [GC35.082: [DefNew: 417K->34K(448K), 0.0001660 secs] 17342K->16963K(1048512K), 0.0002060 secs] [Times: user=0.00 sys=0.00, real=0.00 secs] 
35.090: [GC35.090: [DefNew: 418K->33K(448K), 0.0001710 secs] 17347K->16967K(1048512K), 0.0002250 secs] [Times: user=0.00 sys=0.00, real=0.00 secs] 
35.100: [GC35.100: [DefNew: 417K->33K(448K), 0.0001970 secs] 17351K->16971K(1048512K), 0.0002390 secs] [Times: user=0.00 sys=0.00, real=0.00 secs] 
35.109: [GC35.109: [DefNew: 417K->34K(448K), 0.0001800 secs] 17355K->16976K(1048512K), 0.0002320 secs] [Times: user=0.00 sys=0.00, real=0.00 secs] 
35.118: [GC35.118: [DefNew: 418K->33K(448K), 0.0001940 secs] 17360K->16979K(1048512K), 0.0002480 secs] [Times: user=0.00 sys=0.00, real=0.00 secs] 
35.127: [GC35.127: [DefNew: 417K->34K(448K), 0.0002000 secs] 17363K->16984K(1048512K), 0.0002600 secs] [Times: user=0.00 sys=0.00, real=0.00 secs] 
35.136: [GC35.137: [DefNew: 418K->33K(448K), 0.0001880 secs] 17368K->16987K(1048512K), 0.0002360 secs] [Times: user=0.00 sys=0.00, real=0.00 secs] 
35.145: [GC35.145: [DefNew: 417K->34K(448K), 0.0001970 secs] 17371K->16992K(1048512K), 0.0002550 secs] [Times: user=0.00 sys=0.00, real=0.00 secs] 
35.154: [GC35.154: [DefNew: 418K->34K(448K), 0.0002610 secs] 17376K->16996K(1048512K), 0.0003430 secs] [Times: user=0.00 sys=0.00, real=0.00 secs] 
35.163: [GC35.163: [DefNew: 418K->33K(448K), 0.0001810 secs] 17380K->17000K(1048512K), 0.0002230 secs] [Times: user=0.00 sys=0.00, real=0.00 secs] 
35.173: [GC35.173: [DefNew: 417K->34K(448K), 0.0001990 secs] 17384K->17005K(1048512K), 0.0002400 secs] [Times: user=0.00 sys=0.00, real=0.01 secs] 
35.182: [GC35.182: [DefNew: 418K->34K(448K), 0.0001780 secs] 17389K->17009K(1048512K), 0.0002170 secs] [Times: user=0.00 sys=0.00, real=0.00 secs] 
35.191: [GC35.191: [DefNew: 418K->35K(448K), 0.0001610 secs] 17393K->17014K(1048512K), 0.0002080 secs] [Times: user=0.00 sys=0.00, real=0.00 secs] 
35.200: [GC35.200: [DefNew: 419K->34K(448K), 0.0001980 secs] 17398K->17017K(1048512K), 0.0002430 secs] [Times: user=0.00 sys=0.00, real=0.00 secs] 
35.210: [GC35.210: [DefNew: 418K->34K(448K), 0.0001990 secs] 17401K->17021K(1048512K), 0.0002530 secs] [Times: user=0.00 sys=0.00, real=0.00 secs] 
35.217: [GC35.217: [DefNew: 418K->34K(448K), 0.0001870 secs] 17405K->17025K(1048512K), 0.0002260 secs] [Times: user=0.00 sys=0.00, real=0.00 secs] 
35.227: [GC35.227: [DefNew: 418K->34K(448K), 0.0001630 secs] 17409K->17030K(1048512K), 0.0002270 secs] [Times: user=0.00 sys=0.00, real=0.00 secs] 
35.236: [GC35.236: [DefNew: 418K->34K(448K), 0.0001770 secs] 17414K->17035K(1048512K), 0.0002150 secs] [Times: user=0.00 sys=0.00, real=0.00 secs] 
35.245: [GC35.245: [DefNew: 418K->34K(448K), 0.0001770 secs] 17419K->17039K(1048512K), 0.0002310 secs] [Times: user=0.00 sys=0.00, real=0.00 secs] 
35.253: [GC35.253: [DefNew: 418K->34K(448K), 0.0002340 secs] 17423K->17043K(1048512K), 0.0003130 secs] [Times: user=0.00 sys=0.00, real=0.00 secs] 
35.263: [GC35.263: [DefNew: 418K->34K(448K), 0.0001710 secs] 17427K->17048K(1048512K), 0.0002220 secs] [Times: user=0.00 sys=0.00, real=0.00 secs] 
35.272: [GC35.272: [DefNew: 418K->35K(448K), 0.0001760 secs] 17432K->17052K(1048512K), 0.0002420 secs] [Times: user=0.01 sys=0.00, real=0.00 secs] 
35.281: [GC35.281: [DefNew: 419K->34K(448K), 0.0002440 secs] 17436K->17056K(1048512K), 0.0003060 secs] [Times: user=0.00 sys=0.00, real=0.00 secs] 
35.290: [GC35.290: [DefNew: 418K->34K(448K), 0.0002260 secs] 17440K->17060K(1048512K), 0.0003270 secs] [Times: user=0.00 sys=0.00, real=0.00 secs] 
35.299: [GC35.299: [DefNew: 418K->34K(448K), 0.0001690 secs] 17444K->17064K(1048512K), 0.0002070 secs] [Times: user=0.00 sys=0.00, real=0.00 secs] 
35.308: [GC35.309: [DefNew: 418K->35K(448K), 0.0001970 secs] 17448K->17069K(1048512K), 0.0002540 secs] [Times: user=0.00 sys=0.00, real=0.00 secs] 
35.317: [GC35.317: [DefNew: 419K->35K(448K), 0.0001900 secs] 17453K->17074K(1048512K), 0.0002350 secs] [Times: user=0.00 sys=0.00, real=0.00 secs] 
35.326: [GC35.326: [DefNew: 419K->35K(448K), 0.0001970 secs] 17458K->17078K(1048512K), 0.0002530 secs] [Times: user=0.00 sys=0.00, real=0.00 secs] 
35.336: [GC35.336: [DefNew: 419K->35K(448K), 0.0001860 secs] 17462K->17083K(1048512K), 0.0002260 secs] [Times: user=0.00 sys=0.00, real=0.00 secs] 
35.345: [GC35.345: [DefNew: 419K->36K(448K), 0.0001850 secs] 17467K->17088K(1048512K), 0.0002320 secs] [Times: user=0.00 sys=0.00, real=0.00 secs] 
35.354: [GC35.354: [DefNew: 420K->32K(448K), 0.0001930 secs] 17472K->17092K(1048512K), 0.0002440 secs] [Times: user=0.00 sys=0.00, real=0.00 secs] 
35.363: [GC35.363: [DefNew: 416K->32K(448K), 0.0001530 secs] 17476K->17097K(1048512K), 0.0002140 secs] [Times: user=0.00 sys=0.00, real=0.00 secs] 
35.372: [GC35.372: [DefNew: 416K->31K(448K), 0.0002010 secs] 17481K->17101K(1048512K), 0.0002550 secs] [Times: user=0.00 sys=0.00, real=0.00 secs] 
35.381: [GC35.381: [DefNew: 415K->35K(448K), 0.0001980 secs] 17485K->17105K(1048512K), 0.0002860 secs] [Times: user=0.00 sys=0.00, real=0.00 secs] 
35.390: [GC35.390: [DefNew: 419K->34K(448K), 0.0001910 secs] 17489K->17109K(1048512K), 0.0002410 secs] [Times: user=0.00 sys=0.00, real=0.00 secs] 
35.398: [GC35.398: [DefNew: 418K->34K(448K), 0.0001650 secs] 17493K->17113K(1048512K), 0.0002160 secs] [Times: user=0.00 sys=0.00, real=0.00 secs] 
35.407: [GC35.407: [DefNew: 418K->33K(448K), 0.0001660 secs] 17497K->17117K(1048512K), 0.0002160 secs] [Times: user=0.00 sys=0.00, real=0.00 secs] 
35.415: [GC35.415: [DefNew: 417K->33K(448K), 0.0001810 secs] 17501K->17121K(1048512K), 0.0002310 secs] [Times: user=0.00 sys=0.00, real=0.00 secs] 
35.425: [GC35.425: [DefNew: 417K->34K(448K), 0.0001670 secs] 17505K->17126K(1048512K), 0.0002400 secs] [Times: user=0.00 sys=0.00, real=0.00 secs] 
35.434: [GC35.434: [DefNew: 418K->34K(448K), 0.0001640 secs] 17510K->17130K(1048512K), 0.0002110 secs] [Times: user=0.00 sys=0.00, real=0.00 secs] 
35.443: [GC35.443: [DefNew: 418K->33K(448K), 0.0002000 secs] 17514K->17134K(1048512K), 0.0002490 secs] [Times: user=0.00 sys=0.00, real=0.00 secs] 
35.452: [GC35.452: [DefNew: 417K->33K(448K), 0.0001480 secs] 17518K->17138K(1048512K), 0.0001980 secs] [Times: user=0.00 sys=0.00, real=0.00 secs] 
35.461: [GC35.461: [DefNew: 417K->33K(448K), 0.0002250 secs] 17522K->17142K(1048512K), 0.0002860 secs] [Times: user=0.00 sys=0.00, real=0.00 secs] 
35.471: [GC35.471: [DefNew: 417K->34K(448K), 0.0001890 secs] 17526K->17147K(1048512K), 0.0002790 secs] [Times: user=0.00 sys=0.00, real=0.00 secs] 
35.480: [GC35.480: [DefNew: 418K->35K(448K), 0.0002700 secs] 17531K->17151K(1048512K), 0.0003790 secs] [Times: user=0.00 sys=0.00, real=0.00 secs] 
35.489: [GC35.489: [DefNew: 419K->34K(448K), 0.0002280 secs] 17535K->17155K(1048512K), 0.0002920 secs] [Times: user=0.00 sys=0.00, real=0.00 secs] 
35.498: [GC35.498: [DefNew: 418K->34K(448K), 0.0002140 secs] 17539K->17159K(1048512K), 0.0002970 secs] [Times: user=0.00 sys=0.00, real=0.00 secs] 
35.508: [GC35.508: [DefNew: 418K->34K(448K), 0.0001550 secs] 17543K->17164K(1048512K), 0.0002040 secs] [Times: user=0.00 sys=0.00, real=0.00 secs] 
35.516: [GC35.516: [DefNew: 418K->35K(448K), 0.0001680 secs] 17548K->17169K(1048512K), 0.0002130 secs] [Times: user=0.00 sys=0.00, real=0.00 secs] 
35.525: [GC35.525: [DefNew: 419K->35K(448K), 0.0001880 secs] 17553K->17173K(1048512K), 0.0002660 secs] [Times: user=0.00 sys=0.00, real=0.00 secs] 
35.535: [GC35.535: [DefNew: 419K->35K(448K), 0.0001610 secs] 17557K->17178K(1048512K), 0.0002080 secs] [Times: user=0.00 sys=0.00, real=0.00 secs] 
35.543: [GC35.543: [DefNew: 419K->36K(448K), 0.0001890 secs] 17562K->17183K(1048512K), 0.0002400 secs] [Times: user=0.00 sys=0.00, real=0.00 secs] 
35.552: [GC35.552: [DefNew: 420K->31K(448K), 0.0001660 secs] 17567K->17187K(1048512K), 0.0002130 secs] [Times: user=0.00 sys=0.00, real=0.00 secs] 
35.561: [GC35.561: [DefNew: 415K->36K(448K), 0.0004420 secs] 17571K->17191K(1048512K), 0.0005600 secs] [Times: user=0.00 sys=0.00, real=0.00 secs] 
35.569: [GC35.569: [DefNew: 420K->35K(448K), 0.0001550 secs] 17575K->17195K(1048512K), 0.0001990 secs] [Times: user=0.00 sys=0.00, real=0.00 secs] 
35.579: [GC35.579: [DefNew: 419K->35K(448K), 0.0002440 secs] 17579K->17200K(1048512K), 0.0003180 secs] [Times: user=0.00 sys=0.00, real=0.00 secs] 
35.588: [GC35.588: [DefNew: 419K->35K(448K), 0.0001650 secs] 17584K->17204K(1048512K), 0.0002210 secs] [Times: user=0.00 sys=0.00, real=0.00 secs] 
35.597: [GC35.597: [DefNew: 419K->34K(448K), 0.0001770 secs] 17588K->17208K(1048512K), 0.0002270 secs] [Times: user=0.00 sys=0.00, real=0.00 secs] 
35.606: [GC35.606: [DefNew: 418K->34K(448K), 0.0001670 secs] 17592K->17212K(1048512K), 0.0002130 secs] [Times: user=0.00 sys=0.00, real=0.00 secs] 
35.615: [GC35.615: [DefNew: 418K->34K(448K), 0.0001690 secs] 17596K->17216K(1048512K), 0.0002180 secs] [Times: user=0.00 sys=0.00, real=0.00 secs] 
35.624: [GC35.624: [DefNew: 418K->34K(448K), 0.0001720 secs] 17600K->17221K(1048512K), 0.0002500 secs] [Times: user=0.00 sys=0.00, real=0.00 secs] 
35.633: [GC35.633: [DefNew: 418K->33K(448K), 0.0002070 secs] 17605K->17224K(1048512K), 0.0002830 secs] [Times: user=0.00 sys=0.00, real=0.00 secs] 
35.642: [GC35.642: [DefNew: 417K->33K(448K), 0.0002480 secs] 17608K->17229K(1048512K), 0.0003220 secs] [Times: user=0.00 sys=0.00, real=0.00 secs] 
35.651: [GC35.651: [DefNew: 417K->33K(448K), 0.0001430 secs] 17613K->17232K(1048512K), 0.0001910 secs] [Times: user=0.00 sys=0.00, real=0.00 secs] 
35.659: [GC35.659: [DefNew: 417K->33K(448K), 0.0002710 secs] 17616K->17237K(1048512K), 0.0003580 secs] [Times: user=0.00 sys=0.00, real=0.00 secs] 
35.668: [GC35.669: [DefNew: 417K->33K(448K), 0.0002020 secs] 17621K->17241K(1048512K), 0.0003010 secs] [Times: user=0.00 sys=0.00, real=0.00 secs] 
35.677: [GC35.677: [DefNew: 417K->34K(448K), 0.0003090 secs] 17625K->17246K(1048512K), 0.0003950 secs] [Times: user=0.00 sys=0.00, real=0.00 secs] 
35.687: [GC35.687: [DefNew: 418K->34K(448K), 0.0002310 secs] 17630K->17250K(1048512K), 0.0003040 secs] [Times: user=0.00 sys=0.00, real=0.00 secs] 
35.696: [GC35.696: [DefNew: 418K->34K(448K), 0.0002720 secs] 17634K->17255K(1048512K), 0.0003590 secs] [Times: user=0.00 sys=0.00, real=0.00 secs] 
35.705: [GC35.705: [DefNew: 418K->34K(448K), 0.0001620 secs] 17639K->17259K(1048512K), 0.0002090 secs] [Times: user=0.00 sys=0.00, real=0.00 secs] 
35.715: [GC35.715: [DefNew: 418K->35K(448K), 0.0002020 secs] 17643K->17263K(1048512K), 0.0002610 secs] [Times: user=0.00 sys=0.00, real=0.00 secs] 
35.724: [GC35.724: [DefNew: 419K->35K(448K), 0.0002240 secs] 17647K->17268K(1048512K), 0.0002760 secs] [Times: user=0.00 sys=0.00, real=0.00 secs] 
35.733: [GC35.733: [DefNew: 419K->34K(448K), 0.0001860 secs] 17652K->17271K(1048512K), 0.0002500 secs] [Times: user=0.00 sys=0.00, real=0.00 secs] 
35.741: [GC35.742: [DefNew: 418K->34K(448K), 0.0002110 secs] 17655K->17275K(1048512K), 0.0002930 secs] [Times: user=0.00 sys=0.00, real=0.00 secs] 
35.750: [GC35.750: [DefNew: 418K->34K(448K), 0.0001930 secs] 17659K->17280K(1048512K), 0.0002460 secs] [Times: user=0.00 sys=0.00, real=0.00 secs] 
35.758: [GC35.758: [DefNew: 418K->34K(448K), 0.0002620 secs] 17664K->17284K(1048512K), 0.0003280 secs] [Times: user=0.00 sys=0.00, real=0.00 secs] 
35.768: [GC35.768: [DefNew: 418K->34K(448K), 0.0002240 secs] 17668K->17288K(1048512K), 0.0002840 secs] [Times: user=0.00 sys=0.00, real=0.00 secs] 
35.776: [GC35.777: [DefNew: 418K->34K(448K), 0.0001740 secs] 17672K->17293K(1048512K), 0.0002320 secs] [Times: user=0.00 sys=0.00, real=0.00 secs] 
35.786: [GC35.786: [DefNew: 418K->34K(448K), 0.0001630 secs] 17677K->17297K(1048512K), 0.0002100 secs] [Times: user=0.00 sys=0.00, real=0.00 secs] 
35.795: [GC35.795: [DefNew: 418K->36K(448K), 0.0002640 secs] 17681K->17303K(1048512K), 0.0003520 secs] [Times: user=0.00 sys=0.00, real=0.00 secs] 
35.804: [GC35.804: [DefNew: 420K->31K(448K), 0.0001470 secs] 17687K->17307K(1048512K), 0.0001980 secs] [Times: user=0.00 sys=0.00, real=0.00 secs] 
35.813: [GC35.813: [DefNew: 415K->35K(448K), 0.0001640 secs] 17691K->17311K(1048512K), 0.0002160 secs] [Times: user=0.00 sys=0.00, real=0.00 secs] 
35.822: [GC35.822: [DefNew: 419K->34K(448K), 0.0001910 secs] 17695K->17315K(1048512K), 0.0002510 secs] [Times: user=0.01 sys=0.00, real=0.00 secs] 
35.831: [GC35.831: [DefNew: 418K->35K(448K), 0.0002670 secs] 17699K->17319K(1048512K), 0.0003430 secs] [Times: user=0.00 sys=0.00, real=0.00 secs] 
35.840: [GC35.840: [DefNew: 419K->35K(448K), 0.0001660 secs] 17703K->17324K(1048512K), 0.0002160 secs] [Times: user=0.00 sys=0.00, real=0.00 secs] 
35.849: [GC35.849: [DefNew: 419K->34K(448K), 0.0002230 secs] 17708K->17327K(1048512K), 0.0002790 secs] [Times: user=0.00 sys=0.00, real=0.00 secs] 
35.858: [GC35.858: [DefNew: 418K->34K(448K), 0.0002750 secs] 17711K->17332K(1048512K), 0.0003670 secs] [Times: user=0.00 sys=0.00, real=0.00 secs] 
35.868: [GC35.868: [DefNew: 418K->34K(448K), 0.0001680 secs] 17716K->17337K(1048512K), 0.0002160 secs] [Times: user=0.00 sys=0.00, real=0.00 secs] 
35.877: [GC35.877: [DefNew: 418K->34K(448K), 0.0002500 secs] 17721K->17341K(1048512K), 0.0003490 secs] [Times: user=0.00 sys=0.00, real=0.00 secs] 
35.886: [GC35.886: [DefNew: 418K->35K(448K), 0.0001690 secs] 17725K->17345K(1048512K), 0.0002180 secs] [Times: user=0.00 sys=0.00, real=0.00 secs] 
35.895: [GC35.895: [DefNew: 419K->35K(448K), 0.0006370 secs] 17729K->17350K(1048512K), 0.0007830 secs] [Times: user=0.00 sys=0.00, real=0.00 secs] 
35.905: [GC35.905: [DefNew: 419K->35K(448K), 0.0002140 secs] 17734K->17354K(1048512K), 0.0002850 secs] [Times: user=0.00 sys=0.00, real=0.00 secs] 
35.915: [GC35.915: [DefNew: 419K->35K(448K), 0.0002050 secs] 17738K->17358K(1048512K), 0.0002610 secs] [Times: user=0.00 sys=0.00, real=0.00 secs] 
35.923: [GC35.923: [DefNew: 419K->35K(448K), 0.0002600 secs] 17742K->17362K(1048512K), 0.0003380 secs] [Times: user=0.00 sys=0.00, real=0.00 secs] 
35.932: [GC35.932: [DefNew: 419K->35K(448K), 0.0002240 secs] 17746K->17366K(1048512K), 0.0002860 secs] [Times: user=0.00 sys=0.00, real=0.01 secs] 
35.941: [GC35.941: [DefNew: 419K->34K(448K), 0.0001760 secs] 17750K->17370K(1048512K), 0.0002250 secs] [Times: user=0.00 sys=0.00, real=0.00 secs] 
35.950: [GC35.950: [DefNew: 418K->34K(448K), 0.0001630 secs] 17754K->17375K(1048512K), 0.0002110 secs] [Times: user=0.00 sys=0.00, real=0.00 secs] 
35.959: [GC35.959: [DefNew: 418K->34K(448K), 0.0002180 secs] 17759K->17379K(1048512K), 0.0002750 secs] [Times: user=0.00 sys=0.00, real=0.00 secs] 
35.968: [GC35.968: [DefNew: 418K->34K(448K), 0.0001590 secs] 17763K->17383K(1048512K), 0.0002030 secs] [Times: user=0.00 sys=0.00, real=0.00 secs] 
35.977: [GC35.977: [DefNew: 418K->33K(448K), 0.0001510 secs] 17767K->17387K(1048512K), 0.0001900 secs] [Times: user=0.00 sys=0.00, real=0.00 secs] 
35.986: [GC35.986: [DefNew: 417K->34K(448K), 0.0002050 secs] 17771K->17392K(1048512K), 0.0002720 secs] [Times: user=0.01 sys=0.00, real=0.00 secs] 
35.996: [GC35.996: [DefNew: 418K->34K(448K), 0.0001730 secs] 17776K->17396K(1048512K), 0.0002260 secs] [Times: user=0.00 sys=0.00, real=0.00 secs] 
36.005: [GC36.005: [DefNew: 418K->34K(448K), 0.0001820 secs] 17780K->17401K(1048512K), 0.0002240 secs] [Times: user=0.00 sys=0.00, real=0.00 secs] 
36.014: [GC36.014: [DefNew: 418K->33K(448K), 0.0002000 secs] 17785K->17404K(1048512K), 0.0002580 secs] [Times: user=0.00 sys=0.00, real=0.00 secs] 
36.023: [GC36.024: [DefNew: 417K->34K(448K), 0.0001690 secs] 17788K->17409K(1048512K), 0.0002130 secs] [Times: user=0.00 sys=0.00, real=0.00 secs] 
36.033: [GC36.033: [DefNew: 418K->34K(448K), 0.0002160 secs] 17793K->17413K(1048512K), 0.0002790 secs] [Times: user=0.00 sys=0.00, real=0.01 secs] 
36.042: [GC36.042: [DefNew: 418K->34K(448K), 0.0001770 secs] 17797K->17417K(1048512K), 0.0002280 secs] [Times: user=0.00 sys=0.00, real=0.00 secs] 
36.051: [GC36.051: [DefNew: 418K->34K(448K), 0.0001940 secs] 17801K->17422K(1048512K), 0.0002480 secs] [Times: user=0.00 sys=0.00, real=0.00 secs] 
36.060: [GC36.060: [DefNew: 418K->33K(448K), 0.0001600 secs] 17806K->17425K(1048512K), 0.0002030 secs] [Times: user=0.00 sys=0.00, real=0.00 secs] 
36.068: [GC36.068: [DefNew: 417K->34K(448K), 0.0002020 secs] 17809K->17430K(1048512K), 0.0002510 secs] [Times: user=0.00 sys=0.00, real=0.00 secs] 
36.078: [GC36.078: [DefNew: 418K->34K(448K), 0.0001950 secs] 17814K->17434K(1048512K), 0.0002500 secs] [Times: user=0.00 sys=0.00, real=0.00 secs] 
36.087: [GC36.087: [DefNew: 418K->34K(448K), 0.0001630 secs] 17818K->17438K(1048512K), 0.0002250 secs] [Times: user=0.00 sys=0.00, real=0.00 secs] 
36.096: [GC36.096: [DefNew: 418K->34K(448K), 0.0001830 secs] 17822K->17443K(1048512K), 0.0002360 secs] [Times: user=0.00 sys=0.00, real=0.00 secs] 
36.105: [GC36.105: [DefNew: 418K->33K(448K), 0.0001310 secs] 17827K->17446K(1048512K), 0.0001820 secs] [Times: user=0.00 sys=0.00, real=0.00 secs] 
36.114: [GC36.114: [DefNew: 417K->33K(448K), 0.0001640 secs] 17830K->17450K(1048512K), 0.0002080 secs] [Times: user=0.00 sys=0.00, real=0.00 secs] 
36.122: [GC36.122: [DefNew: 417K->33K(448K), 0.0002340 secs] 17834K->17454K(1048512K), 0.0002970 secs] [Times: user=0.00 sys=0.00, real=0.01 secs] 
36.132: [GC36.132: [DefNew: 417K->33K(448K), 0.0001820 secs] 17838K->17458K(1048512K), 0.0002400 secs] [Times: user=0.00 sys=0.00, real=0.00 secs] 
36.141: [GC36.141: [DefNew: 417K->33K(448K), 0.0003400 secs] 17842K->17463K(1048512K), 0.0004100 secs] [Times: user=0.00 sys=0.00, real=0.00 secs] 
36.150: [GC36.150: [DefNew: 417K->34K(448K), 0.0001760 secs] 17847K->17467K(1048512K), 0.0002320 secs] [Times: user=0.00 sys=0.00, real=0.00 secs] 
36.159: [GC36.159: [DefNew: 418K->34K(448K), 0.0001850 secs] 17851K->17472K(1048512K), 0.0002290 secs] [Times: user=0.00 sys=0.00, real=0.00 secs] 
36.168: [GC36.168: [DefNew: 418K->33K(448K), 0.0001710 secs] 17856K->17475K(1048512K), 0.0002210 secs] [Times: user=0.00 sys=0.00, real=0.00 secs] 
36.177: [GC36.177: [DefNew: 417K->34K(448K), 0.0001920 secs] 17859K->17480K(1048512K), 0.0002430 secs] [Times: user=0.00 sys=0.00, real=0.00 secs] 
36.186: [GC36.186: [DefNew: 418K->33K(448K), 0.0002110 secs] 17864K->17483K(1048512K), 0.0002770 secs] [Times: user=0.01 sys=0.00, real=0.00 secs] 
36.195: [GC36.195: [DefNew: 417K->34K(448K), 0.0002360 secs] 17867K->17488K(1048512K), 0.0003000 secs] [Times: user=0.00 sys=0.00, real=0.00 secs] 
36.204: [GC36.204: [DefNew: 418K->33K(448K), 0.0001610 secs] 17872K->17492K(1048512K), 0.0002060 secs] [Times: user=0.00 sys=0.00, real=0.00 secs] 
36.213: [GC36.213: [DefNew: 417K->33K(448K), 0.0001550 secs] 17876K->17496K(1048512K), 0.0001980 secs] [Times: user=0.00 sys=0.00, real=0.00 secs] 
36.222: [GC36.222: [DefNew: 417K->33K(448K), 0.0002640 secs] 17880K->17500K(1048512K), 0.0003610 secs] [Times: user=0.00 sys=0.00, real=0.01 secs] 
36.232: [GC36.232: [DefNew: 417K->33K(448K), 0.0001920 secs] 17884K->17504K(1048512K), 0.0002550 secs] [Times: user=0.00 sys=0.00, real=0.00 secs] 
36.241: [GC36.241: [DefNew: 417K->34K(448K), 0.0002230 secs] 17888K->17509K(1048512K), 0.0002880 secs] [Times: user=0.00 sys=0.00, real=0.00 secs] 
36.251: [GC36.251: [DefNew: 418K->34K(448K), 0.0001890 secs] 17893K->17513K(1048512K), 0.0002360 secs] [Times: user=0.00 sys=0.00, real=0.00 secs] 
36.260: [GC36.260: [DefNew: 418K->34K(448K), 0.0002100 secs] 17897K->17518K(1048512K), 0.0002590 secs] [Times: user=0.00 sys=0.00, real=0.00 secs] 
36.269: [GC36.269: [DefNew: 418K->34K(448K), 0.0001880 secs] 17902K->17522K(1048512K), 0.0002380 secs] [Times: user=0.00 sys=0.00, real=0.00 secs] 
36.278: [GC36.278: [DefNew: 418K->34K(448K), 0.0001950 secs] 17906K->17526K(1048512K), 0.0002470 secs] [Times: user=0.00 sys=0.00, real=0.00 secs] 
36.287: [GC36.287: [DefNew: 418K->35K(448K), 0.0002350 secs] 17910K->17531K(1048512K), 0.0003360 secs] [Times: user=0.00 sys=0.01, real=0.00 secs] 
36.296: [GC36.296: [DefNew: 419K->35K(448K), 0.0002250 secs] 17915K->17535K(1048512K), 0.0003010 secs] [Times: user=0.00 sys=0.00, real=0.00 secs] 
36.305: [GC36.305: [DefNew: 419K->35K(448K), 0.0002000 secs] 17919K->17539K(1048512K), 0.0002560 secs] [Times: user=0.00 sys=0.00, real=0.00 secs] 
36.313: [GC36.313: [DefNew: 419K->34K(448K), 0.0001810 secs] 17923K->17543K(1048512K), 0.0002380 secs] [Times: user=0.00 sys=0.00, real=0.00 secs] 
36.323: [GC36.323: [DefNew: 418K->34K(448K), 0.0002050 secs] 17927K->17548K(1048512K), 0.0002790 secs] [Times: user=0.00 sys=0.00, real=0.00 secs] 
36.332: [GC36.332: [DefNew: 418K->34K(448K), 0.0001890 secs] 17932K->17552K(1048512K), 0.0002410 secs] [Times: user=0.00 sys=0.00, real=0.00 secs] 
36.341: [GC36.342: [DefNew: 418K->35K(448K), 0.0001880 secs] 17936K->17556K(1048512K), 0.0002530 secs] [Times: user=0.00 sys=0.00, real=0.00 secs] 
36.351: [GC36.351: [DefNew: 419K->35K(448K), 0.0001760 secs] 17940K->17561K(1048512K), 0.0002530 secs] [Times: user=0.00 sys=0.00, real=0.00 secs] 
36.360: [GC36.360: [DefNew: 419K->34K(448K), 0.0001840 secs] 17945K->17565K(1048512K), 0.0002380 secs] [Times: user=0.00 sys=0.00, real=0.00 secs] 
36.369: [GC36.369: [DefNew: 418K->34K(448K), 0.0001600 secs] 17949K->17569K(1048512K), 0.0002190 secs] [Times: user=0.00 sys=0.00, real=0.00 secs] 
36.378: [GC36.378: [DefNew: 418K->35K(448K), 0.0002280 secs] 17953K->17574K(1048512K), 0.0002860 secs] [Times: user=0.00 sys=0.00, real=0.00 secs] 
36.387: [GC36.387: [DefNew: 419K->34K(448K), 0.0001830 secs] 17958K->17577K(1048512K), 0.0002260 secs] [Times: user=0.00 sys=0.00, real=0.00 secs] 
36.397: [GC36.397: [DefNew: 418K->34K(448K), 0.0002140 secs] 17961K->17582K(1048512K), 0.0002750 secs] [Times: user=0.00 sys=0.00, real=0.00 secs] 
36.406: [GC36.406: [DefNew: 418K->35K(448K), 0.0002740 secs] 17966K->17587K(1048512K), 0.0003470 secs] [Times: user=0.00 sys=0.00, real=0.00 secs] 
36.415: [GC36.415: [DefNew: 419K->34K(448K), 0.0002000 secs] 17971K->17591K(1048512K), 0.0002620 secs] [Times: user=0.00 sys=0.00, real=0.00 secs] 
36.424: [GC36.424: [DefNew: 418K->34K(448K), 0.0001730 secs] 17975K->17595K(1048512K), 0.0002220 secs] [Times: user=0.00 sys=0.00, real=0.00 secs] 
36.433: [GC36.433: [DefNew: 418K->35K(448K), 0.0001750 secs] 17979K->17600K(1048512K), 0.0002260 secs] [Times: user=0.00 sys=0.00, real=0.00 secs] 
36.442: [GC36.442: [DefNew: 419K->34K(448K), 0.0001810 secs] 17984K->17604K(1048512K), 0.0002210 secs] [Times: user=0.00 sys=0.00, real=0.00 secs] 
36.451: [GC36.451: [DefNew: 418K->35K(448K), 0.0002030 secs] 17988K->17608K(1048512K), 0.0002550 secs] [Times: user=0.00 sys=0.00, real=0.00 secs] 
36.460: [GC36.460: [DefNew: 419K->35K(448K), 0.0001820 secs] 17992K->17613K(1048512K), 0.0002210 secs] [Times: user=0.00 sys=0.00, real=0.00 secs] 
36.470: [GC36.470: [DefNew: 419K->35K(448K), 0.0001810 secs] 17997K->17617K(1048512K), 0.0002220 secs] [Times: user=0.00 sys=0.00, real=0.00 secs] 
36.479: [GC36.479: [DefNew: 419K->34K(448K), 0.0001780 secs] 18001K->17621K(1048512K), 0.0002310 secs] [Times: user=0.00 sys=0.00, real=0.00 secs] 
36.488: [GC36.488: [DefNew: 418K->34K(448K), 0.0001980 secs] 18005K->17625K(1048512K), 0.0002450 secs] [Times: user=0.00 sys=0.00, real=0.00 secs] 
36.496: [GC36.496: [DefNew: 418K->34K(448K), 0.0003180 secs] 18009K->17629K(1048512K), 0.0004060 secs] [Times: user=0.00 sys=0.00, real=0.00 secs] 
36.506: [GC36.506: [DefNew: 418K->34K(448K), 0.0001530 secs] 18013K->17633K(1048512K), 0.0001970 secs] [Times: user=0.00 sys=0.00, real=0.00 secs] 
36.515: [GC36.515: [DefNew: 418K->34K(448K), 0.0001640 secs] 18017K->17637K(1048512K), 0.0002090 secs] [Times: user=0.00 sys=0.00, real=0.00 secs] 
36.524: [GC36.524: [DefNew: 418K->34K(448K), 0.0001730 secs] 18021K->17642K(1048512K), 0.0002170 secs] [Times: user=0.00 sys=0.00, real=0.00 secs] 
36.533: [GC36.533: [DefNew: 418K->34K(448K), 0.0001800 secs] 18026K->17646K(1048512K), 0.0002200 secs] [Times: user=0.00 sys=0.00, real=0.00 secs] 
36.542: [GC36.542: [DefNew: 418K->33K(448K), 0.0004410 secs] 18030K->17650K(1048512K), 0.0005480 secs] [Times: user=0.00 sys=0.00, real=0.01 secs] 
36.552: [GC36.552: [DefNew: 417K->34K(448K), 0.0001540 secs] 18034K->17654K(1048512K), 0.0001940 secs] [Times: user=0.00 sys=0.00, real=0.00 secs] 
36.561: [GC36.561: [DefNew: 418K->34K(448K), 0.0001970 secs] 18038K->17659K(1048512K), 0.0002470 secs] [Times: user=0.00 sys=0.00, real=0.00 secs] 
36.570: [GC36.570: [DefNew: 418K->34K(448K), 0.0001860 secs] 18043K->17664K(1048512K), 0.0002250 secs] [Times: user=0.00 sys=0.00, real=0.00 secs] 
36.579: [GC36.579: [DefNew: 418K->34K(448K), 0.0001800 secs] 18048K->17667K(1048512K), 0.0002380 secs] [Times: user=0.01 sys=0.00, real=0.00 secs] 
36.588: [GC36.588: [DefNew: 418K->34K(448K), 0.0002250 secs] 18051K->17672K(1048512K), 0.0002840 secs] [Times: user=0.00 sys=0.00, real=0.00 secs] 
36.597: [GC36.597: [DefNew: 418K->34K(448K), 0.0002520 secs] 18056K->17676K(1048512K), 0.0003450 secs] [Times: user=0.00 sys=0.00, real=0.00 secs] 
36.606: [GC36.606: [DefNew: 418K->34K(448K), 0.0001970 secs] 18060K->17680K(1048512K), 0.0002490 secs] [Times: user=0.00 sys=0.00, real=0.00 secs] 
36.616: [GC36.616: [DefNew: 418K->34K(448K), 0.0001520 secs] 18064K->17685K(1048512K), 0.0001950 secs] [Times: user=0.00 sys=0.00, real=0.00 secs] 
36.625: [GC36.625: [DefNew: 418K->34K(448K), 0.0001800 secs] 18069K->17689K(1048512K), 0.0002260 secs] [Times: user=0.00 sys=0.00, real=0.00 secs] 
36.634: [GC36.634: [DefNew: 418K->34K(448K), 0.0001970 secs] 18073K->17693K(1048512K), 0.0002500 secs] [Times: user=0.00 sys=0.00, real=0.00 secs] 
36.643: [GC36.643: [DefNew: 418K->34K(448K), 0.0001990 secs] 18077K->17697K(1048512K), 0.0002450 secs] [Times: user=0.00 sys=0.00, real=0.00 secs] 
36.652: [GC36.653: [DefNew: 418K->34K(448K), 0.0001730 secs] 18081K->17701K(1048512K), 0.0002270 secs] [Times: user=0.00 sys=0.00, real=0.01 secs] 
36.661: [GC36.661: [DefNew: 418K->33K(448K), 0.0002040 secs] 18085K->17705K(1048512K), 0.0002560 secs] [Times: user=0.00 sys=0.00, real=0.00 secs] 
36.670: [GC36.670: [DefNew: 417K->33K(448K), 0.0001870 secs] 18089K->17709K(1048512K), 0.0002550 secs] [Times: user=0.00 sys=0.00, real=0.00 secs] 
36.677: [GC36.677: [DefNew: 417K->33K(448K), 0.0001550 secs] 18093K->17713K(1048512K), 0.0001900 secs] [Times: user=0.00 sys=0.00, real=0.00 secs] 
36.686: [GC36.686: [DefNew: 417K->32K(448K), 0.0001970 secs] 18097K->17717K(1048512K), 0.0002470 secs] [Times: user=0.00 sys=0.00, real=0.00 secs] 
36.696: [GC36.696: [DefNew: 416K->33K(448K), 0.0001930 secs] 18101K->17721K(1048512K), 0.0002380 secs] [Times: user=0.00 sys=0.00, real=0.00 secs] 
36.705: [GC36.705: [DefNew: 417K->33K(448K), 0.0001700 secs] 18105K->17726K(1048512K), 0.0002180 secs] [Times: user=0.00 sys=0.00, real=0.00 secs] 
36.713: [GC36.713: [DefNew: 417K->34K(448K), 0.0002330 secs] 18110K->17730K(1048512K), 0.0003030 secs] [Times: user=0.00 sys=0.00, real=0.00 secs] 
36.723: [GC36.723: [DefNew: 418K->34K(448K), 0.0001640 secs] 18114K->17735K(1048512K), 0.0002000 secs] [Times: user=0.00 sys=0.00, real=0.00 secs] 
36.732: [GC36.732: [DefNew: 418K->34K(448K), 0.0001700 secs] 18119K->17739K(1048512K), 0.0002150 secs] [Times: user=0.00 sys=0.00, real=0.00 secs] 
36.741: [GC36.741: [DefNew: 418K->34K(448K), 0.0001510 secs] 18123K->17743K(1048512K), 0.0001880 secs] [Times: user=0.00 sys=0.00, real=0.00 secs] 
36.751: [GC36.751: [DefNew: 418K->35K(448K), 0.0001660 secs] 18127K->17747K(1048512K), 0.0002030 secs] [Times: user=0.00 sys=0.00, real=0.00 secs] 
36.760: [GC36.760: [DefNew: 419K->35K(448K), 0.0001980 secs] 18131K->17752K(1048512K), 0.0002520 secs] [Times: user=0.00 sys=0.00, real=0.00 secs] 
36.769: [GC36.769: [DefNew: 419K->35K(448K), 0.0001900 secs] 18136K->17757K(1048512K), 0.0002570 secs] [Times: user=0.00 sys=0.00, real=0.00 secs] 
36.778: [GC36.778: [DefNew: 419K->35K(448K), 0.0002260 secs] 18141K->17761K(1048512K), 0.0003140 secs] [Times: user=0.01 sys=0.00, real=0.00 secs] 
36.787: [GC36.787: [DefNew: 419K->35K(448K), 0.0001620 secs] 18145K->17766K(1048512K), 0.0002050 secs] [Times: user=0.00 sys=0.00, real=0.00 secs] 
36.796: [GC36.796: [DefNew: 419K->35K(448K), 0.0001610 secs] 18150K->17770K(1048512K), 0.0002050 secs] [Times: user=0.00 sys=0.00, real=0.00 secs] 
36.805: [GC36.805: [DefNew: 419K->36K(448K), 0.0001450 secs] 18154K->17775K(1048512K), 0.0001850 secs] [Times: user=0.00 sys=0.00, real=0.00 secs] 
36.814: [GC36.814: [DefNew: 420K->35K(448K), 0.0001760 secs] 18159K->17779K(1048512K), 0.0002180 secs] [Times: user=0.00 sys=0.00, real=0.00 secs] 
36.823: [GC36.823: [DefNew: 419K->36K(448K), 0.0001840 secs] 18163K->17784K(1048512K), 0.0002360 secs] [Times: user=0.00 sys=0.01, real=0.00 secs] 
36.832: [GC36.832: [DefNew: 420K->35K(448K), 0.0001750 secs] 18168K->17788K(1048512K), 0.0002230 secs] [Times: user=0.00 sys=0.00, real=0.01 secs] 
36.841: [GC36.841: [DefNew: 419K->36K(448K), 0.0001730 secs] 18172K->17792K(1048512K), 0.0002260 secs] [Times: user=0.00 sys=0.00, real=0.00 secs] 
36.849: [GC36.849: [DefNew: 420K->35K(448K), 0.0006100 secs] 18176K->17796K(1048512K), 0.0007420 secs] [Times: user=0.00 sys=0.00, real=0.00 secs] 
36.858: [GC36.858: [DefNew: 419K->34K(448K), 0.0001740 secs] 18180K->17800K(1048512K), 0.0002220 secs] [Times: user=0.00 sys=0.00, real=0.00 secs] 
36.867: [GC36.867: [DefNew: 418K->34K(448K), 0.0001530 secs] 18184K->17804K(1048512K), 0.0001960 secs] [Times: user=0.00 sys=0.00, real=0.00 secs] 
36.876: [GC36.876: [DefNew: 418K->34K(448K), 0.0001640 secs] 18188K->17808K(1048512K), 0.0002110 secs] [Times: user=0.00 sys=0.00, real=0.00 secs] 
36.886: [GC36.886: [DefNew: 418K->34K(448K), 0.0001920 secs] 18192K->17813K(1048512K), 0.0002540 secs] [Times: user=0.00 sys=0.00, real=0.00 secs] 
36.895: [GC36.895: [DefNew: 418K->34K(448K), 0.0001940 secs] 18197K->17817K(1048512K), 0.0002470 secs] [Times: user=0.00 sys=0.00, real=0.00 secs] 
36.904: [GC36.904: [DefNew: 418K->33K(448K), 0.0002030 secs] 18201K->17821K(1048512K), 0.0002570 secs] [Times: user=0.00 sys=0.00, real=0.00 secs] 
Heap
 def new generation   total 448K, used 174K [0x00000007bae00000, 0x00000007bae80000, 0x00000007bae80000)
  eden space 384K,  36% used [0x00000007bae00000, 0x00000007bae23648, 0x00000007bae60000)
  from space 64K,  51% used [0x00000007bae70000, 0x00000007bae78450, 0x00000007bae80000)
  to   space 64K,   0% used [0x00000007bae60000, 0x00000007bae60000, 0x00000007bae70000)
 tenured generation   total 1048064K, used 17788K [0x00000007bae80000, 0x00000007fae00000, 0x00000007fae00000)
   the space 1048064K,   1% used [0x00000007bae80000, 0x00000007bbfdf190, 0x00000007bbfdf200, 0x00000007fae00000)
 compacting perm gen  total 21248K, used 2643K [0x00000007fae00000, 0x00000007fc2c0000, 0x0000000800000000)
   the space 21248K,  12% used [0x00000007fae00000, 0x00000007fb094f98, 0x00000007fb095000, 0x00000007fc2c0000)
No shared spaces configured.
